08-28 18:49:57.907 16453 16646 I apat    : (REDACTED) Provider package %s enabled: %s
08-28 18:49:57.907 16453 16634 I apat    : (REDACTED) Provider package %s enabled: %s
08-28 18:49:57.907 16453 16646 I dkjn    : (REDACTED) isAppDefaultAssistant setting: %s
08-28 18:49:57.907 16453 16634 I dkjn    : (REDACTED) isAppDefaultAssistant setting: %s
08-28 18:49:57.907 16453 16646 I dkjn    : (REDACTED) isAppDefaultAssistant defaultComponentName: %s
08-28 18:49:57.907 16453 16634 I dkjn    : (REDACTED) isAppDefaultAssistant defaultComponentName: %s
08-28 18:49:57.907 16453 16646 I apat    : (REDACTED) Provider package %s enabled: %s
08-28 18:49:57.907 16453 16634 I apat    : (REDACTED) Provider package %s enabled: %s
08-28 18:49:57.908 16453 16646 I LSPosed-Bridge: SimpleSpoofer: Enabled Pixel feature: android.hardware.camera.flash
08-28 18:49:57.908 16453 16634 I LSPosed-Bridge: SimpleSpoofer: Enabled Pixel feature: android.hardware.camera.flash
08-28 18:49:57.908 16453 16634 I dkjn    : (REDACTED) isAppDefaultAssistant setting: %s
08-28 18:49:57.908 16453 16634 I dkjn    : (REDACTED) isAppDefaultAssistant defaultComponentName: %s
08-28 18:49:57.908 16453 16634 I LSPosed-Bridge: SimpleSpoofer: Enabled Pixel feature: com.google.android.feature.PIXEL_EXPERIENCE
08-28 18:49:57.908 16453 16646 I dkjn    : (REDACTED) isAppDefaultAssistant setting: %s
08-28 18:49:57.908 16453 16634 I apat    : (REDACTED) Provider package %s enabled: %s
08-28 18:49:57.908 16453 16646 I dkjn    : (REDACTED) isAppDefaultAssistant defaultComponentName: %s
08-28 18:49:57.908 16453 16646 I LSPosed-Bridge: SimpleSpoofer: Enabled Pixel feature: com.google.android.feature.PIXEL_EXPERIENCE
08-28 18:49:57.909 16453 16634 I aolz    : CreateCalendarEventExecutor is not enabled.
08-28 18:49:57.909 16453 16646 I apat    : (REDACTED) Provider package %s enabled: %s
08-28 18:49:57.909 16453 16646 I aolz    : CreateCalendarEventExecutor is not enabled.
08-28 18:49:57.909 16453 16634 I aonf    : DeviceStateLookUpExecutor getRequiredCapabilities
08-28 18:49:57.909 16453 16646 I aonf    : DeviceStateLookUpExecutor getRequiredCapabilities
08-28 18:49:57.909 16453 16634 I aoms    : DeleteNoteExecutor is not enabled.
08-28 18:49:57.909 16453 16646 I aoms    : DeleteNoteExecutor is not enabled.
08-28 18:49:57.909 16453 16634 I aoom    : UpdateNoteExecutor is not enabled.
08-28 18:49:57.909 16453 16646 I aoom    : UpdateNoteExecutor is not enabled.
08-28 18:49:57.909 16453 16634 I aoom    : UpdateNoteExecutor is not enabled.
08-28 18:49:57.909 16453 16646 I aoom    : UpdateNoteExecutor is not enabled.
08-28 18:49:57.909 16453 16646 I LSPosed-Bridge: SimpleSpoofer: Enabled Pixel feature: android.hardware.camera.flash
08-28 18:49:57.909 16453 16634 I LSPosed-Bridge: SimpleSpoofer: Enabled Pixel feature: android.hardware.camera.flash
08-28 18:49:57.910 16453 16646 I dkjn    : (REDACTED) isAppDefaultAssistant setting: %s
08-28 18:49:57.910 16453 16646 I dkjn    : (REDACTED) isAppDefaultAssistant defaultComponentName: %s
08-28 18:49:57.910 16453 16646 I LSPosed-Bridge: SimpleSpoofer: Enabled Pixel feature: com.google.android.feature.PIXEL_EXPERIENCE
08-28 18:49:57.910 16453 16634 I dkjn    : (REDACTED) isAppDefaultAssistant setting: %s
08-28 18:49:57.910 16453 16634 I dkjn    : (REDACTED) isAppDefaultAssistant defaultComponentName: %s
08-28 18:49:57.910 16453 16646 I LSPosed-Bridge: SimpleSpoofer: Enabled Pixel feature: android.hardware.camera.flash
08-28 18:49:57.910 16453 16634 I LSPosed-Bridge: SimpleSpoofer: Enabled Pixel feature: com.google.android.feature.PIXEL_EXPERIENCE
08-28 18:49:57.911  3502  3502 D SsBaseTemplateCard: No text view can be set up
08-28 18:49:57.911  3502  3502 D SsBaseTemplateCard: Passed-in item info is null
08-28 18:49:57.911  3502  3502 D SsBaseTemplateCard: Passed-in item info is null
08-28 18:49:57.911  3502  3502 D SsBaseTemplateCard: Passed-in item info is null
08-28 18:49:57.911  3502  3502 I SsBaseTemplateCard: Secondary card pane is null
08-28 18:49:57.913 16453 16634 I LSPosed-Bridge: SimpleSpoofer: Enabled Pixel feature: android.hardware.camera.flash
08-28 18:49:57.927 16453 16647 I ajll    : (REDACTED) #FCF: Managed profile check status : %s
08-28 18:49:57.927 16453 16647 I ajsa    : (REDACTED) isCacheFresh: %s
08-28 18:49:57.929 16453 16636 I ajll    : (REDACTED) #FCF: Managed profile check status : %s
08-28 18:49:57.929 16453 16636 I ajsa    : (REDACTED) isCacheFresh: %s
08-28 18:49:57.929 16453 16647 I anum    : Robin eligibility : Robin is eligible
08-28 18:49:57.929 16453 16645 I anum    : Robin eligibility : Robin is eligible
08-28 18:49:57.930 16453 16645 I awij    : Robin eligibility: Eligible.
08-28 18:49:57.932 16453 16630 I ajll    : (REDACTED) #FCF: Managed profile check status : %s
08-28 18:49:57.932 16453 16630 I ajpy    : Robin eligibility: Device is eligible.
08-28 18:49:57.932 16453 16630 I asdz    : (REDACTED) #TRIGGER_TYPE type is: %s
08-28 18:49:57.932 16453 16630 I asdz    : (REDACTED) #TRIGGER_TYPE islockscreen is: %s
08-28 18:49:57.932 16453 16630 I ajik    : (REDACTED) FCF System FeatureName to check: %s
08-28 18:49:57.932 16453 16630 I ajik    : (REDACTED) FCF: Device model check status : %s
08-28 18:49:57.932 16453 16630 I ajpt    : #isGeminiDefaultSystemFeatureEnabled: false
08-28 18:49:57.932 16453 16630 I ajik    : (REDACTED) FCF System FeatureName to check: %s
08-28 18:49:57.932 16453 16630 I ajik    : (REDACTED) FCF: Device model check status : %s
08-28 18:49:57.932 16453 16630 I ajpt    : #isGeminiDefaultSystemFeatureEnabled: false
08-28 18:49:57.933 16453 16636 I apat    : (REDACTED) Provider package not found: %s
08-28 18:49:57.933 16453 16636 I aooz    : ClockLookupExecutor is not enabled.
08-28 18:49:57.933 16453 16636 I apat    : (REDACTED) Provider package %s enabled: %s
08-28 18:49:57.933 16453 16636 I apat    : (REDACTED) Provider package %s enabled: %s
08-28 18:49:57.933 16453 16636 I LSPosed-Bridge: SimpleSpoofer: Enabled Pixel feature: com.google.android.feature.PIXEL_EXPERIENCE
08-28 18:49:57.933 16453 16636 I dkjn    : (REDACTED) isAppDefaultAssistant setting: %s
08-28 18:49:57.933 16453 16636 I dkjn    : (REDACTED) isAppDefaultAssistant defaultComponentName: %s
08-28 18:49:57.933 16453 16636 I aoyp    : getRequiredCapabilities: Bypassed, feature disabled.
08-28 18:49:57.934 16453 16636 I LSPosed-Bridge: SimpleSpoofer: Enabled Pixel feature: android.hardware.camera.flash
08-28 18:49:57.936 16453 16636 I dkjn    : (REDACTED) isAppDefaultAssistant setting: %s
08-28 18:49:57.936 16453 16636 I dkjn    : (REDACTED) isAppDefaultAssistant defaultComponentName: %s
08-28 18:49:57.936 16453 16636 I apat    : (REDACTED) Provider package %s enabled: %s
08-28 18:49:57.936 16453 16636 I apat    : (REDACTED) Provider package %s enabled: %s
08-28 18:49:57.936 16453 16636 I apat    : (REDACTED) Provider package %s enabled: %s
08-28 18:49:57.936 16453 16636 I apat    : (REDACTED) Provider package %s enabled: %s
08-28 18:49:57.937 16453 16636 I dkjn    : (REDACTED) isAppDefaultAssistant setting: %s
08-28 18:49:57.937 16453 16636 I dkjn    : (REDACTED) isAppDefaultAssistant defaultComponentName: %s
08-28 18:49:57.937 16453 16636 I apat    : (REDACTED) Provider package %s enabled: %s
08-28 18:49:57.937 16453 16636 I LSPosed-Bridge: SimpleSpoofer: Enabled Pixel feature: android.hardware.camera.flash
08-28 18:49:57.938 16453 16636 I dkjn    : (REDACTED) isAppDefaultAssistant setting: %s
08-28 18:49:57.938 16453 16636 I dkjn    : (REDACTED) isAppDefaultAssistant defaultComponentName: %s
08-28 18:49:57.938 16453 16636 I LSPosed-Bridge: SimpleSpoofer: Enabled Pixel feature: com.google.android.feature.PIXEL_EXPERIENCE
08-28 18:49:57.938 16453 16636 I apat    : (REDACTED) Provider package %s enabled: %s
08-28 18:49:57.938 16453 16636 I aolz    : CreateCalendarEventExecutor is not enabled.
08-28 18:49:57.938 16453 16636 I aonf    : DeviceStateLookUpExecutor getRequiredCapabilities
08-28 18:49:57.938 16453 16636 I aoms    : DeleteNoteExecutor is not enabled.
08-28 18:49:57.938 16453 16636 I aoom    : UpdateNoteExecutor is not enabled.
08-28 18:49:57.938 16453 16636 I aoom    : UpdateNoteExecutor is not enabled.
08-28 18:49:57.939 16453 16647 I LSPosed-Bridge: SimpleSpoofer: Enabled Pixel feature: android.hardware.camera.flash
08-28 18:49:57.939 16453 16647 I dkjn    : (REDACTED) isAppDefaultAssistant setting: %s
08-28 18:49:57.939 16453 16647 I dkjn    : (REDACTED) isAppDefaultAssistant defaultComponentName: %s
08-28 18:49:57.939 16453 16647 I LSPosed-Bridge: SimpleSpoofer: Enabled Pixel feature: com.google.android.feature.PIXEL_EXPERIENCE
08-28 18:49:57.939 16453 16647 I LSPosed-Bridge: SimpleSpoofer: Enabled Pixel feature: android.hardware.camera.flash
08-28 18:49:57.940 16453 16647 I ajll    : (REDACTED) #FCF: Managed profile check status : %s
08-28 18:49:57.940 16453 16647 I ajsa    : (REDACTED) isCacheFresh: %s
08-28 18:49:57.941 16453 16647 I anum    : Robin eligibility : Robin is eligible
08-28 18:49:57.953 16453 16708 I cdmp    : (REDACTED) Using GoogleAuthUtil for getToken for 1p app: %s
08-28 18:49:57.964  2387  3238 D BackgroundInstallControlService: Package event received: 0
08-28 18:49:57.970 16453 16706 I cdmp    : (REDACTED) Using GoogleAuthUtil for getToken for 1p app: %s
08-28 18:49:58.209  2117 14751 W ServiceManagerCppClient: Waited one second for stats (is service started? Number of threads started in the threadpool: 17. Are binder threads started and available?)
08-28 18:49:58.210   682 16740 W libc    : Unable to set property "ctl.interface_start" to "aidl/stats": PROP_ERROR_HANDLE_CONTROL_MESSAGE (0x20)
08-28 18:49:58.212  2387  3412 W ServiceManagerCppClient: Waited one second for stats (is service started? Number of threads started in the threadpool: 32. Are binder threads started and available?)
08-28 18:49:58.212  1599  1692 W ServiceManagerCppClient: Waited one second for stats (is service started? Number of threads started in the threadpool: 6. Are binder threads started and available?)
08-28 18:49:58.212   682 16741 W libc    : Unable to set property "ctl.interface_start" to "aidl/stats": PROP_ERROR_HANDLE_CONTROL_MESSAGE (0x20)
08-28 18:49:58.213   682 16742 W libc    : Unable to set property "ctl.interface_start" to "aidl/stats": PROP_ERROR_HANDLE_CONTROL_MESSAGE (0x20)
08-28 18:49:58.522  3502  3502 D StateManager: onStateTransitionEnd - state: Normal
08-28 18:49:58.522  3502  3502 D RecentsView: reset - mEnableDrawingLiveTile: false, mRecentsAnimationController: com.android.quickstep.RecentsAnimationController@5aa90ab
08-28 18:49:58.522  3502  3502 D ActivityAllAppsContainerView: rebindAdapters: force: false
08-28 18:49:58.522  3502  3502 D ActivityAllAppsContainerView: rebindAdapters: Not needed.
08-28 18:49:58.526  3502  3502 D OverviewActionsView: updateForGroupedTask() called with: isGroupedTask = [false], canSaveAppPair = [false]
08-28 18:49:58.526  3502  3502 D OverviewActionsView: updateActionButtonsVisibility() called: showSingleTaskActions = [true], showGroupActions = [false]
08-28 18:49:58.526  3502  3502 D OverviewActionsView: updateForGroupedTask() called with: isGroupedTask = [false], canSaveAppPair = [false]
08-28 18:49:58.526  3502  3502 D OverviewActionsView: updateActionButtonsVisibility() called: showSingleTaskActions = [true], showGroupActions = [false]
08-28 18:49:58.527  3502  3502 D KeyboardInsetsHandler: setState, toState:Normal StateManager(mLastStableState:Normal, mCurrentStableState:Normal, mState:Normal, mRestState:null, isInTransition:false)
08-28 18:49:58.527  3502  3502 D InsetsController: hide(ime(), fromIme=false)
08-28 18:49:58.528  3502  3502 I ImeTracker: com.google.android.apps.nexuslauncher:f04914dc: onRequestHide at ORIGIN_CLIENT reason HIDE_SOFT_INPUT_BY_INSETS_API fromUser false
08-28 18:49:58.528  3502  3502 I ImeTracker: com.google.android.apps.nexuslauncher:f04914dc: onCancelled at PHASE_CLIENT_ALREADY_HIDDEN
08-28 18:49:58.528  3502  3502 D StatsLog: LAUNCHER_ALLAPPS_KEYBOARD_CLOSED
08-28 18:49:58.547  3502  3502 D RecentsView: cleanupRemoteTargets - mRemoteTargetHandles: [com.android.quickstep.RemoteTargetGluer$RemoteTargetHandle@ae75cf7]
08-28 18:49:58.548  3502  3502 D StatsLog: LAUNCHER_HOME_GESTURE
08-28 18:49:58.548  3291  3340 V ShellRecents: [8142937] RecentsController.finishInner: toHome=true userLeave=true willFinishToHome=true state=0 hasPausingTasks=true reason=requested
08-28 18:49:58.548  3291  3340 V ShellRecents:   normal finish
08-28 18:49:58.548  3291  3340 V ShellRecents: [8142937] RecentsController.finishInner: Completing finish
08-28 18:49:58.548  3291  3340 V ShellRecents: [8142937] RecentsController.cleanup
08-28 18:49:58.548  3291  3340 V WindowManagerShell: Transition animation finished (aborted=false), notifying core (#216) android.os.BinderProxy@adfbca0@0
08-28 18:49:58.549  2387  2934 V WindowManager: Finish Transition (#216): created at 08-28 18:49:57.727 collect-started=0.181ms started=0.213ms ready=17.738ms sent=34.667ms commit=10.871ms finished=821.472ms
08-28 18:49:58.550  3502  3502 D RecentsView: setRecentsAnimationTargets - recentsAnimationController: null, recentsAnimationTargets: null
08-28 18:49:58.551  9711  9711 D VRI[Conversation]: visibilityChanged oldVisibility=true newVisibility=false
08-28 18:49:58.551  3291  3340 V WindowManagerShell: Track 0 became idle
08-28 18:49:58.551  3291  3340 V WindowManagerShell: All active transition animations finished
08-28 18:49:58.551  3291  3340 V ShellRecents: [8142937] RecentsController.finishInner: calling finish callback
08-28 18:49:58.552  3502  3502 D ContextTracker: Unregistering callback: com.android.launcher3.LauncherInitListener@8a5c201, reason=AbsSwipeUpHandler.invalidateHandler
08-28 18:49:58.552  3502  3502 D OverviewActionsView: updateForGroupedTask() called with: isGroupedTask = [false], canSaveAppPair = [false]
08-28 18:49:58.552  3502  3502 D OverviewActionsView: updateActionButtonsVisibility() called: showSingleTaskActions = [true], showGroupActions = [false]
08-28 18:49:58.552  3502  3502 D RecentsView: onGestureAnimationEnd - mEnableDrawingLiveTile: false
08-28 18:49:58.552  3291  3340 D WindowManagerShell: onKeepClearAreasChanged: restricted={}, unrestricted={Rect(0, 1907 - 1440, 3200)}
08-28 18:49:58.556  2387  3238 D BackgroundInstallControlService: Package event received: 0
08-28 18:49:58.555  2387  2387 W android.bg: type=1400 audit(0.0:39791): avc:  denied  { read } for  name="661f16" dev="dm-41" ino=146483 scontext=u:r:system_server:s0 tcontext=u:object_r:system_data_root_file:s0 tclass=file permissive=0
08-28 18:49:58.555  2387  2387 W android.bg: type=1400 audit(0.0:39792): avc:  denied  { read } for  name="661f16" dev="dm-41" ino=146483 scontext=u:r:system_server:s0 tcontext=u:object_r:system_data_root_file:s0 tclass=file permissive=0
08-28 18:49:58.567  2387  3669 I ImeTracker: system_server:e9ca8647: onRequestShow at ORIGIN_SERVER reason CONTROLS_CHANGED fromUser false
08-28 18:49:58.567  2387  2937 V WindowManager: Unknown focus tokens, dropping reportFocusChanged
08-28 18:49:58.568  9711  9711 I ImeTracker: system_server:e9ca8647: onCancelled at PHASE_CLIENT_ON_CONTROLS_CHANGED
08-28 18:49:58.576  2387  3669 V GrammaticalInflectionUtils: AttributionSource: android.content.AttributionSource@2345c8c2 does not have READ_SYSTEM_GRAMMATICAL_GENDER permission.
08-28 18:49:58.577  9711  9711 I AutofillManager: onInvisibleForAutofill(): expiringResponse
08-28 18:49:58.577  2387  4189 D PresentationStatsEventLogger: Not setting no presentation reason because it already exists
08-28 18:49:58.577  2387  4189 W PresentationStatsEventLogger: Empty dataset. Autofill ignoring log
08-28 18:49:58.579  9711  9711 I ImeTracker: com.whatsapp:a286d2d9: onRequestHide at ORIGIN_CLIENT reason HIDE_SOFT_INPUT fromUser false
08-28 18:49:58.579  9711  9711 D InsetsController: hide(ime(), fromIme=false)
08-28 18:49:58.581  9711  9711 W WindowOnBackDispatcher: sendCancelIfRunning: isInProgress=false callback=android.view.ImeBackAnimationController@44e7f48
08-28 18:49:58.581  9711  9711 D InsetsController: Setting requestedVisibleTypes to -9 (was -1)
08-28 18:49:58.583  2387  3669 I ActivityTaskManager: START u0 {act=android.intent.action.MAIN cat=[android.intent.category.LAUNCHER] flg=0x10200000 xflg=0x4 pkg=ru.andr7e.deviceinfohw cmp=ru.andr7e.deviceinfohw/.MainActivity bnds=[1135,292][1359,664]} with LAUNCH_MULTIPLE from uid 10554 (sr=91967906) (BAL_ALLOW_VISIBLE_WINDOW) result code=0
08-28 18:49:58.583  3291  3340 V WindowManagerShell: Transition requested (#217): android.os.BinderProxy@dbde185 TransitionRequestInfo { type = OPEN, triggerTask = TaskInfo{userId=0 taskId=112 effectiveUid=10631 displayId=0 isRunning=true baseIntent=Intent { act=android.intent.action.MAIN cat=[android.intent.category.LAUNCHER] flg=0x10200000 pkg=ru.andr7e.deviceinfohw cmp=ru.andr7e.deviceinfohw/.MainActivity } baseActivity=ComponentInfo{ru.andr7e.deviceinfohw/ru.andr7e.deviceinfohw.MainActivity} topActivity=ComponentInfo{ru.andr7e.deviceinfohw/ru.andr7e.deviceinfohw.MainActivity} origActivity=null realActivity=ComponentInfo{ru.andr7e.deviceinfohw/ru.andr7e.deviceinfohw.MainActivity} numActivities=1 lastActiveTime=3022960 supportsMultiWindow=true resizeMode=1 isResizeable=true minWidth=-1 minHeight=-1 defaultMinSize=220 token=WCT{android.window.IWindowContainerToken$Stub$Proxy@66dbbda} topActivityType=1 pictureInPictureParams=null shouldDockBigOverlays=false launchIntoPipHostTaskId=-1 lastParentTaskIdBeforePip=-1 displayCutoutSafeInsets=Rect(0, 137 - 0, 0) topActivityInfo=ActivityInfo{91980b ru.andr7e.deviceinfohw.MainActivity} launchCookies=[android.os.BinderProxy@dd346e8] positionInParent=Point(0, 0) parentTaskId=-1 isFocused=false isVisible=false isVisibleRequested=false isTopActivityNoDisplay=false isSleeping=false locusId=null displayAreaFeatureId=1 isTopActivityTransparent=false isActivityStackTransparent=false lastNonFullscreenBounds=Rect(373, 908 - 1068, 2348) capturedLink=null capturedLinkTimestamp=0 requestedVisibleTypes=-9 topActivityRequestOpenInBrowserEducationTimestamp=0 appCompatTaskInfo=AppCompatTaskInfo { topActivityInSizeCompat=false eligibleForLetterboxEducation= false isLetterboxEducationEnabled= false isLetterboxDoubleTapEnabled= false eligibleForUserAspectRatioButton= false topActivityBoundsLetterboxed= false isFromLetterboxDoubleTap= false topActivityLetterboxVerticalPosition= -1 topActivityLetterboxHorizontalPosition= -1 topActivityLetterboxWidth=-1 topActivityLetterboxHeight=-1 topActivityAppBounds=Rect(0, 137 - 1440, 3120) isUserFullscreenOverrideEnabled=false isSystemFullscreenOverrideEnabled=false hasMinAspectRatioOverride=false topActivityLetterboxBounds=null cameraCompatTaskInfo=CameraCompatTaskInfo { freeformCameraCompatMode=inactive}} topActivityMainWindowFrame=null}, pipChange = null, remoteTransition = RemoteTransition { remoteTransition = android.window.IRemoteTransition$Stub$Proxy@2001101, appThread = android.app.IApplicationThread$Stub$Proxy@6fbbba6, debugName = QuickstepLaunch }, displayChange = null, flags = 0, debugId = 217 }
08-28 18:49:58.583  3291  3340 D ShellSplitScreen: logExit: no-op, mLoggerSessionId is null
08-28 18:49:58.583  3291  3340 V WindowManagerShell: RemoteTransition directly requested for (#217) android.os.BinderProxy@dbde185: RemoteTransition { remoteTransition = android.window.IRemoteTransition$Stub$Proxy@2001101, appThread = android.app.IApplicationThread$Stub$Proxy@6fbbba6, debugName = QuickstepLaunch }
08-28 18:49:58.583  3291  3340 V WindowManagerShell: Transition (#217): request handled by DefaultMixedHandler
08-28 18:49:58.588  3502  3502 D StatsLog: LAUNCHER_APP_LAUNCH_TAP
08-28 18:49:58.589  2387  6673 I ImeTracker: system_server:54118264: onRequestShow at ORIGIN_SERVER reason CONTROLS_CHANGED fromUser false
08-28 18:49:58.589  3502  3502 D StatsLog: LAUNCHER_HOTSEAT_RANKED
08-28 18:49:58.590  3502  3635 D QuickstepModelDelegate: notifyAppTargetEvent action=1 launchLocation=workspace/1/[4,0]/[1,1]
08-28 18:49:58.590  9711  9711 I ImeTracker: system_server:54118264: onCancelled at PHASE_CLIENT_ON_CONTROLS_CHANGED
08-28 18:49:58.594  2387  3162 I ImeTracker: com.google.android.apps.nexuslauncher:4497eda4: onRequestHide at ORIGIN_SERVER reason HIDE_UNSPECIFIED_WINDOW fromUser false
08-28 18:49:58.594  3502  3502 W SplitSelectStateCtor: Missing session instanceIds
08-28 18:49:58.594  3502  3502 D StatsLog: LAUNCHER_SPLIT_SELECTION_EXIT_INTERRUPTED
08-28 18:49:58.595  2387  3238 D BackgroundInstallControlService: Package event received: 0
08-28 18:49:58.596  3291  3340 D WindowManagerShell: setLauncherKeepClearAreaHeight: visible=false, height=643
08-28 18:49:58.595  2387  2387 W android.bg: type=1400 audit(0.0:39793): avc:  denied  { read } for  name="661f16" dev="dm-41" ino=146483 scontext=u:r:system_server:s0 tcontext=u:object_r:system_data_root_file:s0 tclass=file permissive=0
08-28 18:49:58.599  2387  3238 D BackgroundInstallControlService: Package event received: 0
08-28 18:49:58.599  3502  3502 D InsetsController: hide(ime(), fromIme=false)
08-28 18:49:58.599  3502  3502 I ImeTracker: com.google.android.apps.nexuslauncher:4497eda4: onCancelled at PHASE_CLIENT_ALREADY_HIDDEN
08-28 18:49:58.601  5563  5563 I GoogleInputMethodService: GoogleInputMethodService.onFinishInputView():1540 onFinishInputView(true)
08-28 18:49:58.601  5563  5563 I GlobeKeyExtension: GlobeKeyExtension.onDeactivate():144 
08-28 18:49:58.601  5563  5563 W TooltipLifecycleManager: TooltipLifecycleManager.dismissTooltips():153 Tooltip with id SUGGESTION_VIEW_EDU_MINI_DIALOG not found in tooltipManager.
08-28 18:49:58.601  5563  5563 I EmojifyExtensionImpl: EmojifyExtensionImpl.onDeactivate():552 Deactivating Emojify extension idl@713c754.
08-28 18:49:58.601  5563  5563 I NgaExtension: NgaExtension.onDeactivate():567 NgaExtension#onDeactivate [SDG]
08-28 18:49:58.602  5563 15395 I NgaDataShareClient: NgaDataShareClient.sendCorrectionsAndEndSession():452 endDataPushSession() [SDG]
08-28 18:49:58.602  5563 15395 I NgaDataShareClient: NgaDataShareClient.sendCorrectionsList():460 sendCorrectionsList() [SDG]
08-28 18:49:58.602  5563  5563 I HardKeyTracker: HardKeyTracker.unregisterKeySequence():221 Unregister key sequence zju{labelResId=2132020462, callback=tbi@b127dc7, lastModifier=2, keyCodes=[32], actions=[0]}
08-28 18:49:58.602  5563 15395 W NgaDataShareClient: NgaDataShareClient.getClientInfo():562 null TriggerApplicationId provided. [SDG]
08-28 18:49:58.602  5563  5563 I HardKeyTracker: HardKeyTracker.unregisterKeySequence():221 Unregister key sequence zju{labelResId=2132020462, callback=tbi@3af2f63, lastModifier=0, keyCodes=[319], actions=[0]}
08-28 18:49:58.602  5563  5563 I HardKeyTracker: HardKeyTracker.registerKeySequence():170 Register key sequence zju{labelResId=2132020462, callback=tbi@3de1d2f, lastModifier=2, keyCodes=[32], actions=[0]}
08-28 18:49:58.602  5563  5563 I HardKeyTracker: HardKeyTracker.registerKeySequence():170 Register key sequence zju{labelResId=2132020462, callback=tbi@15bc328, lastModifier=0, keyCodes=[319], actions=[0]}
08-28 18:49:58.602  5563 15395 W NotificationCenter: NotificationCenter.unregisterListener():480 Listener lno@a66648d was not registered for notification class wxm
08-28 18:49:58.602  5563 15395 W NotificationCenter: NotificationCenter.unregisterListener():480 Listener lnn@249f642 was not registered for notification class wof
08-28 18:49:58.602  5563 15395 I DataShareServiceImpl: DataShareServiceImpl.shareCorrections():42 shareCorrections() [SD]
08-28 18:49:58.602  5563  5563 I HardKeyTracker: HardKeyTracker.unregisterKeySequence():221 Unregister key sequence zju{labelResId=2132020462, callback=tbi@8d52d51, lastModifier=2, keyCodes=[32], actions=[0]}
08-28 18:49:58.602  5563  5563 I HardKeyTracker: HardKeyTracker.unregisterKeySequence():221 Unregister key sequence zju{labelResId=2132020462, callback=tbi@391ae24, lastModifier=0, keyCodes=[319], actions=[0]}
08-28 18:49:58.603  5563  5563 I HardKeyTracker: HardKeyTracker.registerKeySequence():170 Register key sequence zju{labelResId=2132020462, callback=tbi@e82ee79, lastModifier=2, keyCodes=[32], actions=[0]}
08-28 18:49:58.603  5563  5563 I HardKeyTracker: HardKeyTracker.registerKeySequence():170 Register key sequence zju{labelResId=2132020462, callback=tbi@1cc9f6c, lastModifier=0, keyCodes=[319], actions=[0]}
08-28 18:49:58.603  5563  5563 W NotificationCenter: NotificationCenter.unregisterListener():480 Listener lin@c498365 was not registered for notification class wof
08-28 18:49:58.604  5563  5563 I NgaVoiceInputHandler: NgaVoiceInputHandler.onDeactivateIme():291 VoiceInputHandler:deactivating [SDG]
08-28 18:49:58.604  5563 15350 I KeyboardEventHandler: KeyboardEventHandler.handleKeyboardVisibilityEvent():216 Handling KeyboardVisibilityEvent: KEYBOARD_CLOSED [SD]
08-28 18:49:58.604  5563  5563 W NotificationCenter: NotificationCenter.unregisterListener():480 Listener yik@2fbf610 was not registered for notification class yil
08-28 18:49:58.604  2387  3669 I ImeTracker: system_server:9b922818: onRequestHide at ORIGIN_SERVER reason IME_REQUESTED_CHANGED_LISTENER fromUser false
08-28 18:49:58.604  5563  5563 W NgaLabSmartEdit: NgaLabSmartEdit.setGenAiVoiceEditManager():844 Cannot set LC UI delegate: promotionManager is null
08-28 18:49:58.604  5563 16250 W AutoCloseableReference: AutoCloseablePhantomReference.close():42 close() is invoked more than once
08-28 18:49:58.604  5563  5563 I NgaLabSmartEdit: NgaLabSmartEdit.unloadModels():144 SmartEdit: unloading models [SDG]
08-28 18:49:58.604  5563  5563 I NgaInputManager: NgaInputManager.onDeactivate():449 SmartEdit: unloading models false [SDG]
08-28 18:49:58.604  5563  5563 W TooltipLifecycleManager: TooltipLifecycleManager.dismissTooltips():153 Tooltip with id spell_check_add_to_dictionary not found in tooltipManager.
08-28 18:49:58.606  5563  5563 I InputBundle: InputBundle.consumeEvent():1005 Skip consuming an event as keyboard status is 0
08-28 18:49:58.607  2387  3238 D BackgroundInstallControlService: Package event received: 0
08-28 18:49:58.607  2387  3238 D BackgroundInstallControlService: Package event received: 0
08-28 18:49:58.607  2387  3238 D BackgroundInstallControlService: Package event received: 0
08-28 18:49:58.608  5563  5563 I AndroidIME: AbstractIme.onDeactivate():216 LatinIme.onDeactivate()
08-28 18:49:58.610  3291  3340 D WindowManagerShell: onKeepClearAreasChanged: restricted={}, unrestricted={}
08-28 18:49:58.610  5563  5563 I PrimesLoggerHolder: FrameMetricServiceImpl.stopAsFuture():226 Measurement not found: OnConfigurationChanged
08-28 18:49:58.610  5563  5563 I GoogleInputMethodService: GoogleInputMethodService.onFinishInput():2054 
08-28 18:49:58.610 16462 16462 I MainActivity: GLES Version: 196610
08-28 18:49:58.610 16462 16462 I MainActivity: Device EGL Version: 1.0
08-28 18:49:58.610 16462 16462 I MainActivity: GLES Major version is: 3
08-28 18:49:58.611  5563  5563 I Module  : DeviceLockedStatusModuleProvider$Module.updateDeviceLockedStatus():100 repeatCheckTimes = 0, locked = false
08-28 18:49:58.611  5563  5563 I GoogleInputMethodService: GoogleInputMethodService.onStartInput():1315 onStartInput(EditorInfo{EditorInfo{packageName=com.google.android.apps.nexuslauncher, inputType=0, inputTypeString=NULL, enableLearning=false, autoCorrection=false, autoComplete=false, imeOptions=0, privateImeOptions=null, actionName=UNSPECIFIED, actionLabel=null, initialSelStart=-1, initialSelEnd=-1, initialCapsMode=0, label=null, fieldId=0, fieldName=null, extras=null, hintText=null, hintLocales=[]}}, false)
08-28 18:49:58.612  5563  5563 I Module  : DeviceLockedStatusModuleProvider$Module.updateDeviceLockedStatus():100 repeatCheckTimes = 1, locked = false
08-28 18:49:58.612 16462 16462 I ContentCaptureHelper: Setting logging level to OFF
08-28 18:49:58.607  2387  2387 W binder:2387_16: type=1400 audit(0.0:39795): avc:  denied  { read } for  name="661f16" dev="dm-41" ino=146483 scontext=u:r:system_server:s0 tcontext=u:object_r:system_data_root_file:s0 tclass=file permissive=0
08-28 18:49:58.613  5563  5563 I GoogleInputMethodService: GoogleInputMethodService.onStartInputView():1408 onStartInputView(EditorInfo{EditorInfo{packageName=com.google.android.apps.nexuslauncher, inputType=0, inputTypeString=NULL, enableLearning=false, autoCorrection=false, autoComplete=false, imeOptions=0, privateImeOptions=null, actionName=UNSPECIFIED, actionLabel=null, initialSelStart=-1, initialSelEnd=-1, initialCapsMode=0, label=null, fieldId=0, fieldName=null, extras=null, hintText=null, hintLocales=[]}}, false)
08-28 18:49:58.613  5563  5563 I KeyboardHeightUtil: KeyboardHeightUtil.getOemKeyboardHeightRatio():108 systemKeyboardHeightRatio:1.000000.
08-28 18:49:58.616  3291 23019 V WindowManagerShell: onTransitionReady(transaction=10252086945569)
08-28 18:49:58.616  3291  3340 V WindowManagerShell: onTransitionReady (#217) android.os.BinderProxy@dbde185: {id=217 t=OPEN f=0x0 trk=0 r=[0@Point(0, 0)] c=[
08-28 18:49:58.616  3291  3340 V WindowManagerShell:         {m=OPEN f=NONE leash=Surface(name=Task=112)/@0x5192ead sb=Rect(0, 0 - 1440, 3200) eb=Rect(0, 0 - 1440, 3200) epz=Point(1440, 3200) d=0 taskParent=-1},
08-28 18:49:58.616  3291  3340 V WindowManagerShell:         {m=TO_BACK f=SHOW_WALLPAPER leash=Surface(name=Task=1)/@0xebfc5e2 sb=Rect(0, 0 - 1440, 3200) eb=Rect(0, 0 - 1440, 3200) epz=Point(1440, 3200) d=0 taskParent=-1},
08-28 18:49:58.616  3291  3340 V WindowManagerShell:         {m=TO_BACK f=IS_WALLPAPER leash=Surface(name=WallpaperWindowToken{8ac1210 showWhenLocked=false})/@0x4be4d73 sb=Rect(0, 0 - 1440, 3200) eb=Rect(0, 0 - 1440, 3200) epz=Point(1440, 3200) d=0}
08-28 18:49:58.616  3291  3340 V WindowManagerShell:     ]}
08-28 18:49:58.616  3291  3340 V WindowManagerShell: Playing animation for (#217) android.os.BinderProxy@dbde185@0
08-28 18:49:58.616  3291  3340 V WindowManagerShell:  try firstHandler com.android.wm.shell.transition.DefaultMixedHandler@f9aab38
08-28 18:49:58.616  3291  3340 V WindowManagerShell: Mixed transition for opening an intent with a remote transition and PIP or Desktop #217
08-28 18:49:58.616  3291  3340 V WindowManagerShell: tryAnimateOpenIntentWithRemoteAndPipOrDesktop
08-28 18:49:58.616  3291  3340 V WindowManagerShell:  Delegate animation for (#217) to RemoteTransition { remoteTransition = android.window.IRemoteTransition$Stub$Proxy@2001101, appThread = android.app.IApplicationThread$Stub$Proxy@6fbbba6, debugName = QuickstepLaunch }
08-28 18:49:58.617  2387  2934 V WindowManager: Sent Transition (#217) createdAt=08-28 18:49:58.577 via request=TransitionRequestInfo { type = OPEN, triggerTask = TaskInfo{userId=0 taskId=112 effectiveUid=10631 displayId=0 isRunning=true baseIntent=Intent { act=android.intent.action.MAIN cat=[android.intent.category.LAUNCHER] flg=0x10200000 pkg=ru.andr7e.deviceinfohw cmp=ru.andr7e.deviceinfohw/.MainActivity } baseActivity=ComponentInfo{ru.andr7e.deviceinfohw/ru.andr7e.deviceinfohw.MainActivity} topActivity=ComponentInfo{ru.andr7e.deviceinfohw/ru.andr7e.deviceinfohw.MainActivity} origActivity=null realActivity=ComponentInfo{ru.andr7e.deviceinfohw/ru.andr7e.deviceinfohw.MainActivity} numActivities=1 lastActiveTime=3022960 supportsMultiWindow=true resizeMode=1 isResizeable=true minWidth=-1 minHeight=-1 defaultMinSize=220 token=WCT{RemoteToken{4d6dea1 Task{d40a74a #112 type=standard A=10631:ru.andr7e.deviceinfohw}}} topActivityType=1 pictureInPictureParams=null shouldDockBigOverlays=false launchIntoPipHostTaskId=-1 lastParentTaskIdBeforePip=-1 displayCutoutSafeInsets=Rect(0, 137 - 0, 0) topActivityInfo=ActivityInfo{8d808c6 ru.andr7e.deviceinfohw.MainActivity} launchCookies=[android.os.BinderProxy@5cc4087] positionInParent=Point(0, 0) parentTaskId=-1 isFocused=false isVisible=false isVisibleRequested=false isTopActivityNoDisplay=false isSleeping=false locusId=null displayAreaFeatureId=1 isTopActivityTransparent=false isActivityStackTransparent=false lastNonFullscreenBounds=Rect(373, 908 - 1068, 2348) capturedLink=null capturedLinkTimestamp=0 requestedVisibleTypes=-9 topActivityRequestOpenInBrowserEducationTimestamp=0 appCompatTaskInfo=AppCompatTaskInfo { topActivityInSizeCompat=false eligibleForLetterboxEducation= false isLetterboxEducationEnabled= false isLetterboxDoubleTapEnabled= false eligibleForUserAspectRatioButton= false topActivityBoundsLetterboxed= false isFromLetterboxDoubleTap= false topActivityLetterboxVerticalPosition= -1 topActivityLetterboxHorizontalPosition= -1 topActivityLetterboxWidth=-1 topActivityLetterboxHeight=-1 topActivityAppBounds=Rect(0, 137 - 1440, 3120) isUserFullscreenOverrideEnabled=false isSystemFullscreenOverrideEnabled=false hasMinAspectRatioOverride=false topActivityLetterboxBounds=null cameraCompatTaskInfo=CameraCompatTaskInfo { freeformCameraCompatMode=inactive}} topActivityMainWindowFrame=null}, pipChange = null, remoteTransition = RemoteTransition { remoteTransition = android.window.IRemoteTransition$Stub$Proxy@30acbb4, appThread = android.app.IApplicationThread$Stub$Proxy@6e1c3dd, debugName = QuickstepLaunch }, displayChange = null, flags = 0, debugId = 217 }
08-28 18:49:58.617  2387  2934 V WindowManager:     startWCT=WindowContainerTransaction { changes= {} hops= [] errorCallbackToken=null taskFragmentOrganizer=null }
08-28 18:49:58.617  2387  2934 V WindowManager:     info={id=217 t=OPEN f=0x0 trk=0 r=[0@Point(0, 0)] c=[
08-28 18:49:58.617  2387  2934 V WindowManager:         {WCT{RemoteToken{4d6dea1 Task{d40a74a #112 type=standard A=10631:ru.andr7e.deviceinfohw}}} m=OPEN f=NONE leash=Surface(name=Task=112)/@0xdd404ab sb=Rect(0, 0 - 1440, 3200) eb=Rect(0, 0 - 1440, 3200) epz=Point(1440, 3200) d=0 taskParent=-1},
08-28 18:49:58.617  2387  2934 V WindowManager:         {WCT{RemoteToken{6ac031 Task{341d769 #1 type=home}}} m=TO_BACK f=SHOW_WALLPAPER leash=Surface(name=Task=1)/@0x239009f sb=Rect(0, 0 - 1440, 3200) eb=Rect(0, 0 - 1440, 3200) epz=Point(1440, 3200) d=0 taskParent=-1},
08-28 18:49:58.617  2387  2934 V WindowManager:         {m=TO_BACK f=IS_WALLPAPER leash=Surface(name=WallpaperWindowToken{8ac1210 showWhenLocked=false})/@0x8d7e04b sb=Rect(0, 0 - 1440, 3200) eb=Rect(0, 0 - 1440, 3200) epz=Point(1440, 3200) d=0}
08-28 18:49:58.617  2387  2934 V WindowManager:     ]}
08-28 18:49:58.617  5563  5563 I InputContextChangeTracker: InputContextChangeTracker.fixLyingSelectionRangeFromSurroundingText():1678 fixLyingSelectionRangeFromSurroundingText(): [-1, -1]([-1, -1]) -> [0, 0]([0, 0])
08-28 18:49:58.617  3291  3340 V WindowManagerShell:  animated by firstHandler
08-28 18:49:58.619  5563  5563 I AndroidIME: InputBundleManager.loadActiveInputBundleId():528 loadActiveInputBundleId: und-Latn-x-password, password
08-28 18:49:58.619  5563  5563 I AndroidIME: AbstractIme.onActivate():96 PasswordIme.onActivate() : EditorInfo = EditorInfo{packageName=com.google.android.apps.nexuslauncher, inputType=0, inputTypeString=NULL, enableLearning=false, autoCorrection=false, autoComplete=false, imeOptions=0, privateImeOptions=null, actionName=UNSPECIFIED, actionLabel=null, initialSelStart=-1, initialSelEnd=-1, initialCapsMode=0, label=null, fieldId=0, fieldName=null, extras=null, hintText=null, hintLocales=[]}, IncognitoMode = false, DeviceLocked = false
08-28 18:49:58.620  5563  5563 I KeyboardWrapper: KeyboardWrapper.activateKeyboard():580 activateKeyboard(): type=prime, status=0, imeDef=xzj{stringId=password, language=und-Latn-x-password, languageTag=und-Latn-x-password, processedConditions={writing_helper_enable_by_word_revert=true, enable_access_points_in_password_number=true, variant=qwerty, true=true, language=en-US, enable_number_row=true, device=phone, enable_number_row_in_password=true, enable_pk_simulator=false}, className=com.google.android.libraries.inputmethod.ime.password.PasswordIme, label=2132019263, keyEventInterpreter=null, inlineComposing=true, autoCapital=true, announceAutoSelectedCandidate=true, statusIcon=0, indicatorIcon=0, indicatorLabel=null, displayAppCompletions=false, extraValues=xzb{}, processors=ybu@72f36c1, unacceptableMetaKeys=4098, languageSpecificSettings=0, asciiCapable=false, alwaysShowSuggestions=false, useAsciiPasswordKeyboard=false, keyboardGroupDef=yaz@c0f4e66, phenotypeFlagId=0, localizationLanguageTag=null, supportsInlineSuggestion=false}
08-28 18:49:58.620  5563  5563 I KeyboardManager: KeyboardManager.requestKeyboard():248 Creating keyboard prime, imeId=password, cacheKey=theme,!gsf,!pgsf,!use_system_font,BORDER,FLAVOR_DPI=XXXHDPI,GOOGLE_ICONS,KEYBOARD_WIDTH_CATEGORY=NORMAL,KEY_BORDER_SHAPE=1,LIGHT_THEME=false,PHYSICAL_DIAGONAL=6.3263693,POPUP,SCREEN_SHORTEST_WIDTH=431,SCREEN_SHORTEST_WIDTH_NO_SCALE=431,SW400DP,XXXHDPI,bottom4dp,enable_google_fonts_icons=true,enable_popup_on_keypress=true,noshadow,overlay_builtin_dynamic_color_dark_base.binarypb:gm3-dark-ff131313-ffffffff-4d9204e36e3ccb6a165e3e3dbe763ce0,pgsans,roundedchip,silkpopup
08-28 18:49:58.620  5563  5563 I AndroidIME: InputBundleManager.startInput():358 startInput() with ybe[keyboardType=prime, payload=null]
08-28 18:49:58.620  5563  5563 I GlobeKeyExtension: GlobeKeyExtension.onActivate():120 
08-28 18:49:58.620  2387  2938 I ImeTracker: system_server:d1096c95: onRequestShow at ORIGIN_SERVER reason CONTROLS_CHANGED fromUser false
08-28 18:49:58.621  3502  3502 D BaseDepthController: mSurface is null and mCurrentBlur is: 0
08-28 18:49:58.621  3502  3502 D BaseDepthController: mSurface is null and mCurrentBlur is: 0
08-28 18:49:58.621  3502  3502 D BaseDepthController: mSurface is null and mCurrentBlur is: 0
08-28 18:49:58.621  3502  3502 D ScalingWorkspaceRevealAnim: onAnimationCancel
08-28 18:49:58.621  9711  9711 I ImeTracker: com.whatsapp:a286d2d9: onCancelled at PHASE_CLIENT_ANIMATION_CANCEL
08-28 18:49:58.621  3502  3502 D ScalingWorkspaceRevealAnim: alpha of workspace at the end of animation: 1.0
08-28 18:49:58.622  5563  5563 I NewLanguagePromptExtension: NewLanguagePromptExtension.onActivate():189 Not activated NewLanguagePromptExtension: not a normal text input box.
08-28 18:49:58.623  5563  5563 I NgaExtension: NgaExtension.onActivate():528 NgaExtension#onActivate [SDG]
08-28 18:49:58.623  5563  5563 I NgaVoiceInputHandlerSwitcher: NgaVoiceInputHandlerSwitcher.restorePrimary():225 not switching to primary. fallback is null [SDG]
08-28 18:49:58.623  5563  5563 I NgaVoiceInputHandler: NgaVoiceInputHandler.maybeCreateInputManager():234 VoiceInputHandler:activating [SDG]
08-28 18:49:58.623  5563  5563 I SpeechEnhancementLogger: SpeechEnhancementLogger.logAtInfo():24 Speech enhancement is disabled because flag is disabled [SD]
08-28 18:49:58.623  5563  5563 I CompositeIntentClassifier: CompositeIntentClassifier.<init>():48 Determined SmartEdit intent-classifier threshold: 0.950000 [SDG]
08-28 18:49:58.623  5563  5563 I NativeLibHelper: NativeLibHelper.loadLibrary():190 Loaded native library:integrated_shared_object (result=true)
08-28 18:49:58.623  5563  5563 I MobileBertIntentClassifier: MobileBertIntentClassifier.<init>():157 Successfully loaded native lib mobilebert_classifier_android_jni
08-28 18:49:58.623  5563  5563 I ModelessCommandDetector: ModelessCommandDetector.<init>():86 Created modeless command detector with language code en [SDG]
08-28 18:49:58.623  5563  5563 I NgaStateManager: NgaStateManager.setKeyboardTypeAndVisibility():121 setKeyboardTypeChanged prime -> null [SDG]
08-28 18:49:58.623  5563  5563 I NgaExtension: NgaExtension.onActivate():552 NgaExtension: interaction type=4 [SDG]
08-28 18:49:58.624  5563  5563 I HardKeyTracker: HardKeyTracker.unregisterKeySequence():221 Unregister key sequence zju{labelResId=2132020457, callback=tbi@73ec05a, lastModifier=2, keyCodes=[56], actions=[0]}
08-28 18:49:58.624  5563  5563 I HardKeyTracker: HardKeyTracker.unregisterKeySequence():221 Unregister key sequence zju{labelResId=2132020457, callback=tbi@7963f81, lastModifier=0, keyCodes=[317], actions=[0]}
08-28 18:49:58.624  5563  5563 I HardKeyTracker: HardKeyTracker.registerKeySequence():170 Register key sequence zju{labelResId=2132020457, callback=tbi@577a782, lastModifier=2, keyCodes=[56], actions=[0]}
08-28 18:49:58.624  5563  5563 I HardKeyTracker: HardKeyTracker.registerKeySequence():170 Register key sequence zju{labelResId=2132020457, callback=tbi@e1b0ec9, lastModifier=0, keyCodes=[317], actions=[0]}
08-28 18:49:58.624  5563  5563 I PkModeUpdater: PkModeUpdater.onActivate():74 onActivate false true
08-28 18:49:58.624  5563  5563 I AccessoryInputModeManager: AccessoryInputModeManager.onModeStarted():317 Accessory input mode started: null
08-28 18:49:58.624  5563  5563 I KeyboardWrapper: KeyboardWrapper.consumeEvent():428 Skip consuming an event as current keyboard is deactivated (state=1, keyboard existence=false)
08-28 18:49:58.624  5563  5563 W SupplementaryKeyboardsWrapper: SupplementaryKeyboardsWrapper.deactivateKeyboard():161 keyboard accessory_candidates_consumer is not activated before!
08-28 18:49:58.625  5563  5563 I AutofillAccessPointProviderModule: AutofillAccessPointProviderModule.getAccessPointDefDataBuilder():315 Autofill access point shown at BAR
08-28 18:49:58.626  5563  5563 I KeyboardModeUtils: KeyboardModeUtils.getKeyboardBottomOffset():435 inch: 0.350000 ydpi: 514.429993 adjustKeyboardBottomByDisplaySize: false currentDensityDpi: 535 defaultDensityDpi: 535 keyboardBottomToScreenPx: 180 keyboardBottomToNavBarPx: 19 navBarHeight: 161
08-28 18:49:58.626  5563  5563 I KeyboardHeightUtil: KeyboardHeightUtil.calculateMaxKeyboardBodyHeight():50 leave 358 height for app when ime window height:2902, header height:147 and isFullscreenMode:false, so the max keyboard body height is:2397
08-28 18:49:58.626  5563  5563 I KeyboardHeightUtil: KeyboardHeightUtil.calculateMaxKeyboardBodyHeight():50 leave 358 height for app when ime window height:2902, header height:147 and isFullscreenMode:false, so the max keyboard body height is:2397
08-28 18:49:58.626  5563  5563 I AndroidIME: KeyboardViewManager.updateKeyboardBodyViewHolderPaddingBottom():463 Set finalPaddingBottom = 19 while holderPaddingBottom = 19; navigationHeight = 161
08-28 18:49:58.626  5563  5563 I KeyboardHeightUtil: KeyboardHeightUtil.calculateMaxKeyboardBodyHeight():50 leave 358 height for app when ime window height:2902, header height:147 and isFullscreenMode:false, so the max keyboard body height is:2397
08-28 18:49:58.626  5563  5563 I KeyboardHeightUtil: KeyboardHeightUtil.calculateMaxKeyboardBodyHeight():50 leave 358 height for app when ime window height:2902, header height:147 and isFullscreenMode:false, so the max keyboard body height is:2397
08-28 18:49:58.626  5563  5563 W ExtensionWrapper: ExtensionWrapper.setExtensionViewVisibility():809 interface xhe is not activate
08-28 18:49:58.627  3502  3502 I ImeTracker: system_server:d1096c95: onCancelled at PHASE_CLIENT_ON_CONTROLS_CHANGED
08-28 18:49:58.627  2387  3957 D ConnectivityService: requestNetwork for uid/pid:10555/3291 asUid: 10631 activeRequest: null callbackRequest: 929 [NetworkRequest [ REQUEST id=930, [ Capabilities: INTERNET&NOT_RESTRICTED&TRUSTED&NOT_VCN_MANAGED&NOT_BANDWIDTH_CONSTRAINED Uid: 10631 RequestorUid: 10555 RequestorPkg: com.android.systemui UnderlyingNetworks: Null] ]] callback flags: 0 order: 2147483647 isUidTracked: false declaredMethods: AVAIL|BLK
08-28 18:49:58.627  3502  3502 D BaseDepthController: mSurface is null and mCurrentBlur is: 0
08-28 18:49:58.628  2387  3178 D OemPaidWifiNetworkFactory: got request NetworkRequest [ REQUEST id=930, [ Capabilities: INTERNET&NOT_RESTRICTED&TRUSTED&NOT_VCN_MANAGED&NOT_BANDWIDTH_CONSTRAINED Uid: 10631 RequestorUid: 10555 RequestorPkg: com.android.systemui UnderlyingNetworks: Null] ]
08-28 18:49:58.628  2387  3178 D MultiInternetWifiNetworkFactory: got request NetworkRequest [ REQUEST id=930, [ Capabilities: INTERNET&NOT_RESTRICTED&TRUSTED&NOT_VCN_MANAGED&NOT_BANDWIDTH_CONSTRAINED Uid: 10631 RequestorUid: 10555 RequestorPkg: com.android.systemui UnderlyingNetworks: Null] ]
08-28 18:49:58.628  5563  5563 I Module  : DeviceLockedStatusModuleProvider$Module.updateDeviceLockedStatus():100 repeatCheckTimes = 1, locked = false
08-28 18:49:58.629  5563  5563 I HardKeyTracker: HardKeyTracker.unregisterKeySequence():221 Unregister key sequence zju{labelResId=2132020457, callback=tbi@5ab80d8, lastModifier=2, keyCodes=[56], actions=[0]}
08-28 18:49:58.629  5563  5563 I HardKeyTracker: HardKeyTracker.unregisterKeySequence():221 Unregister key sequence zju{labelResId=2132020457, callback=tbi@55ce097, lastModifier=0, keyCodes=[317], actions=[0]}
08-28 18:49:58.629  5563  5563 I HardKeyTracker: HardKeyTracker.registerKeySequence():170 Register key sequence zju{labelResId=2132020457, callback=tbi@9ab493d, lastModifier=2, keyCodes=[56], actions=[0]}
08-28 18:49:58.629  5563  5563 I HardKeyTracker: HardKeyTracker.registerKeySequence():170 Register key sequence zju{labelResId=2132020457, callback=tbi@9b0bc00, lastModifier=0, keyCodes=[317], actions=[0]}
08-28 18:49:58.630  5563  5563 I VoiceImeExtension: VoiceImeExtension.shouldStartVoiceInputAutomaticallyInCurrentInputBox():387 No private IME option set to start voice input.
08-28 18:49:58.631  5563 16252 I KeyboardEventHandler: KeyboardEventHandler.handleKeyboardVisibilityEvent():216 Handling KeyboardVisibilityEvent: KEYBOARD_OPENED [SD]
08-28 18:49:58.632  5563  5563 I KeyboardModeUtils: KeyboardModeUtils.getKeyboardBottomOffset():435 inch: 0.350000 ydpi: 514.429993 adjustKeyboardBottomByDisplaySize: false currentDensityDpi: 535 defaultDensityDpi: 535 keyboardBottomToScreenPx: 180 keyboardBottomToNavBarPx: 19 navBarHeight: 161
08-28 18:49:58.632  5563  5563 I KeyboardHeightUtil: KeyboardHeightUtil.calculateMaxKeyboardBodyHeight():50 leave 358 height for app when ime window height:2902, header height:147 and isFullscreenMode:false, so the max keyboard body height is:2397
08-28 18:49:58.632  5563  5563 I KeyboardHeightUtil: KeyboardHeightUtil.calculateMaxKeyboardBodyHeight():50 leave 358 height for app when ime window height:2902, header height:147 and isFullscreenMode:false, so the max keyboard body height is:2397
08-28 18:49:58.632  5563  5563 I AndroidIME: KeyboardViewManager.updateKeyboardBodyViewHolderPaddingBottom():463 Set finalPaddingBottom = 19 while holderPaddingBottom = 19; navigationHeight = 161
08-28 18:49:58.634  2387  3185 D ConnectivityService: NetReassign [930 : null  100] [c 0] [a 0] [i 7]
08-28 18:49:58.634  2387  3178 D WifiNetworkFactory: got request NetworkRequest [ REQUEST id=930, [ Capabilities: INTERNET&NOT_RESTRICTED&TRUSTED&NOT_VCN_MANAGED&NOT_BANDWIDTH_CONSTRAINED Uid: 10631 RequestorUid: 10555 RequestorPkg: com.android.systemui UnderlyingNetworks: Null] ]
08-28 18:49:58.634  2387  3178 D UntrustedWifiNetworkFactory: got request NetworkRequest [ REQUEST id=930, [ Capabilities: INTERNET&NOT_RESTRICTED&TRUSTED&NOT_VCN_MANAGED&NOT_BANDWIDTH_CONSTRAINED Uid: 10631 RequestorUid: 10555 RequestorPkg: com.android.systemui UnderlyingNetworks: Null] ]
08-28 18:49:58.636  5563 15350 I SpeechEnhancementLogger: SpeechEnhancementLogger.logAtInfo():24 Speech enhancement is disabled because flag is disabled [SD]
08-28 18:49:58.636  5563 15395 I PackageStatusChecker: PackageStatusChecker.isPackageSuspended():24 Current package suspended=false [SD]
08-28 18:49:58.637  5563  5563 W TooltipLifecycleManager: TooltipLifecycleManager.dismissTooltips():153 Tooltip with id AUTOFILL_ACCESS_POINT_TOOLTIP not found in tooltipManager.
08-28 18:49:58.638  5563  5563 I GoogleInputMethodService: GoogleInputMethodService.onFinishInputView():1540 onFinishInputView(false)
08-28 18:49:58.638  5563 16253 I MultilangConditionManager: MultilangConditionManager.isAutomaticSwitchingEnabled():75 Automatic switching disabled because Gboard setting is not shown [SD]
08-28 18:49:58.638  5563  5563 I GlobeKeyExtension: GlobeKeyExtension.onDeactivate():144 
08-28 18:49:58.638  5563 16253 I MultilangConditionManager: MultilangConditionManager.isAutomaticSwitchingEnabled():90 Automatic switching disabled because there aren't enough supported keyboard languages [SD]
08-28 18:49:58.638  5563  5563 W TooltipLifecycleManager: TooltipLifecycleManager.dismissTooltips():153 Tooltip with id SUGGESTION_VIEW_EDU_MINI_DIALOG not found in tooltipManager.
08-28 18:49:58.638  5563 16253 I AsrProviderChoice: AsrProviderChoice.setChosenProvider():68 Setting chosen ASR provider to: 6 [SD]
08-28 18:49:58.638  5563  5563 I NgaExtension: NgaExtension.onDeactivate():567 NgaExtension#onDeactivate [SDG]
08-28 18:49:58.638  5563 16253 I EligibilityChecker: EligibilityChecker.triggerProactiveLanguagePackUpdate():580 Never attempted LP download before, triggering download for potential updates [SD]
08-28 18:49:58.638  5563 16253 I EligibilityChecker: EligibilityChecker.getDictationConfigEligibilityForLocale():363 Dictation is enabled. workprofile=false [SD]
08-28 18:49:58.638  5563  5563 W NotificationCenter: NotificationCenter.unregisterListener():480 Listener lin@c498365 was not registered for notification class wof
08-28 18:49:58.638  5563  5563 I NgaVoiceInputHandler: NgaVoiceInputHandler.onDeactivateIme():291 VoiceInputHandler:deactivating [SDG]
08-28 18:49:58.638  5563  5563 W NotificationCenter: NotificationCenter.unregisterListener():480 Listener yik@2fbf610 was not registered for notification class yil
08-28 18:49:58.638  5563 16253 I NgaDataShareClient: NgaDataShareClient.sendCorrectionsAndEndSession():452 endDataPushSession() [SDG]
08-28 18:49:58.639  5563 16252 I EligibilityChecker: EligibilityChecker.isDictationSupportedInInputField():597 Field type is not set, assuming supported input field. [SD]
08-28 18:49:58.639  5563 16252 I MultilangConditionManager: MultilangConditionManager.isAutomaticSwitchingEnabled():75 Automatic switching disabled because Gboard setting is not shown [SD]
08-28 18:49:58.639  5563 16252 I MultilangConditionManager: MultilangConditionManager.isAutomaticSwitchingEnabled():90 Automatic switching disabled because there aren't enough supported keyboard languages [SD]
