08-28 18:21:53.735  1491  5555 D ACDB-LOADER: ACDB -> audstrm_cal->cal_type.cal_data.cal_size = 20
08-28 18:21:53.735  1491  5555 D ACDB-LOADER: ACDB -> send_afe_topology
08-28 18:21:53.735  1491  5555 D ACDB-LOADER: ACDB -> ACDB_CMD_GET_AFE_TOPOLOGY_ID
08-28 18:21:53.735  1491  5555 D ACDB-LOADER: ACDB -> GET_AFE_TOPOLOGY_ID for adcd_id 15, Topology Id 112fc
08-28 18:21:53.735  1491  5555 D ACDB-LOADER: ACDB -> send_afe_cal
08-28 18:21:53.735  1491  5555 D ACDB-LOADER: ACDB -> ACDB_CMD_GET_AFE_INSTANCE_COMMON_TABLE_SIZE
08-28 18:21:53.735  1491  5555 D android.hardware.audio.service: Failed to fetch the lookup information of the device 0000000F 
08-28 18:21:53.735  1491  5555 D ACDB-LOADER: Error: ACDB_CMD_GET_AFE_INSTANCE_COMMON_TABLE_SIZE Returned = -19
08-28 18:21:53.735  1491  5555 D ACDB-LOADER: ACDB -> ACDB_CMD_GET_AFE_INSTANCE_COMMON_TABLE
08-28 18:21:53.735  1491  5555 D android.hardware.audio.service: Failed to fetch the lookup information of the device 0000000F 
08-28 18:21:53.735  1491  5555 D ACDB-LOADER: Error: ACDB AFE returned = -19
08-28 18:21:53.735  1491  5555 D ACDB-LOADER: ACDB -> AUDIO_SET_AFE_CAL cal_type[16] acdb_id[15]
08-28 18:21:53.735  1491  5555 D ACDB-LOADER: ACDB -> send_hw_delay : acdb_id = 15 path = 0
08-28 18:21:53.735  1491  5555 D ACDB-LOADER: ACDB -> ACDB_AVSYNC_INFO: ACDB_CMD_GET_DEVICE_PROPERTY
08-28 18:21:53.735  1491  5555 D audio_hw_primary: enable_audio_route: apply mixer and update path: audio-ull-playback speaker
08-28 18:21:53.735  1491  5555 D audio_route: Apply path: audio-ull-playback speaker
08-28 18:21:53.736  2387  3185 I ConnectivityService: Update capabilities for net 100 : +NOT_SUSPENDED
08-28 18:21:53.736  1491  5555 D audio_hw_primary: [force reset] create audio-ull-playback speaker 1
08-28 18:21:53.736  1491  5555 D ultrasound_extn: ultrasound_select_devices_post: enter: engine_suspended: 0
08-28 18:21:53.736  1491  5555 D ultrasound_extn: dump_usecase_list: start ======================================
08-28 18:21:53.736  1491  5555 D ultrasound_extn: dump_usecase_list: enter sensor_activated:1 hw_port_enabled:1 suspended:0
08-28 18:21:53.736  1491  5555 D ultrasound_extn: dump_usecase_list: select_devices_post usecase[#0]:(72, ultrasound-proximity-input) in_dev:(300, ultrasound-input) out_dv:(0, )
08-28 18:21:53.736  1491  5555 D ultrasound_extn: dump_usecase_list: select_devices_post usecase[#1]:(71, ultrasound-proximity-output) in_dev:(0, ) out_dv:(132, ultrasound-output)
08-28 18:21:53.736  1491  5555 D ultrasound_extn: dump_usecase_list: select_devices_post usecase[#2]:(12, audio-ull-playback) in_dev:(0, ) out_dv:(41, voice-speaker-stereo)
08-28 18:21:53.736  1491  5555 D ultrasound_extn: dump_usecase_list: TERT_TDM_RX_0 SampleRate		 KHZ_96
08-28 18:21:53.737  1491  5555 D ultrasound_extn: dump_usecase_list: TERT_TDM_RX_0 Format		 S24_LE
08-28 18:21:53.737  1491  5555 D ultrasound_extn: dump_usecase_list: TERT_TDM_RX_0 Channels		 Two
08-28 18:21:53.737  1491  5555 D ultrasound_extn: dump_usecase_list: TERT_TDM_RX_1 SampleRate		 KHZ_96
08-28 18:21:53.737  1491  5555 D ultrasound_extn: dump_usecase_list: TERT_TDM_RX_1 Format		 S24_LE
08-28 18:21:53.737  1491  5555 D ultrasound_extn: dump_usecase_list: TERT_TDM_RX_1 Channels		 One
08-28 18:21:53.737  1491  5555 D ultrasound_extn: dump_usecase_list: end ======================================
08-28 18:21:53.737  1491  5555 D audio_hw_primary: select_devices: done
08-28 18:21:53.737  1491  5555 D msm8974_platform: platform_set_channel_map mixer_ctl_name:Playback Channel Map13
08-28 18:21:53.737  1491  5555 D msm8974_platform: platform_set_channel_map: set mapping(1 2 0 0 0 0 0 0) for channel:2
08-28 18:21:53.737  1491  5555 E msm8974_platform: platform_set_channel_map: Could not set ctl, error:-22 ch_count:2
08-28 18:21:53.739  5662  5662 W DPMJ    : |SERVICE| DPM received unexpected action: android.intent.action.ANY_DATA_STATE
08-28 18:21:53.739  3525  4226 D QCNEJ/WwanInfoRelay: onCapabilitiesChanged: 100 [ Transports: CELLULAR Capabilities: MMS&SUPL&DUN&FOTA&CBS&XCAP&INTERNET&NOT_RESTRICTED&TRUSTED&NOT_VPN&VALIDATED&NOT_ROAMING&FOREGROUND&NOT_CONGESTED&NOT_SUSPENDED&NOT_VCN_MANAGED&NOT_BANDWIDTH_CONSTRAINED LinkUpBandwidth>=12734Kbps LinkDnBandwidth>=12734Kbps Specifier: <TelephonyNetworkSpecifier [mSubId = 2]> SubscriptionIds: {2} UnderlyingNetworks: Null]
08-28 18:21:53.740  3525  4226 I QCNEJ/WwanInfoRelay: cacheWwanInfo subId = 2 phoneId = 1 slotId = 1
08-28 18:21:53.742  3588  6335 D WM-NetworkStateTracker: Network capabilities changed: [ Transports: CELLULAR Capabilities: MMS&SUPL&DUN&FOTA&CBS&XCAP&INTERNET&NOT_RESTRICTED&TRUSTED&NOT_VPN&VALIDATED&NOT_ROAMING&FOREGROUND&NOT_CONGESTED&NOT_SUSPENDED&NOT_VCN_MANAGED&NOT_BANDWIDTH_CONSTRAINED LinkUpBandwidth>=12734Kbps LinkDnBandwidth>=12734Kbps Specifier: <TelephonyNetworkSpecifier [mSubId = 2]> SubscriptionIds: {2} UnderlyingNetworks: Null]
08-28 18:21:53.742  6546  8822 D WM-NetworkStateTracker: Network capabilities changed: [ Transports: CELLULAR Capabilities: MMS&SUPL&DUN&FOTA&CBS&XCAP&INTERNET&NOT_RESTRICTED&TRUSTED&NOT_VPN&VALIDATED&NOT_ROAMING&FOREGROUND&NOT_CONGESTED&NOT_SUSPENDED&NOT_VCN_MANAGED&NOT_BANDWIDTH_CONSTRAINED LinkUpBandwidth>=12734Kbps LinkDnBandwidth>=12734Kbps Specifier: <TelephonyNetworkSpecifier [mSubId = 2]> SubscriptionIds: {2} UnderlyingNetworks: Null]
08-28 18:21:53.743  5616  6573 I BugleRcsEngine: handleMessage processing message:[NOTIFY_UPTIME_IGNORE_STATE_CHANGED] with [non-null]:RcsEngineImpl reference [CONTEXT log_prefix="RcsEngineImpl[DUAL_REG]:[014c2acb-7f8f]>Handler" thread_id=70 ]
08-28 18:21:53.743  5616  6414 I BugleRcsEngine: Connected state: [2], networkType: [MOBILE] [CONTEXT thread_id=61 ]
08-28 18:21:53.745  3998 32301 I Icing   : Indexing com.google.android.gms-apps from com.google.android.gms
08-28 18:21:53.747  5616  6573 I BugleRcsEngine: Rcs is enabled from user settings: true [CONTEXT log_prefix="ProvisioningEngineDataRetriever" thread_id=70 ]
08-28 18:21:53.747  2387  3238 D BackgroundInstallControlService: Package event received: 0
08-28 18:21:53.747  3583  3583 I Telephony: TelephonyConnection$3: onDisconnect: callId=TC@2_1, cause=NORMAL
08-28 18:21:53.748  1491  5555 D audio_hw_primary: start_output_stream: exit
08-28 18:21:53.748  1491  5555 V msm8974_platform: platform_set_parameters: enter: cal_persist=0;cal_devid=2;cal_moduleid=0x1000a100;cal_caltype=0;cal_instanceid=0x0;cal_apptype=69940;cal_paramid=0x1000a114;cal_topoid=0x1000a100;cal_samplerate=48000;cal_data=CAAAAA==
08-28 18:21:53.748  1491  5555 D msm8974_platform: platform_get_output_snd_device: enter: output devices(0x2)
08-28 18:21:53.748  1491  5555 D msm8974_platform: Setting audio calibration for snd_device(41) acdb_id(15)
08-28 18:21:53.748  1491  5555 E ACDB-LOADER: [acdb_loader_adsp_set_audio_cal] active device/stream not found (result=-100) for topology 0x1000a100 and apptype 0x11134
08-28 18:21:53.748  1491  5555 E ACDB-LOADER: [acdb_loader_adsp_set_audio_cal] set parameters failed with status -100
08-28 18:21:53.748  1491  5555 D msm8974_platform: platform_set_parameters: exit with code(0)
08-28 18:21:53.748  1491  5555 D adsp_utils: set_channel_reverse mode: 0
08-28 18:21:53.748  1491  5555 V msm8974_platform: platform_set_parameters: enter: cal_persist=0;cal_devid=2;cal_moduleid=0x1000a100;cal_caltype=0;cal_instanceid=0x0;cal_apptype=69940;cal_paramid=0x1000a110;cal_topoid=0x1000a106;cal_samplerate=48000;cal_data=AAAAAA==
08-28 18:21:53.748  1491  5555 D msm8974_platform: platform_get_output_snd_device: enter: output devices(0x2)
08-28 18:21:53.748  1491  5555 D msm8974_platform: Setting audio calibration for snd_device(41) acdb_id(15)
08-28 18:21:53.748  1491  5555 E ACDB-LOADER: [acdb_loader_adsp_set_audio_cal] active device/stream not found (result=-100) for topology 0x1000a106 and apptype 0x11134
08-28 18:21:53.748  1491  5555 E ACDB-LOADER: [acdb_loader_adsp_set_audio_cal] set parameters failed with status -100
08-28 18:21:53.748  1491  5555 D msm8974_platform: platform_set_parameters: exit with code(0)
08-28 18:21:53.748  1491  5555 V msm8974_platform: platform_set_parameters: enter: cal_persist=0;cal_devid=2;cal_moduleid=0x1000a100;cal_caltype=0;cal_instanceid=0x0;cal_apptype=69940;cal_paramid=0x1000a110;cal_topoid=0x1000a100;cal_samplerate=48000;cal_data=AAAAAA==
08-28 18:21:53.748  1491  5555 D msm8974_platform: platform_get_output_snd_device: enter: output devices(0x2)
08-28 18:21:53.748  1491  5555 D msm8974_platform: Setting audio calibration for snd_device(41) acdb_id(15)
08-28 18:21:53.748  1491  5555 E ACDB-LOADER: [acdb_loader_adsp_set_audio_cal] active device/stream not found (result=-100) for topology 0x1000a100 and apptype 0x11134
08-28 18:21:53.748  1491  5555 E ACDB-LOADER: [acdb_loader_adsp_set_audio_cal] set parameters failed with status -100
08-28 18:21:53.748  1491  5555 D msm8974_platform: platform_set_parameters: exit with code(0)
08-28 18:21:53.749  1491  5555 V msm8974_platform: platform_set_parameters: enter: cal_persist=0;cal_devid=2;cal_moduleid=0x1000a100;cal_caltype=0;cal_instanceid=0x0;cal_apptype=69937;cal_paramid=0x1000a110;cal_topoid=0x1000a106;cal_samplerate=48000;cal_data=AAAAAA==
08-28 18:21:53.749  1491  5555 D msm8974_platform: platform_get_output_snd_device: enter: output devices(0x2)
08-28 18:21:53.749  1491  5555 D msm8974_platform: Setting audio calibration for snd_device(41) acdb_id(15)
08-28 18:21:53.749  1491  5555 E ACDB-LOADER: [acdb_loader_adsp_set_audio_cal] active device/stream not found (result=-100) for topology 0x1000a106 and apptype 0x11131
08-28 18:21:53.749  1491  5555 E ACDB-LOADER: [acdb_loader_adsp_set_audio_cal] set parameters failed with status -100
08-28 18:21:53.749  1491  5555 D msm8974_platform: platform_set_parameters: exit with code(0)
08-28 18:21:53.749  1491  5555 V msm8974_platform: platform_set_parameters: enter: cal_persist=0;cal_devid=2;cal_moduleid=0x1000a100;cal_caltype=0;cal_instanceid=0x0;cal_apptype=69937;cal_paramid=0x1000a110;cal_topoid=0x1000a100;cal_samplerate=48000;cal_data=AAAAAA==
08-28 18:21:53.749  1491  5555 D msm8974_platform: platform_get_output_snd_device: enter: output devices(0x2)
08-28 18:21:53.749  1491  5555 D msm8974_platform: Setting audio calibration for snd_device(41) acdb_id(15)
08-28 18:21:53.749  1491  5555 E ACDB-LOADER: [acdb_loader_adsp_set_audio_cal] active device/stream not found (result=-100) for topology 0x1000a100 and apptype 0x11131
08-28 18:21:53.749  1491  5555 E ACDB-LOADER: [acdb_loader_adsp_set_audio_cal] set parameters failed with status -100
08-28 18:21:53.749  1491  5555 D msm8974_platform: platform_set_parameters: exit with code(0)
08-28 18:21:53.749  1491  5555 V msm8974_platform: platform_set_parameters: enter: cal_persist=0;cal_devid=2;cal_moduleid=0x1000a100;cal_caltype=0;cal_instanceid=0x0;cal_apptype=69936;cal_paramid=0x1000a110;cal_topoid=0x1000a106;cal_samplerate=48000;cal_data=AAAAAA==
08-28 18:21:53.749  1491  5555 D msm8974_platform: platform_get_output_snd_device: enter: output devices(0x2)
08-28 18:21:53.749  1491  5555 D msm8974_platform: Setting audio calibration for snd_device(41) acdb_id(15)
08-28 18:21:53.749  1491  5555 E ACDB-LOADER: [acdb_loader_adsp_set_audio_cal] active device/stream not found (result=-100) for topology 0x1000a106 and apptype 0x11130
08-28 18:21:53.749  1491  5555 E ACDB-LOADER: [acdb_loader_adsp_set_audio_cal] set parameters failed with status -100
08-28 18:21:53.749  1491  5555 D msm8974_platform: platform_set_parameters: exit with code(0)
08-28 18:21:53.749  1491  5555 V msm8974_platform: platform_set_parameters: enter: cal_persist=0;cal_devid=2;cal_moduleid=0x1000a100;cal_caltype=0;cal_instanceid=0x0;cal_apptype=69936;cal_paramid=0x1000a110;cal_topoid=0x1000a100;cal_samplerate=48000;cal_data=AAAAAA==
08-28 18:21:53.749  1491  5555 D msm8974_platform: platform_get_output_snd_device: enter: output devices(0x2)
08-28 18:21:53.749  1491  5555 D msm8974_platform: Setting audio calibration for snd_device(41) acdb_id(15)
08-28 18:21:53.749  1491  5555 E ACDB-LOADER: [acdb_loader_adsp_set_audio_cal] active device/stream not found (result=-100) for topology 0x1000a100 and apptype 0x11130
08-28 18:21:53.749  1491  5555 E ACDB-LOADER: [acdb_loader_adsp_set_audio_cal] set parameters failed with status -100
08-28 18:21:53.749  1491  5555 D msm8974_platform: platform_set_parameters: exit with code(0)
08-28 18:21:53.749  1491  5555 D audio_hw_primary: check_and_set_karaok_parameters: is karaok rx device 0, is karaok tx device 0
08-28 18:21:53.749  1491  5555 V send_data_to_xlog: getCurrentDate
08-28 18:21:53.749  1491  5555 V send_data_to_xlog: current time is : 2025 year, 8 month, 28 daty
08-28 18:21:53.749  1491  5555 V send_data_to_xlog: do not need to seed data to xlog
08-28 18:21:53.749  1491  5555 V send_data_to_xlog: send_EarsCompensation_dailyuse_to_xlog
08-28 18:21:53.749  1491  5555 I send_data_to_xlog: get_headset_type the type is speaker
08-28 18:21:53.749  1491  5555 D send_data_to_xlog: send_misound_dailyuse_to_xlog, the headset type is speaker
08-28 18:21:53.749  1491  5555 D send_data_to_xlog:  send_misound_dailyuse_to_xlog: misound without usb
08-28 18:21:53.749  1491  5555 D audio_hw_primary: out_write: retry previous failed cal level set
08-28 18:21:53.749  1491  5555 W msm8974_platform: platform_send_gain_dep_cal: Voice call in progress .. ignore setting new cal
08-28 18:21:53.749  1491  5555 W qc_adm  : margin check: adm_request_focus_v2_1(p) failed diff -48
08-28 18:21:53.749  1491  5555 W qc_adm  : margin check: adm_abandon_focus(p) failed diff -48
08-28 18:21:53.753  3998 32301 I Icing   : Indexing done com.google.android.gms-apps
08-28 18:21:53.756 27512 27628 D WM-NetworkStateTracker: Network capabilities changed: [ Transports: CELLULAR Capabilities: MMS&SUPL&DUN&FOTA&CBS&XCAP&INTERNET&NOT_RESTRICTED&TRUSTED&NOT_VPN&VALIDATED&NOT_ROAMING&FOREGROUND&NOT_CONGESTED&NOT_SUSPENDED&NOT_VCN_MANAGED&NOT_BANDWIDTH_CONSTRAINED LinkUpBandwidth>=12734Kbps LinkDnBandwidth>=12734Kbps Specifier: <TelephonyNetworkSpecifier [mSubId = 2]> SubscriptionIds: {2} UnderlyingNetworks: Null]
08-28 18:21:53.758  2387  3185 D ConnectivityService: [100 CELLULAR] EVENT_NETWORK_INFO_CHANGED, going from SUSPENDED to CONNECTED
08-28 18:21:53.758  2387  3185 D ConnectivityService: Sending CONNECTED broadcast for type 0 [100 CELLULAR] isDefaultNetwork=true
08-28 18:21:53.759  5606  6483 I hbox:interactor: AssetManager2(0xb40000721b7f9638) locale list changing from [] to [en-US]
08-28 18:21:53.760  5606  6483 I hbox:interactor: AssetManager2(0xb40000721b7f9f98) locale list changing from [] to [en-US]
08-28 18:21:53.763  1491 25131 W msm8974_platform: platform_send_gain_dep_cal: Voice call in progress .. ignore setting new cal
08-28 18:21:53.763  1491 25131 E volume_listener: check_and_set_gain_dep_cal: Failed to set gain dep cal level
08-28 18:21:53.766  2119 23773 D AudioTrack: getTimestamp_l(102): device stall time corrected using current time 1338143066311
08-28 18:21:53.766  3583  3583 D SatelliteController: Satellite for carrier is not supported.
08-28 18:21:53.767  3583  3583 D SatelliteController: Satellite for carrier is not supported.
08-28 18:21:53.767  3583  3583 D SatelliteController: registerForSatelliteModemStateChanged: add Listeners for ModemState
08-28 18:21:53.767  3583  3583 E SatelliteController: registerForSatelliteModemStateChanged: mSatelliteSessionController is not initialized yet
08-28 18:21:53.768  2387  3211 D Smart5gService: NetworkCallback: onCapabilitiesChanged
08-28 18:21:53.768  2387  3211 D Smart5gService: NetworkCallback: isInternetConnected:true isMobileDataActive:true
08-28 18:21:53.769  3583  3583 V Telephony: GsmConnection: Update state from ACTIVE to DISCONNECTED for TC@2_1
08-28 18:21:53.769  3583  3583 V Telephony: onStateChanged, state: DISCONNECTED
08-28 18:21:53.770  3583  3583 D Telephony: TelephonyConferenceController: Recalculate conference calls null [].
08-28 18:21:53.770  3583  3583 D Telephony: Is there a match for all connections in connection service true
08-28 18:21:53.770  3583  3583 D Telephony: not enough connections to be a conference!
08-28 18:21:53.770  3583  3583 V Telephony: TelephonyConferenceController: recalculateConferenceable : 1
08-28 18:21:53.770  3583  3583 D Telephony: TelephonyConferenceController: recalc - 6 [TelephonyConnection objId:204237868 telecomCallID:TC@2_1 type:gsm state:DISCONNECTED capabilities:[Capabilities: CAPABILITY_HOLD CAPABILITY_SUPPORT_HOLD CAPABILITY_MUTE CAPABILITY_CANNOT_DOWNGRADE_VIDEO_TO_AUDIO] properties:[Properties:] address:[****] originalConnection: callId: TC@2_1 objId: 79105341 isExternal: N incoming: false state: DISCONNECTED post dial state: COMPLETE partOfConf:N confSupported:Y isAdhocConf:N] supportsConf? true
08-28 18:21:53.770  3583  3583 V Telephony: conferenceable: 0
08-28 18:21:53.770  3583  3583 V Telephony: onStateChange triggered in Conf Controller : connection = [TelephonyConnection objId:204237868 telecomCallID:TC@2_1 type:gsm state:DISCONNECTED capabilities:[Capabilities: CAPABILITY_HOLD CAPABILITY_SUPPORT_HOLD CAPABILITY_MUTE CAPABILITY_CANNOT_DOWNGRADE_VIDEO_TO_AUDIO] properties:[Properties:] address:[****] originalConnection: callId: TC@2_1 objId: 79105341 isExternal: N incoming: false state: DISCONNECTED post dial state: COMPLETE partOfConf:N confSupported:Y isAdhocConf:N] state = 6
08-28 18:21:53.770  3583  3583 D Telephony: TelephonyConferenceController: Recalculate conference calls null [].
08-28 18:21:53.770  3583  3583 D Telephony: Is there a match for all connections in connection service true
08-28 18:21:53.770  3583  3583 D Telephony: not enough connections to be a conference!
08-28 18:21:53.770  3583  3583 V Telephony: TelephonyConferenceController: recalculateConferenceable : 1
08-28 18:21:53.770  3583  3583 D Telephony: TelephonyConferenceController: recalc - 6 [TelephonyConnection objId:204237868 telecomCallID:TC@2_1 type:gsm state:DISCONNECTED capabilities:[Capabilities: CAPABILITY_HOLD CAPABILITY_SUPPORT_HOLD CAPABILITY_MUTE CAPABILITY_CANNOT_DOWNGRADE_VIDEO_TO_AUDIO] properties:[Properties:] address:[****] originalConnection: callId: TC@2_1 objId: 79105341 isExternal: N incoming: false state: DISCONNECTED post dial state: COMPLETE partOfConf:N confSupported:Y isAdhocConf:N] supportsConf? true
08-28 18:21:53.770  3583  3583 V Telephony: conferenceable: 0
08-28 18:21:53.770  3583  3583 V Telephony: close
08-28 18:21:53.770  3583  3583 I Telephony: GsmConnection: clearOriginalConnection; clearing= callId: TC@2_1 objId: 79105341 isExternal: N incoming: false state: DISCONNECTED post dial state: COMPLETE
08-28 18:21:53.770  3583  3583 D Telephony: updateHoldCapability(): topHoldableCount = 0
08-28 18:21:53.770  3583  3583 D Telephony: TelephonyConferenceController: Recalculate conference calls null [].
08-28 18:21:53.770  3583  3583 D Telephony: Is there a match for all connections in connection service true
08-28 18:21:53.770  3583  3583 D Telephony: not enough connections to be a conference!
08-28 18:21:53.770  3583  3583 V Telephony: TelephonyConferenceController: recalculateConferenceable : 0
08-28 18:21:53.770  2387  6644 I Telecom : InCallController: Sending updateCall [Call id=TC@2, state=ACTIVE, tpac=ComponentInfo{com.android.phone/com.android.services.telephony.TelephonyConnectionService}, 1, UserHandle{0}, cmgr=ComponentInfo{com.android.phone/com.android.services.telephony.TelephonyConnectionService}, 1, UserHandle{0}, handle=tel:**********, vidst=A, childs(0), has_parent(false), cap=[ hld sup_hld mut !v2a], prop=[]], voip=false: CSW.sSH(cap)@AxY
08-28 18:21:53.770  3583  3583 V Telephony: conferenceable: 0
08-28 18:21:53.770  3583  3583 D Telephony: buildConnectionCapabilities: isHoldable = true State = 6 capabilities = 0
08-28 18:21:53.770  3583  3583 D Telephony: buildConnectionCapabilities: isHoldable = true State = 6 capabilities = 0
08-28 18:21:53.771  3583  3583 W AlarmManager: Unrecognized alarm listener com.android.internal.telephony.data.AutoDataSwitchController$$ExternalSyntheticLambda1@61a63b5
08-28 18:21:53.771  3583  3583 V Telephony: MSG_PRECISE_CALL_STATE_CHANGED
08-28 18:21:53.771  3583 32352 D CallNotifier: SignalInfoTonePlayer.run(toneId = 98)...
08-28 18:21:53.771  3583 32352 D CallNotifier: mSignalInfoToneGenerator created already, hence skipping
08-28 18:21:53.772  2387  6644 I Telecom : InCallController: Components updated: [ComponentInfo{android/com.android.ecm.EnhancedConfirmationCallTrackerService}, ComponentInfo{com.android.bluetooth/com.android.bluetooth.telephony.BluetoothInCallService}, ComponentInfo{com.google.android.dialer/com.android.incallui.InCallServiceImpl}, ComponentInfo{com.google.android.gms/com.google.android.gms.bankscamwarning.services.BankScamCallDetectionService}, ComponentInfo{com.chiller3.bcr/com.chiller3.bcr.RecorderInCallService}]: CSW.sSH(cap)@AxY
08-28 18:21:53.772  2387  6644 I Telecom : CallsManager: markCallAsDisconnected: call=[Call id=TC@2, state=ACTIVE, tpac=ComponentInfo{com.android.phone/com.android.services.telephony.TelephonyConnectionService}, 1, UserHandle{0}, cmgr=ComponentInfo{com.android.phone/com.android.services.telephony.TelephonyConnectionService}, 1, UserHandle{0}, handle=tel:**********, vidst=A, childs(0), has_parent(false), cap=[ hld sup_hld mut !v2a], prop=[]], voip=false; disconnectCause=DisconnectCause [ Code: (REMOTE) Label: () Description: () Reason: (Normal call clearing, NORMAL) Tone: (27)  TelephonyCause: 2/-1 ImsReasonInfo: null]: CSW.sDc(cap)@Axc
08-28 18:21:53.772  2387  6644 I Telecom : CallsManager: setCallState ACTIVE -> DISCONNECTED, call: [Call id=TC@2, state=ACTIVE, tpac=ComponentInfo{com.android.phone/com.android.services.telephony.TelephonyConnectionService}, 1, UserHandle{0}, cmgr=ComponentInfo{com.android.phone/com.android.services.telephony.TelephonyConnectionService}, 1, UserHandle{0}, handle=tel:**********, vidst=A, childs(0), has_parent(false), cap=[ hld sup_hld mut !v2a], prop=[]], voip=false: CSW.sDc(cap)@Axc
08-28 18:21:53.773  2387  6644 I Telecom : Event: RecordEntry TC@2: SET_DISCONNECTED, disconnected set explicitly> DisconnectCause [ Code: (REMOTE) Label: () Description: () Reason: (Normal call clearing, NORMAL) Tone: (27)  TelephonyCause: 2/-1 ImsReasonInfo: null]: CSW.sDc(cap)@Axc
08-28 18:21:53.775  2387  6644 I ActivityTaskManager: START u0 {act=android.telecom.action.POST_CALL flg=0x10000000 xflg=0x4 pkg=com.google.android.dialer (has extras)} with LAUNCH_MULTIPLE from uid 1000 result code=-91
08-28 18:21:53.776  2387  6644 I Telecom : InCallController: onCallStateChanged: Call state changed for TC@TC@2: ACTIVE -> DISCONNECTED: CSW.sDc(cap)@Axc
08-28 18:21:53.776  2387  3732 I Telecom : ConnectionServiceFocusManager: updateCurrentFocusCall = null: CSW.sDc->CSFM.oCSS(cap)@Axc
08-28 18:21:53.777  2387  6644 I Telecom : InCallController: Sending updateCall [Call id=TC@2, state=DISCONNECTED, tpac=ComponentInfo{com.android.phone/com.android.services.telephony.TelephonyConnectionService}, 1, UserHandle{0}, cmgr=ComponentInfo{com.android.phone/com.android.services.telephony.TelephonyConnectionService}, 1, UserHandle{0}, handle=tel:**********, vidst=A, childs(0), has_parent(false), cap=[ hld sup_hld mut !v2a], prop=[]], voip=false: CSW.sDc(cap)@Axc
08-28 18:21:53.778  2387  6644 I Telecom : InCallController: Components updated: [ComponentInfo{android/com.android.ecm.EnhancedConfirmationCallTrackerService}, ComponentInfo{com.google.android.dialer/com.android.incallui.InCallServiceImpl}, ComponentInfo{com.google.android.gms/com.google.android.gms.bankscamwarning.services.BankScamCallDetectionService}, ComponentInfo{com.chiller3.bcr/com.chiller3.bcr.RecorderInCallService}]: CSW.sDc(cap)@Axc
08-28 18:21:53.778  1547  1547 D vendor.qti.vibrator: Vibrator on for timeoutMs: 100
08-28 18:21:53.779  2387  6644 I Telecom : TelecomWakeLock: WakeLock already released with id: 26: CSW.sDc(cap)@Axc
08-28 18:21:53.779  2387  6644 I Telecom : InCallWakeLockController: Releasing full wake lock: CSW.sDc(cap)@Axc
08-28 18:21:53.779 27575 27575 D RecorderInCallService: onStateChanged: Call [id: TC@2, state: DISCONNECTED, details: [id: TC@2, state: DISCONNECTED, pa: ComponentInfo{com.android.phone/com.android.services.telephony.TelephonyConnectionService}, 1, UserHandle{0}, hdl: tel:**********, hdlPres: 1, videoState: Audio Only, caps: [Capabilities: CAPABILITY_HOLD CAPABILITY_SUPPORT_HOLD CAPABILITY_MUTE CAPABILITY_CANNOT_DOWNGRADE_VIDEO_TO_AUDIO], props: [Properties:]]], 7
08-28 18:21:53.779 27575 27575 D RecorderInCallService: handleStateChange: Call [id: TC@2, state: DISCONNECTED, details: [id: TC@2, state: DISCONNECTED, pa: ComponentInfo{com.android.phone/com.android.services.telephony.TelephonyConnectionService}, 1, UserHandle{0}, hdl: tel:**********, hdlPres: 1, videoState: Audio Only, caps: [Capabilities: CAPABILITY_HOLD CAPABILITY_SUPPORT_HOLD CAPABILITY_MUTE CAPABILITY_CANNOT_DOWNGRADE_VIDEO_TO_AUDIO], props: [Properties:]]], 7, 7
08-28 18:21:53.779  1547 32353 D vendor.qti.vibrator: Starting on on another thread
08-28 18:21:53.779 27575 27575 D RecorderInCallService: onDetailsChanged: Call [id: TC@2, state: DISCONNECTED, details: [id: TC@2, state: DISCONNECTED, pa: ComponentInfo{com.android.phone/com.android.services.telephony.TelephonyConnectionService}, 1, UserHandle{0}, hdl: tel:**********, hdlPres: 1, videoState: Audio Only, caps: [Capabilities: CAPABILITY_HOLD CAPABILITY_SUPPORT_HOLD CAPABILITY_MUTE CAPABILITY_CANNOT_DOWNGRADE_VIDEO_TO_AUDIO], props: [Properties:]]], [id: TC@2, state: DISCONNECTED, pa: ComponentInfo{com.android.phone/com.android.services.telephony.TelephonyConnectionService}, 1, UserHandle{0}, hdl: tel:**********, hdlPres: 1, videoState: Audio Only, caps: [Capabilities: CAPABILITY_HOLD CAPABILITY_SUPPORT_HOLD CAPABILITY_MUTE CAPABILITY_CANNOT_DOWNGRADE_VIDEO_TO_AUDIO], props: [Properties:]]
08-28 18:21:53.779 27575 27575 D RecorderInCallService: handleStateChange: Call [id: TC@2, state: DISCONNECTED, details: [id: TC@2, state: DISCONNECTED, pa: ComponentInfo{com.android.phone/com.android.services.telephony.TelephonyConnectionService}, 1, UserHandle{0}, hdl: tel:**********, hdlPres: 1, videoState: Audio Only, caps: [Capabilities: CAPABILITY_HOLD CAPABILITY_SUPPORT_HOLD CAPABILITY_MUTE CAPABILITY_CANNOT_DOWNGRADE_VIDEO_TO_AUDIO], props: [Properties:]]], null, 7
08-28 18:21:53.779  1547  1547 D vendor.qti.vibrator: Vibrator set amplitude: 1.000000
08-28 18:21:53.779 27575 27575 D RecorderInCallService: onCallDestroyed: Call [id: TC@2, state: DISCONNECTED, details: [id: TC@2, state: DISCONNECTED, pa: ComponentInfo{com.android.phone/com.android.services.telephony.TelephonyConnectionService}, 1, UserHandle{0}, hdl: tel:**********, hdlPres: 1, videoState: Audio Only, caps: [Capabilities: CAPABILITY_HOLD CAPABILITY_SUPPORT_HOLD CAPABILITY_MUTE CAPABILITY_CANNOT_DOWNGRADE_VIDEO_TO_AUDIO], props: [Properties:]]]
08-28 18:21:53.779 27575 27575 D RecorderInCallService: onCallRemoved: Call [id: TC@2, state: DISCONNECTED, details: [id: TC@2, state: DISCONNECTED, pa: ComponentInfo{com.android.phone/com.android.services.telephony.TelephonyConnectionService}, 1, UserHandle{0}, hdl: tel:**********, hdlPres: 1, videoState: Audio Only, caps: [Capabilities: CAPABILITY_HOLD CAPABILITY_SUPPORT_HOLD CAPABILITY_MUTE CAPABILITY_CANNOT_DOWNGRADE_VIDEO_TO_AUDIO], props: [Properties:]]]
08-28 18:21:53.779 27512 27512 I DialerTelecomCallbacksAdapter: com.android.dialer.incall.core.call.TelecomCallbacksAdapter.onStateChanged:119 onStateChanged [callId: DialerCall_1, state: 7]
08-28 18:21:53.780  5606  6483 I hbox:interactor: AssetManager2(0xb40000721b7fc518) locale list changing from [] to [en-US]
08-28 18:21:53.780 27512 27512 I DialerInCallServicePeerImpl: com.android.dialer.incall.core.peer.InCallServicePeerImpl.onCallRemoved:258 onCallRemoved - call: Call [id: TC@2, state: DISCONNECTED, details: [id: TC@2, state: DISCONNECTED, pa: ComponentInfo{com.android.phone/com.android.services.telephony.TelephonyConnectionService}, 1, UserHandle{0}, hdl: tel:**********, hdlPres: 1, videoState: Audio Only, caps: [Capabilities: CAPABILITY_HOLD CAPABILITY_SUPPORT_HOLD CAPABILITY_MUTE CAPABILITY_CANNOT_DOWNGRADE_VIDEO_TO_AUDIO], props: [Properties:]]]
08-28 18:21:53.780 27512 27512 I DialerInternalSemanticEventLoggerImpl: com.android.dialer.cui.impl.InternalSemanticEventLoggerImpl.handleEvent:147 CUI event: ON_CALL_REMOVED; uniqueCallId: 9a195b73-c47a-4a26-be3b-4a846a319adf
08-28 18:21:53.780 27512 27539 I DialerCallEventDriver: com.android.dialer.incall.core.call.events.impl.CallEventDriver$StateListener.onStateChanged:132 Telecom state ACTIVE -> DISCONNECTED
08-28 18:21:53.781 27512 27512 I DialerInternalSemanticEventLoggerImpl: com.android.dialer.cui.impl.InternalSemanticEventLoggerImpl.handleError:298 CUI error: ON_CALL_REMOVED; uniqueCallId: 9a195b73-c47a-4a26-be3b-4a846a319adf
08-28 18:21:53.781 27512 27512 I DialerTelecomEventUiThreadBlockedTimer: com.android.incallui.TelecomEventUiThreadBlockedTimer.onEvent:59 InCallService.uiThreadBlockedByTelecomEvent blocked UI thread for 1.84 ms
08-28 18:21:53.781 27512 27512 I DialerTelecomEventUiThreadBlockedTimer: com.android.incallui.TelecomEventUiThreadBlockedTimer.onEvent:59 InCallService.uiThreadBlockedByTelecomEvent.onStateChange blocked UI thread for 1.95 ms
08-28 18:21:53.781 27512 27512 I DialerTelecomEventUiThreadBlockedTimer: com.android.incallui.TelecomEventUiThreadBlockedTimer.onEvent:59 InCallService.uiThreadBlockedByTelecomEvent.onDetailsChanged blocked UI thread for 1.52 ms
08-28 18:21:53.781 27512 27512 I DialerTelecomEventUiThreadBlockedTimer: com.android.incallui.TelecomEventUiThreadBlockedTimer.onEvent:59 InCallService.uiThreadBlockedByTelecomEvent.onCallDestroyed blocked UI thread for 1.45 ms
08-28 18:21:53.781 27512 27512 I DialerTelecomEventUiThreadBlockedTimer: com.android.incallui.TelecomEventUiThreadBlockedTimer.onEvent:59 InCallService.uiThreadBlockedByTelecomEvent.onCallRemoved blocked UI thread for 1.37 ms
08-28 18:21:53.782 27512 27557 I DialerAndroidAutoStatusLookupImpl: com.android.dialer.androidautostatuslookup.impl.AndroidAutoStatusLookupImpl.isAndroidAutoConnected:97 Android Auto connected in 0 mode [CONTEXT ratelimit_period="1 MINUTES" skipped=122 ]
08-28 18:21:53.782 27512 27557 I DialerCallEventDriver: com.android.dialer.incall.core.call.events.impl.CallEventDriver.updateState:97 state ACTIVATED -> DEACTIVATED
08-28 18:21:53.782 27512 27557 I DialerCallEventDriver: com.android.dialer.incall.core.call.events.impl.CallEventDriver.updateState:97 state DEACTIVATED -> DISCONNECTION_STARTED
08-28 18:21:53.782 27512 27557 I DialerEchoEnabledFn: com.android.dialer.wear.echo.impl.enabledfn.EchoEnabledFn.isEnabled:31 Disabled by feature flag ENABLE_BAM_FULL_FUNCTIONALITY. [CONTEXT ratelimit_period="1 MINUTES" ]
08-28 18:21:53.782 27512 27557 I DialerHoldForMeTidepodsInternalsEnabledFn: com.android.incallui.atlas.ui.impl.tidepods.HoldForMeTidepodsInternalsEnabledFn.isEnabled:25 Hold For Me Tidepods internals disabled [CONTEXT ratelimit_period="1 MINUTES" skipped=2 ]
08-28 18:21:53.782 27512 27542 I DialerCarInCallUpdateListener: com.android.dialer.androidauto.impl.incall.listener.CarInCallUpdateListener.onCallGraphUpdated:22 Emitting to CarInCallUpdate flow, result = true
08-28 18:21:53.782 27512 27542 I DialerStatusBarNotifier: com.android.dialer.incall.statusbarnotification.ui.StatusBarNotifier.onCallGraphUpdated:206 updateInProgress: false
08-28 18:21:53.782 27512 27542 I DialerStatusBarNotifier: com.android.dialer.incall.statusbarnotification.ui.StatusBarNotifier.getModel:458 PrimaryCallGraph present: true; model already present: true
08-28 18:21:53.782 27512 27557 I DialerCallEventDriver: com.android.dialer.incall.core.call.events.impl.CallEventDriver.updateState:97 state DISCONNECTION_STARTED -> DISCONNECTED
08-28 18:21:53.782 27512 27557 I DialerInternalSemanticEventLoggerImpl: com.android.dialer.cui.impl.InternalSemanticEventLoggerImpl.handleEvent:147 CUI event: ON_CALL_DISCONNECTED; uniqueCallId: 9a195b73-c47a-4a26-be3b-4a846a319adf
08-28 18:21:53.783 27512 27538 I DialerInCallLoggingImpl: com.android.dialer.incall.logging.impl.InCallLoggingImpl.addImpressionInternal:105 InCall-Impression: CUI_INFRA_CUI_EVENT_LOGGED, CallId: DialerCall_1, semantic event ID: null, CUI event ID: 46, CUI error ID: null
08-28 18:21:53.783 27512 27538 I DialerInCallLoggingImpl: com.android.dialer.incall.logging.impl.InCallLoggingImpl.addImpressionInternal:105 InCall-Impression: CUI_INFRA_STARTED_CUI, CallId: DialerCall_1, semantic event ID: null, CUI event ID: 46, CUI error ID: null
08-28 18:21:53.783 27512 27538 I DialerCallScopesImpl: com.google.android.dialershared.incall.core.callscope.callscopes.impl.CallScopesImpl.getAudioAvailableCallScope:213 enter
08-28 18:21:53.783 27512 27538 I DialerCallScopesImpl: com.google.android.dialershared.incall.core.callscope.callscopes.impl.CallScopesImpl.getAudioAvailableCallScope:220 found 1 call scopes
08-28 18:21:53.783 27512 27542 I DialerCarInCallUpdateListener: com.android.dialer.androidauto.impl.incall.listener.CarInCallUpdateListener.onCallGraphUpdated:22 Emitting to CarInCallUpdate flow, result = true
08-28 18:21:53.784 27512 27538 I DialerCallScopesImpl: com.google.android.dialershared.incall.core.callscope.callscopes.impl.CallScopesImpl.getAudioAvailableCallScope:252 getAudioAvailableCallScope returning empty optional
08-28 18:21:53.784 27512 27542 I DialerStatusBarNotifier: com.android.dialer.incall.statusbarnotification.ui.StatusBarNotifier.onCallGraphUpdated:206 updateInProgress: true
08-28 18:21:53.784 27512 27542 I DialerStatusBarNotifier: com.android.dialer.incall.statusbarnotification.ui.StatusBarNotifier.onCallGraphUpdated:210 Setting updatedQueued to true
08-28 18:21:53.784 27512 27538 I DialerAudioAvailableCallAttributesUpdatePropagator: com.android.dialer.audio.impl.tidepods.AudioAvailableCallAttributesUpdatePropagator.updateModelAndPropagate:118 no active call scope present
08-28 18:21:53.785 27512 27542 I DialerCarInCallUpdateListener: com.android.dialer.androidauto.impl.incall.listener.CarInCallUpdateListener.onCallGraphUpdated:22 Emitting to CarInCallUpdate flow, result = true
08-28 18:21:53.785 27512 27542 I DialerStatusBarNotifier: com.android.dialer.incall.statusbarnotification.ui.StatusBarNotifier.onCallGraphUpdated:206 updateInProgress: true
08-28 18:21:53.785 27512 27542 I DialerStatusBarNotifier: com.android.dialer.incall.statusbarnotification.ui.StatusBarNotifier.onCallGraphUpdated:210 Setting updatedQueued to true
08-28 18:21:53.785 27512 27538 I DialerInCallLoggingImpl: com.android.dialer.incall.logging.impl.InCallLoggingImpl.addImpressionInternal:105 InCall-Impression: CUI_INFRA_CUI_EVENT_LOGGED, CallId: DialerCall_1, semantic event ID: null, CUI event ID: 184, CUI error ID: null
08-28 18:21:53.786 27512 27538 I DialerAudioAvailableCallAttributesUpdatePropagator: com.android.dialer.audio.impl.tidepods.AudioAvailableCallAttributesUpdatePropagator.updateModelAndPropagate:146 propagating update to 4 audioAvailableCallAttributesListeners
08-28 18:21:53.786 27512 27538 I DialerAudioControllerSelector: com.android.dialer.audio.impl.AudioControllerSelector.onActiveCallUpdated:90 onActiveCallUpdated
08-28 18:21:53.786 27512 27538 I DialerAudioControllerSelector: com.android.dialer.audio.impl.AudioControllerSelector.onActiveCallUpdated:90 onActiveCallUpdated
08-28 18:21:53.786 27512 27542 I DialerCarInCallUpdateListener: com.android.dialer.androidauto.impl.incall.listener.CarInCallUpdateListener.onCallGraphUpdated:22 Emitting to CarInCallUpdate flow, result = true
08-28 18:21:53.786 27512 27542 I DialerStatusBarNotifier: com.android.dialer.incall.statusbarnotification.ui.StatusBarNotifier.onCallGraphUpdated:206 updateInProgress: true
08-28 18:21:53.786 27512 27542 I DialerStatusBarNotifier: com.android.dialer.incall.statusbarnotification.ui.StatusBarNotifier.onCallGraphUpdated:210 Setting updatedQueued to true
08-28 18:21:53.786 27512 27542 I DialerPrivate: com.android.dialer.incall.bubble.service.BubbleModelProducerModule.produceIsBubbleFeatureEnabledForCall:327 Not showing bubble in Android S+.
08-28 18:21:53.787 27512 27542 I DialerPrivate: com.android.dialer.incall.bubble.service.BubbleModelProducerModule.produceIsInCallUiHidden:383 show bubble, LegacyInCallUi is not showing
08-28 18:21:53.787 27512 27542 I DialerPhoneLookupInfoConsolidator: com.android.dialer.phonelookup.consolidator.PhoneLookupInfoConsolidator.getName:209 nameSource: CP2_DEFAULT_DIRECTORY
08-28 18:21:53.787 27512 27542 I DialerInternalSemanticEventLoggerImpl: com.android.dialer.cui.impl.InternalSemanticEventLoggerImpl.handleEvent:147 CUI event: STATUS_BAR_NOTIFICATION_MODEL_EMPTY; uniqueCallId: 9a195b73-c47a-4a26-be3b-4a846a319adf
08-28 18:21:53.787 27512 27538 I DialerStatusBarNotifier: com.android.dialer.incall.statusbarnotification.ui.StatusBarNotifier.updateModelAndNotification:415 Received new model for Call: null - time to retrieve: 5
08-28 18:21:53.787 27512 27542 I DialerInCallLoggingImpl: com.android.dialer.incall.logging.impl.InCallLoggingImpl.addImpressionInternal:105 InCall-Impression: CUI_INFRA_CUI_EVENT_LOGGED, CallId: DialerCall_1, semantic event ID: null, CUI event ID: 427, CUI error ID: null
08-28 18:21:53.788 27512 27538 I DialerCompanion: com.android.dialer.beacon.incall.service.BeaconInCallProducerModule$Companion.producePreconditionsSatisfied$lambda$0:194 Beacon precondition violated: call is not dialing or active [CONTEXT ratelimit_period="1 MINUTES" skipped=3 ]
08-28 18:21:53.788 27512 27538 I DialerStatusBarNotifier: com.android.dialer.incall.statusbarnotification.ui.StatusBarNotifier.stopNotification:686 notification stopped
08-28 18:21:53.788 27512 27542 I DialerInternalSemanticEventLoggerImpl: com.android.dialer.cui.impl.InternalSemanticEventLoggerImpl.handleEvent:147 CUI event: STATUS_BAR_NOTIFICATION_REMOVED; uniqueCallId: 9a195b73-c47a-4a26-be3b-4a846a319adf
08-28 18:21:53.789 27512 27534 V ClearcutMetricXmitter: Transmission is done.
08-28 18:21:53.789 27512 27538 I DialerInCallLoggingImpl: com.android.dialer.incall.logging.impl.InCallLoggingImpl.addImpressionInternal:105 InCall-Impression: CUI_INFRA_CUI_EVENT_LOGGED, CallId: DialerCall_1, semantic event ID: null, CUI event ID: 53, CUI error ID: null
08-28 18:21:53.789 27512 27534 V ClearcutMetricXmitter: Transmission is done.
08-28 18:21:53.789 27512 27538 I DialerPhoneLookupInfoConsolidator: com.android.dialer.phonelookup.consolidator.PhoneLookupInfoConsolidator.getName:209 nameSource: CP2_DEFAULT_DIRECTORY
08-28 18:21:53.789 27512 27534 I DialerCallAudioManagerImpl: com.android.dialer.audio.impl.CallAudioManagerImpl.setCurrentCallAudio:182 callAttributes: Optional.empty
08-28 18:21:53.789  2387  6644 I Telecom : Event: RecordEntry TC@2: LOG_CALL, number=**********,postDial=,pres=1: CSW.sDc(cap)@Axc
08-28 18:21:53.789 27512 27534 I DialerCallAudioManagerImpl: com.android.dialer.audio.impl.CallAudioManagerImpl.setCurrentCallAudio:198 setting current call audio to empty
08-28 18:21:53.789 27512 27534 I DialerCallAudioManagerImpl: com.android.dialer.audio.impl.CallAudioManagerImpl$CallAudioFutureCallbacks.onSuccess:222 invoking 0 callAudioChangeListeners
08-28 18:21:53.789 27512 27534 I DialerCallAudioManagerImpl: com.android.dialer.audio.impl.CallAudioManagerImpl.setCurrentCallAudio:182 callAttributes: Optional.empty
08-28 18:21:53.789 27512 27534 I DialerCallAudioManagerImpl: com.android.dialer.audio.impl.CallAudioManagerImpl.setCurrentCallAudio:198 setting current call audio to empty
08-28 18:21:53.789 27512 27534 I DialerCallAudioManagerImpl: com.android.dialer.audio.impl.CallAudioManagerImpl$CallAudioFutureCallbacks.onSuccess:222 invoking 0 callAudioChangeListeners
08-28 18:21:53.789  2387  6644 I Telecom : CallAudioManager: onCallStateChanged: Call state changed for TC@TC@2: ACTIVE -> DISCONNECTED: CSW.sDc(cap)@Axc
08-28 18:21:53.790 27512 27538 I DialerCallAudioPlayer: com.android.dialer.audio.impl.callaudioplayer.CallAudioPlayer.endCurrentPlayback:170 endCurrentPlayback
08-28 18:21:53.790  2387  6644 I Telecom : CallAudioManager: updateForegroundCall; oldFg=TC@2, newFg=none, aDC=, ring=, hold=: CSW.sDc(cap)@Axc
08-28 18:21:53.790  2387  6644 I Telecom : CallAudioManager: setIsTonePlaying; isTonePlaying=true: CSW.sDc(cap)@Axc
08-28 18:21:53.791  2387  6644 I Telecom : InCallController: onDisconnectedTonePlaying: [Call id=TC@2, state=DISCONNECTED, tpac=ComponentInfo{com.android.phone/com.android.services.telephony.TelephonyConnectionService}, 1, UserHandle{0}, cmgr=ComponentInfo{com.android.phone/com.android.services.telephony.TelephonyConnectionService}, 1, UserHandle{0}, handle=tel:**********, vidst=A, childs(0), has_parent(false), cap=[ hld sup_hld mut !v2a], prop=[]], voip=false -> true: CSW.sDc(cap)@Axc
08-28 18:21:53.791 27512 27558 I DialerPrivate: com.android.dialer.incall.bubble.service.BubbleModelProducerModule.produceIsBubbleFeatureEnabledForCall:327 Not showing bubble in Android S+.
08-28 18:21:53.791 27512 27558 I DialerPrivate: com.android.dialer.incall.bubble.service.BubbleModelProducerModule.produceIsInCallUiHidden:383 show bubble, LegacyInCallUi is not showing
08-28 18:21:53.791  2387  6644 I Telecom : CallAnomalyWatchdog: onCallStateChanged: call=[Call id=TC@2, state=DISCONNECTED, tpac=ComponentInfo{com.android.phone/com.android.services.telephony.TelephonyConnectionService}, 1, UserHandle{0}, cmgr=ComponentInfo{com.android.phone/com.android.services.telephony.TelephonyConnectionService}, 1, UserHandle{0}, handle=tel:**********, vidst=A, childs(0), has_parent(false), cap=[ hld sup_hld mut !v2a], prop=[]], voip=false: CSW.sDc(cap)@Axc
08-28 18:21:53.791  2387  3694 I Telecom : CallAudioModeStateMachine: Message received: TONE_STARTED_PLAYING.: CSW.sDc->CAMSM.pM_3001(cap)@Axc
08-28 18:21:53.791  2387  3694 I Telecom : CallAudioModeStateMachine: Message received: NO_MORE_ACTIVE_OR_DIALING_CALLS.: CSW.sDc->CAMSM.pM_1001(cap)@Axc
08-28 18:21:53.791  2387  6644 I Telecom : CallAnomalyWatchdog: maybePostCleanupTask; callId=TC@2, state=DISCONNECTED, createConnComplete=true: CSW.sDc(cap)@Axc
08-28 18:21:53.791  2387  3694 I Telecom : CallAudioModeStateMachine: Audio focus entering TONE/HOLDING state: CSW.sDc->CAMSM.pM_1001(cap)@Axc
08-28 18:21:53.791 27512 27558 I DialerPhoneLookupInfoConsolidator: com.android.dialer.phonelookup.consolidator.PhoneLookupInfoConsolidator.getName:209 nameSource: CP2_DEFAULT_DIRECTORY
08-28 18:21:53.791 27512 27558 I DialerPstnMuteController: com.android.dialer.audio.impl.audiocontroller.pstn.PstnMuteController.getDownlinkController:31 using Qualcomm downlink mute controller
08-28 18:21:53.791  2387  3694 I Telecom : CallAudioModeStateMachine$OtherFocusState: enter: AudioManager#requestAudioFocus(CALL): CSW.sDc->CAMSM.pM_1001(cap)@Axc
08-28 18:21:53.792  1491 25131 D audio_hw_primary: adev_set_parameters: enter: device_mute=false;direction=rx
08-28 18:21:53.792  1491 25131 V msm8974_platform: platform_set_parameters: enter: 
08-28 18:21:53.792  1491 25131 D msm8974_platform: platform_set_parameters: exit with code(0)
08-28 18:21:53.792  1491 25131 D audio_hw_cspl_cal: cirrus_cal_setparameters: enter 0xeb500010
08-28 18:21:53.792  2387  3694 I MediaFocusControl: requestAudioFocus() from uid/pid 1000/2387 AA=USAGE_VOICE_COMMUNICATION/CONTENT_TYPE_SPEECH clientId=AudioFocus_For_Phone_Ring_And_Calls callingPack=com.android.server.telecom req=2 flags=0x4 sdk=0
08-28 18:21:53.792  1491 25131 D audio_hw_primary: adev_set_parameters: exit with code(0)
08-28 18:21:53.792  2387  3694 I Telecom : CallAudioModeStateMachine$OtherFocusState: enter: AudioManager#setMode(2): CSW.sDc->CAMSM.pM_1001(cap)@Axc
08-28 18:21:53.798  2387  3893 D SystemServerTiming: getUserSwitchability-0
08-28 18:21:53.798  2387  3893 D SystemServerTiming: TM.isInCall
08-28 18:21:53.798 27512 27557 I DialerDisconnectPromptCallDisconnectedListener: com.android.dialer.disconnectprompt.service.DisconnectPromptCallDisconnectedListener.onCallDisconnected:49 onCallDisconnected
08-28 18:21:53.799  2387  3660 I Telecom : CallAudioRouteController: Message received: UPDATE_SYSTEM_AUDIO_ROUTE=1201, arg1=0: CSW.sDc->CARC.pM_UPDATE_SYSTEM_AUDIO_ROUTE(cap)@Axc
08-28 18:21:53.799  2387 32355 I Telecom : InCallTonePlayer: playMediaTone: toneResourceId=2131492865: CSW.sDc->ICTP.r(cap)@Axc
08-28 18:21:53.800 27512 27548 I DialerRttCallMessageReceiver: com.android.dialer.incall.rtt.service.RttCallMessageReceiver.readRemoteRttMessage:110 RTT call is null.
08-28 18:21:53.800 27512 27539 I DialerSingletonScopedExternalsLogging: com.google.android.dialershared.externals.logging.SingletonScopedExternalsLogging.recordCallMethodInvocation:75 event: TELEPHONY_IS_EMERGENCY_NUMBER, function parameters: [false], return value: Default
08-28 18:21:53.801 27512 27557 I DialerSafetyhubEmergencyCallDataSender: com.android.dialer.autoassistedemergencycall.safetyhub.impl.service.SafetyhubEmergencyCallDataSender.sendDataBackToSafetyHub:90 sending data to SafetyHub
08-28 18:21:53.803  1491 25131 D DlbDlbEffect: handle_EFFECT_CMD_SET_PARAM()
08-28 18:21:53.803  1570  1588 V DolbyManagerService: doOnDapParamUpdate() entry
08-28 18:21:53.803  1491  1491 D DlbDapEffectContext: onDapParamUpdate()
08-28 18:21:53.804  1491 25131 D DlbDlbEffect: handle_EFFECT_CMD_SET_PARAM()
08-28 18:21:53.804  1491  1491 D DlbDapEffectContext: onDapParamUpdate()
08-28 18:21:53.804  1570  1588 V DolbyManagerService: doOnDapParamUpdate() exit
08-28 18:21:53.804  2387  6717 D ConnectivityService: Returning UNBLOCKED NetworkInfo to uid=10659
08-28 18:21:53.804 27512 27558 I DialerCarCallDisconnectedListener: com.android.dialer.androidauto.impl.incall.listener.CarCallDisconnectedListener$onCallDisconnected$1.invokeSuspend:43 Emitting to CarCallDisconnected flow.
08-28 18:21:53.804 27512 27558 I DialerInCallLoggingImpl: com.android.dialer.incall.logging.impl.InCallLoggingImpl.addImpressionInternal:114 InCall-Impression: CALL_SPECIFIC_PSD_DB_UPDATE_REQUESTED, CallId: DialerCall_1
08-28 18:21:53.805 27512 27545 I DialerCallScopesImpl: com.google.android.dialershared.incall.core.callscope.callscopes.impl.CallScopesImpl.getAudioAvailableCallScope:213 enter
08-28 18:21:53.805 27512 27545 I DialerCallScopesImpl: com.google.android.dialershared.incall.core.callscope.callscopes.impl.CallScopesImpl.getAudioAvailableCallScope:220 found 1 call scopes
08-28 18:21:53.805 27512 27545 I DialerCallScopesImpl: com.google.android.dialershared.incall.core.callscope.callscopes.impl.CallScopesImpl.getAudioAvailableCallScope:252 getAudioAvailableCallScope returning empty optional
08-28 18:21:53.806 27512 27545 I DialerRingingManager: com.android.dialer.ringing.RingingManager.stopRinging:273 enter
08-28 18:21:53.806 27512 27545 W DialerRingingManager: com.android.dialer.ringing.RingingManager.stopRinging:287 Null ringtone. Was stopRinging called without calling startRinging? [CONTEXT disable_client_error_logging=true ]
08-28 18:21:53.808 27512 27558 I DialerRttCallMessagesCache: com.android.dialer.incall.rtt.service.RttCallMessagesCache.saveTranscript:206 Transcript not saved. No messages available.
08-28 18:21:53.809 27512 27558 I DialerAudioAvailableCallAttributesUpdatePropagator: com.android.dialer.audio.impl.tidepods.AudioAvailableCallAttributesUpdatePropagator.updateModelAndPropagate:118 no active call scope present
08-28 18:21:53.810 27512 27558 I DialerSafetyHubAutoAssistedEmergencyCallDataParser: com.android.dialer.autoassistedemergencycall.impl.SafetyHubAutoAssistedEmergencyCallDataParser.getAutoAssistedEmergencyCallData:59 Failed to return data - bundle does not contain Assisted emergency call data
08-28 18:21:53.810 27512 27558 I DialerSafetyhubEmergencyCallDataSender: com.android.dialer.autoassistedemergencycall.safetyhub.impl.service.SafetyhubEmergencyCallDataSender.sendDataBackToSafetyHub:104 Unable to send data back - not car crash or emergency sos emergency
08-28 18:21:53.810 27512 27558 I DialerCountryCodeProviderImpl: com.android.dialer.assisteddialing.availability.CountryCodeProviderImpl.<init>:55 Using country codes: {CA, ES, GB, IN, JP, US}
08-28 18:21:53.810 27512 27558 I DialerCountryCodeProviderImpl: com.android.dialer.assisteddialing.availability.CountryCodeProviderImpl.<init>:55 Using country codes: {CA, ES, GB, IN, JP, US}
08-28 18:21:53.811 27512 27558 I DialerAudioAvailableCallAttributesUpdatePropagator: com.android.dialer.audio.impl.tidepods.AudioAvailableCallAttributesUpdatePropagator.updateModelAndPropagate:141 no new model to propagate
08-28 18:21:53.811 27512 27558 I DialerDataStoreReverseLookupSettings: com.android.dialer.reverselookup.settings.DataStoreReverseLookupSettings.isAapmEnabledByUser:185 Darpa is present
08-28 18:21:53.812  2387  6776 W ForegroundServiceTypeLoggerModule: Logger should be tracking FGS types correctly for UID 10490 in package com.google.android.dialer
08-28 18:21:53.812  2387  6776 W ForegroundServiceTypeLoggerModule: Logger should be tracking FGS types correctly for UID 10490 in package com.google.android.dialer
08-28 18:21:53.812 27512 27558 I DialerSpamProducerModule: com.android.dialer.spamnotification.impl.service.SpamProducerModule.produceShouldShowAfterCallSpamNotification:83 Not an incoming call [CONTEXT ratelimit_period="1 MINUTES" ]
08-28 18:21:53.813 27512 27558 I DialerCompanion: com.android.dialer.disconnectprompt.service.DisconnectPromptProducerModule$Companion$produceDisconnectPrompt$1.invokeSuspend:79 The count of contributed DisconnectPromptModels is: 0
08-28 18:21:53.813  2387  3238 D BackgroundInstallControlService: Package event received: 0
08-28 18:21:53.813  2387  3238 D BackgroundInstallControlService: Package event received: 0
08-28 18:21:53.813  2387  3238 D BackgroundInstallControlService: Package event received: 0
08-28 18:21:53.813  2387  3238 D BackgroundInstallControlService: Package event received: 0
