08-28 18:21:14.628  3998  9540 I NearbyDiscovery: (REDACTED) FastPairScanner: isScreenOn=%s, isLocationEnabled=%s, disableLocationRequirement=%s, isDiscoveryScanningEnabled=%s, during24GhzWifiWarmingUpPeriod=%s
08-28 18:21:14.628  3998  9540 D BluetoothAdapter: isLeEnabled(): ON
08-28 18:21:14.628  3998  9540 I NearbyDiscovery: (REDACTED) FastPairScanner: eventType=%s, intReq=%s, scanning=%s, scanAllowed=%s, bleEnabled=%s, lockScanRate=%s, startScanningByLowPowerMode=%s
08-28 18:21:14.628  3998  9540 I NearbyDiscovery: (REDACTED) FastPairScanner: isScreenOn=%s, isLocationEnabled=%s, disableLocationRequirement=%s, isDiscoveryScanningEnabled=%s, during24GhzWifiWarmingUpPeriod=%s
08-28 18:21:14.628  3998  9540 I NearbyDiscovery: (REDACTED) FastPairScanner: Start scanning internally, %s
08-28 18:21:14.629  5606  6353 I ecqc    : (REDACTED) appOpsListener %s %s
08-28 18:21:14.629  5606  6353 I ecqc    : (REDACTED) Ignoring irrelevant audio permission changes for package %s
08-28 18:21:14.629  5606 11252 I ecqc    : (REDACTED) appOpsListener %s %s
08-28 18:21:14.629  5606 11252 I ecqc    : (REDACTED) Ignoring irrelevant audio permission changes for package %s
08-28 18:21:14.629  1607  1607 D DisplayModeController: setDesiredMode 4630946736638489730 {mode={fps=120.00 Hz, modePtr={id=0, vsyncRate=120.00 Hz, peakRefreshRate=120.00 Hz}}, emitEvent=true, force=false}
08-28 18:21:14.631  1525  2069 I SDM     : HWDeviceDRM::UpdateMixerAttributes: Mixer WxH 1440x3200-1 for Peripheral
08-28 18:21:14.631  1525  2069 I SDM     : HWCDisplay::SubmitDisplayConfig: Active configuration changed to: 0
08-28 18:21:14.631  3998  9540 D BluetoothAdapter: isLeEnabled(): ON
08-28 18:21:14.634  3998  3998 I BatchScanningManager: Batch scanner stopped/cancelled (if it was running/scheduled). [CONTEXT service_id=284 ]
08-28 18:21:14.634  3998 29799 D BluetoothAdapter: isLeEnabled(): ON
08-28 18:21:14.635  5589 31622 I AiAiEcho: (REDACTED) Settings changed for uri: %s
08-28 18:21:14.645  1491  2997 D ultrasound_extn: ultrasound_disable_pseudo_port
08-28 18:21:14.645  1491  2997 D ultrasound_extn: ultrasound_set_pseudo_port_state: on is 0 adev->mode is 2
08-28 18:21:14.645  1491  2997 D ultrasound_extn: ultrasound_set_pseudo_port_state: enter, switch = Off
08-28 18:21:14.645  1491  2997 D ultrasound_extn: ultrasound_apply_ramp_down_path: ultrasound ::ramp_down_path
08-28 18:21:14.645  3291  3291 D DeviceEntryIconViewBinder: Updating device entry icon image state ForegroundIconViewModel(type=LOCK, useAodVariant=true, tint=-1, padding=71)
08-28 18:21:14.645  1491  2997 D audio_route: Apply path: ultrasound-rampdown
08-28 18:21:14.648  2228  2792 D [GF_HAL][CaEntry]: [sendCommand] request token: 186, target: 1000, cmd id: 12
08-28 18:21:14.648  2228  2792 D [GF_HAL][CaEntry]: [sendCommand] carveout_ion_handle_fd = 0,carveout_ion_handle_len = 0 
08-28 18:21:14.649  2205  3278 D libsensor-F2SNotifier: DisplayFreq2SlpiNotifier display_freq = 120
08-28 18:21:14.650  3291  3291 D DismissCallbackRegistry: notifyDismissSucceeded(0)
08-28 18:21:14.650  3291  3291 D KeyguardViewMediator: onKeyguardExitRemoteAnimationFinished#hideKeyguardViewAfterRemoteAnimation
08-28 18:21:14.651  3549  3549 D NfcService: applyScreenState: screenState = ON_UNLOCKED
08-28 18:21:14.651  3549  3549 D NfcService: applyScreenState: screenState != mScreenState=4
08-28 18:21:14.651  3291  3291 D CentralSurfaces: occluded=false
08-28 18:21:14.651  3291  3291 D OngoingActionProgressController: setForceHidden false
08-28 18:21:14.651  3291  3291 D OngoingActionProgressController: setForceHidden false
08-28 18:21:14.652  3291  3487 D KeyguardViewMediator: updateActivityLockScreenState(false, false, onKeyguardExitFinished: exitKeyguardAndFinishSurfaceBehindRemoteAnimation)
08-28 18:21:14.653  3507 13501 I bt_shim_scanner: system/main/shim/le_scanning_manager.cc:135 RegisterScanner: in shim layer, UUID=fba6b27f-bc3a-4009-9452-37291a030489
08-28 18:21:14.653  3549  3549 D NfcService: handleMessage: MSG_APPLY_SCREEN_STATEON_UNLOCKED
08-28 18:21:14.653  3998  6112 D BluetoothLeScanner: onScannerRegistered() - status=0 scannerId=1 mScannerId=0
08-28 18:21:14.653  3291  3291 D CentralSurfaces: !shouldBeKeyguard mStatusBarStateController.isKeyguardRequested() false keyguardForDozing false wakeAndUnlocking true isWakingAndOccluded false
08-28 18:21:14.653  3291  3291 D CentralSurfaces: hideKeyguardImpl false
08-28 18:21:14.654  3549 18058 D NfcService: applyRouting
08-28 18:21:14.654  2387  3238 D BackgroundInstallControlService: Package event received: 0
08-28 18:21:14.656  2387  4189 W ParceledListSlice: Element #190 is 17584 bytes.
08-28 18:21:14.656  3291  3291 D KeyguardService: Finish IRemoteAnimationRunner.
08-28 18:21:14.656  3549  3549 D NfcService: applyRouting
08-28 18:21:14.656  3549  3549 D libnfc_nci: nfcManager_doSetScreenState: state = 8 prevScreenState= 4, discovry_param = 1
08-28 18:21:14.656  2387  6526 D FingerprintProvider/default: Starting watchdog for fingerprint
08-28 18:21:14.656  2387  6526 E BiometricScheduler: Current operation is null,no need to start watchdog
08-28 18:21:14.657  3291  3340 V WindowManagerShell: Transition animation finished (aborted=false), notifying core (#123) android.os.BinderProxy@e58a270@0
08-28 18:21:14.657  3291  3291 W WindowOnBackDispatcher: sendCancelIfRunning: isInProgress=false callback=com.android.systemui.back.domain.interactor.BackActionInteractor$callback$2@7cc0da3
08-28 18:21:14.658  2387  2934 V WindowManager: Finish Transition (#123): created at 08-28 18:21:14.581 collect-started=0.049ms request-sent=0.069ms started=9.741ms ready=9.732ms sent=19.877ms commit=11.993ms finished=76.349ms
08-28 18:21:14.659  3291  3334 D KeyguardService: setOccluded(false)
08-28 18:21:14.659  3291  3334 D KeyguardViewMediator: setOccluded(false)
08-28 18:21:14.659  3291  3340 V WindowManagerShell: Track 0 became idle
08-28 18:21:14.659  3291  3340 V WindowManagerShell: All active transition animations finished
08-28 18:21:14.661  3291  3291 W NotifRow: cancelAppearDrawing childKey: -1|android|27|null|1000 wasDrawing:false
08-28 18:21:14.662  3291  3291 W NotifRow: cancelAppearDrawing childKey: -1|android|26|null|1000 wasDrawing:false
08-28 18:21:14.665  3502  3502 D CannedAnimCoordinator: Wrong controller access from H2.w@44e7f48, actual provider null
08-28 18:21:14.665  3502  3502 D CannedAnimCoordinator: Wrong controller access from H2.w@44e7f48, actual provider null
08-28 18:21:14.666  2387  2937 I DisplayDeviceRepository: Display device changed render timings: "Built-in Screen", renderFrameRate=120.00001, presentationDeadlineNanos=13333333, appVsyncOffsetNanos=1000000, frameRateOverrides=[]
08-28 18:21:14.667  1491 25131 D audio_hw_primary: adev_set_parameters: enter: screen_state=on
08-28 18:21:14.667  1491 25131 V msm8974_platform: platform_set_parameters: enter: screen_state=on
08-28 18:21:14.667  1491 25131 D msm8974_platform: platform_set_parameters: exit with code(0)
08-28 18:21:14.667  1491 25131 D sound_trigger_hw: handle_screen_status_change: screen on
08-28 18:21:14.667  1491 25131 D sound_trigger_hw_common: st_hw_check_and_update_lpi: lpi NOT supported due to concurrency
08-28 18:21:14.667  1491 25131 D audio_hw_cspl_cal: cirrus_cal_setparameters: enter 0xeb500010
08-28 18:21:14.667  1491 25131 D audio_hw_primary: adev_set_parameters: exit with code(0)
08-28 18:21:14.669  3549  3549 D NfcService: applyScreenState: screenState = ON_UNLOCKED
08-28 18:21:14.670  1491  2997 D ultrasound_extn: ultrasound_extn_stop: enter
08-28 18:21:14.670  1491  2997 D ultrasound_extn: ultrasound_extn_stop: start_refcount 1
08-28 18:21:14.670  1491  2997 D ultrasound_extn: ultrasound_extn_stop: rampdown
08-28 18:21:14.670  1491  2997 D ultrasound_extn: ultrasound_apply_ramp_down_path: ultrasound ::ramp_down_path
08-28 18:21:14.670  1491  2997 D audio_route: Apply path: ultrasound-rampdown
08-28 18:21:14.671  2387  2935 D WindowManager: DeferredDisplayUpdater: partially applying DisplayInfo(1440 x 3200) immediately
08-28 18:21:14.672  2387  3361 W AS.PlaybackActivityMon: No piid assigned for invalid/internal port id 29
08-28 18:21:14.674  1491  5555 D audio_hw_primary: start_output_stream: enter: stream(0xe8ac0010)usecase(12: audio-ull-playback) devices(0x2) is_haptic_usecase(0)
08-28 18:21:14.674  1491  5555 D audio_hw_primary: select_devices for use case (audio-ull-playback in:0 out:0 device:0x2)
08-28 18:21:14.674  1491  5555 D audio_hw_primary: select_devices: changing use case audio-ull-playback output device from(2: speaker, acdb 15) to (41: voice-speaker-stereo, acdb 15)
08-28 18:21:14.674  1491  5555 D ultrasound_extn: ultrasound_select_devices_pre ultrasound_enabled:1 usecase(audio-ull-playback), devices:2 in_snd_device(0, ), out_snd_device(41, voice-speaker-stereo)
08-28 18:21:14.674  1491  5555 D ultrasound_extn: ultrasound_select_devices_pre usecase(audio-ull-playback), chg-to: in_snd_device(0, ), out_snd_device(0, )
08-28 18:21:14.674  1491  5555 D ultrasound_extn: dump_usecase_list: start ======================================
08-28 18:21:14.674  1491  5555 D ultrasound_extn: dump_usecase_list: enter sensor_activated:1 hw_port_enabled:1 suspended:0
08-28 18:21:14.674  1491  5555 D ultrasound_extn: dump_usecase_list: select_devices_pre usecase[#0]:(41, voicemmode1-call) in_dev:(214, voice-speaker-dmic-ef) out_dv:(41, voice-speaker-stereo)
08-28 18:21:14.674  1491  5555 D ultrasound_extn: dump_usecase_list: select_devices_pre usecase[#1]:(72, ultrasound-proximity-input) in_dev:(300, ultrasound-input) out_dv:(0, )
08-28 18:21:14.674  1491  5555 D ultrasound_extn: dump_usecase_list: select_devices_pre usecase[#2]:(71, ultrasound-proximity-output) in_dev:(0, ) out_dv:(132, ultrasound-output)
08-28 18:21:14.674  1491  5555 D ultrasound_extn: dump_usecase_list: select_devices_pre usecase[#3]:(12, audio-ull-playback) in_dev:(0, ) out_dv:(0, )
08-28 18:21:14.674  1491  5555 D ultrasound_extn: dump_usecase_list: end ======================================
08-28 18:21:14.674  1491  5555 I msm8974_platform: platform_check_and_set_codec_backend_cfg:becf: afe: bitwidth 16, samplerate 48000 channels 2, backend_idx 4 usecase = 12 device (voice-speaker-stereo)
08-28 18:21:14.674  1491  5555 I msm8974_platform: platform_check_and_set_codec_backend_cfg: new_snd_devices[0] is 41
08-28 18:21:14.674  1491  5555 I msm8974_platform: platform_check_codec_backend_cfg:becf: afe: bitwidth 16, samplerate 48000 channels 2, backend_idx 4 usecase = 12 device (voice-speaker-stereo)
08-28 18:21:14.674  1491  5555 D msm8974_platform: platform_get_output_snd_device: enter: output devices(0x2)
08-28 18:21:14.674  1491  5555 W msm8974_platform: platform_check_codec_backend_cfg:becf: afe:Use default bw and sr for voice/voip calls 
08-28 18:21:14.674  1491  5555 D msm8974_platform: platform_get_output_snd_device: enter: output devices(0x2)
08-28 18:21:14.674  1491  5555 D msm8974_platform: platform_check_codec_backend_cfg:becf: afe: set BE sample 96000, bit_width 24, channels 2 for TDM_RX_0
08-28 18:21:14.674  1491  5555 I msm8974_platform: platform_check_codec_backend_cfg:becf: afe: Codec selected backend: 4 updated bit width: 24 and sample rate: 96000
08-28 18:21:14.674  1491  5555 D audio_hw_primary: check_usecases_codec_backend:becf: force routing 0
08-28 18:21:14.674  1491  5555 D audio_hw_primary: check_usecases_codec_backend:becf: (107) check_usecases curr device: voice-speaker-stereo, usecase device:voice-speaker-stereo backends match 1
08-28 18:21:14.674  1491  5555 D audio_hw_primary: @@: usecase[0xecd43550]=voicemmode1-call, uc_info[0xecd433d0]=audio-ull-playback
08-28 18:21:14.674  1491  5555 D audio_hw_primary: @@: uc_derive_snd_device=41, snd_device=41
08-28 18:21:14.674  1491  5555 E msm8974_platform: platform_check_backends_match: Invalid snd_device2 = 
08-28 18:21:14.674  1491  5555 D audio_hw_primary: check_usecases_codec_backend:becf: (107) check_usecases curr device: voice-speaker-stereo, usecase device: backends match 0
08-28 18:21:14.674  1491  5555 D audio_hw_primary: @@: usecase[0xecd42bf0]=ultrasound-proximity-input, uc_info[0xecd433d0]=audio-ull-playback
08-28 18:21:14.674  1491  5555 D audio_hw_primary: check_usecases_codec_backend:becf: (107) check_usecases curr device: voice-speaker-stereo, usecase device:ultrasound-output backends match 0
08-28 18:21:14.674  1491  5555 D audio_hw_primary: @@: usecase[0xecd43610]=ultrasound-proximity-output, uc_info[0xecd433d0]=audio-ull-playback
08-28 18:21:14.674  1491  5555 D audio_hw_primary: @@: uc_derive_snd_device=132, snd_device=41
08-28 18:21:14.674  1491  5555 E msm8974_platform: platform_check_backends_match: Invalid snd_device2 = 
08-28 18:21:14.674  1491  5555 D audio_hw_primary: check_usecases_codec_backend:becf: (107) check_usecases curr device: voice-speaker-stereo, usecase device: backends match 0
08-28 18:21:14.674  1491  5555 D audio_hw_primary: @@: usecase[0xecd433d0]=audio-ull-playback, uc_info[0xecd433d0]=audio-ull-playback
08-28 18:21:14.674  1491  5555 D audio_hw_primary: check_usecases_codec_backend:becf: check_usecases num.of Usecases to switch 0
08-28 18:21:14.674  1491  5555 D hardware_info: hw_info_append_hw_type : device_name = voice-speaker-stereo
08-28 18:21:14.674  1491  5555 D soundtrigger: audio_extn_sound_trigger_update_stream_status: uc_info->id 12 of type 0 for Event 3, with Raise=0
08-28 18:21:14.674  1491  5555 D audio_hw_utils: audio_extn_utils_send_app_type_cfg: usecase->out_snd_device voice-speaker-stereo
08-28 18:21:14.674  1491  5555 I audio_hw_utils: ULL doesnt need sending app type cfg, returning
08-28 18:21:14.674  1491  5555 D DlbQdspGefDriver: eventCallback(): audio device 0x00000002 (sample rate 48000, channelMask 0x00000003, ACDB device id 15, app type 0x11137) becomes active!
08-28 18:21:14.674  1491  5555 D DlbQdspGefDriver: eventCallback(): Ignore values with unexpected app type 0x11137
08-28 18:21:14.674  1491  5555 D ACDB-LOADER: ACDB -> send_audio_cal, acdb_id = 15, path = 0, app id = 0x11137, sample rate = 48000, use_case = 0,buffer_idx_w_path =0, afe_sample_rate = 96000, cal_mode = 1, offset_index = 0
08-28 18:21:14.674  1491  5555 D ACDB-LOADER: ACDB -> send_asm_topology
08-28 18:21:14.674  1491  5555 D ACDB-LOADER: ACDB -> ACDB_CMD_GET_AUDPROC_STREAM_TOPOLOGY_ID
08-28 18:21:14.674  1491  5555 D ACDB-LOADER: ACDB -> send_adm_topology
08-28 18:21:14.674  1491  5555 D ACDB-LOADER: ACDB -> ACDB_CMD_GET_AUDPROC_COMMON_TOPOLOGY_ID
08-28 18:21:14.674  1491  5555 D ACDB-LOADER: ACDB -> send_audtable
08-28 18:21:14.674  1491  5555 D ACDB-LOADER: ACDB -> ACDB_CMD_GET_AUDPROC_INSTANCE_COMMON_TABLE_SIZE
08-28 18:21:14.674  1491  5555 D ACDB-LOADER: ACDB -> ACDB_CMD_GET_AUDPROC_INSTANCE_COMMON_TABLE
08-28 18:21:14.674  1491  5555 D ACDB-LOADER: ACDB -> AUDIO_SET_AUDPROC_CAL cal_type[11] acdb_id[15] app_type[69943]
08-28 18:21:14.674  1491  5555 D ACDB-LOADER: ACDB -> send_audvoltable
08-28 18:21:14.674  1491  5555 D ACDB-LOADER: ACDB -> ACDB_CMD_GET_AUDPROC_INSTANCE_GAIN_DEP_STEP_TABLE_SIZE
08-28 18:21:14.674  1491  5555 D android.hardware.audio.service: Failed to fetch the lookup information of the device 0000000F 
08-28 18:21:14.674  1491  5555 D ACDB-LOADER: Error: ACDB_CMD_GET_AUDPROC_INSTANCE_GAIN_DEP_STEP_TABLE_SIZE Returned = -19
08-28 18:21:14.674  1491  5555 D ACDB-LOADER: ACDB -> ACDB_CMD_GET_AUDPROC_INSTANCE_GAIN_DEP_STEP_TABLE, vol index 5
08-28 18:21:14.674  1491  5555 D android.hardware.audio.service: Failed to fetch the lookup information of the device 0000000F 
08-28 18:21:14.674  1491  5555 D ACDB-LOADER: Error: ACDB AudProc vol returned = -19
08-28 18:21:14.674  1491  5555 D ACDB-LOADER: ACDB -> AUDIO_SET_VOL_CAL cal type = 12
08-28 18:21:14.674  1491  5555 D ACDB-LOADER: ACDB -> ACDB_CMD_GET_AUDPROC_INSTANCE_STREAM_TABLE_SIZE
08-28 18:21:14.674  1491  5555 D ACDB-LOADER: ACDB -> send_audstrmtable
08-28 18:21:14.674  1491  5555 D ACDB-LOADER: ACDB -> ACDB_CMD_GET_AUDPROC_INSTANCE_STREAM_TABLE
08-28 18:21:14.674  1491  5555 D ACDB-LOADER: ACDB -> audstrm_cal->cal_type.cal_data.cal_size = 20
08-28 18:21:14.674  1491  5555 D ACDB-LOADER: ACDB -> send_afe_topology
08-28 18:21:14.674  1491  5555 D ACDB-LOADER: ACDB -> ACDB_CMD_GET_AFE_TOPOLOGY_ID
08-28 18:21:14.674  1491  5555 D ACDB-LOADER: ACDB -> GET_AFE_TOPOLOGY_ID for adcd_id 15, Topology Id 112fc
08-28 18:21:14.674  1491  5555 D ACDB-LOADER: ACDB -> send_afe_cal
08-28 18:21:14.674  1491  5555 D ACDB-LOADER: ACDB -> ACDB_CMD_GET_AFE_INSTANCE_COMMON_TABLE_SIZE
08-28 18:21:14.674  1491  5555 D android.hardware.audio.service: Failed to fetch the lookup information of the device 0000000F 
08-28 18:21:14.674  1491  5555 D ACDB-LOADER: Error: ACDB_CMD_GET_AFE_INSTANCE_COMMON_TABLE_SIZE Returned = -19
08-28 18:21:14.674  1491  5555 D ACDB-LOADER: ACDB -> ACDB_CMD_GET_AFE_INSTANCE_COMMON_TABLE
08-28 18:21:14.674  1491  5555 D android.hardware.audio.service: Failed to fetch the lookup information of the device 0000000F 
08-28 18:21:14.674  1491  5555 D ACDB-LOADER: Error: ACDB AFE returned = -19
08-28 18:21:14.674  1491  5555 D ACDB-LOADER: ACDB -> AUDIO_SET_AFE_CAL cal_type[16] acdb_id[15]
08-28 18:21:14.674  1491  5555 D ACDB-LOADER: ACDB -> send_hw_delay : acdb_id = 15 path = 0
08-28 18:21:14.674  1491  5555 D ACDB-LOADER: ACDB -> ACDB_AVSYNC_INFO: ACDB_CMD_GET_DEVICE_PROPERTY
08-28 18:21:14.674  1491  5555 D audio_hw_primary: enable_audio_route: apply mixer and update path: audio-ull-playback speaker
08-28 18:21:14.674  1491  5555 D audio_route: Apply path: audio-ull-playback speaker
08-28 18:21:14.677  1491  5555 D audio_hw_primary: [force reset] create audio-ull-playback speaker 1
08-28 18:21:14.677  1491  5555 D ultrasound_extn: ultrasound_select_devices_post: enter: engine_suspended: 0
08-28 18:21:14.677  1491  5555 D ultrasound_extn: dump_usecase_list: start ======================================
08-28 18:21:14.677  1491  5555 D ultrasound_extn: dump_usecase_list: enter sensor_activated:1 hw_port_enabled:1 suspended:0
08-28 18:21:14.677  1491  5555 D ultrasound_extn: dump_usecase_list: select_devices_post usecase[#0]:(41, voicemmode1-call) in_dev:(214, voice-speaker-dmic-ef) out_dv:(41, voice-speaker-stereo)
08-28 18:21:14.677  1491  5555 D ultrasound_extn: dump_usecase_list: select_devices_post usecase[#1]:(72, ultrasound-proximity-input) in_dev:(300, ultrasound-input) out_dv:(0, )
08-28 18:21:14.677  1491  5555 D ultrasound_extn: dump_usecase_list: select_devices_post usecase[#2]:(71, ultrasound-proximity-output) in_dev:(0, ) out_dv:(132, ultrasound-output)
08-28 18:21:14.677  1491  5555 D ultrasound_extn: dump_usecase_list: select_devices_post usecase[#3]:(12, audio-ull-playback) in_dev:(0, ) out_dv:(41, voice-speaker-stereo)
08-28 18:21:14.678  1491  5555 D ultrasound_extn: dump_usecase_list: TERT_TDM_RX_0 SampleRate		 KHZ_96
08-28 18:21:14.678  2205  3277 D libsensor-B2SNotifier: Backlight2SlpiNotifier brightness = 33
08-28 18:21:14.680  1491  5555 D ultrasound_extn: dump_usecase_list: TERT_TDM_RX_0 Format		 S24_LE
08-28 18:21:14.680  3291  3291 D KeyguardViewMediator: handleSetOccluded(false)
08-28 18:21:14.680  3291  3291 D KeyguardViewMediator: KeyguardViewMediator queue processing message: SET_OCCLUDED
08-28 18:21:14.680  1491  5555 D ultrasound_extn: dump_usecase_list: TERT_TDM_RX_0 Channels		 Two
08-28 18:21:14.680  1491  5555 D ultrasound_extn: dump_usecase_list: TERT_TDM_RX_1 SampleRate		 KHZ_96
08-28 18:21:14.680  1491  5555 D ultrasound_extn: dump_usecase_list: TERT_TDM_RX_1 Format		 S24_LE
08-28 18:21:14.680  1491  5555 D ultrasound_extn: dump_usecase_list: TERT_TDM_RX_1 Channels		 One
08-28 18:21:14.680  1491  5555 D ultrasound_extn: dump_usecase_list: end ======================================
08-28 18:21:14.680  1491  5555 D audio_hw_primary: select_devices: done
08-28 18:21:14.680  1491  5555 D msm8974_platform: platform_set_channel_map mixer_ctl_name:Playback Channel Map13
08-28 18:21:14.680  1491  5555 D msm8974_platform: platform_set_channel_map: set mapping(1 2 0 0 0 0 0 0) for channel:2
08-28 18:21:14.680  1491  5555 E msm8974_platform: platform_set_channel_map: Could not set ctl, error:-22 ch_count:2
08-28 18:21:14.682   695   706 E DrmLibFs: file_unlink is done and returns 0
08-28 18:21:14.682  3998  9540 I NearbyDiscovery: (REDACTED) FastPairScanner: Start scanning, mode=%s
08-28 18:21:14.682  3998  9540 I NearbyDiscovery: FastPairController: onSystemStateChanged: skip due to flag disabled [CONTEXT service_id=265 ]
08-28 18:21:14.683  3507  4215 I bt_shim_scanner: system/main/shim/le_scanning_manager.cc:236 ScanFilterEnable: in shim layer
08-28 18:21:14.683  1493  1493 D vendor.qti.bluetooth@1.0-ibs_handler: SerialClockVote: vote for UART CLK ON
08-28 18:21:14.683  3507  4215 I bt_shim_scanner: system/main/shim/le_scanning_manager.cc:213 ScanFilterAdd: in shim layer
08-28 18:21:14.684  3507  4215 I bt_shim_scanner: system/main/shim/le_scanning_manager.cc:180 ScanFilterParamSetup: in shim layer, clientIf=1
08-28 18:21:14.685  1493  1493 D vendor.qti.bluetooth@1.0-wake_lock: Acquire wakelock is acquired 
08-28 18:21:14.685  1493  1493 I vendor.qti.bluetooth@1.0-ibs_handler: DeviceWakeUp: Writing IBS_WAKE_IND
08-28 18:21:14.685  3507  4215 I bt_shim_scanner: system/main/shim/le_scanning_manager.cc:213 ScanFilterAdd: in shim layer
08-28 18:21:14.685  3507  4215 I bt_shim_scanner: system/main/shim/le_scanning_manager.cc:180 ScanFilterParamSetup: in shim layer, clientIf=1
08-28 18:21:14.685  3507  4215 I bt_shim_scanner: system/main/shim/le_scanning_manager.cc:213 ScanFilterAdd: in shim layer
08-28 18:21:14.687  1491  5555 D audio_hw_primary: start_output_stream: exit
08-28 18:21:14.688  1491  5555 V msm8974_platform: platform_set_parameters: enter: cal_persist=0;cal_devid=2;cal_moduleid=0x1000a100;cal_caltype=0;cal_instanceid=0x0;cal_apptype=69940;cal_paramid=0x1000a114;cal_topoid=0x1000a100;cal_samplerate=48000;cal_data=CAAAAA==
08-28 18:21:14.688  1491  5555 D msm8974_platform: platform_get_output_snd_device: enter: output devices(0x2)
08-28 18:21:14.688  1491  5555 D msm8974_platform: Setting audio calibration for snd_device(41) acdb_id(15)
08-28 18:21:14.688  1491  5555 E ACDB-LOADER: [acdb_loader_adsp_set_audio_cal] active device/stream not found (result=-100) for topology 0x1000a100 and apptype 0x11134
08-28 18:21:14.688  1491  5555 E ACDB-LOADER: [acdb_loader_adsp_set_audio_cal] set parameters failed with status -100
08-28 18:21:14.688  1491  5555 D msm8974_platform: platform_set_parameters: exit with code(0)
08-28 18:21:14.688  1491  5555 D adsp_utils: set_channel_reverse mode: 0
08-28 18:21:14.688  1491  5555 V msm8974_platform: platform_set_parameters: enter: cal_persist=0;cal_devid=2;cal_moduleid=0x1000a100;cal_caltype=0;cal_instanceid=0x0;cal_apptype=69940;cal_paramid=0x1000a110;cal_topoid=0x1000a106;cal_samplerate=48000;cal_data=AAAAAA==
08-28 18:21:14.688  1491  5555 D msm8974_platform: platform_get_output_snd_device: enter: output devices(0x2)
08-28 18:21:14.688  1491  5555 D msm8974_platform: Setting audio calibration for snd_device(41) acdb_id(15)
08-28 18:21:14.688  1491  5555 E ACDB-LOADER: [acdb_loader_adsp_set_audio_cal] active device/stream not found (result=-100) for topology 0x1000a106 and apptype 0x11134
08-28 18:21:14.688  1491  5555 E ACDB-LOADER: [acdb_loader_adsp_set_audio_cal] set parameters failed with status -100
08-28 18:21:14.688  1491  5555 D msm8974_platform: platform_set_parameters: exit with code(0)
08-28 18:21:14.688  1491  5555 V msm8974_platform: platform_set_parameters: enter: cal_persist=0;cal_devid=2;cal_moduleid=0x1000a100;cal_caltype=0;cal_instanceid=0x0;cal_apptype=69940;cal_paramid=0x1000a110;cal_topoid=0x1000a100;cal_samplerate=48000;cal_data=AAAAAA==
08-28 18:21:14.688  1491  5555 D msm8974_platform: platform_get_output_snd_device: enter: output devices(0x2)
08-28 18:21:14.688  1491  5555 D msm8974_platform: Setting audio calibration for snd_device(41) acdb_id(15)
08-28 18:21:14.688  1491  5555 E ACDB-LOADER: [acdb_loader_adsp_set_audio_cal] active device/stream not found (result=-100) for topology 0x1000a100 and apptype 0x11134
08-28 18:21:14.688  1491  5555 E ACDB-LOADER: [acdb_loader_adsp_set_audio_cal] set parameters failed with status -100
08-28 18:21:14.688  1491  5555 D msm8974_platform: platform_set_parameters: exit with code(0)
08-28 18:21:14.688  1491  5555 V msm8974_platform: platform_set_parameters: enter: cal_persist=0;cal_devid=2;cal_moduleid=0x1000a100;cal_caltype=0;cal_instanceid=0x0;cal_apptype=69937;cal_paramid=0x1000a110;cal_topoid=0x1000a106;cal_samplerate=48000;cal_data=AAAAAA==
08-28 18:21:14.688  1491  5555 D msm8974_platform: platform_get_output_snd_device: enter: output devices(0x2)
08-28 18:21:14.688  1491  5555 D msm8974_platform: Setting audio calibration for snd_device(41) acdb_id(15)
08-28 18:21:14.688  1491  5555 E ACDB-LOADER: [acdb_loader_adsp_set_audio_cal] active device/stream not found (result=-100) for topology 0x1000a106 and apptype 0x11131
08-28 18:21:14.688  1491  5555 E ACDB-LOADER: [acdb_loader_adsp_set_audio_cal] set parameters failed with status -100
08-28 18:21:14.688  1491  5555 D msm8974_platform: platform_set_parameters: exit with code(0)
08-28 18:21:14.688  1491  5555 V msm8974_platform: platform_set_parameters: enter: cal_persist=0;cal_devid=2;cal_moduleid=0x1000a100;cal_caltype=0;cal_instanceid=0x0;cal_apptype=69937;cal_paramid=0x1000a110;cal_topoid=0x1000a100;cal_samplerate=48000;cal_data=AAAAAA==
08-28 18:21:14.688  1491  5555 D msm8974_platform: platform_get_output_snd_device: enter: output devices(0x2)
08-28 18:21:14.688  1491  5555 D msm8974_platform: Setting audio calibration for snd_device(41) acdb_id(15)
08-28 18:21:14.688  1491  5555 E ACDB-LOADER: [acdb_loader_adsp_set_audio_cal] active device/stream not found (result=-100) for topology 0x1000a100 and apptype 0x11131
08-28 18:21:14.688  1491  5555 E ACDB-LOADER: [acdb_loader_adsp_set_audio_cal] set parameters failed with status -100
08-28 18:21:14.688  1491  5555 D msm8974_platform: platform_set_parameters: exit with code(0)
08-28 18:21:14.688  1491  5555 V msm8974_platform: platform_set_parameters: enter: cal_persist=0;cal_devid=2;cal_moduleid=0x1000a100;cal_caltype=0;cal_instanceid=0x0;cal_apptype=69936;cal_paramid=0x1000a110;cal_topoid=0x1000a106;cal_samplerate=48000;cal_data=AAAAAA==
08-28 18:21:14.688  1491  5555 D msm8974_platform: platform_get_output_snd_device: enter: output devices(0x2)
08-28 18:21:14.688  1491  5555 D msm8974_platform: Setting audio calibration for snd_device(41) acdb_id(15)
08-28 18:21:14.688  1491  5555 E ACDB-LOADER: [acdb_loader_adsp_set_audio_cal] active device/stream not found (result=-100) for topology 0x1000a106 and apptype 0x11130
08-28 18:21:14.688  1491  5555 E ACDB-LOADER: [acdb_loader_adsp_set_audio_cal] set parameters failed with status -100
08-28 18:21:14.688  1491  5555 D msm8974_platform: platform_set_parameters: exit with code(0)
08-28 18:21:14.688  3507  4215 I bt_shim_scanner: system/main/shim/le_scanning_manager.cc:180 ScanFilterParamSetup: in shim layer, clientIf=1
08-28 18:21:14.688  1491  5555 V msm8974_platform: platform_set_parameters: enter: cal_persist=0;cal_devid=2;cal_moduleid=0x1000a100;cal_caltype=0;cal_instanceid=0x0;cal_apptype=69936;cal_paramid=0x1000a110;cal_topoid=0x1000a100;cal_samplerate=48000;cal_data=AAAAAA==
08-28 18:21:14.688  1491  5555 D msm8974_platform: platform_get_output_snd_device: enter: output devices(0x2)
08-28 18:21:14.688  1491  5555 D msm8974_platform: Setting audio calibration for snd_device(41) acdb_id(15)
08-28 18:21:14.688  1491  5555 E ACDB-LOADER: [acdb_loader_adsp_set_audio_cal] active device/stream not found (result=-100) for topology 0x1000a100 and apptype 0x11130
08-28 18:21:14.688  1491  5555 E ACDB-LOADER: [acdb_loader_adsp_set_audio_cal] set parameters failed with status -100
08-28 18:21:14.688  1491  5555 D msm8974_platform: platform_set_parameters: exit with code(0)
08-28 18:21:14.688  1491  5555 D audio_hw_primary: check_and_set_karaok_parameters: is karaok rx device 0, is karaok tx device 0
08-28 18:21:14.688  1491  5555 V send_data_to_xlog: getCurrentDate
08-28 18:21:14.688  1491  5555 V send_data_to_xlog: current time is : 2025 year, 8 month, 28 daty
08-28 18:21:14.688  1491  5555 V send_data_to_xlog: do not need to seed data to xlog
08-28 18:21:14.688  1491  5555 V send_data_to_xlog: send_EarsCompensation_dailyuse_to_xlog
08-28 18:21:14.688  1491  5555 I send_data_to_xlog: get_headset_type the type is speaker
08-28 18:21:14.688  1491  5555 D send_data_to_xlog: send_misound_dailyuse_to_xlog, the headset type is speaker
08-28 18:21:14.688  1491  5555 D send_data_to_xlog:  send_misound_dailyuse_to_xlog: misound without usb
08-28 18:21:14.688  1491  5555 D audio_hw_primary: out_write: retry previous failed cal level set
08-28 18:21:14.688  1491  5555 W msm8974_platform: platform_send_gain_dep_cal: Voice call in progress .. ignore setting new cal
08-28 18:21:14.688  1491  5555 W qc_adm  : margin check: adm_request_focus_v2_1(p) failed diff -48
08-28 18:21:14.688  1491  5555 W qc_adm  : margin check: adm_abandon_focus(p) failed diff -48
08-28 18:21:14.688  3507  4215 I bt_shim_scanner: system/main/shim/le_scanning_manager.cc:147 Scan: in shim layer started
08-28 18:21:14.689 30234 30234 W fb4a.AppComponentFactory: Instantiating BroadcastReceiver
08-28 18:21:14.689  3507  4215 I bt_shim_scanner: system/main/shim/le_scanning_manager.cc:147 Scan: in shim layer stopped
08-28 18:21:14.689  3507  4215 W ScanManager: There is no scan radio to stop
08-28 18:21:14.689  3507  4215 I bt_shim_scanner: system/main/shim/le_scanning_manager.cc:311 SetScanParameters: in shim layer, scannerId1m=1, scannerIdCoded=0
08-28 18:21:14.689  3507  4215 I bt_shim_scanner: system/main/shim/le_scanning_manager.cc:147 Scan: in shim layer started
08-28 18:21:14.689  1491  2997 D ultrasound_extn: ultrasound_extn_stop: stopping
08-28 18:21:14.689  1491  2997 D ultrasound_extn: ultrasound_stop: enter:
08-28 18:21:14.689  1491  2997 D ultrasound_extn: ultrasound_stop_tx: enter:
08-28 18:21:14.690 30088 30088 W RtiGracefulSystemMethodHelper: [AI] Failed to start service due to IllegalStateException on Android O
08-28 18:21:14.690 30088 30088 W RtiGracefulSystemMethodHelper: android.app.BackgroundServiceStartNotAllowedException: Not allowed to start service Intent { act=Orca.START xflg=0x4 cmp=com.instagram.android/com.facebook.rti.push.service.FbnsService (has extras) }: app is in background uid UidRecord{927f4ca u0a628 RCVR bg:+18m38s545ms idle change:procadj procs:0 seq(29470,29442)} caps=-------T
08-28 18:21:14.690 30088 30088 W RtiGracefulSystemMethodHelper: 	at android.app.ContextImpl.startServiceCommon(ContextImpl.java:2049)
08-28 18:21:14.690 30088 30088 W RtiGracefulSystemMethodHelper: 	at android.app.ContextImpl.startService(ContextImpl.java:2004)
08-28 18:21:14.690 30088 30088 W RtiGracefulSystemMethodHelper: 	at android.content.ContextWrapper.startService(ContextWrapper.java:855)
08-28 18:21:14.690 30088 30088 W RtiGracefulSystemMethodHelper: 	at X.5Ay.A01(Unknown Source:25)
08-28 18:21:14.690 30088 30088 W RtiGracefulSystemMethodHelper: 	at X.5Ah.A01(:91)
08-28 18:21:14.690 30088 30088 W RtiGracefulSystemMethodHelper: 	at X.8xw.A02(:29)
08-28 18:21:14.690 30088 30088 W RtiGracefulSystemMethodHelper: 	at X.8jX.D8m(:360)
08-28 18:21:14.690 30088 30088 W RtiGracefulSystemMethodHelper: 	at com.instagram.push.FbnsInitBroadcastReceiver.onReceive(:306)
08-28 18:21:14.690 30088 30088 W RtiGracefulSystemMethodHelper: 	at android.app.LoadedApk$ReceiverDispatcher$Args.lambda$getRunnable$0(LoadedApk.java:1839)
08-28 18:21:14.690 30088 30088 W RtiGracefulSystemMethodHelper: 	at android.app.LoadedApk$ReceiverDispatcher$Args.$r8$lambda$mcNAAl1SQ4MyJPyDg8TJ2x2h0Rk(Unknown Source:0)
08-28 18:21:14.690 30088 30088 W RtiGracefulSystemMethodHelper: 	at android.app.LoadedApk$ReceiverDispatcher$Args$$ExternalSyntheticLambda0.run(D8$$SyntheticClass:0)
08-28 18:21:14.690 30088 30088 W RtiGracefulSystemMethodHelper: 	at android.os.Handler.handleCallback(Handler.java:995)
08-28 18:21:14.690 30088 30088 W RtiGracefulSystemMethodHelper: 	at android.os.Handler.dispatchMessage(Handler.java:103)
08-28 18:21:14.690 30088 30088 W RtiGracefulSystemMethodHelper: 	at android.os.Looper.loopOnce(Looper.java:248)
08-28 18:21:14.690 30088 30088 W RtiGracefulSystemMethodHelper: 	at android.os.Looper.loop(Looper.java:338)
08-28 18:21:14.690 30088 30088 W RtiGracefulSystemMethodHelper: 	at android.app.ActivityThread.main(ActivityThread.java:9063)
08-28 18:21:14.690 30088 30088 W RtiGracefulSystemMethodHelper: 	at java.lang.reflect.Method.invoke(Native Method)
08-28 18:21:14.690 30088 30088 W RtiGracefulSystemMethodHelper: 	at com.android.internal.os.RuntimeInit$MethodAndArgsCaller.run(RuntimeInit.java:596)
08-28 18:21:14.690 30088 30088 W RtiGracefulSystemMethodHelper: 	at com.android.internal.os.ZygoteInit.main(ZygoteInit.java:932)
08-28 18:21:14.691  1493  4137 I vendor.qti.bluetooth@1.0-ibs_handler: ProcessIbsCmd: Received IBS_WAKE_ACK: 0xFC
08-28 18:21:14.691  1493  4137 I vendor.qti.bluetooth@1.0-ibs_handler: ProcessIbsCmd: Signal wack_cond_
08-28 18:21:14.691  1493  1493 D vendor.qti.bluetooth@1.0-ibs_handler: DeviceWakeUp: Unblocked from waiting for FC, pthread_cond_timedwait ret = 0
08-28 18:21:14.692  3507  3825 I bluetooth: system/gd/hci/le_scanning_manager.cc:605 stop_scan: Scanning already stopped, return!
08-28 18:21:14.692  3507  3825 I bluetooth: system/gd/hci/le_address_manager.cc:576 GetNextPrivateAddressIntervalRange: client=LeAddressManager, nonwake=8m46s, wake=14m25s
08-28 18:21:14.692  3507  3825 I bluetooth: system/gd/hci/le_address_manager.cc:259 register_client: Scheduled address rotation for first client registered
08-28 18:21:14.692  3507  3825 I bluetooth: system/gd/hci/le_address_manager.cc:263 register_client: Client registered
08-28 18:21:14.692  3507  3825 I bluetooth: system/gd/hci/le_address_manager.cc:278 unregister_client: Client unregistered
08-28 18:21:14.692  3507  3825 I bluetooth: system/gd/hci/le_address_manager.cc:293 unregister_client: Cancelled address rotation alarm
08-28 18:21:14.692  3507  3825 I bluetooth: system/gd/hci/le_scanning_manager.cc:605 stop_scan: Scanning already stopped, return!
08-28 18:21:14.692  3507  3825 I bluetooth: system/gd/hci/le_address_manager.cc:576 GetNextPrivateAddressIntervalRange: client=LeAddressManager, nonwake=8m20s, wake=14m40s
08-28 18:21:14.692  3507  3825 I bluetooth: system/gd/hci/le_address_manager.cc:259 register_client: Scheduled address rotation for first client registered
08-28 18:21:14.692  3507  3825 I bluetooth: system/gd/hci/le_address_manager.cc:263 register_client: Client registered
08-28 18:21:14.692  1493  4137 I vendor.qti.bluetooth@1.0-ibs_handler: ProcessIbsCmd: Received IBS_WAKE_IND: 0xFD
08-28 18:21:14.692  1493  4137 I vendor.qti.bluetooth@1.0-ibs_handler: ProcessIbsCmd: Writing IBS_WAKE_ACK
08-28 18:21:14.694  1491  2997 D ultrasound_extn: ultrasound_stop_tx: pcm_close mic
08-28 18:21:14.694  1491  2997 D ultrasound_extn: ultrasound_stop_tx: usecase stopped/removed TX
08-28 18:21:14.694  1491  2997 D audio_hw_primary: disable_audio_route: reset and update mixer path: ultrasound-proximity-input ultrasund-tx
08-28 18:21:14.694  1491  2997 D audio_hw_primary: [force reset] del ultrasound-proximity-input ultrasund-tx 1
08-28 18:21:14.694  1491  2997 D soundtrigger: audio_extn_sound_trigger_update_stream_status: uc_info->id 72 of type 1 for Event 2, with Raise=0
08-28 18:21:14.694  1491  2997 D soundtrigger: audio_extn_sound_trigger_update_stream_status: uc_info->id 72 of type 1 for Event 2, with Raise=0
08-28 18:21:14.694  1491  2997 D hardware_info: hw_info_append_hw_type : device_name = ultrasound-input
08-28 18:21:14.694  1491  2997 D audio_hw_primary: disable_snd_device: device ref cnt is 1[300]
08-28 18:21:14.694  1491  2997 D audio_hw_primary: disable_snd_device: snd_device(300: ultrasound-input)[SND_DEVICE_IN_ULTRASOUND]
08-28 18:21:14.695   723  1556 I sscrpcd : vendor/qcom/proprietary/adsprpc/src/apps_std_imp.c:848: Successfully opened file /sys/class/backlight/panel0-backlight/brightness
08-28 18:21:14.695  2387  2963 I DisplayBrightnessStrategySelector: Changing the DisplayBrightnessStrategy from OverrideBrightnessStrategy to FallbackBrightnessStrategy for display 0
08-28 18:21:14.695  2387  3162 I ImeTracker: ru.andr7e.deviceinfohw:77f68f7: onRequestHide at ORIGIN_SERVER reason HIDE_UNSPECIFIED_WINDOW fromUser false
08-28 18:21:14.698  2387  2963 V DisplayPowerController[0]: Brightness [0.027856966] reason changing to: 'manual', previous reason: 'override(NotificationShade)'.
08-28 18:21:14.698  2387  2963 I DisplayPowerController[0]: BrightnessEvent: brt=0.027856966 (29.0%), nits= 29.801254, lux=-1.0, reason=manual, strat=FallbackBrightnessStrategy, state=ON, stateReason=DEFAULT_POLICY, policy=BRIGHT, flags=, initBrt=0.015686275, rcmdBrt=NaN, preBrt=NaN, preLux=0.0, wasShortTermModelActive=false, autoBrightness=true (default), unclampedBrt=0.027856966, hbmMax=1.0, hbmMode=off, thrmMax=1.0, rbcStrength=81, powerFactor=1.0, physDisp=Built-in Screen(local:4630946736638489730), logicalId=0, slowChange=false, rampSpeed=0.5
08-28 18:21:14.699 29820 29820 D InsetsController: hide(ime(), fromIme=false)
08-28 18:21:14.699 29820 29820 I ImeTracker: ru.andr7e.deviceinfohw:77f68f7: onCancelled at PHASE_CLIENT_ALREADY_HIDDEN
08-28 18:21:14.699  5563  5563 I GoogleInputMethodService: GoogleInputMethodService.onStartInput():1315 onStartInput(EditorInfo{EditorInfo{packageName=ru.andr7e.deviceinfohw, inputType=0, inputTypeString=NULL, enableLearning=false, autoCorrection=false, autoComplete=false, imeOptions=0, privateImeOptions=null, actionName=UNSPECIFIED, actionLabel=null, initialSelStart=-1, initialSelEnd=-1, initialCapsMode=0, label=null, fieldId=0, fieldName=null, extras=null, hintText=null, hintLocales=[]}}, false)
08-28 18:21:14.700  5563  5563 I Module  : DeviceLockedStatusModuleProvider$Module.updateDeviceLockedStatus():100 repeatCheckTimes = 1, locked = false
08-28 18:21:14.701   723  1556 I sscrpcd : vendor/qcom/proprietary/adsprpc/src/apps_std_imp.c:848: Successfully opened file /sys/class/mi_display/disp-DSI-0/dynamic_fps
08-28 18:21:14.702  2387  6673 I ImeTracker: system_server:2b34ad8c: onRequestHide at ORIGIN_SERVER reason IME_REQUESTED_CHANGED_LISTENER fromUser false
08-28 18:21:14.703  2387  2937 I ImeTracker: system_server:2b34ad8c: onCancelled at PHASE_SERVER_SHOULD_HIDE
08-28 18:21:14.695  2387  2387 W binder:2387_19: type=1400 audit(0.0:25014): avc:  denied  { read } for  name="661f16" dev="dm-41" ino=146483 scontext=u:r:system_server:s0 tcontext=u:object_r:system_data_root_file:s0 tclass=file permissive=0
08-28 18:21:14.706  2387  6673 D SystemServerTiming: getUserSwitchability-0
08-28 18:21:14.706  2387  6673 D SystemServerTiming: TM.isInCall
08-28 18:21:14.707  2387  6673 D SystemServerTiming: hasUserRestriction-DISALLOW_USER_SWITCH
08-28 18:21:14.707  2387  6673 D SystemServerTiming: getInt-ALLOW_USER_SWITCHING_WHEN_SYSTEM_USER_LOCKED
08-28 18:21:14.707  2387  6673 D SystemServerTiming: isUserUnlocked-USER_SYSTEM
08-28 18:21:14.709  1491  2997 I soundtrigger: audio_extn_sound_trigger_update_device_status: device 0x12c of type 1 for Event 0, with Raise=0
08-28 18:21:14.709  1491  2997 D ultrasound_extn: ultrasound_stop_tx: exit, err:0
08-28 18:21:14.709  1491  2997 D ultrasound_extn: ultrasound_disable_pseudo_port
08-28 18:21:14.709  1491  2997 D ultrasound_extn: ultrasound_set_pseudo_port_state: on is 0 adev->mode is 2
08-28 18:21:14.709  1491  2997 D ultrasound_extn: ultrasound_set_pseudo_port_state: enter, switch = Off
08-28 18:21:14.709  1491  2997 D ultrasound_extn: ultrasound_apply_ramp_down_path: ultrasound ::ramp_down_path
08-28 18:21:14.709  1491  2997 D audio_route: Apply path: ultrasound-rampdown
08-28 18:21:14.714  3291  3291 D DeviceEntryIconViewBinder: Updating device entry icon image state ForegroundIconViewModel(type=LOCK, useAodVariant=false, tint=-1, padding=71)
08-28 18:21:14.716  3291  3291 D DeviceEntryIconViewBinder: Updating device entry icon image state ForegroundIconViewModel(type=UNLOCK, useAodVariant=false, tint=-1907998, padding=71)
08-28 18:21:14.726  5589  6330 I AiAiEcho: (REDACTED) Predicting[%d]: %s
08-28 18:21:14.726  5589  6330 I AiAiEcho: (REDACTED) EchoTargets: %s
08-28 18:21:14.726  5589  6330 I AiAiEcho: Filtered by AiAi flag check: %s
08-28 18:21:14.727  3291  3291 D WindowRootViewBlurInteractor: requestingBlurForShade for 0 false
08-28 18:21:14.728  1491  2997 D ultrasound_extn: ultrasound_stop_rx: enter:
08-28 18:21:14.729  5589  6330 I AiAiEcho: #remoteViewsTwiddler: feature disabled.
08-28 18:21:14.729  5589  6330 I AiAiEcho: (REDACTED) Predicting[%d]: %s
08-28 18:21:14.729  5589  6330 I AiAiEcho: (REDACTED) EchoTargets: %s
08-28 18:21:14.729  5589  6330 I AiAiEcho: Filtered by AiAi flag check: %s
08-28 18:21:14.731  5589  6330 I AiAiEcho: #remoteViewsTwiddler: feature disabled.
08-28 18:21:14.732  1491  2997 D ultrasound_extn: ultrasound_stop_rx: pcm_close spk
08-28 18:21:14.732  1491  2997 D ultrasound_extn: ultrasound_stop_rx: usecase stopped/removed RX
08-28 18:21:14.732  1491  2997 D audio_hw_primary: disable_audio_route: reset and update mixer path: ultrasound-proximity-output ultrasund-rx
08-28 18:21:14.732  1491  2997 E audio_route: unable to find path 'ultrasound-proximity-output ultrasund-rx'
08-28 18:21:14.732  1491  2997 D audio_hw_primary: [force reset] del ultrasound-proximity-output ultrasund-rx 1
08-28 18:21:14.732  1491  2997 D soundtrigger: audio_extn_sound_trigger_update_stream_status: uc_info->id 71 of type 0 for Event 2, with Raise=0
08-28 18:21:14.732  1491  2997 D soundtrigger: audio_extn_sound_trigger_update_stream_status: uc_info->id 71 of type 0 for Event 2, with Raise=0
08-28 18:21:14.732  1491  2997 D hardware_info: hw_info_append_hw_type : device_name = ultrasound-output
08-28 18:21:14.732  1491  2997 D audio_hw_primary: disable_snd_device: device ref cnt is 1[132]
08-28 18:21:14.732  1491  2997 D audio_hw_primary: disable_snd_device: snd_device(132: ultrasound-output)[SND_DEVICE_OUT_ULTRASOUND]
08-28 18:21:14.734  5589  6330 I AiAiEcho: (REDACTED) #postPredictionTargets: Sending updates to UISurface %s with targets# %s (types=[%s])
08-28 18:21:14.735   695   706 E DrmLibFs: file_unlink is done and returns 0
08-28 18:21:14.735  1491  2997 D audio_route: audio_route_update_path: skip to reset mixer control 'RCV PCM Source' in path 'ultrasound-output' because it is still needed by other paths
08-28 18:21:14.736  5589  6330 I AiAiEcho: (REDACTED) #postPredictionTargets: Sending updates to UISurface %s with targets# %s (types=[%s])
08-28 18:21:14.736  1491  2997 I soundtrigger: audio_extn_sound_trigger_update_device_status: device 0x84 of type 0 for Event 0, with Raise=0
08-28 18:21:14.736  1491  2997 D ultrasound_extn: ultrasound_stop_rx: exit, err:0
08-28 18:21:14.736  1491  2997 D ultrasound_extn: ultrasound_stop: exit, err:0
08-28 18:21:14.736  1491  2997 D ultrasound_extn: ultrasound_extn_stop: exit
08-28 18:21:14.736  1491  2997 D ultrasound_extn: ultrasound_extn_set_parameters: adev->ultrasound.sensor_activated:0
08-28 18:21:14.736  1491  2997 D audio_hw_primary: adev_set_parameters: exit with code(0)
08-28 18:21:14.736  1502  1560 D elliptic_notify_audio_hal_hidl: successfully set value: ultrasound-proximity=0
08-28 18:21:14.736  1502  1560 W Elliptic: ioNotify.h(65) : W : AudioNotify: disable >> ultrasound-proximity=0
08-28 18:21:14.737  3291  3496 D RingtonePlayer: stopAsync()
08-28 18:21:14.737  3291  3496 D RingtonePlayer: stop
08-28 18:21:14.737  3291  3291 D WindowRootViewBlurInteractor: requestingBlurForShade for 0 false
08-28 18:21:14.746  3502  3502 D SsBaseTemplateCard: No text view can be set up
08-28 18:21:14.746  3502  3502 D SsBaseTemplateCard: Passed-in item info is null
08-28 18:21:14.746  3502  3502 D SsBaseTemplateCard: Passed-in item info is null
08-28 18:21:14.746  3502  3502 D SsBaseTemplateCard: Passed-in item info is null
08-28 18:21:14.746  3502  3502 I SsBaseTemplateCard: Secondary card pane is null
08-28 18:21:14.747  1493  4137 I vendor.qti.bluetooth@1.0-ibs_handler: ProcessIbsCmd: Received IBS_SLEEP_IND: 0xFE
08-28 18:21:14.747  3291  3291 D WindowRootViewBlurInteractor: requestingBlurForShade for 0 false
08-28 18:21:14.753  3291  3291 E BcSmartspaceCard: No tap action can be set up
08-28 18:21:14.753 16713 16713 E SlowAppComponent: 0ms: FbnsService instantiating…
08-28 18:21:14.753 16713 16713 E SlowAppComponent: Main thread was blocked for 52ms in the background starting with FbnsService
08-28 18:21:14.754  3291  3291 D WindowRootViewBlurInteractor: requestingBlurForShade for 0 false
08-28 18:21:14.756  3291  3291 D WindowRootViewBlurInteractor: requestingBlurForShade for 0 false
08-28 18:21:14.760  3291  3291 D WindowRootViewBlurInteractor: requestingBlurForShade for 0 false
08-28 18:21:14.761  3291  3291 D WindowRootViewBlurInteractor: requestingBlurForShade for 0 false
08-28 18:21:14.767  3291  3291 D WindowRootViewBlurInteractor: requestingBlurForShade for 0 false
08-28 18:21:14.768  3291  3291 D WindowRootViewBlurInteractor: requestingBlurForShade for 0 false
08-28 18:21:14.775  3291  3291 D WindowRootViewBlurInteractor: requestingBlurForShade for 0 false
08-28 18:21:14.776  3291  3291 D WindowRootViewBlurInteractor: requestingBlurForShade for 1 false
08-28 18:21:14.778   695   706 E DrmLibFs: file_unlink is done and returns 0
08-28 18:21:14.782  2205  3277 D libsensor-B2SNotifier: Backlight2SlpiNotifier brightness = 43
08-28 18:21:14.784  3291  3291 D WindowRootViewBlurInteractor: requestingBlurForShade for 1 false
08-28 18:21:14.784  3291  3291 D WindowRootViewBlurInteractor: requestingBlurForShade for 1 false
08-28 18:21:14.792  3291  3291 D WindowRootViewBlurInteractor: requestingBlurForShade for 1 false
08-28 18:21:14.793  3291  3291 D WindowRootViewBlurInteractor: requestingBlurForShade for 2 false
08-28 18:21:14.794 27512 27558 I DialerAccelerometerTracker: com.android.dialer.incall.proximitysensor.impl.incall.AccelerometerTracker.updateOrientation:276 orientation is updated to HORIZONTAL
08-28 18:21:14.796 27512 27542 I DialerCarInCallUpdateListener: com.android.dialer.androidauto.impl.incall.listener.CarInCallUpdateListener.onCallGraphUpdated:22 Emitting to CarInCallUpdate flow, result = true
08-28 18:21:14.796 27512 27542 I DialerStatusBarNotifier: com.android.dialer.incall.statusbarnotification.ui.StatusBarNotifier.onCallGraphUpdated:206 updateInProgress: false
08-28 18:21:14.796 27512 27542 I DialerStatusBarNotifier: com.android.dialer.incall.statusbarnotification.ui.StatusBarNotifier.getModel:458 PrimaryCallGraph present: true; model already present: true
08-28 18:21:14.797 27512 27542 I DialerPrivate: com.android.dialer.incall.bubble.service.BubbleModelProducerModule.produceIsBubbleFeatureEnabledForCall:327 Not showing bubble in Android S+.
08-28 18:21:14.797 27512 27538 I DialerPrivate: com.android.dialer.incall.bubble.service.BubbleModelProducerModule.produceIsInCallUiHidden:383 show bubble, LegacyInCallUi is not showing
08-28 18:21:14.797 27512 27538 I DialerPhoneLookupInfoConsolidator: com.android.dialer.phonelookup.consolidator.PhoneLookupInfoConsolidator.getName:209 nameSource: CP2_DEFAULT_DIRECTORY
08-28 18:21:14.798  2205  3277 D libsensor-B2SNotifier: Backlight2SlpiNotifier brightness = 45
08-28 18:21:14.800  3291  3291 D WindowRootViewBlurInteractor: requestingBlurForShade for 2 false
08-28 18:21:14.801  3291  3291 D WindowRootViewBlurInteractor: requestingBlurForShade for 2 false
08-28 18:21:14.803 27512 27557 I DialerCallStatusTextGenerator: com.android.dialer.incall.statusbarnotification.basiccontent.CallStatusTextGenerator.getCallStatusTextFromResources:169 Notification call status text: Ongoing call via TNM
08-28 18:21:14.804 27512 27545 I DialerCallStatusTextGenerator: com.android.dialer.incall.statusbarnotification.basiccontent.CallStatusTextGenerator.getCallStatusTextFromResources:169 Notification call status text: Ongoing call via TNM
08-28 18:21:14.804 27512 27545 I DialerStatusBarNotifier: com.android.dialer.incall.statusbarnotification.ui.StatusBarNotifier.updateModelAndNotification:415 Received new model for Call: DialerCall_1 - time to retrieve: 8
08-28 18:21:14.804 27512 27545 I DialerStatusBarNotifier: com.android.dialer.incall.statusbarnotification.ui.StatusBarNotifier.updateModelAndNotification:425 model unchanged, so no updates for now
08-28 18:21:14.804 27512 27545 I DialerStatusBarNotifier: com.android.dialer.incall.statusbarnotification.ui.StatusBarNotifier$1.onSuccess:234 Update finished successfully. updateInProgress set to false
08-28 18:21:14.807 27512 27543 I DialerCallingCardRepositoryImpl: com.google.android.libraries.contacts.callingcard.impl.CallingCardRepositoryImpl$getCallingCard$2.invokeSuspend:124 Calling cards get for [1]
08-28 18:21:14.809  3291  3291 D WindowRootViewBlurInteractor: requestingBlurForShade for 2 false
08-28 18:21:14.810  3291  3291 D WindowRootViewBlurInteractor: requestingBlurForShade for 3 false
08-28 18:21:14.812 27512 27539 W DialerPatrickCpgStorage: com.android.dialer.patrick.impl.storage.PatrickCpgStorage.fetch:106 Failed to fetch the data. ERROR_CALLING_CARD_ID_NOT_EXIST
08-28 18:21:14.813 27512 27539 I DialerSingletonScopedExternalsLogging: com.google.android.dialershared.externals.logging.SingletonScopedExternalsLogging.recordCallMethodInvocation:75 event: POWER_MANAGER_IS_WAKE_LOCK_LEVEL_SUPPORTED, function parameters: [32], return value: true
08-28 18:21:14.814 27512 27539 I DialerAccelerometerTracker: com.android.dialer.incall.proximitysensor.impl.incall.AccelerometerTracker.enable:123 enable
08-28 18:21:14.814 27512 27539 I DialerAccelerometerTracker: com.android.dialer.incall.proximitysensor.impl.incall.AccelerometerTracker.enable:125 sensorEventListener already enabled.
08-28 18:21:14.815  2205  3277 D libsensor-B2SNotifier: Backlight2SlpiNotifier brightness = 48
