08-28 18:23:21.538   965   965 I ContentCaptureHelper: Setting logging level to OFF
08-28 18:23:21.608  3291 23019 V WindowManagerShell: onTransitionReady(transaction=10252086942637)
08-28 18:23:21.608  3291  3340 V WindowManagerShell: onTransitionReady (#145) android.os.BinderProxy@475ee7d: {id=145 t=OPEN f=0x0 trk=0 r=[0@Point(0, 0)] c=[
08-28 18:23:21.608  3291  3340 V WindowManagerShell:         {m=TO_FRONT f=MOVE_TO_TOP leash=Surface(name=Task=95)/@0xc929240 sb=Rect(0, 0 - 1440, 3200) eb=Rect(0, 0 - 1440, 3200) epz=Point(1440, 3200) d=0 taskParent=-1},
08-28 18:23:21.608  3291  3340 V WindowManagerShell:         {m=TO_BACK f=SHOW_WALLPAPER leash=Surface(name=Task=1)/@0x77f579 sb=Rect(0, 0 - 1440, 3200) eb=Rect(0, 0 - 1440, 3200) epz=Point(1440, 3200) d=0 taskParent=-1},
08-28 18:23:21.608  3291  3340 V WindowManagerShell:         {m=TO_BACK f=IS_WALLPAPER leash=Surface(name=WallpaperWindowToken{8ac1210 showWhenLocked=false})/@0x47492be sb=Rect(0, 0 - 1440, 3200) eb=Rect(0, 0 - 1440, 3200) epz=Point(1440, 3200) d=0}
08-28 18:23:21.608  3291  3340 V WindowManagerShell:     ]}
08-28 18:23:21.609  3291  3340 V WindowManagerShell: Playing animation for (#145) android.os.BinderProxy@475ee7d@0
08-28 18:23:21.609  3291  3340 V ShellRecents: RecentsTransitionHandler.startAnimation: no controller found
08-28 18:23:21.609  3291  3340 V WindowManagerShell: Transition doesn't have explicit remote, search filters for match for {id=145 t=OPEN f=0x0 trk=0 r=[0@Point(0, 0)] c=[{m=TO_FRONT f=MOVE_TO_TOP leash=Surface(name=Task=95)/@0xc929240 sb=Rect(0, 0 - 1440, 3200) eb=Rect(0, 0 - 1440, 3200) epz=Point(1440, 3200) d=0 taskParent=-1},{m=TO_BACK f=SHOW_WALLPAPER leash=Surface(name=Task=1)/@0x77f579 sb=Rect(0, 0 - 1440, 3200) eb=Rect(0, 0 - 1440, 3200) epz=Point(1440, 3200) d=0 taskParent=-1},{m=TO_BACK f=IS_WALLPAPER leash=Surface(name=WallpaperWindowToken{8ac1210 showWhenLocked=false})/@0x47492be sb=Rect(0, 0 - 1440, 3200) eb=Rect(0, 0 - 1440, 3200) epz=Point(1440, 3200) d=0}]}
08-28 18:23:21.609  3291  3340 V WindowManagerShell:  Checking filter Pair{{types=[] flags=0x0] notFlags=0x0 checks=[{atype=undefined independent=true modes=[CLOSE,TO_BACK] flags=IN_TASK_WITH_EMBEDDED_ACTIVITY mustBeTask=false order=ANY topActivity=null launchCookie=null taskFragmentToken=android.os.BinderProxy@ee5c782 windowingMode=undefined}]} RemoteTransition { remoteTransition = android.window.IRemoteTransition$Stub$Proxy@b2bbe93, appThread = android.app.IApplicationThread$Stub$Proxy@e631ed0, debugName = overlayBackTransition }}
08-28 18:23:21.609  3291  3340 V WindowManagerShell:  Checking filter Pair{{types=[] flags=0x0] notFlags=0x0 checks=[{atype=dream independent=true modes=[OPEN,TO_FRONT] flags=NONE mustBeTask=false order=ANY topActivity=null launchCookie=null windowingMode=undefined},{atype=home independent=true modes=[CLOSE,TO_BACK] flags=NONE mustBeTask=false order=ANY topActivity=null launchCookie=null windowingMode=undefined}]} RemoteTransition { remoteTransition = android.window.IRemoteTransition$Stub$Proxy@877aec9, appThread = android.app.IApplicationThread$Stub$Proxy@aacd9ce, debugName = LauncherToDream }}
08-28 18:23:21.609  3291  3340 V WindowManagerShell:  Checking filter Pair{{types=[] flags=0x0] notFlags=0x100 checks=[{atype=home independent=true modes=[OPEN,TO_FRONT] flags=NONE mustBeTask=false order=TOP topActivity=ComponentInfo{com.google.android.apps.nexuslauncher/com.google.android.apps.nexuslauncher.NexusLauncherActivity} launchCookie=null windowingMode=undefined},{atype=standard independent=true modes=[CLOSE,TO_BACK] flags=NONE mustBeTask=false order=ANY topActivity=null launchCookie=null windowingMode=undefined},{NOT atype=undefined independent=true modes=[] flags=NONE mustBeTask=true order=ANY topActivity=null launchCookie=null customAnim=true windowingMode=undefined}]} RemoteTransition { remoteTransition = android.window.IRemoteTransition$Stub$Proxy@949b0ef, appThread = android.app.IApplicationThread$Stub$Proxy@2357fc, debugName = QuickstepLaunchHome }}
08-28 18:23:21.609  3291  3340 V WindowManagerShell:  Delegate animation for (#145) to null
08-28 18:23:21.609  3291  3340 V WindowManagerShell: start default transition animation, info = {id=145 t=OPEN f=0x0 trk=0 r=[0@Point(0, 0)] c=[{m=TO_FRONT f=MOVE_TO_TOP leash=Surface(name=Task=95)/@0xc929240 sb=Rect(0, 0 - 1440, 3200) eb=Rect(0, 0 - 1440, 3200) epz=Point(1440, 3200) d=0 taskParent=-1},{m=TO_BACK f=SHOW_WALLPAPER leash=Surface(name=Task=1)/@0x77f579 sb=Rect(0, 0 - 1440, 3200) eb=Rect(0, 0 - 1440, 3200) epz=Point(1440, 3200) d=0 taskParent=-1},{m=TO_BACK f=IS_WALLPAPER leash=Surface(name=WallpaperWindowToken{8ac1210 showWhenLocked=false})/@0x47492be sb=Rect(0, 0 - 1440, 3200) eb=Rect(0, 0 - 1440, 3200) epz=Point(1440, 3200) d=0}]}
08-28 18:23:21.609  3291  3340 V WindowManagerShell: loadAnimation: anim=android.view.animation.AnimationSet@ff97035 animAttr=0x13 type=OPEN isEntrance=false
08-28 18:23:21.610  3291  3340 V WindowManagerShell: loadAnimation: anim=android.view.animation.AnimationSet@bdddab1 animAttr=0x12 type=OPEN isEntrance=true
08-28 18:23:21.612  2387  6611 D ConnectivityService: requestNetwork for uid/pid:10555/3291 asUid: 10631 activeRequest: null callbackRequest: 762 [NetworkRequest [ REQUEST id=763, [ Capabilities: INTERNET&NOT_RESTRICTED&TRUSTED&NOT_VCN_MANAGED&NOT_BANDWIDTH_CONSTRAINED Uid: 10631 RequestorUid: 10555 RequestorPkg: com.android.systemui UnderlyingNetworks: Null] ]] callback flags: 0 order: 2147483647 isUidTracked: false declaredMethods: AVAIL|BLK
08-28 18:23:21.613  3291  3340 V WindowManagerShell:  animated by com.android.wm.shell.transition.DefaultTransitionHandler@d5248c5
08-28 18:23:21.616  2387  2934 I ActivityTaskManager: Displayed ru.andr7e.deviceinfohw/.DeviceInfoActivity for user 0: +169ms
08-28 18:23:21.616  2387  2934 V WindowManager: Sent Transition (#145) createdAt=08-28 18:23:21.440 via request=TransitionRequestInfo { type = OPEN, triggerTask = TaskInfo{userId=0 taskId=95 effectiveUid=10631 displayId=0 isRunning=true baseIntent=Intent { act=android.intent.action.MAIN cat=[android.intent.category.LAUNCHER] flg=0x10200000 pkg=ru.andr7e.deviceinfohw cmp=ru.andr7e.deviceinfohw/.MainActivity } baseActivity=ComponentInfo{ru.andr7e.deviceinfohw/ru.andr7e.deviceinfohw.DeviceInfoActivity} topActivity=ComponentInfo{ru.andr7e.deviceinfohw/ru.andr7e.deviceinfohw.MainActivity} origActivity=null realActivity=ComponentInfo{ru.andr7e.deviceinfohw/ru.andr7e.deviceinfohw.MainActivity} numActivities=2 lastActiveTime=1384462 supportsMultiWindow=true resizeMode=1 isResizeable=true minWidth=-1 minHeight=-1 defaultMinSize=220 token=WCT{RemoteToken{b2a3e4d Task{72bca9e #95 type=standard A=10631:ru.andr7e.deviceinfohw}}} topActivityType=1 pictureInPictureParams=null shouldDockBigOverlays=false launchIntoPipHostTaskId=-1 lastParentTaskIdBeforePip=-1 displayCutoutSafeInsets=Rect(0, 137 - 0, 0) topActivityInfo=ActivityInfo{112816d ru.andr7e.deviceinfohw.MainActivity} launchCookies=[android.os.BinderProxy@863f613] positionInParent=Point(0, 0) parentTaskId=-1 isFocused=false isVisible=false isVisibleRequested=false isTopActivityNoDisplay=false isSleeping=false locusId=null displayAreaFeatureId=1 isTopActivityTransparent=false isActivityStackTransparent=false lastNonFullscreenBounds=Rect(373, 908 - 1068, 2348) capturedLink=null capturedLinkTimestamp=0 requestedVisibleTypes=-9 topActivityRequestOpenInBrowserEducationTimestamp=0 appCompatTaskInfo=AppCompatTaskInfo { topActivityInSizeCompat=false eligibleForLetterboxEducation= false isLetterboxEducationEnabled= false isLetterboxDoubleTapEnabled= false eligibleForUserAspectRatioButton= false topActivityBoundsLetterboxed= false isFromLetterboxDoubleTap= false topActivityLetterboxVerticalPosition= -1 topActivityLetterboxHorizontalPosition= -1 topActivityLetterboxWidth=-1 topActivityLetterboxHeight=-1 topActivityAppBounds=Rect(0, 137 - 1440, 3120) isUserFullscreenOverrideEnabled=false isSystemFullscreenOverrideEnabled=false hasMinAspectRatioOverride=false topActivityLetterboxBounds=null cameraCompatTaskInfo=CameraCompatTaskInfo { freeformCameraCompatMode=inactive}} topActivityMainWindowFrame=null}, pipChange = null, remoteTransition = null, displayChange = null, flags = 0, debugId = 145 }
08-28 18:23:21.616  2387  2934 V WindowManager:     startWCT=WindowContainerTransaction { changes= {} hops= [] errorCallbackToken=null taskFragmentOrganizer=null }
08-28 18:23:21.616  2387  2934 V WindowManager:     info={id=145 t=OPEN f=0x0 trk=0 r=[0@Point(0, 0)] c=[
08-28 18:23:21.616  2387  2934 V WindowManager:         {WCT{RemoteToken{b2a3e4d Task{72bca9e #95 type=standard A=10631:ru.andr7e.deviceinfohw}}} m=TO_FRONT f=MOVE_TO_TOP leash=Surface(name=Task=95)/@0xdbf3977 sb=Rect(0, 0 - 1440, 3200) eb=Rect(0, 0 - 1440, 3200) epz=Point(1440, 3200) d=0 taskParent=-1},
08-28 18:23:21.616  2387  2934 V WindowManager:         {WCT{RemoteToken{6ac031 Task{341d769 #1 type=home}}} m=TO_BACK f=SHOW_WALLPAPER leash=Surface(name=Task=1)/@0x239009f sb=Rect(0, 0 - 1440, 3200) eb=Rect(0, 0 - 1440, 3200) epz=Point(1440, 3200) d=0 taskParent=-1},
08-28 18:23:21.616  2387  2934 V WindowManager:         {m=TO_BACK f=IS_WALLPAPER leash=Surface(name=WallpaperWindowToken{8ac1210 showWhenLocked=false})/@0x8d7e04b sb=Rect(0, 0 - 1440, 3200) eb=Rect(0, 0 - 1440, 3200) epz=Point(1440, 3200) d=0}
08-28 18:23:21.616  2387  2934 V WindowManager:     ]}
08-28 18:23:21.621  2387  3185 D ConnectivityService: NetReassign [763 : null → 100] [c 0] [a 1] [i 0]
08-28 18:23:21.622  2387  3178 D OemPaidWifiNetworkFactory: got request NetworkRequest [ REQUEST id=763, [ Capabilities: INTERNET&NOT_RESTRICTED&TRUSTED&NOT_VCN_MANAGED&NOT_BANDWIDTH_CONSTRAINED Uid: 10631 RequestorUid: 10555 RequestorPkg: com.android.systemui UnderlyingNetworks: Null] ]
08-28 18:23:21.622  2387  3178 D MultiInternetWifiNetworkFactory: got request NetworkRequest [ REQUEST id=763, [ Capabilities: INTERNET&NOT_RESTRICTED&TRUSTED&NOT_VCN_MANAGED&NOT_BANDWIDTH_CONSTRAINED Uid: 10631 RequestorUid: 10555 RequestorPkg: com.android.systemui UnderlyingNetworks: Null] ]
08-28 18:23:21.622  2387  3178 D WifiNetworkFactory: got request NetworkRequest [ REQUEST id=763, [ Capabilities: INTERNET&NOT_RESTRICTED&TRUSTED&NOT_VCN_MANAGED&NOT_BANDWIDTH_CONSTRAINED Uid: 10631 RequestorUid: 10555 RequestorPkg: com.android.systemui UnderlyingNetworks: Null] ]
08-28 18:23:21.622  2387  3178 D UntrustedWifiNetworkFactory: got request NetworkRequest [ REQUEST id=763, [ Capabilities: INTERNET&NOT_RESTRICTED&TRUSTED&NOT_VCN_MANAGED&NOT_BANDWIDTH_CONSTRAINED Uid: 10631 RequestorUid: 10555 RequestorPkg: com.android.systemui UnderlyingNetworks: Null] ]
08-28 18:23:21.631  2387  6611 W system_server: Large reply transaction of 315124 bytes, interface descriptor android.content.pm.IPackageManager, code 3
08-28 18:23:21.652  2387  3162 I ImeTracker: ru.andr7e.deviceinfohw:9da154f6: onRequestHide at ORIGIN_SERVER reason HIDE_UNSPECIFIED_WINDOW fromUser false
08-28 18:23:21.653   965   965 D InsetsController: hide(ime(), fromIme=false)
08-28 18:23:21.653   965   965 I ImeTracker: ru.andr7e.deviceinfohw:9da154f6: onCancelled at PHASE_CLIENT_ALREADY_HIDDEN
08-28 18:23:21.655  5563  5563 I GoogleInputMethodService: GoogleInputMethodService.onFinishInput():2054 
08-28 18:23:21.655  5563  5563 I Module  : DeviceLockedStatusModuleProvider$Module.updateDeviceLockedStatus():100 repeatCheckTimes = 0, locked = false
08-28 18:23:21.655  5563  5563 I GoogleInputMethodService: GoogleInputMethodService.onStartInput():1315 onStartInput(EditorInfo{EditorInfo{packageName=ru.andr7e.deviceinfohw, inputType=0, inputTypeString=NULL, enableLearning=false, autoCorrection=false, autoComplete=false, imeOptions=0, privateImeOptions=null, actionName=UNSPECIFIED, actionLabel=null, initialSelStart=-1, initialSelEnd=-1, initialCapsMode=0, label=null, fieldId=0, fieldName=null, extras=null, hintText=null, hintLocales=[]}}, false)
08-28 18:23:21.656  5563  5563 I Module  : DeviceLockedStatusModuleProvider$Module.updateDeviceLockedStatus():100 repeatCheckTimes = 1, locked = false
08-28 18:23:21.659  2387  3411 I ImeTracker: system_server:f1f12cae: onRequestHide at ORIGIN_SERVER reason IME_REQUESTED_CHANGED_LISTENER fromUser false
08-28 18:23:21.660  2387  2937 I ImeTracker: system_server:f1f12cae: onCancelled at PHASE_SERVER_SHOULD_HIDE
08-28 18:23:21.681  2387  3838 W system_server: Large reply transaction of 392924 bytes, interface descriptor android.content.pm.IPackageManager, code 3
08-28 18:23:21.681  1599  1692 W ServiceManagerCppClient: Waited one second for stats (is service started? Number of threads started in the threadpool: 6. Are binder threads started and available?)
08-28 18:23:21.681  2387  3412 W ServiceManagerCppClient: Waited one second for stats (is service started? Number of threads started in the threadpool: 32. Are binder threads started and available?)
08-28 18:23:21.683   682  2803 W libc    : Unable to set property "ctl.interface_start" to "aidl/stats": PROP_ERROR_HANDLE_CONTROL_MESSAGE (0x20)
08-28 18:23:21.683   682  2804 W libc    : Unable to set property "ctl.interface_start" to "aidl/stats": PROP_ERROR_HANDLE_CONTROL_MESSAGE (0x20)
08-28 18:23:21.693  2387  3411 W system_server: Large reply transaction of 386992 bytes, interface descriptor android.content.pm.IPackageManager, code 3
08-28 18:23:21.745  2387  3838 W system_server: Large reply transaction of 401104 bytes, interface descriptor android.content.pm.IPackageManager, code 3
08-28 18:23:21.770  2387  3411 W ActivityManager: Removing FLAG_RECEIVER_FROM_SHELL because caller is UID 1000
08-28 18:23:21.773  2387  3411 W ActivityManager: Removing FLAG_RECEIVER_FROM_SHELL because caller is UID 1000
08-28 18:23:21.839  3291  3340 V WindowManagerShell: Transition animation finished (aborted=false), notifying core (#145) android.os.BinderProxy@475ee7d@0
08-28 18:23:21.841  2387  2934 V WindowManager: Finish Transition (#145): created at 08-28 18:23:21.440 collect-started=0.088ms request-sent=5.645ms started=14.618ms ready=54.026ms sent=166.223ms commit=13.055ms finished=400.134ms
08-28 18:23:21.843  3502  3502 D VRI[NexusLauncherActivity]: visibilityChanged oldVisibility=true newVisibility=false
08-28 18:23:21.845  3291  3340 V WindowManagerShell: Track 0 became idle
08-28 18:23:21.845  3291  3340 V WindowManagerShell: All active transition animations finished
08-28 18:23:21.847  3502  3502 D NexusLauncherModelDelegate: notifySmartspaceEvent: SmartspaceTargetEvent{mSmartspaceTarget=null, mSmartspaceActionId='null', mEventType=7}
08-28 18:23:21.848   965   965 W WindowOnBackDispatcher: sendCancelIfRunning: isInProgress=false callback=android.view.ViewRootImpl$$ExternalSyntheticLambda13@2c9d7f0
08-28 18:23:21.853   965   965 D ViewRootImpl: Skipping stats log for color mode
08-28 18:23:21.856  2387  3238 D BackgroundInstallControlService: Package event received: 0
08-28 18:23:21.861  3502  3502 D BaseDepthController: setSurface:
08-28 18:23:21.861  3502  3502 D BaseDepthController: 	mWaitingOnSurfaceValidity: false
08-28 18:23:21.861  3502  3502 D BaseDepthController: 	mBaseSurface: null
08-28 18:23:21.862  3502  3502 D BaseDepthController: mSurface is null and mCurrentBlur is: 0
08-28 18:23:21.867  3502  3502 D StateManager: goToState - fromState: Normal, toState: Normal, partial trace:
08-28 18:23:21.867  3502  3502 D StateManager: 	at com.android.launcher3.statemanager.StateManager.moveToRestState(go/retraceme 72a59688580715d19f0e415c69e80376c2f062d1648c80db6730905005a27c20:4)
08-28 18:23:21.867  3502  3502 D StateManager: 	at com.android.launcher3.statemanager.StateManager.moveToRestState(go/retraceme 72a59688580715d19f0e415c69e80376c2f062d1648c80db6730905005a27c20:1)
08-28 18:23:21.867  3502  3502 D StateManager: 	at com.android.launcher3.statemanager.StatefulActivity.onStop(go/retraceme 72a59688580715d19f0e415c69e80376c2f062d1648c80db6730905005a27c20:34)
08-28 18:23:21.867  3502  3502 D StatsLog: LAUNCHER_ONSTOP
08-28 18:23:21.868  3502  8464 D GmsPlayProvider: Forcefully shut down the binder channel
08-28 18:23:21.868  3502  3502 D StatsLog: LAUNCHER_GOOGLE_SEARCH_RESTORE_LIST_SIZE_AFTER_ACTIVITY_RESTART
08-28 18:23:21.874  2387  3238 D BackgroundInstallControlService: Package event received: 0
08-28 18:23:21.993  3291 23019 D RingtonePlayer: playAsync(uri=content://settings/system/notification_sound, user=UserHandle{0})
08-28 18:23:21.993  2387  2387 D FlashNotifController: requestStartFlashNotification
08-28 18:23:21.993  2387  2387 I FlashNotifController: startFlashNotification: type=1, tag=android
08-28 18:23:21.993  2387  2387 D FlashNotifController: Flash notification is disabled
08-28 18:23:21.996  3291 23019 D RingtonePlayer: play uri=content://settings/system/notification_sound
08-28 18:23:21.998  3291  2807 D RingtonePlayer: RemoveFirst
08-28 18:23:21.998  3291  2807 D RingtonePlayer: PLAY
08-28 18:23:21.998  3291  2807 D RingtonePlayer: startSound()
08-28 18:23:22.000  2387  3238 D BackgroundInstallControlService: Package event received: 0
08-28 18:23:22.000  3291  2809 D RingtonePlayer: in run: new looper Looper (Thread-14, tid 168) {135f2df}
08-28 18:23:22.007  3502  3502 I NotificationListener: received notification removed event - android#UserHandle{0},category=-1
08-28 18:23:22.010  2117 14751 W ServiceManagerCppClient: Waited one second for stats (is service started? Number of threads started in the threadpool: 17. Are binder threads started and available?)
08-28 18:23:22.012  3291  2809 W MediaPlayer: Error setting data source via ContentResolver
08-28 18:23:22.012  3291  2809 W MediaPlayer: java.io.FileNotFoundException: open failed: ENOENT (No such file or directory)
08-28 18:23:22.012  3291  2809 W MediaPlayer: 	at android.database.DatabaseUtils.readExceptionWithFileNotFoundExceptionFromParcel(DatabaseUtils.java:162)
08-28 18:23:22.012  3291  2809 W MediaPlayer: 	at android.content.ContentProviderProxy.openTypedAssetFile(ContentProviderNative.java:814)
08-28 18:23:22.012  3291  2809 W MediaPlayer: 	at android.content.ContentResolver.openTypedAssetFileDescriptor(ContentResolver.java:2045)
08-28 18:23:22.012  3291  2809 W MediaPlayer: 	at android.content.ContentResolver.openAssetFileDescriptor(ContentResolver.java:1860)
08-28 18:23:22.012  3291  2809 W MediaPlayer: 	at android.content.ContentResolver.openAssetFileDescriptor(ContentResolver.java:1775)
08-28 18:23:22.012  3291  2809 W MediaPlayer: 	at android.media.MediaPlayer.attemptDataSource(MediaPlayer.java:1156)
08-28 18:23:22.012  3291  2809 W MediaPlayer: 	at android.media.MediaPlayer.setDataSource(MediaPlayer.java:1113)
08-28 18:23:22.012  3291  2809 W MediaPlayer: 	at android.media.MediaPlayer.setDataSource(MediaPlayer.java:1050)
08-28 18:23:22.012  3291  2809 W MediaPlayer: 	at com.android.systemui.media.NotificationPlayer$CreationAndCompletionThread.run(go/retraceme df0f22695a77fcf4e53329f7e0db9557dd30d637b7bcd47f272f7060c1ec50db:107)
08-28 18:23:22.012   682  2814 W libc    : Unable to set property "ctl.interface_start" to "aidl/stats": PROP_ERROR_HANDLE_CONTROL_MESSAGE (0x20)
08-28 18:23:22.012  5589  6817 I AiAiEcho: SmartspaceNotificationPredictor no parser can handle this notification or notification is invalid
08-28 18:23:22.018  5552 27306 V Configuration: Updating configuration, locales updated from [en_US_#u-mu-celsius] to [en_US]
08-28 18:23:22.021  5552 27306 D MediaProvider: Open with FUSE. FilePath: /storage/emulated/0/Android/media/com.google.android.soundpicker/Notifications/sound_picker_track_333.ogg. Uid: 10555. Media Capabilities Uid: 0. ShouldRedact: false. ShouldTranscode: false
08-28 18:23:22.026  2119 23773 D NuPlayerDriver: NuPlayerDriver(0xeff81690) created, clientPid(3291)
08-28 18:23:22.027   683   683 I hwservicemanager: getTransport: Cannot find entry android.hardware.media.omx@1.0::IOmx/default in either framework or device VINTF manifest.
08-28 18:23:22.027  2119 23773 D MediaPlayerService: OMX service is not available
08-28 18:23:22.037  2119  2820 D GenericSource: FileSource remote
08-28 18:23:22.046  3291  2809 D RingtonePlayer: requesting AudioFocus
08-28 18:23:22.048  2387  3411 I MediaFocusControl: requestAudioFocus() from uid/pid 10555/3291 AA=USAGE_NOTIFICATION/CONTENT_TYPE_SONIFICATION clientId=android.media.AudioManager@664cbf callingPack=com.android.systemui req=3 flags=0x0 sdk=36
08-28 18:23:22.049  2387  3411 I AS.FadeOutManager: unfadeOutUid() uid:10555
08-28 18:23:22.049  3291  2809 D RingtonePlayer: notification will be delayed by 500ms
08-28 18:23:22.092  3291  3291 W TouchableRegionManager: onHeadsUpPinnedModeChanged
08-28 18:23:22.129  3291  3291 D DeviceEntryIconViewBinder: Initializing device entry fgIconView
08-28 18:23:22.134  2387  3838 D SystemServerTiming: getUserSwitchability-0
08-28 18:23:22.134  2387  3838 D SystemServerTiming: TM.isInCall
08-28 18:23:22.134  2387  3838 D SystemServerTiming: hasUserRestriction-DISALLOW_USER_SWITCH
08-28 18:23:22.134  2387  3838 D SystemServerTiming: getInt-ALLOW_USER_SWITCHING_WHEN_SYSTEM_USER_LOCKED
08-28 18:23:22.134  2387  3838 D SystemServerTiming: isUserUnlocked-USER_SYSTEM
08-28 18:23:22.134  2387  4189 D SystemServerTiming: getUserSwitchability-0
08-28 18:23:22.134  2387  4189 D SystemServerTiming: TM.isInCall
08-28 18:23:22.135  2387  4189 D SystemServerTiming: hasUserRestriction-DISALLOW_USER_SWITCH
08-28 18:23:22.135  2387  4189 D SystemServerTiming: getInt-ALLOW_USER_SWITCHING_WHEN_SYSTEM_USER_LOCKED
08-28 18:23:22.135  2387  4189 D SystemServerTiming: isUserUnlocked-USER_SYSTEM
08-28 18:23:22.136  3291  3291 D BiometricsRepositoryImpl: currentUser authFlags changed, new value: AuthenticationFlags(userId=0, flag=0)
08-28 18:23:22.136  3291  3291 D BiometricsRepositoryImpl: currentUser authFlags changed, new value: AuthenticationFlags(userId=0, flag=0)
08-28 18:23:22.136  3291  3291 D BiometricsRepositoryImpl: currentUser authFlags changed, new value: AuthenticationFlags(userId=0, flag=0)
08-28 18:23:22.136  3291  3291 D BiometricsRepositoryImpl: currentUser authFlags changed, new value: AuthenticationFlags(userId=0, flag=0)
08-28 18:23:22.137  3291  3291 D BiometricsRepositoryImpl: currentUser authFlags changed, new value: AuthenticationFlags(userId=0, flag=0)
08-28 18:23:22.144  3291  3291 D BiometricsRepositoryImpl: currentUser authFlags changed, new value: AuthenticationFlags(userId=0, flag=0)
08-28 18:23:22.235  3291  3291 D DeviceEntryIconViewBinder: Updating device entry icon image state ForegroundIconViewModel(type=UNLOCK, useAodVariant=false, tint=-1907998, padding=71)
08-28 18:23:22.350 32557 32670 W RealtimeClientManager: Channel state: MqttChannelState{mConnectionState=CONNECTING, mDisconnectionReason=null, mLastConnectionMs=0, mLastDisconnectMs=1419724}
08-28 18:23:22.551  2119  2819 I GenericSource: start
08-28 18:23:22.552  3291  2809 D RingtonePlayer: player.start piid:455
08-28 18:23:22.553  3291  3291 D MediaRouter: onRestoreRoute() : route=RouteInfo{ name=Phone, description=null, status=null, category=RouteCategory{ name=System types=ROUTE_TYPE_LIVE_AUDIO ROUTE_TYPE_LIVE_VIDEO  groupable=false }, supportedTypes=ROUTE_TYPE_LIVE_AUDIO ROUTE_TYPE_LIVE_VIDEO , presentationDisplay=null }
08-28 18:23:22.553  3291  3291 V MediaRouter: Selecting route: RouteInfo{ name=Phone, description=null, status=null, category=RouteCategory{ name=System types=ROUTE_TYPE_LIVE_AUDIO ROUTE_TYPE_LIVE_VIDEO  groupable=false }, supportedTypes=ROUTE_TYPE_LIVE_AUDIO ROUTE_TYPE_LIVE_VIDEO , presentationDisplay=null }
08-28 18:23:22.556  1491 25131 D DlbDlbEffect: handle_EFFECT_CMD_SET_PARAM()
08-28 18:23:22.557  1491 25131 D DlbDlbEffect: handle_EFFECT_CMD_SET_PARAM()
08-28 18:23:22.557  1570  1588 V DolbyManagerService: doOnDapParamUpdate() entry
08-28 18:23:22.557  1491 25131 D DlbDapEffectContext: onDapParamUpdate()
08-28 18:23:22.558  1491 25131 D DlbDapEffectContext: onDapParamUpdate()
08-28 18:23:22.558  1570  1588 V DolbyManagerService: doOnDapParamUpdate() exit
08-28 18:23:22.559  2119  2830 D CCodec  : allocate(c2.android.vorbis.decoder)
08-28 18:23:22.562  2119  2830 I CCodec  : setting up 'default' as default (vendor) store
08-28 18:23:22.564  2119 19438 D BufferPoolAccessor2.0: bufferpool2 0xeb6c2428 : 0(0 size) total buffers - 0(0 size) used buffers - 85/97 (recycle/alloc) - 16/190 (fetch/transfer)
08-28 18:23:22.565  2119 19437 D BufferPoolAccessor2.0: bufferpool2 0xeb6c2788 : 0(0 size) total buffers - 0(0 size) used buffers - 37/45 (recycle/alloc) - 8/86 (fetch/transfer)
08-28 18:23:22.565  2156  3729 D BufferPoolAccessor2.0: bufferpool2 0xb40000788ae27d78 : 0(0 size) total buffers - 0(0 size) used buffers - 0/0 (recycle/alloc) - 0/0 (fetch/transfer)
08-28 18:23:22.565  2156  3729 D BufferPoolAccessor2.0: bufferpool2 0xb40000788ae29248 : 0(0 size) total buffers - 0(0 size) used buffers - 11/15 (recycle/alloc) - 4/14 (fetch/transfer)
08-28 18:23:22.565  2156  3729 D BufferPoolAccessor2.0: bufferpool2 0xb40000788ae2b058 : 0(0 size) total buffers - 0(0 size) used buffers - 0/0 (recycle/alloc) - 0/0 (fetch/transfer)
08-28 18:23:22.565  2119 19392 D BufferPoolAccessor2.0: bufferpool2 0xeb6c0808 : 0(0 size) total buffers - 0(0 size) used buffers - 90/98 (recycle/alloc) - 8/190 (fetch/transfer)
08-28 18:23:22.565  2119 19438 D BufferPoolAccessor2.0: Destruction - bufferpool2 0xeb6c2428 cached: 0/0M, 0/0% in use; allocs: 97, 88% recycled; transfers: 190, 92% unfetched
08-28 18:23:22.565  2119 19392 D BufferPoolAccessor2.0: Destruction - bufferpool2 0xeb6c0808 cached: 0/0M, 0/0% in use; allocs: 98, 92% recycled; transfers: 190, 96% unfetched
08-28 18:23:22.565  2119 19437 D BufferPoolAccessor2.0: Destruction - bufferpool2 0xeb6c2788 cached: 0/0M, 0/0% in use; allocs: 45, 82% recycled; transfers: 86, 91% unfetched
08-28 18:23:22.566  2119  2830 I CCodec  : Created component [c2.android.vorbis.decoder] for [c2.android.vorbis.decoder]
08-28 18:23:22.566  2119  2830 D CCodecConfig: read media type: audio/vorbis
08-28 18:23:22.568  2119  2830 D ReflectedParamUpdater: extent() != 1 for single value type: algo.buffers.max-count.values
08-28 18:23:22.569  2119  2830 D ReflectedParamUpdater: extent() != 1 for single value type: output.subscribed-indices.values
08-28 18:23:22.569  2119  2830 D ReflectedParamUpdater: extent() != 1 for single value type: input.buffers.allocator-ids.values
08-28 18:23:22.569  2119  2830 D ReflectedParamUpdater: extent() != 1 for single value type: output.buffers.allocator-ids.values
08-28 18:23:22.569  2119  2830 D ReflectedParamUpdater: extent() != 1 for single value type: algo.buffers.allocator-ids.values
08-28 18:23:22.569  2119  2830 D ReflectedParamUpdater: extent() != 1 for single value type: output.buffers.pool-ids.values
08-28 18:23:22.569  2119  2830 D ReflectedParamUpdater: extent() != 1 for single value type: algo.buffers.pool-ids.values
08-28 18:23:22.571  2119  2830 I CCodecConfig: query failed after returning 8 values (BAD_INDEX)
08-28 18:23:22.571  2119  2830 D CCodecConfig: c2 config diff is Dict {
08-28 18:23:22.571  2119  2830 D CCodecConfig:   c2::u32 coded.bitrate.value = 64000
08-28 18:23:22.571  2119  2830 D CCodecConfig:   c2::u32 input.buffers.max-size.value = 32768
08-28 18:23:22.571  2119  2830 D CCodecConfig:   c2::u32 input.delay.value = 0
08-28 18:23:22.571  2119  2830 D CCodecConfig:   string input.media-type.value = "audio/vorbis"
08-28 18:23:22.571  2119  2830 D CCodecConfig:   c2::u32 output.large-frame.max-size = 0
08-28 18:23:22.571  2119  2830 D CCodecConfig:   c2::u32 output.large-frame.threshold-size = 0
08-28 18:23:22.571  2119  2830 D CCodecConfig:   string output.media-type.value = "audio/raw"
08-28 18:23:22.571  2119  2830 D CCodecConfig:   c2::u32 raw.channel-count.value = 1
08-28 18:23:22.571  2119  2830 D CCodecConfig:   c2::u32 raw.sample-rate.value = 48000
08-28 18:23:22.571  2119  2830 D CCodecConfig: }
08-28 18:23:22.573  2119  2829 E MediaCodec: Media Quality Service not found.
08-28 18:23:22.573  2119  2830 D CCodec  : [c2.android.vorbis.decoder] buffers are bound to CCodec for this session
08-28 18:23:22.573  2119  2830 D CCodecConfig: no c2 equivalents for durationUs
08-28 18:23:22.573  2119  2830 D CCodecConfig: no c2 equivalents for csd-1
08-28 18:23:22.573  2119  2830 D CCodecConfig: no c2 equivalents for flags
08-28 18:23:22.574  2119  2830 D CCodecConfig: c2 config diff is   c2::u32 coded.bitrate.value = 120000
08-28 18:23:22.575  2119  2830 W Codec2Client: query -- param skipped: index = 1107298332.
08-28 18:23:22.575  2119  2830 D CCodec  : encoding statistics level = 0
08-28 18:23:22.575  2119  2830 D CCodec  : setup formats input: AMessage(what = 0x00000000) = {
08-28 18:23:22.575  2119  2830 D CCodec  :   int32_t bitrate = 120000
08-28 18:23:22.575  2119  2830 D CCodec  :   int32_t channel-count = 1
08-28 18:23:22.575  2119  2830 D CCodec  :   int32_t max-input-size = 32768
08-28 18:23:22.575  2119  2830 D CCodec  :   string mime = "audio/vorbis"
08-28 18:23:22.575  2119  2830 D CCodec  :   int32_t sample-rate = 48000
08-28 18:23:22.575  2119  2830 D CCodec  : }
08-28 18:23:22.575  2119  2830 D CCodec  : setup formats output: AMessage(what = 0x00000000) = {
08-28 18:23:22.575  2119  2830 D CCodec  :   int32_t buffer-batch-max-output-size = 0
08-28 18:23:22.575  2119  2830 D CCodec  :   int32_t buffer-batch-threshold-output-size = 0
08-28 18:23:22.575  2119  2830 D CCodec  :   int32_t channel-count = 1
08-28 18:23:22.575  2119  2830 D CCodec  :   string mime = "audio/raw"
08-28 18:23:22.575  2119  2830 D CCodec  :   int32_t sample-rate = 48000
08-28 18:23:22.575  2119  2830 D CCodec  :   int32_t channel-mask = 1
08-28 18:23:22.575  2119  2830 D CCodec  :   int32_t android._config-pcm-encoding = 2
08-28 18:23:22.575  2119  2830 D CCodec  : }
08-28 18:23:22.575  2119  2830 I CCodecConfig: query failed after returning 8 values (BAD_INDEX)
08-28 18:23:22.575  2119  2830 I MediaCodec: MediaCodec will operate in async mode
08-28 18:23:22.576  2119  2829 D MediaCodec: keep callback message for reclaim
08-28 18:23:22.577  2387  3238 D BackgroundInstallControlService: Package event received: 0
08-28 18:23:22.578  2119  2830 W Codec2Client: query -- param skipped: index = 1342179345.
08-28 18:23:22.578  2119  2830 W Codec2Client: query -- param skipped: index = 2415921170.
08-28 18:23:22.579  2119  2830 D BufferPoolAccessor2.0: bufferpool2 0xeb6c1c48 : 4(131072 size) total buffers - 4(131072 size) used buffers - 11/19 (recycle/alloc) - 8/34 (fetch/transfer)
08-28 18:23:22.579  2156  3729 D BufferPoolAccessor2.0: bufferpool2 0xb40000788ae2a968 : 0(0 size) total buffers - 0(0 size) used buffers - 86/93 (recycle/alloc) - 7/92 (fetch/transfer)
08-28 18:23:22.579  2156  3729 D BufferPoolAccessor2.0: Destruction - bufferpool2 0xb40000788ae2a968 cached: 0/0M, 0/0% in use; allocs: 93, 92% recycled; transfers: 92, 92% unfetched
08-28 18:23:22.580  2119  2830 D CCodecBufferChannel: [c2.android.vorbis.decoder#287] Created input block pool with allocatorID 16 => poolID 29 - OK (0)
08-28 18:23:22.580  2156  3726 D BufferPoolAccessor2.0: bufferpool2 0xb40000788ae1ee18 : 0(0 size) total buffers - 0(0 size) used buffers - 37/41 (recycle/alloc) - 4/40 (fetch/transfer)
08-28 18:23:22.580  2156  3726 D BufferPoolAccessor2.0: Destruction - bufferpool2 0xb40000788ae1ee18 cached: 0/0M, 0/0% in use; allocs: 41, 90% recycled; transfers: 40, 90% unfetched
08-28 18:23:22.582  2156  3332 D BufferPoolAccessor2.0: bufferpool2 0xb40000788ae2c088 : 0(0 size) total buffers - 0(0 size) used buffers - 89/93 (recycle/alloc) - 4/92 (fetch/transfer)
08-28 18:23:22.582  2156  3332 D BufferPoolAccessor2.0: Destruction - bufferpool2 0xb40000788ae2c088 cached: 0/0M, 0/0% in use; allocs: 93, 96% recycled; transfers: 92, 96% unfetched
08-28 18:23:22.583  2119  2830 I CCodecBufferChannel: [c2.android.vorbis.decoder#287] Created output block pool with allocatorID 16 => poolID 75 - OK
08-28 18:23:22.583  2119  2830 D CCodecBufferChannel: [c2.android.vorbis.decoder#287] Configured output block pool ids 75 => OK
08-28 18:23:22.583  2156  2703 E Codec2-ComponentInterface: We have a failed config
08-28 18:23:22.585  2156  2831 D SimpleC2Component: Using output block pool with poolID 75 => got 75 - 0
08-28 18:23:22.596  1595  3203 D AudioFlinger: Client defaulted notificationFrames to 12000 for frameCount 24000
08-28 18:23:22.596  1595  3203 I AF::PthrPatchRecord: creating track with enforcement level 0
08-28 18:23:22.608  1491 24239 I EffectsFactory: EffectCreate() create_effect
08-28 18:23:22.611  1491  1491 E volume_listener: check_and_set_gain_dep_cal: Failed to set gain dep cal level
08-28 18:23:22.611  1491  5555 D audio_hw_primary: start_output_stream: enter: stream(0xe8ac0010)usecase(12: audio-ull-playback) devices(0x2) is_haptic_usecase(0)
08-28 18:23:22.612  1491  5555 D audio_hw_primary: select_devices for use case (audio-ull-playback in:0 out:0 device:0x2)
08-28 18:23:22.612  1491  5555 D msm8974_platform: platform_get_output_snd_device: enter: output devices(0x2)
08-28 18:23:22.612  1491  5555 D ultrasound_extn: ultrasound_select_devices_pre ultrasound_enabled:0 usecase(audio-ull-playback), devices:2 in_snd_device(0, ), out_snd_device(2, speaker)
08-28 18:23:22.612  1491  5555 D ultrasound_extn: dump_usecase_list: start ======================================
08-28 18:23:22.612  1491  5555 D ultrasound_extn: dump_usecase_list: enter sensor_activated:0 hw_port_enabled:0 suspended:0
08-28 18:23:22.612  1491  5555 D ultrasound_extn: dump_usecase_list: select_devices_pre usecase[#0]:(12, audio-ull-playback) in_dev:(0, ) out_dv:(0, )
08-28 18:23:22.612  1491  5555 D ultrasound_extn: dump_usecase_list: end ======================================
08-28 18:23:22.612  1491  5555 I msm8974_platform: platform_check_and_set_codec_backend_cfg:becf: afe: bitwidth 16, samplerate 48000 channels 2, backend_idx 4 usecase = 12 device (speaker)
08-28 18:23:22.612  1491  5555 I msm8974_platform: platform_check_and_set_codec_backend_cfg: new_snd_devices[0] is 2
08-28 18:23:22.612  1491  5555 I msm8974_platform: platform_check_codec_backend_cfg:becf: afe: bitwidth 16, samplerate 48000 channels 2, backend_idx 4 usecase = 12 device (speaker)
08-28 18:23:22.613  2119 23773 D MediaPlayerService: onAudioDeviceUpdate deviceIds: 3
08-28 18:23:22.615  1491  5555 D msm8974_platform: platform_check_codec_backend_cfg:becf: updated afe: bitwidth 16, samplerate 48000 channels 2,backend_idx 4 usecase = 12 device (speaker)
08-28 18:23:22.615  1491  5555 D msm8974_platform: platform_check_codec_backend_cfg:becf: afe: set BE sample 96000, bit_width 24, channels 2 for TDM_RX_0
08-28 18:23:22.615  1491  5555 I msm8974_platform: platform_check_codec_backend_cfg:becf: afe: Codec selected backend: 4 updated bit width: 24 and sample rate: 96000
08-28 18:23:22.615  1491  5555 D audio_hw_primary: check_usecases_codec_backend:becf: force routing 0
08-28 18:23:22.615  1491  5555 E msm8974_platform: platform_check_backends_match: Invalid snd_device2 = 
08-28 18:23:22.615  1491  5555 D audio_hw_primary: check_usecases_codec_backend:becf: (107) check_usecases curr device: speaker, usecase device: backends match 0
08-28 18:23:22.615  1491  5555 D audio_hw_primary: @@: usecase[0xecd42b30]=audio-ull-playback, uc_info[0xecd42b30]=audio-ull-playback
08-28 18:23:22.615  1491  5555 D audio_hw_primary: check_usecases_codec_backend:becf: check_usecases num.of Usecases to switch 0
08-28 18:23:22.615  1491  5555 D hardware_info: hw_info_append_hw_type : device_name = speaker
08-28 18:23:22.615  1491  5555 D audio_hw_primary: enable_snd_device: snd_device(2: speaker)[SND_DEVICE_OUT_SPEAKER]
08-28 18:23:22.615  1491  5555 D msm8974_platform: platform_get_island_cfg_on_device:island cfg status on snd_device = (speaker 0)
08-28 18:23:22.615  1491  5555 I soundtrigger: audio_extn_sound_trigger_update_device_status: device 0x2 of type 0 for Event 1, with Raise=0
08-28 18:23:22.615  1491  5555 D audio_route: Apply path: speaker
08-28 18:23:22.617  1491 24239 D DlbDlbEffect: handle_EFFECT_CMD_SET_PARAM()
08-28 18:23:22.618  1570  1588 V DolbyManagerService: doOnDapParamUpdate() entry
08-28 18:23:22.618  1491  1491 D DlbDapEffectContext: onDapParamUpdate()
08-28 18:23:22.619  1491 24239 D DlbDlbEffect: handle_EFFECT_CMD_SET_PARAM()
08-28 18:23:22.619  1491  1491 D DlbDapEffectContext: onDapParamUpdate()
08-28 18:23:22.619  1570  1588 V DolbyManagerService: doOnDapParamUpdate() exit
08-28 18:23:22.620  1491  1491 D DlbDlbEffect: handle_EFFECT_CMD_SET_PARAM()
08-28 18:23:22.620  1491  1491 D DlbDlbEffect: handle_EFFECT_CMD_SET_PARAM()
08-28 18:23:22.620  1570  1588 V DolbyManagerService: doOnDapParamUpdate() entry
08-28 18:23:22.620  1491 24239 D DlbDapEffectContext: onDapParamUpdate()
08-28 18:23:22.621  1491 24239 D DlbDapEffectContext: onDapParamUpdate()
08-28 18:23:22.621  1570  1588 V DolbyManagerService: doOnDapParamUpdate() exit
08-28 18:23:22.636  1491  5555 D soundtrigger: audio_extn_sound_trigger_update_stream_status: uc_info->id 12 of type 0 for Event 3, with Raise=0
08-28 18:23:22.636  1491  5555 D audio_hw_utils: audio_extn_utils_send_app_type_cfg: usecase->out_snd_device speaker
08-28 18:23:22.636  1491  5555 I audio_hw_utils: ULL doesnt need sending app type cfg, returning
08-28 18:23:22.636  1491  5555 D DlbQdspGefDriver: eventCallback(): audio device 0x00000002 (sample rate 48000, channelMask 0x00000003, ACDB device id 15, app type 0x11137) becomes active!
08-28 18:23:22.636  1491  5555 D DlbQdspGefDriver: eventCallback(): Ignore values with unexpected app type 0x11137
08-28 18:23:22.636  1491  5555 D ACDB-LOADER: ACDB -> send_audio_cal, acdb_id = 15, path = 0, app id = 0x11137, sample rate = 48000, use_case = 0,buffer_idx_w_path =0, afe_sample_rate = 96000, cal_mode = 1, offset_index = 0
08-28 18:23:22.636  1491  5555 D ACDB-LOADER: ACDB -> send_asm_topology
08-28 18:23:22.636  1491  5555 D ACDB-LOADER: ACDB -> ACDB_CMD_GET_AUDPROC_STREAM_TOPOLOGY_ID
08-28 18:23:22.636  1491  5555 D ACDB-LOADER: ACDB -> send_adm_topology
08-28 18:23:22.636  1491  5555 D ACDB-LOADER: ACDB -> ACDB_CMD_GET_AUDPROC_COMMON_TOPOLOGY_ID
08-28 18:23:22.636  1491  5555 D ACDB-LOADER: ACDB -> send_audtable
08-28 18:23:22.636  1491  5555 D ACDB-LOADER: ACDB -> ACDB_CMD_GET_AUDPROC_INSTANCE_COMMON_TABLE_SIZE
08-28 18:23:22.636  1491  5555 D ACDB-LOADER: ACDB -> ACDB_CMD_GET_AUDPROC_INSTANCE_COMMON_TABLE
08-28 18:23:22.636  1491  5555 D ACDB-LOADER: ACDB -> AUDIO_SET_AUDPROC_CAL cal_type[11] acdb_id[15] app_type[69943]
08-28 18:23:22.636  1491  5555 D ACDB-LOADER: ACDB -> send_audvoltable
08-28 18:23:22.636  1491  5555 D ACDB-LOADER: ACDB -> ACDB_CMD_GET_AUDPROC_INSTANCE_GAIN_DEP_STEP_TABLE_SIZE
08-28 18:23:22.636  1491  5555 D android.hardware.audio.service: Failed to fetch the lookup information of the device 0000000F 
08-28 18:23:22.636  1491  5555 D ACDB-LOADER: Error: ACDB_CMD_GET_AUDPROC_INSTANCE_GAIN_DEP_STEP_TABLE_SIZE Returned = -19
08-28 18:23:22.636  1491  5555 D ACDB-LOADER: ACDB -> ACDB_CMD_GET_AUDPROC_INSTANCE_GAIN_DEP_STEP_TABLE, vol index 0
08-28 18:23:22.636  1491  5555 D android.hardware.audio.service: Failed to fetch the lookup information of the device 0000000F 
08-28 18:23:22.636  1491  5555 D ACDB-LOADER: Error: ACDB AudProc vol returned = -19
08-28 18:23:22.636  1491  5555 D ACDB-LOADER: ACDB -> AUDIO_SET_VOL_CAL cal type = 12
08-28 18:23:22.636  1491  5555 D ACDB-LOADER: ACDB -> ACDB_CMD_GET_AUDPROC_INSTANCE_STREAM_TABLE_SIZE
08-28 18:23:22.636  1491  5555 D ACDB-LOADER: ACDB -> send_audstrmtable
08-28 18:23:22.636  1491  5555 D ACDB-LOADER: ACDB -> ACDB_CMD_GET_AUDPROC_INSTANCE_STREAM_TABLE
08-28 18:23:22.636  1491  5555 D ACDB-LOADER: ACDB -> audstrm_cal->cal_type.cal_data.cal_size = 20
08-28 18:23:22.636  1491  5555 D ACDB-LOADER: ACDB -> send_afe_topology
08-28 18:23:22.636  1491  5555 D ACDB-LOADER: ACDB -> ACDB_CMD_GET_AFE_TOPOLOGY_ID
08-28 18:23:22.636  1491  5555 D ACDB-LOADER: ACDB -> GET_AFE_TOPOLOGY_ID for adcd_id 15, Topology Id 112fc
08-28 18:23:22.636  1491  5555 D ACDB-LOADER: ACDB -> send_afe_cal
08-28 18:23:22.636  1491  5555 D ACDB-LOADER: ACDB -> ACDB_CMD_GET_AFE_INSTANCE_COMMON_TABLE_SIZE
08-28 18:23:22.636  1491  5555 D android.hardware.audio.service: Failed to fetch the lookup information of the device 0000000F 
08-28 18:23:22.636  1491  5555 D ACDB-LOADER: Error: ACDB_CMD_GET_AFE_INSTANCE_COMMON_TABLE_SIZE Returned = -19
08-28 18:23:22.636  1491  5555 D ACDB-LOADER: ACDB -> ACDB_CMD_GET_AFE_INSTANCE_COMMON_TABLE
08-28 18:23:22.636  1491  5555 D android.hardware.audio.service: Failed to fetch the lookup information of the device 0000000F 
08-28 18:23:22.636  1491  5555 D ACDB-LOADER: Error: ACDB AFE returned = -19
08-28 18:23:22.636  1491  5555 D ACDB-LOADER: ACDB -> AUDIO_SET_AFE_CAL cal_type[16] acdb_id[15]
08-28 18:23:22.636  1491  5555 D ACDB-LOADER: ACDB -> send_hw_delay : acdb_id = 15 path = 0
08-28 18:23:22.636  1491  5555 D ACDB-LOADER: ACDB -> ACDB_AVSYNC_INFO: ACDB_CMD_GET_DEVICE_PROPERTY
08-28 18:23:22.636  1491  5555 D audio_hw_primary: enable_audio_route: apply mixer and update path: audio-ull-playback speaker
08-28 18:23:22.636  1491  5555 D audio_route: Apply path: audio-ull-playback speaker
08-28 18:23:22.637  1491  5555 D audio_hw_primary: [force reset] create audio-ull-playback speaker 1
08-28 18:23:22.637  1491  5555 D ultrasound_extn: ultrasound_select_devices_post: enter: engine_suspended: 0
08-28 18:23:22.637  1491  5555 D ultrasound_extn: dump_usecase_list: start ======================================
08-28 18:23:22.637  1491  5555 D ultrasound_extn: dump_usecase_list: enter sensor_activated:0 hw_port_enabled:0 suspended:0
08-28 18:23:22.637  1491  5555 D ultrasound_extn: dump_usecase_list: select_devices_post usecase[#0]:(12, audio-ull-playback) in_dev:(0, ) out_dv:(2, speaker)
08-28 18:23:22.638  1491  5555 D ultrasound_extn: dump_usecase_list: TERT_TDM_RX_0 SampleRate		 KHZ_96
08-28 18:23:22.638  1491  5555 D ultrasound_extn: dump_usecase_list: TERT_TDM_RX_0 Format		 S24_LE
08-28 18:23:22.639  1491  5555 D ultrasound_extn: dump_usecase_list: TERT_TDM_RX_0 Channels		 Two
08-28 18:23:22.639  1491  5555 D ultrasound_extn: dump_usecase_list: TERT_TDM_RX_1 SampleRate		 KHZ_96
08-28 18:23:22.640  1491  5555 D ultrasound_extn: dump_usecase_list: TERT_TDM_RX_1 Format		 S24_LE
08-28 18:23:22.640  1491  5555 D ultrasound_extn: dump_usecase_list: TERT_TDM_RX_1 Channels		 One
08-28 18:23:22.640  1491  5555 D ultrasound_extn: dump_usecase_list: end ======================================
08-28 18:23:22.640  1491  5555 D audio_hw_primary: select_devices: done
08-28 18:23:22.640  1491  5555 D msm8974_platform: platform_set_channel_map mixer_ctl_name:Playback Channel Map13
08-28 18:23:22.640  1491  5555 D msm8974_platform: platform_set_channel_map: set mapping(1 2 0 0 0 0 0 0) for channel:2
08-28 18:23:22.640  1491  5555 E msm8974_platform: platform_set_channel_map: Could not set ctl, error:-22 ch_count:2
08-28 18:23:22.683  1599  1692 W ServiceManagerCppClient: Waited one second for stats (is service started? Number of threads started in the threadpool: 6. Are binder threads started and available?)
08-28 18:23:22.683  2387  3412 W ServiceManagerCppClient: Waited one second for stats (is service started? Number of threads started in the threadpool: 32. Are binder threads started and available?)
08-28 18:23:22.686   682  2833 W libc    : Unable to set property "ctl.interface_start" to "aidl/stats": PROP_ERROR_HANDLE_CONTROL_MESSAGE (0x20)
08-28 18:23:22.686   682  2834 W libc    : Unable to set property "ctl.interface_start" to "aidl/stats": PROP_ERROR_HANDLE_CONTROL_MESSAGE (0x20)
08-28 18:23:22.689  1491  5555 D audio_hw_primary: start_output_stream: exit
08-28 18:23:22.689  1491  5555 V msm8974_platform: platform_set_parameters: enter: cal_persist=0;cal_devid=2;cal_moduleid=0x1000a100;cal_caltype=0;cal_instanceid=0x0;cal_apptype=69940;cal_paramid=0x1000a114;cal_topoid=0x1000a100;cal_samplerate=48000;cal_data=CAAAAA==
08-28 18:23:22.689  1491  5555 D msm8974_platform: platform_get_output_snd_device: enter: output devices(0x2)
08-28 18:23:22.689  1491  5555 D msm8974_platform: Setting audio calibration for snd_device(2) acdb_id(15)
08-28 18:23:22.690  1491  5555 E ACDB-LOADER: [acdb_loader_adsp_set_audio_cal] active device/stream not found (result=-100) for topology 0x1000a100 and apptype 0x11134
08-28 18:23:22.690  1491  5555 E ACDB-LOADER: [acdb_loader_adsp_set_audio_cal] set parameters failed with status -100
08-28 18:23:22.690  1491  5555 D msm8974_platform: platform_set_parameters: exit with code(0)
08-28 18:23:22.690  1491  5555 D adsp_utils: set_channel_reverse mode: 0
08-28 18:23:22.690  1491  5555 V msm8974_platform: platform_set_parameters: enter: cal_persist=0;cal_devid=2;cal_moduleid=0x1000a100;cal_caltype=0;cal_instanceid=0x0;cal_apptype=69940;cal_paramid=0x1000a110;cal_topoid=0x1000a106;cal_samplerate=48000;cal_data=AAAAAA==
08-28 18:23:22.690  1491  5555 D msm8974_platform: platform_get_output_snd_device: enter: output devices(0x2)
08-28 18:23:22.690  1491  5555 D msm8974_platform: Setting audio calibration for snd_device(2) acdb_id(15)
08-28 18:23:22.690  1491  5555 E ACDB-LOADER: [acdb_loader_adsp_set_audio_cal] active device/stream not found (result=-100) for topology 0x1000a106 and apptype 0x11134
08-28 18:23:22.690  1491  5555 E ACDB-LOADER: [acdb_loader_adsp_set_audio_cal] set parameters failed with status -100
08-28 18:23:22.690  1491  5555 D msm8974_platform: platform_set_parameters: exit with code(0)
08-28 18:23:22.690  1491  5555 V msm8974_platform: platform_set_parameters: enter: cal_persist=0;cal_devid=2;cal_moduleid=0x1000a100;cal_caltype=0;cal_instanceid=0x0;cal_apptype=69940;cal_paramid=0x1000a110;cal_topoid=0x1000a100;cal_samplerate=48000;cal_data=AAAAAA==
08-28 18:23:22.690  1491  5555 D msm8974_platform: platform_get_output_snd_device: enter: output devices(0x2)
08-28 18:23:22.690  1491  5555 D msm8974_platform: Setting audio calibration for snd_device(2) acdb_id(15)
08-28 18:23:22.690  1491  5555 E ACDB-LOADER: [acdb_loader_adsp_set_audio_cal] active device/stream not found (result=-100) for topology 0x1000a100 and apptype 0x11134
08-28 18:23:22.690  1491  5555 E ACDB-LOADER: [acdb_loader_adsp_set_audio_cal] set parameters failed with status -100
08-28 18:23:22.690  1491  5555 D msm8974_platform: platform_set_parameters: exit with code(0)
08-28 18:23:22.690  1491  5555 V msm8974_platform: platform_set_parameters: enter: cal_persist=0;cal_devid=2;cal_moduleid=0x1000a100;cal_caltype=0;cal_instanceid=0x0;cal_apptype=69937;cal_paramid=0x1000a110;cal_topoid=0x1000a106;cal_samplerate=48000;cal_data=AAAAAA==
08-28 18:23:22.690  1491  5555 D msm8974_platform: platform_get_output_snd_device: enter: output devices(0x2)
08-28 18:23:22.690  1491  5555 D msm8974_platform: Setting audio calibration for snd_device(2) acdb_id(15)
08-28 18:23:22.690  1491  5555 E ACDB-LOADER: [acdb_loader_adsp_set_audio_cal] active device/stream not found (result=-100) for topology 0x1000a106 and apptype 0x11131
08-28 18:23:22.690  1491  5555 E ACDB-LOADER: [acdb_loader_adsp_set_audio_cal] set parameters failed with status -100
08-28 18:23:22.690  1491  5555 D msm8974_platform: platform_set_parameters: exit with code(0)
08-28 18:23:22.690  1491  5555 V msm8974_platform: platform_set_parameters: enter: cal_persist=0;cal_devid=2;cal_moduleid=0x1000a100;cal_caltype=0;cal_instanceid=0x0;cal_apptype=69937;cal_paramid=0x1000a110;cal_topoid=0x1000a100;cal_samplerate=48000;cal_data=AAAAAA==
08-28 18:23:22.690  1491  5555 D msm8974_platform: platform_get_output_snd_device: enter: output devices(0x2)
08-28 18:23:22.690  1491  5555 D msm8974_platform: Setting audio calibration for snd_device(2) acdb_id(15)
08-28 18:23:22.690  1491  5555 E ACDB-LOADER: [acdb_loader_adsp_set_audio_cal] active device/stream not found (result=-100) for topology 0x1000a100 and apptype 0x11131
08-28 18:23:22.690  1491  5555 E ACDB-LOADER: [acdb_loader_adsp_set_audio_cal] set parameters failed with status -100
08-28 18:23:22.690  1491  5555 D msm8974_platform: platform_set_parameters: exit with code(0)
08-28 18:23:22.691  1491  5555 V msm8974_platform: platform_set_parameters: enter: cal_persist=0;cal_devid=2;cal_moduleid=0x1000a100;cal_caltype=0;cal_instanceid=0x0;cal_apptype=69936;cal_paramid=0x1000a110;cal_topoid=0x1000a106;cal_samplerate=48000;cal_data=AAAAAA==
08-28 18:23:22.691  1491  5555 D msm8974_platform: platform_get_output_snd_device: enter: output devices(0x2)
08-28 18:23:22.691  1491  5555 D msm8974_platform: Setting audio calibration for snd_device(2) acdb_id(15)
08-28 18:23:22.691  1491  5555 E ACDB-LOADER: [acdb_loader_adsp_set_audio_cal] active device/stream not found (result=-100) for topology 0x1000a106 and apptype 0x11130
08-28 18:23:22.691  1491  5555 E ACDB-LOADER: [acdb_loader_adsp_set_audio_cal] set parameters failed with status -100
08-28 18:23:22.691  1491  5555 D msm8974_platform: platform_set_parameters: exit with code(0)
08-28 18:23:22.691  1491  5555 V msm8974_platform: platform_set_parameters: enter: cal_persist=0;cal_devid=2;cal_moduleid=0x1000a100;cal_caltype=0;cal_instanceid=0x0;cal_apptype=69936;cal_paramid=0x1000a110;cal_topoid=0x1000a100;cal_samplerate=48000;cal_data=AAAAAA==
08-28 18:23:22.691  1491  5555 D msm8974_platform: platform_get_output_snd_device: enter: output devices(0x2)
08-28 18:23:22.691  1491  5555 D msm8974_platform: Setting audio calibration for snd_device(2) acdb_id(15)
08-28 18:23:22.691  1491  5555 E ACDB-LOADER: [acdb_loader_adsp_set_audio_cal] active device/stream not found (result=-100) for topology 0x1000a100 and apptype 0x11130
08-28 18:23:22.691  1491  5555 E ACDB-LOADER: [acdb_loader_adsp_set_audio_cal] set parameters failed with status -100
08-28 18:23:22.691  1491  5555 D msm8974_platform: platform_set_parameters: exit with code(0)
08-28 18:23:22.691  1491  5555 D audio_hw_primary: check_and_set_karaok_parameters: is karaok rx device 0, is karaok tx device 0
08-28 18:23:22.691  1491  5555 V send_data_to_xlog: getCurrentDate
