08-28 18:26:50.995  2387  2942 I system_server: AssetManager2(0xb40000721b833978) locale list changing from [] to [en-US]
08-28 18:26:50.998  5606  6303 I hbox:interactor: AssetManager2(0xb40000721b7ee738) locale list changing from [] to [en-US]
08-28 18:26:51.000 32298 32466 I .apps.wellbeing: AssetManager2(0xb40000721b822cb8) locale list changing from [] to [en-US]
08-28 18:26:51.002 32298 32466 I .apps.wellbeing: AssetManager2(0xb40000721b81f798) locale list changing from [] to [en-US]
08-28 18:26:51.008 32298 32466 I .apps.wellbeing: AssetManager2(0xb40000721b822038) locale list changing from [] to [en-US]
08-28 18:26:51.009  5606  6303 I hbox:interactor: AssetManager2(0xb40000721b7f1c58) locale list changing from [] to [en-US]
08-28 18:26:51.016 32298 32466 I .apps.wellbeing: AssetManager2(0xb40000721b820d78) locale list changing from [] to [en-US]
08-28 18:26:51.018 32298 32466 I .apps.wellbeing: AssetManager2(0xb40000721b81e7f8) locale list changing from [] to [en-US]
08-28 18:26:51.020 32298 32466 I .apps.wellbeing: AssetManager2(0xb40000721b824f18) locale list changing from [] to [en-US]
08-28 18:26:51.020  5606  6303 I hbox:interactor: AssetManager2(0xb40000721b7f3878) locale list changing from [] to [en-US]
08-28 18:26:51.020  2387  2942 I system_server: AssetManager2(0xb40000721b87ae18) locale list changing from [] to [en-US]
08-28 18:26:51.021 32298 32466 I .apps.wellbeing: AssetManager2(0xb40000721b822fd8) locale list changing from [] to [en-US]
08-28 18:26:51.025  2387  2942 I system_server: AssetManager2(0xb40000721b8ce158) locale list changing from [] to [en-US]
08-28 18:26:51.027  5606  6303 I hbox:interactor: AssetManager2(0xb40000721b7f4818) locale list changing from [] to [en-US]
08-28 18:26:51.032  5606  6303 I hbox:interactor: AssetManager2(0xb40000721b7f3558) locale list changing from [] to [en-US]
08-28 18:26:51.033 32298 32466 I .apps.wellbeing: AssetManager2(0xb40000721b81ee38) locale list changing from [] to [en-US]
08-28 18:26:51.035 32298 32466 I .apps.wellbeing: AssetManager2(0xb40000721b81fab8) locale list changing from [] to [en-US]
08-28 18:26:51.037 32298 32466 I .apps.wellbeing: AssetManager2(0xb40000721b81eb18) locale list changing from [] to [en-US]
08-28 18:26:51.038 32298 32466 I .apps.wellbeing: AssetManager2(0xb40000721b824298) locale list changing from [] to [en-US]
08-28 18:26:51.040 32298 32466 I .apps.wellbeing: AssetManager2(0xb40000721b820a58) locale list changing from [] to [en-US]
08-28 18:26:51.043 32298 32466 I .apps.wellbeing: AssetManager2(0xb40000721b8200f8) locale list changing from [] to [en-US]
08-28 18:26:51.044 32298 32466 I .apps.wellbeing: AssetManager2(0xb40000721b81d538) locale list changing from [] to [en-US]
08-28 18:26:51.046 32298 32466 I .apps.wellbeing: AssetManager2(0xb40000721b8219f8) locale list changing from [] to [en-US]
08-28 18:26:51.047 32298 32466 I .apps.wellbeing: AssetManager2(0xb40000721b822358) locale list changing from [] to [en-US]
08-28 18:26:51.050 32298 32466 I .apps.wellbeing: AssetManager2(0xb40000721b81e4d8) locale list changing from [] to [en-US]
08-28 18:26:51.053 32298 32466 I .apps.wellbeing: AssetManager2(0xb40000721b822678) locale list changing from [] to [en-US]
08-28 18:26:51.053  5606  6303 I hbox:interactor: AssetManager2(0xb40000721b7f2f18) locale list changing from [] to [en-US]
08-28 18:26:51.055 32298 32466 I .apps.wellbeing: AssetManager2(0xb40000721b81d858) locale list changing from [] to [en-US]
08-28 18:26:51.056 32298 32466 I .apps.wellbeing: AssetManager2(0xb40000721b81e1b8) locale list changing from [] to [en-US]
08-28 18:26:51.057  5606  6303 I hbox:interactor: AssetManager2(0xb40000721b7f6118) locale list changing from [] to [en-US]
08-28 18:26:51.057 32298 32466 I .apps.wellbeing: AssetManager2(0xb40000721b8264f8) locale list changing from [] to [en-US]
08-28 18:26:51.059 32298 32466 I .apps.wellbeing: AssetManager2(0xb40000721b829d38) locale list changing from [] to [en-US]
08-28 18:26:51.059  5606  6303 I hbox:interactor: AssetManager2(0xb40000721b7f0358) locale list changing from [] to [en-US]
08-28 18:26:51.060 32298 32466 I .apps.wellbeing: AssetManager2(0xb40000721b827498) locale list changing from [] to [en-US]
08-28 18:26:51.061 32298 32466 I .apps.wellbeing: AssetManager2(0xb40000721b828758) locale list changing from [] to [en-US]
08-28 18:26:51.061  5606  6303 I hbox:interactor: AssetManager2(0xb40000721b7f4e58) locale list changing from [] to [en-US]
08-28 18:26:51.063 32298 32466 I .apps.wellbeing: AssetManager2(0xb40000721b7f0fd8) locale list changing from [] to [en-US]
08-28 18:26:51.064  2387  2942 I system_server: AssetManager2(0xb40000721b843ff8) locale list changing from [] to [en-US]
08-28 18:26:51.064 32298 32466 I .apps.wellbeing: AssetManager2(0xb40000721b822998) locale list changing from [] to [en-US]
08-28 18:26:51.066 32298 32466 I .apps.wellbeing: AssetManager2(0xb40000721b7ed798) locale list changing from [] to [en-US]
08-28 18:26:51.066  5606  6303 I hbox:interactor: AssetManager2(0xb40000721b7f73d8) locale list changing from [] to [en-US]
08-28 18:26:51.068 32298 32466 I .apps.wellbeing: AssetManager2(0xb40000721b7e9c38) locale list changing from [] to [en-US]
08-28 18:26:51.069  2387  2942 I system_server: AssetManager2(0xb40000721b85f258) locale list changing from [] to [en-US]
08-28 18:26:51.070 32298 32466 I .apps.wellbeing: AssetManager2(0xb40000721b7e8c98) locale list changing from [] to [en-US]
08-28 18:26:51.070  5606  6303 I hbox:interactor: AssetManager2(0xb40000721b7fd7d8) locale list changing from [] to [en-US]
08-28 18:26:51.071 32298 32466 I .apps.wellbeing: AssetManager2(0xb40000721b7eed78) locale list changing from [] to [en-US]
08-28 18:26:51.072 32298 32466 I .apps.wellbeing: AssetManager2(0xb40000721b7e8018) locale list changing from [] to [en-US]
08-28 18:26:51.073 32298 32466 I .apps.wellbeing: AssetManager2(0xb40000721b7f3238) locale list changing from [] to [en-US]
08-28 18:26:51.074 32298 32466 I .apps.wellbeing: AssetManager2(0xb40000721b7e7cf8) locale list changing from [] to [en-US]
08-28 18:26:51.075 32298 32466 I .apps.wellbeing: AssetManager2(0xb40000721b85b6f8) locale list changing from [] to [en-US]
08-28 18:26:51.079 32298 32466 I .apps.wellbeing: AssetManager2(0xb40000721b855618) locale list changing from [] to [en-US]
08-28 18:26:51.079  5606  6303 I hbox:interactor: AssetManager2(0xb40000721b7f7a18) locale list changing from [] to [en-US]
08-28 18:26:51.080 32298 32466 I .apps.wellbeing: AssetManager2(0xb40000721b859178) locale list changing from [] to [en-US]
08-28 18:26:51.081 32298 32466 I .apps.wellbeing: AssetManager2(0xb40000721b854cb8) locale list changing from [] to [en-US]
08-28 18:26:51.082  5606  6303 I hbox:interactor: AssetManager2(0xb40000721b7f76f8) locale list changing from [] to [en-US]
08-28 18:26:51.084  5606  6303 I hbox:interactor: AssetManager2(0xb40000721b7f0038) locale list changing from [] to [en-US]
08-28 18:26:51.084  2387  2942 I system_server: AssetManager2(0xb40000721b8083b8) locale list changing from [] to [en-US]
08-28 18:26:51.084 32298 32466 I .apps.wellbeing: AssetManager2(0xb40000721b8565b8) locale list changing from [] to [en-US]
08-28 18:26:51.086 32298 32466 I .apps.wellbeing: AssetManager2(0xb40000721b855f78) locale list changing from [] to [en-US]
08-28 18:26:51.086  5606  6303 I hbox:interactor: AssetManager2(0xb40000721b7fa5d8) locale list changing from [] to [en-US]
08-28 18:26:51.087  2387  2942 I system_server: AssetManager2(0xb40000721b830458) locale list changing from [] to [en-US]
08-28 18:26:51.089 32298 32466 I .apps.wellbeing: AssetManager2(0xb40000721b854038) locale list changing from [] to [en-US]
08-28 18:26:51.090 32298 32466 I .apps.wellbeing: AssetManager2(0xb40000721b854fd8) locale list changing from [] to [en-US]
08-28 18:26:51.091  5606  6303 I hbox:interactor: AssetManager2(0xb40000721b7f6758) locale list changing from [] to [en-US]
08-28 18:26:51.092 32298 32466 I .apps.wellbeing: AssetManager2(0xb40000721b854678) locale list changing from [] to [en-US]
08-28 18:26:51.093 32298 32466 I .apps.wellbeing: AssetManager2(0xb40000721b8568d8) locale list changing from [] to [en-US]
08-28 18:26:51.094  5606  6303 I hbox:interactor: AssetManager2(0xb40000721b7fc1f8) locale list changing from [] to [en-US]
08-28 18:26:51.094  2387  2942 I system_server: AssetManager2(0xb40000721b83a6d8) locale list changing from [] to [en-US]
08-28 18:26:51.095 32298 32466 I .apps.wellbeing: AssetManager2(0xb40000721b8539f8) locale list changing from [] to [en-US]
08-28 18:26:51.096 32298 32466 I .apps.wellbeing: AssetManager2(0xb40000721b8552f8) locale list changing from [] to [en-US]
08-28 18:26:51.097 32298 32466 I .apps.wellbeing: AssetManager2(0xb40000721b80fd98) locale list changing from [] to [en-US]
08-28 18:26:51.099 32298 32466 I .apps.wellbeing: AssetManager2(0xb40000721b813f38) locale list changing from [] to [en-US]
08-28 18:26:51.099  5606  6303 I hbox:interactor: AssetManager2(0xb40000721b7fc838) locale list changing from [] to [en-US]
08-28 18:26:51.100 32298 32466 I .apps.wellbeing: AssetManager2(0xb40000721b812638) locale list changing from [] to [en-US]
08-28 18:26:51.102 32298 32466 I .apps.wellbeing: AssetManager2(0xb40000721b7f25b8) locale list changing from [] to [en-US]
08-28 18:26:51.095  2387  2387 W android.bg: type=1400 audit(0.0:34371): avc:  denied  { read } for  name="661f16" dev="dm-41" ino=146483 scontext=u:r:system_server:s0 tcontext=u:object_r:system_data_root_file:s0 tclass=file permissive=0
08-28 18:26:51.095  2387  2387 W android.bg: type=1400 audit(0.0:34372): avc:  denied  { read } for  name="661f16" dev="dm-41" ino=146483 scontext=u:r:system_server:s0 tcontext=u:object_r:system_data_root_file:s0 tclass=file permissive=0
08-28 18:26:51.103 32298 32466 I .apps.wellbeing: AssetManager2(0xb40000721b851478) locale list changing from [] to [en-US]
08-28 18:26:51.108  5606  6303 I hbox:interactor: AssetManager2(0xb40000721b7fb578) locale list changing from [] to [en-US]
08-28 18:26:51.111 32298 32466 I .apps.wellbeing: AssetManager2(0xb40000721b84cfb8) locale list changing from [] to [en-US]
08-28 18:26:51.113  5606  6303 I hbox:interactor: AssetManager2(0xb40000721b7f89b8) locale list changing from [] to [en-US]
08-28 18:26:51.114  5606  6303 I hbox:interactor: AssetManager2(0xb40000721b7fb258) locale list changing from [] to [en-US]
08-28 18:26:51.115  2387  3412 W ServiceManagerCppClient: Waited one second for stats (is service started? Number of threads started in the threadpool: 32. Are binder threads started and available?)
08-28 18:26:51.115  1599  1692 W ServiceManagerCppClient: Waited one second for stats (is service started? Number of threads started in the threadpool: 6. Are binder threads started and available?)
08-28 18:26:51.115 32298 32466 I .apps.wellbeing: AssetManager2(0xb40000721b84c658) locale list changing from [] to [en-US]
08-28 18:26:51.116  5606  6303 I hbox:interactor: AssetManager2(0xb40000721b7f8cd8) locale list changing from [] to [en-US]
08-28 18:26:51.116   682  6470 W libc    : Unable to set property "ctl.interface_start" to "aidl/stats": PROP_ERROR_HANDLE_CONTROL_MESSAGE (0x20)
08-28 18:26:51.116   682  6471 W libc    : Unable to set property "ctl.interface_start" to "aidl/stats": PROP_ERROR_HANDLE_CONTROL_MESSAGE (0x20)
08-28 18:26:51.118 32298 32466 I .apps.wellbeing: AssetManager2(0xb40000721b84e278) locale list changing from [] to [en-US]
08-28 18:26:51.120 32298 32466 I .apps.wellbeing: AssetManager2(0xb40000721b852a58) locale list changing from [] to [en-US]
08-28 18:26:51.120  5606  6303 I hbox:interactor: AssetManager2(0xb40000721b7f9f98) locale list changing from [] to [en-US]
08-28 18:26:51.122 32298 32466 I .apps.wellbeing: AssetManager2(0xb40000721b852418) locale list changing from [] to [en-US]
08-28 18:26:51.122  5606  6303 I hbox:interactor: AssetManager2(0xb40000721b7fce78) locale list changing from [] to [en-US]
08-28 18:26:51.123 32298 32466 I .apps.wellbeing: AssetManager2(0xb40000721b84d5f8) locale list changing from [] to [en-US]
08-28 18:26:51.124  5606  6303 I hbox:interactor: AssetManager2(0xb40000721b7fbbb8) locale list changing from [] to [en-US]
08-28 18:26:51.124 32298 32466 I .apps.wellbeing: AssetManager2(0xb40000721b8504d8) locale list changing from [] to [en-US]
08-28 18:26:51.125  5606  6303 I hbox:interactor: AssetManager2(0xb40000721b7f9318) locale list changing from [] to [en-US]
08-28 18:26:51.126 32298 32466 I .apps.wellbeing: AssetManager2(0xb40000721b851dd8) locale list changing from [] to [en-US]
08-28 18:26:51.127 32298 32466 I .apps.wellbeing: AssetManager2(0xb40000721b8520f8) locale list changing from [] to [en-US]
08-28 18:26:51.128  5606  6303 I hbox:interactor: AssetManager2(0xb40000721b7fa2b8) locale list changing from [] to [en-US]
08-28 18:26:51.128 32298 32466 I .apps.wellbeing: AssetManager2(0xb40000721b851158) locale list changing from [] to [en-US]
08-28 18:26:51.129 32298 32466 I .apps.wellbeing: AssetManager2(0xb40000721b84d918) locale list changing from [] to [en-US]
08-28 18:26:51.130  5606  6303 I hbox:interactor: AssetManager2(0xb40000721b7f6438) locale list changing from [] to [en-US]
08-28 18:26:51.132 32298 32466 I .apps.wellbeing: AssetManager2(0xb40000721b84f538) locale list changing from [] to [en-US]
08-28 18:26:51.133 32298 32466 I .apps.wellbeing: AssetManager2(0xb40000721b84e598) locale list changing from [] to [en-US]
08-28 18:26:51.134  5606  6303 I hbox:interactor: AssetManager2(0xb40000721b7f8378) locale list changing from [] to [en-US]
08-28 18:26:51.135 32298 32466 I .apps.wellbeing: AssetManager2(0xb40000721b8501b8) locale list changing from [] to [en-US]
08-28 18:26:51.136  5606  6303 I hbox:interactor: AssetManager2(0xb40000721b8025f8) locale list changing from [] to [en-US]
08-28 18:26:51.136 32298 32466 I .apps.wellbeing: AssetManager2(0xb40000721b8507f8) locale list changing from [] to [en-US]
08-28 18:26:51.137 32298 32466 I .apps.wellbeing: AssetManager2(0xb40000721b84d2d8) locale list changing from [] to [en-US]
08-28 18:26:51.138 32298 32466 I .apps.wellbeing: AssetManager2(0xb40000721b849778) locale list changing from [] to [en-US]
08-28 18:26:51.139  1493  4140 I vendor.qti.bluetooth@1.0-ibs_handler: DeviceSleep: TX Awake, Sending SLEEP_IND
08-28 18:26:51.139  5606  6303 I hbox:interactor: AssetManager2(0xb40000721b818718) locale list changing from [] to [en-US]
08-28 18:26:51.139  1493  4140 D vendor.qti.bluetooth@1.0-ibs_handler: SerialClockVote: vote for UART CLK OFF
08-28 18:26:51.139 32298 32466 I .apps.wellbeing: AssetManager2(0xb40000721b84b6b8) locale list changing from [] to [en-US]
08-28 18:26:51.140 32298 32466 I .apps.wellbeing: AssetManager2(0xb40000721b844958) locale list changing from [] to [en-US]
08-28 18:26:51.141  5606  6303 I hbox:interactor: AssetManager2(0xb40000721b819078) locale list changing from [] to [en-US]
08-28 18:26:51.141 32298 32466 I .apps.wellbeing: AssetManager2(0xb40000721b849a98) locale list changing from [] to [en-US]
08-28 18:26:51.142 32298 32466 I .apps.wellbeing: AssetManager2(0xb40000721b8484b8) locale list changing from [] to [en-US]
08-28 18:26:51.143  5606  6303 I hbox:interactor: AssetManager2(0xb40000721b8051b8) locale list changing from [] to [en-US]
08-28 18:26:51.143 32298 32466 I .apps.wellbeing: AssetManager2(0xb40000721b849138) locale list changing from [] to [en-US]
08-28 18:26:51.144 32298 32466 I .apps.wellbeing: AssetManager2(0xb40000721b8487d8) locale list changing from [] to [en-US]
08-28 18:26:51.145  5606  6303 I hbox:interactor: AssetManager2(0xb40000721b817db8) locale list changing from [] to [en-US]
08-28 18:26:51.146 32298 32466 I .apps.wellbeing: AssetManager2(0xb40000721b84b9d8) locale list changing from [] to [en-US]
08-28 18:26:51.148 32298 32466 I .apps.wellbeing: AssetManager2(0xb40000721b845c18) locale list changing from [] to [en-US]
08-28 18:26:51.150 32298 32466 I .apps.wellbeing: AssetManager2(0xb40000721b84bcf8) locale list changing from [] to [en-US]
08-28 18:26:51.150  5606  6303 I hbox:interactor: AssetManager2(0xb40000721b7fea98) locale list changing from [] to [en-US]
08-28 18:26:51.152 32298 32466 I .apps.wellbeing: AssetManager2(0xb40000721b8455d8) locale list changing from [] to [en-US]
08-28 18:26:51.154 32298 32466 I .apps.wellbeing: AssetManager2(0xb40000721b848e18) locale list changing from [] to [en-US]
08-28 18:26:51.156  5606  6303 I hbox:interactor: AssetManager2(0xb40000721b8167d8) locale list changing from [] to [en-US]
08-28 18:26:51.156 32298 32466 I .apps.wellbeing: AssetManager2(0xb40000721b8452b8) locale list changing from [] to [en-US]
08-28 18:26:51.157 32298 32466 I .apps.wellbeing: AssetManager2(0xb40000721b83cc58) locale list changing from [] to [en-US]
08-28 18:26:51.159 32298 32466 I .apps.wellbeing: AssetManager2(0xb40000721b83f818) locale list changing from [] to [en-US]
08-28 18:26:51.161  5606  6303 I hbox:interactor: AssetManager2(0xb40000721b7e3e78) locale list changing from [] to [en-US]
08-28 18:26:51.163  5606  6303 I hbox:interactor: AssetManager2(0xb40000721b81bf58) locale list changing from [] to [en-US]
08-28 18:26:51.163  5606  6303 I hbox:interactor: AssetManager2(0xb40000721b8248d8) locale list changing from [] to [en-US]
08-28 18:26:51.164  5606  6303 I hbox:interactor: AssetManager2(0xb40000721b824298) locale list changing from [] to [en-US]
08-28 18:26:51.165 32298 32466 I .apps.wellbeing: AssetManager2(0xb40000721b845f38) locale list changing from [] to [en-US]
08-28 18:26:51.166  5606  6303 I hbox:interactor: AssetManager2(0xb40000721b8200f8) locale list changing from [] to [en-US]
08-28 18:26:51.169  5606  6419 I djoy    : (REDACTED) GetContext(%s, %s): Fetch from the %s surface finished with status: %s
08-28 18:26:51.170  5606  6418 I dsty    : (REDACTED) ContextResult succeeded for ContextKey: %s. %s
08-28 18:26:51.170  5606  6482 I dsty    : (REDACTED) ContextResult succeeded for ContextKey: %s. %s
08-28 18:26:51.171 32298 32466 I .apps.wellbeing: AssetManager2(0xb40000721b8426f8) locale list changing from [] to [en-US]
08-28 18:26:51.172 32298 32466 I .apps.wellbeing: AssetManager2(0xb40000721b83e238) locale list changing from [] to [en-US]
08-28 18:26:51.173 32298 32466 I .apps.wellbeing: AssetManager2(0xb40000721b842a18) locale list changing from [] to [en-US]
08-28 18:26:51.175  5606  6413 I dsuk    : (REDACTED) Updating context input '%s' with dynamic class '%s' containing %s entities. %s
08-28 18:26:51.175  5606  6418 I dsuk    : (REDACTED) Updating context input '%s' with dynamic class '%s' containing %s entities. %s
08-28 18:26:51.175 32298 32466 I .apps.wellbeing: AssetManager2(0xb40000721b83d298) locale list changing from [] to [en-US]
08-28 18:26:51.176  5606  6418 I dsuk    : (REDACTED) Clearing context input '%s'. %s
08-28 18:26:51.177  5606  6413 I dsuk    : (REDACTED) Clearing context input '%s'. %s
08-28 18:26:51.180  5606  6413 I dsue    : (REDACTED) Sending speech biasing context update to SODA with locale %s. %s
08-28 18:26:51.180  5606  6418 I dsue    : (REDACTED) Sending speech biasing context update to SODA with locale %s. %s
08-28 18:26:51.181 32298 32466 I .apps.wellbeing: AssetManager2(0xb40000721b83eeb8) locale list changing from [] to [en-US]
08-28 18:26:51.182 32298 32466 I .apps.wellbeing: AssetManager2(0xb40000721b841118) locale list changing from [] to [en-US]
08-28 18:26:51.184 32298 32466 I .apps.wellbeing: AssetManager2(0xb40000721b8407b8) locale list changing from [] to [en-US]
08-28 18:26:51.187 32298 32466 I .apps.wellbeing: AssetManager2(0xb40000721b841438) locale list changing from [] to [en-US]
08-28 18:26:51.188  5606  6413 I ecmt    : (REDACTED) #getSodaAsrUpdateRequest inserting app domain: %s
08-28 18:26:51.188  5606  6482 I ecmt    : (REDACTED) #getSodaAsrUpdateRequest inserting app domain: %s
08-28 18:26:51.188  5606  6303 I edey    : #updateAndGetSnapshot
08-28 18:26:51.188  5606  6482 I edey    : (REDACTED) Listening for responses for locale %s
08-28 18:26:51.188 32298 32466 I .apps.wellbeing: AssetManager2(0xb40000721b843378) locale list changing from [] to [en-US]
08-28 18:26:51.193  2387  3238 D BackgroundInstallControlService: Package event received: 0
08-28 18:26:51.194 32298 32466 I .apps.wellbeing: AssetManager2(0xb40000721b83c938) locale list changing from [] to [en-US]
08-28 18:26:51.195  5606  6482 I edey    : (REDACTED) >>> [%s] Emitting request locale: %s, secondaryLocales: %s, resources: %s, requestClient: %s
08-28 18:26:51.196 28060 28143 I edhs    : SRM: AccountScoped session starting on service-side.
08-28 18:26:51.196 28060 28145 I edfk    : (REDACTED) <<< [%s] Received request for primary locale %s. Secondary locales: '%s'
08-28 18:26:51.196 28060 28145 I edfk    : (REDACTED) <<< [%s] Requested resources IDs: %s. Note that this is a noop because we currently return all resource for each request.
08-28 18:26:51.197 28060 28167 I edej    : (REDACTED) [%s] #getImmediateResourceStates with locale %s. Secondary locales: %s
08-28 18:26:51.197 28060 28143 I edej    : (REDACTED) [%s] #getAndUpdateSodaResourceCollection
08-28 18:26:51.197 28060 28167 I edej    : (REDACTED) [%s] SRM initial state enabled (for hotword).
08-28 18:26:51.197 28060 28145 I DefaultLPManager: #getAvailablePackages
08-28 18:26:51.197 28060 28168 I DefaultLPManager: #getRequestedPackages
08-28 18:26:51.197 28060 28168 I ZipLPPopulator: #addNewFileGroups
08-28 18:26:51.197 28060 28168 I efkq    : #getDownloadableLanguagePacks
08-28 18:26:51.197 28060 28125 I cpjg    : Getting hotwordModelConfig
08-28 18:26:51.197 32298 32466 I .apps.wellbeing: AssetManager2(0xb40000721b8439b8) locale list changing from [] to [en-US]
08-28 18:26:51.197 28060 28145 I efkq    : #getDownloadableLanguagePacks
08-28 18:26:51.198 28060 28143 I DefaultLPManager: #getAvailablePackages
08-28 18:26:51.198 28060 28143 I efkq    : #getDownloadableLanguagePacks
08-28 18:26:51.198 28060 28169 I edej    : Skipping stopword download due to disablement by flag.
08-28 18:26:51.198 28060 28169 I edej    : Skipping Nes download due to disablement by flag.
08-28 18:26:51.198 28060 28146 I efgj    : (REDACTED) MDD.getFileGroup(%s)
08-28 18:26:51.199 32298 32466 I .apps.wellbeing: AssetManager2(0xb40000721b843cd8) locale list changing from [] to [en-US]
08-28 18:26:51.199 28060 28167 I edej    : (REDACTED) [%s] #getInstalledLanguagePacks
08-28 18:26:51.199 28060 28137 I cpjg    : Getting hotwordModelConfig
08-28 18:26:51.200 28060 28146 I edbk    : (REDACTED) [%s] #updateResource begin
08-28 18:26:51.200 28060 28146 I edbk    : (REDACTED) [%s] #updateResource end
08-28 18:26:51.201  2228  2228 D [GF_HAL]: [goodixExtCmd] receive MIUI cmd=1, param=1
08-28 18:26:51.201  2228  2228 I [GF_HAL]: [goodixExtCmd] sysnode touch panel detected finger down
08-28 18:26:51.201  2228  2228 D [GF_HAL][XIAOMI_FOD_BOOST]: _xiaomi_perf_lock_acquire: Success to acquire perf lock 233
08-28 18:26:51.201  2228  2228 D [GF_HAL]: [calculateSensorInfo] send sensor coordinate instead press coordinate
08-28 18:26:51.201  2228  2228 D [GF_HAL][CustomizedFingerprintCore]: [notifyAcquiredInfo] transfer acquired info: 1002 to customized: 1022.
08-28 18:26:51.201  2228  2228 D [GF_HAL][FingerprintCore]: [notifyAcquiredInfo] acquired_info=1022
08-28 18:26:51.201  2228  2228 D android.hardware.biometrics.fingerprint-service.xiaomi: onAcquired(7, 22)
08-28 18:26:51.201  2228  2228 D [GF_HAL][HalContextExt]: [getHeartRateFlag] mHeartRateFlag = 0
08-28 18:26:51.201  2228  2228 D [GF_HAL][DelmarHeartbeatRate]: [onMessage] onMessage msg:20
08-28 18:26:51.201  2228  2228 D [GF_HAL][EventCenter]: [postEvent] enqueue event<2>
08-28 18:26:51.201  2228  2228 D [GF_HAL]: [sendTouchEvent] sent touch event 2.
08-28 18:26:51.201  2228  2792 D [GF_HAL][EventCenter]: [threadLoop] Get event 2 end
08-28 18:26:51.201  2228  2792 D [GF_HAL][FingerprintCore]: [onEvent] event = 2 workstate = 2
08-28 18:26:51.201  2228  2792 D [GF_HAL][FingerprintCore]: [onAuthDownEvt] Auth Down.
08-28 18:26:51.201  2228  2792 E [GF_HAL][XIAOMI_FOD_BOOST]: set_process_priority:setscheduler prio to SCHED_FIFO
08-28 18:26:51.201  2228  2792 D [GF_HAL][CustomizedSensor]: msg : 9
08-28 18:26:51.201  2228  2792 D [GF_HAL][DelmarHeartbeatRate]: [onMessage] onMessage msg:9
08-28 18:26:51.201  2228  2792 D [GF_HAL][CustomizedFingerprintCore]: [onAuthStart] finger down start processing.
08-28 18:26:51.201  2228  2792 D [GF_HAL][CaEntry]: [sendCommand] request token: 256, target: 1002, cmd id: 9
08-28 18:26:51.201  2228  2792 D [GF_HAL][CaEntry]: [sendCommand] carveout_ion_handle_fd = 0,carveout_ion_handle_len = 0 
08-28 18:26:51.202  5606  6413 I edey    : (REDACTED) <<< [%s] Reading SodaResourceManager message with initial resourceIds: '%s.'
08-28 18:26:51.202 28060 28168 I eflj    : (REDACTED) Loaded languagepack (LP) flag value from latest config %s: %s
08-28 18:26:51.202  5606  6413 I edey    : (REDACTED) <<< [%s] Reading SodaResourceManager message with updated resourceIds: %s. Total set: %s
08-28 18:26:51.202 28060 28127 I cpjg    : MDD.refreshFileGroups(hotwordFileGroupPopulator)
08-28 18:26:51.202  5606  6418 I edey    : (REDACTED) <<< [%s] Reading SodaResourceManager message with updated resourceIds: %s. Total set: %s
08-28 18:26:51.203 28060 28148 I cpjg    : MDD.refreshFileGroups(hotwordFileGroupPopulator)
08-28 18:26:51.204 32298 32466 I .apps.wellbeing: AssetManager2(0xb40000721b842d38) locale list changing from [] to [en-US]
08-28 18:26:51.204  1607  1607 I RefreshRateSelector: Display 4630946736638489730 policy changed
08-28 18:26:51.204  1607  1607 I RefreshRateSelector: Previous: {defaultModeId=0, allowGroupSwitching=false, primaryRanges={physical=[60.00 Hz, 120.00 Hz], render=[60.00 Hz, 120.00 Hz]}, appRequestRanges={physical=[0.00 Hz, 120.00 Hz], render=[0.00 Hz, 120.00 Hz]} idleScreenConfig=nullptr}
08-28 18:26:51.204  1607  1607 I RefreshRateSelector: Current:  DisplayManagerPolicy{defaultModeId=0, allowGroupSwitching=false, primaryRanges={physical=[120.00 Hz, 120.00 Hz], render=[60.00 Hz, 120.00 Hz]}, appRequestRanges={physical=[120.00 Hz, 120.00 Hz], render=[0.00 Hz, 120.00 Hz]} idleScreenConfig=nullptr}
08-28 18:26:51.204  1607  1607 I RefreshRateSelector: 0 mode changes were performed under the previous policy
08-28 18:26:51.204  1607  1607 D DisplayModeController: setDesiredMode 4630946736638489730 {mode={fps=120.00 Hz, modePtr={id=0, vsyncRate=120.00 Hz, peakRefreshRate=120.00 Hz}}, emitEvent=true, force=false}
08-28 18:26:51.204 28060 28168 W SystemLPSourceImpl: #getRequestedPackages: There is not reason to call this method, as the result is always empty.
08-28 18:26:51.204 28060 28168 W LegacyLPSourceImpl: #getRequestedPackages: There is no reason to call this method, as the result is always empty.
08-28 18:26:51.204 28060 28143 I eflj    : (REDACTED) Loaded languagepack (LP) flag value from latest config %s: %s
08-28 18:26:51.204 28060 28145 I eflj    : (REDACTED) Loaded languagepack (LP) flag value from latest config %s: %s
08-28 18:26:51.204 28060 28148 I cpis    : (REDACTED) MDD.addFileGroup(%s)
08-28 18:26:51.205 28060 28148 W efgj    : No downloaded contextual models.
08-28 18:26:51.205 28060 28143 W SystemLPSourceImpl: #getAvailablePackages: Note there is not reason to call this method, as getInstalledPackages() returns the same LanguagePacks for this impl.
08-28 18:26:51.205 28060 28143 W LegacyLPSourceImpl: #getAvailablePackages: Note there is no reason to call this method, as getInstalledPackages() returns the same LanguagePacks for this impl.
08-28 18:26:51.205 28060 28143 I DefaultLPManager: #getInstalledPackages
08-28 18:26:51.206 28060 28143 I efkq    : #getInstalledPackages from MDD
08-28 18:26:51.206 28060 28143 I efkq    : #GetLanguagePackList
08-28 18:26:51.206 28060 28143 I efkq    : MDD.getFileGroupsByFilter(langpack-domain_xx-XX_ver_zipfile)
08-28 18:26:51.206 28060 28125 I SystemLPSourceImpl: (REDACTED) Parsed system partition LanguagePack metadata file: %s
08-28 18:26:51.206 28060 28146 I LPRequestState: (REDACTED) [%s] #resolveDesiredLanguagePacks
08-28 18:26:51.206 28060 28146 I ZipLPPopulator: #addNewFileGroups complete
08-28 18:26:51.206 28060 28167 I efkq    : #getPendingPackages from MDD
08-28 18:26:51.206 28060 28167 I efkq    : #GetLanguagePackList
08-28 18:26:51.206 28060 28167 I efkq    : MDD.getFileGroupsByFilter(langpack-domain_xx-XX_ver_zipfile)
08-28 18:26:51.207 28060 28145 W SystemLPSourceImpl: #getAvailablePackages: Note there is not reason to call this method, as getInstalledPackages() returns the same LanguagePacks for this impl.
08-28 18:26:51.207 28060 28145 W LegacyLPSourceImpl: #getAvailablePackages: Note there is no reason to call this method, as getInstalledPackages() returns the same LanguagePacks for this impl.
08-28 18:26:51.207 28060 28137 I SystemLPSourceImpl: (REDACTED) Parsed system partition LanguagePack metadata file: %s
08-28 18:26:51.208 28060 28137 I SystemLPSourceImpl: (REDACTED) Parsed system partition LanguagePack metadata file: %s
08-28 18:26:51.208 28060 28127 I cpis    : (REDACTED) MDD.addFileGroup(%s)
08-28 18:26:51.211 28060  6474 I cpis    : (REDACTED) MDD.addFileGroup(%s) returned %b
08-28 18:26:51.211 28060  6474 I cpjg    : MDD refresh completed.
08-28 18:26:51.212 28060 28145 I cpjg    : Trying to get last downloaded model for current locale.
08-28 18:26:51.212 28060 28145 I cpjg    : (REDACTED) MDD.getFileGroup(%s)
08-28 18:26:51.214  2387  2871 I InputDispatcher: Channel 4916180 UdfpsControllerOverlay is stealing input gesture for device 5 from [1f2a9a5 NotificationShade, [Gesture Monitor] swipe-up, [Gesture Monitor] edge-swipe, [Gesture Monitor] onehanded-touch]
08-28 18:26:51.221  2228  2792 D [GF_HAL][HalContext]: [invokeCommand] err = 0, errno = GF_SUCCESS
08-28 18:26:51.221  2228  2792 D [GF_HAL][CaEntry]: [sendCommand] request token: 257, target: 1001, cmd id: 22
08-28 18:26:51.221  2228  2792 D [GF_HAL][CaEntry]: [sendCommand] carveout_ion_handle_fd = 0,carveout_ion_handle_len = 0 
08-28 18:26:51.222 32298 32466 I .apps.wellbeing: AssetManager2(0xb40000721b83df18) locale list changing from [] to [en-US]
08-28 18:26:51.225  2228  2792 D [GF_HAL][HalContext]: [invokeCommand] err = 0, errno = GF_SUCCESS
08-28 18:26:51.225  2228  2792 D [GF_HAL][CustomizedSensor]: waitSensorUIReady
08-28 18:26:51.228 32298 32466 I .apps.wellbeing: AssetManager2(0xb40000721b83e558) locale list changing from [] to [en-US]
08-28 18:26:51.229 32298 32466 I .apps.wellbeing: AssetManager2(0xb40000721b844318) locale list changing from [] to [en-US]
08-28 18:26:51.233 32298 32466 I .apps.wellbeing: AssetManager2(0xb40000721b840178) locale list changing from [] to [en-US]
08-28 18:26:51.235 32298 32466 I .apps.wellbeing: AssetManager2(0xb40000721b847518) locale list changing from [] to [en-US]
08-28 18:26:51.236 32298 32466 I .apps.wellbeing: AssetManager2(0xb40000721b8458f8) locale list changing from [] to [en-US]
08-28 18:26:51.237 28060 28168 I DefaultLPManager: #getPackage
08-28 18:26:51.238 32298 32466 I .apps.wellbeing: AssetManager2(0xb40000721b847e78) locale list changing from [] to [en-US]
08-28 18:26:51.238 28060 28146 I edej    : (REDACTED) [%s] Installed LanguagePacks: %s
08-28 18:26:51.239 28060 28146 I edej    : (REDACTED) [%s] Pending pack: %s
08-28 18:26:51.242 32298 32466 I .apps.wellbeing: AssetManager2(0xb40000721b8471f8) locale list changing from [] to [en-US]
08-28 18:26:51.243 32298 32466 I .apps.wellbeing: AssetManager2(0xb40000721b845c18) locale list changing from [] to [en-US]
08-28 18:26:51.246 28060  6474 I cpis    : (REDACTED) MDD.addFileGroup(%s) returned %b
08-28 18:26:51.246 28060  6474 I cpjg    : MDD refresh completed.
08-28 18:26:51.246 28060 28168 I cpjg    : Trying to get last downloaded model for current locale.
08-28 18:26:51.247 28060 28168 I cpjg    : (REDACTED) MDD.getFileGroup(%s)
08-28 18:26:51.247 28060 28148 I cpjg    : (REDACTED) MDD get/download %s returned successful.
08-28 18:26:51.247 28060 28148 I cpjg    : (REDACTED) MDD returned hotwordModelSpec %s
08-28 18:26:51.247 28060 28137 I cpjg    : (REDACTED) MDD get/download %s returned successful.
08-28 18:26:51.247 28060 28137 I cpjg    : (REDACTED) MDD returned hotwordModelSpec %s
08-28 18:26:51.253 32298 32466 I .apps.wellbeing: AssetManager2(0xb40000721b849458) locale list changing from [] to [en-US]
08-28 18:26:51.254  2228  2796 D [GF_HAL]: [goodixExtCmd] receive MIUI cmd=10, param=1
08-28 18:26:51.254  2228  2796 D [GF_HAL]: [goodixExtCmd] set HBM and CYAN status : 1
08-28 18:26:51.254  2228  2796 D [GF_HAL]: [goodixExtCmd] touchCenterX=0, touchCenterY=0
08-28 18:26:51.254  2228  2796 D [GF_HAL]: [calculateSensorInfo] send sensor coordinate instead press coordinate
08-28 18:26:51.254  2228  2796 D [GF_HAL][Sensor]: [setSensorUIReady] UI ready
08-28 18:26:51.254  2228  2796 I [GF_HAL][Sensor]: [doPost]sem value = 1
08-28 18:26:51.254  2228  2796 D [GF_HAL][HalContextExt]: [getHeartRateFlag] mHeartRateFlag = 0
08-28 18:26:51.254  2228  2796 D android.hardware.biometrics.fingerprint-service.xiaomi: onAcquired(7, 20)
08-28 18:26:51.255  2228  2792 D [GF_HAL][FingerprintCore]: [onAuthDownEvt] Begin capture after finger down 54 ms.
08-28 18:26:51.255  2228  2792 D [GF_HAL][CaEntry]: [sendCommand] request token: 258, target: 1002, cmd id: 3
08-28 18:26:51.255  2228  2792 D [GF_HAL][CaEntry]: [sendCommand] carveout_ion_handle_fd = 0,carveout_ion_handle_len = 0 
08-28 18:26:51.256 32298 32466 I .apps.wellbeing: AssetManager2(0xb40000721b849a98) locale list changing from [] to [en-US]
08-28 18:26:51.257 32298 32466 I .apps.wellbeing: AssetManager2(0xb40000721b84b6b8) locale list changing from [] to [en-US]
08-28 18:26:51.259 32298 32466 I .apps.wellbeing: AssetManager2(0xb40000721b84d2d8) locale list changing from [] to [en-US]
08-28 18:26:51.260 28060 28168 I cpjg    : (REDACTED) HotwordModel returned with path: %s
08-28 18:26:51.261 32298 32466 I .apps.wellbeing: AssetManager2(0xb40000721b84fe98) locale list changing from [] to [en-US]
08-28 18:26:51.261  5606  6481 I edey    : (REDACTED) <<< [%s] Reading SodaResourceManager message with updated resourceIds: %s. Total set: %s
08-28 18:26:51.261  5606  6481 I edey    : (REDACTED) <<< [%s] SodaResourceManager session emitted all requested resources: %s. Ok to terminate.
08-28 18:26:51.262 28060 28168 I cpjg    : (REDACTED) Scraping model ID for model of size %d
08-28 18:26:51.262 28060 28168 I cpjg    : (REDACTED) Scraped model ID: %s
08-28 18:26:51.262 28060 28168 I cpjg    : (REDACTED) HotwordModel returned with path: %s
08-28 18:26:51.262 32298 32466 I .apps.wellbeing: AssetManager2(0xb40000721b8507f8) locale list changing from [] to [en-US]
08-28 18:26:51.263 28060 28137 I edjk    : (REDACTED) Returning hotword model with ID: %s
08-28 18:26:51.263 28060 28168 I cpjg    : (REDACTED) Scraping model ID for model of size %d
08-28 18:26:51.263 28060 28168 I cpjg    : (REDACTED) Scraped model ID: %s
08-28 18:26:51.263 28060 28148 I edjk    : (REDACTED) Returning hotword model with ID: %s
08-28 18:26:51.263 32298 32466 I .apps.wellbeing: AssetManager2(0xb40000721b84c978) locale list changing from [] to [en-US]
08-28 18:26:51.264 32298 32466 I .apps.wellbeing: AssetManager2(0xb40000721b8501b8) locale list changing from [] to [en-US]
08-28 18:26:51.265  2228  2792 D [GF_HAL][HalContext]: [invokeCommand] err = 0, errno = GF_SUCCESS
08-28 18:26:51.265  2228  2792 D [GF_HAL][CaEntry]: [sendCommand] request token: 259, target: 1002, cmd id: 101
08-28 18:26:51.265  2228  2792 D [GF_HAL][CaEntry]: [sendCommand] carveout_ion_handle_fd = 0,carveout_ion_handle_len = 0 
08-28 18:26:51.268 32298 32466 I .apps.wellbeing: AssetManager2(0xb40000721b84f538) locale list changing from [] to [en-US]
08-28 18:26:51.274 28060 28168 I edej    : (REDACTED) [%s] SRM initial state for hotword: '%s'
08-28 18:26:51.275 28060 28137 I cpjg    : Getting hotwordModelConfig
08-28 18:26:51.275  5606  6418 I edey    : (REDACTED) <<< [%s] Reading SodaResourceManager message with initial resourceIds: '%s.'
08-28 18:26:51.275  5606  6418 I edey    : (REDACTED) <<< [%s] SodaResourceManager session emitted all requested resources: %s. Ok to terminate.
08-28 18:26:51.277 28060 28137 I cpjg    : MDD.refreshFileGroups(hotwordFileGroupPopulator)
08-28 18:26:51.277 28060 28137 I cpis    : (REDACTED) MDD.addFileGroup(%s)
08-28 18:26:51.278 28060  6474 I cpis    : (REDACTED) MDD.addFileGroup(%s) returned %b
08-28 18:26:51.278 28060  6474 I cpjg    : MDD refresh completed.
08-28 18:26:51.278 28060 28145 I cpjg    : (REDACTED) Trying to get latest model with timeout: %dms.
08-28 18:26:51.278 28060 28145 I cpjg    : Trying to get latest model bytes.
08-28 18:26:51.279 28060 28145 I cpjg    : (REDACTED) Trying to get preloaded model for matching URL. (locale=%s)
08-28 18:26:51.279 28060 28145 I cpjg    : Preloaded model not available. Attempting download.
08-28 18:26:51.279 28060 28145 I cpjg    : Trying to get latest MDD Model bytes.
08-28 18:26:51.279 28060 28145 I cpjg    : (REDACTED) MDD.getFileGroup(%s)
08-28 18:26:51.280  2117 14751 W ServiceManagerCppClient: Waited one second for stats (is service started? Number of threads started in the threadpool: 17. Are binder threads started and available?)
08-28 18:26:51.281 28060 28169 I cpjg    : (REDACTED) MDD.downloadFileGroup(%s)
08-28 18:26:51.281 28060 28146 I cplk    : #getTdsidModel
08-28 18:26:51.281 28060 28169 I edej    : (REDACTED) [%s] #getLatestServerTisidVoiceprint: %s
08-28 18:26:51.281 28060 28169 I edej    : (REDACTED) [%s] Server Tisid voiceprint queries skipped because ServerTisid-specific flag is disabled.
08-28 18:26:51.281 28060 28145 I cplk    : #getTisidModel
08-28 18:26:51.281 28060 28169 I cplk    : #initialize
08-28 18:26:51.283   682  6476 W libc    : Unable to set property "ctl.interface_start" to "aidl/stats": PROP_ERROR_HANDLE_CONTROL_MESSAGE (0x20)
08-28 18:26:51.283 28060 28125 I cpjg    : (REDACTED) MDD get/download %s returned successful.
08-28 18:26:51.283 28060 28125 I cpjg    : (REDACTED) MDD returned hotwordModelSpec %s
08-28 18:26:51.289  1493  3833 D vendor.qti.bluetooth@1.0-wake_lock: Release wakelock is released 
08-28 18:26:51.294  5606  6482 I edey    : (REDACTED) <<< [%s] Reading SodaResourceManager message with updated resourceIds: %s. Total set: %s
08-28 18:26:51.294  5606  6482 I edey    : (REDACTED) <<< [%s] SodaResourceManager session emitted all requested resources: %s. Ok to terminate.
08-28 18:26:51.294 28060 28148 I cplk    : Didn't find an initialized EnrollmentManager. Updating config.
08-28 18:26:51.294 28060 28148 I A       : (REDACTED) updateConfig: Hotword present: %b, LP directory: %s
08-28 18:26:51.295 32298 32466 I .apps.wellbeing: AssetManager2(0xb40000721b851158) locale list changing from [] to [en-US]
08-28 18:26:51.299  3291  3291 I FalsingManager: {belief=0.4591409035699178 confidence=1.0}
08-28 18:26:51.302 28060 28169 I native  : I0000 00:00:1756398411.301787   28169 enrollment_manager_impl.cc:455] UpdateConfigRequest with timeout: 0
08-28 18:26:51.309 28060 28143 I cpjg    : (REDACTED) HotwordModel returned with path: %s
08-28 18:26:51.312 28060 28143 I cpjg    : (REDACTED) Scraping model ID for model of size %d
08-28 18:26:51.313 28060 28143 I cpjg    : (REDACTED) Scraped model ID: %s
08-28 18:26:51.315 28060 28125 I edjk    : (REDACTED) Returning hotword model with ID: %s
08-28 18:26:51.318 28060 29825 E SpeechMicro: Hotword model is single-channel neuralnet.
08-28 18:26:51.318 28060 29825 I native  : I0000 00:00:1756398411.318799   29825 enrollment_manager_impl.cc:1313] A valid TD-SID creator already exists. No need to re-create.
08-28 18:26:51.318 28060 29825 I native  : I0000 00:00:1756398411.318909   29825 enrollment_manager_impl_utils.cc:81] Using standalone TI-SID pipeline config:/product/usr/srec/en-US/configs/ONDEVICE_MEDIUM_VOICE_MATCH.config
08-28 18:26:51.319 28060 29825 I native  : I0000 00:00:1756398411.319373   29825 enrollment_manager_impl.cc:1333] A valid TI-SID creator already exists. No need to re-create.
08-28 18:26:51.319 28060 29825 I native  : I0000 00:00:1756398411.319438   29825 enrollment_manager_impl_utils.cc:81] Using standalone TI-SID pipeline config:/product/usr/srec/en-US/configs/ONDEVICE_MEDIUM_VOICE_MATCH.config
08-28 18:26:51.319 28060 29825 I native  : I0000 00:00:1756398411.319463   29825 enrollment_manager_impl.cc:1056] Attempting to insert stored TD-SID profiles into config.
08-28 18:26:51.320 28060 29825 I native  : I0000 00:00:1756398411.320699   29825 enrollment_manager_impl.cc:1080] Found 1 speakers with existing TDSID models.
08-28 18:26:51.321 28060 28143 I cplk    : #getTdsidModel
08-28 18:26:51.322  5606  5829 I ecqc    : (REDACTED) appOpsListener %s %s
08-28 18:26:51.323  5606  5829 I ecqc    : (REDACTED) Ignoring irrelevant audio permission changes for package %s
08-28 18:26:51.328 28060 29825 E SpeechMicro: Hotword model is single-channel neuralnet.
08-28 18:26:51.328 28060 29825 I native  : I0000 00:00:1756398411.328476   29825 enrollment_manager_impl.cc:1096] Found valid TDSID profile for user: 0
08-28 18:26:51.334 32298 32466 I .apps.wellbeing: AssetManager2(0xb40000721b851dd8) locale list changing from [] to [en-US]
08-28 18:26:51.334 28060 29825 I native  : I0000 00:00:1756398411.334657   29825 enrollment_manager_impl.cc:1418] Retrieved stored TDSID models. Speakers requiring re-training:0
08-28 18:26:51.334 28060 29825 I native  : I0000 00:00:1756398411.334710   29825 enrollment_manager_impl.cc:1129] Attempting to insert stored TI-SID profiles into config.
08-28 18:26:51.334 28060 29825 E native  : E0000 00:00:1756398411.334810   29825 enrollment_storage.cc:177] Failed to read model:NOT_FOUND: Speaker does not have TISID model [type.googleapis.com/speech.soda.speaker_id.ReadModelStatus='\x08\x12']
08-28 18:26:51.334 28060 29825 E native  : === Source Location Trace: === 
08-28 18:26:51.334 28060 29825 E native  : speech/soda/speaker_id/enrollment/enrollment_storage.cc:228
08-28 18:26:51.334 28060 29825 I native  : I0000 00:00:1756398411.334830   29825 enrollment_manager_impl.cc:1154] Found 0 speakers with existing TI-SID models.
08-28 18:26:51.335 28060 29825 W native  : W0000 00:00:1756398411.335085   29825 enrollment_manager_impl.cc:1186] No valid TI-SID models found.
08-28 18:26:51.335 28060 29825 I native  : I0000 00:00:1756398411.335109   29825 enrollment_manager_impl.cc:1431] Retrieved stored TISID models. Speakers requiring re-training:0
08-28 18:26:51.335 28060 29825 E native  : E0000 00:00:1756398411.335158   29825 enrollment_storage.cc:177] Failed to read model:NOT_FOUND: Speaker does not have Server TISID voiceprint [type.googleapis.com/speech.soda.speaker_id.ReadModelStatus='\x08\x14']
08-28 18:26:51.335 28060 29825 E native  : === Source Location Trace: === 
08-28 18:26:51.335 28060 29825 E native  : speech/soda/speaker_id/enrollment/enrollment_storage.cc:228
08-28 18:26:51.335 28060 29825 I native  : I0000 00:00:1756398411.335171   29825 enrollment_manager_impl.cc:1441] Retrieved Server TISID models. 
08-28 18:26:51.336 28060 29825 I native  : I0000 00:00:1756398411.336107   29825 enrollment_manager_impl.cc:468] Invoking listeners with updated speaker profiles.
08-28 18:26:51.336 28060 28167 I A       : (REDACTED) handleResponse for  %s user(s)
08-28 18:26:51.336 28060 28167 I A       : (REDACTED) Found SodaVmmmClassicWriter. Preparing to propagate model update for status: %s
08-28 18:26:51.336 28060 28167 I A       : Skipping model update propagation to SodaVmmmClassicWriter since speaker model did not change.
08-28 18:26:51.337 28060 28167 I A       : #handleModelUpdate
08-28 18:26:51.337 28060 28167 I A       : (REDACTED) # of TDSID models received: %s
08-28 18:26:51.337 28060 28167 I A       : (REDACTED) Size of TI-SID model bytestring received: %s
08-28 18:26:51.337 28060 28167 I A       : (REDACTED) # of Server TI-SID voiceprints received: %s
08-28 18:26:51.337 28060 28167 I A       : getHotwordSpeakerIdModels
08-28 18:26:51.337 28060 28167 I cplk    : (REDACTED) Returning SpeakerIdModel: %s bytes
08-28 18:26:51.337 28060 28169 I cplk    : #initialize
08-28 18:26:51.337 28060 28167 I cplk    : #getTdsidModel
08-28 18:26:51.339  5606  5829 I ecqc    : (REDACTED) appOpsListener %s %s
08-28 18:26:51.339  5606  5829 I ecqc    : (REDACTED) Ignoring irrelevant audio permission changes for package %s
08-28 18:26:51.339 28060 28137 I cplk    : Already has an initialized EnrollmentManager.
08-28 18:26:51.340 28060 28167 I A       : getTextIndependentSpeakerIdModels
08-28 18:26:51.340 28060 28168 I cplk    : #initialize
08-28 18:26:51.340 32298 32466 I .apps.wellbeing: AssetManager2(0xb40000721b8504d8) locale list changing from [] to [en-US]
08-28 18:26:51.341 32298 32466 I .apps.wellbeing: AssetManager2(0xb40000721b84d5f8) locale list changing from [] to [en-US]
08-28 18:26:51.342 32298 32466 I .apps.wellbeing: AssetManager2(0xb40000721b852418) locale list changing from [] to [en-US]
08-28 18:26:51.343  5606  5829 I ecqc    : (REDACTED) appOpsListener %s %s
08-28 18:26:51.343  5606  5829 I ecqc    : (REDACTED) Ignoring irrelevant audio permission changes for package %s
08-28 18:26:51.345 32298 32466 I .apps.wellbeing: AssetManager2(0xb40000721b852a58) locale list changing from [] to [en-US]
08-28 18:26:51.346 32298 32466 I .apps.wellbeing: AssetManager2(0xb40000721b850e38) locale list changing from [] to [en-US]
08-28 18:26:51.349  5606  6481 I edey    : (REDACTED) <<< [%s] Reading SodaResourceManager message with updated resourceIds: %s. Total set: %s
08-28 18:26:51.349  5606  6481 I edey    : (REDACTED) <<< [%s] SodaResourceManager session emitted all requested resources: %s. Ok to terminate.
08-28 18:26:51.350 32298 32466 I .apps.wellbeing: AssetManager2(0xb40000721b84c658) locale list changing from [] to [en-US]
08-28 18:26:51.354 28060 28137 I cplk    : Didn't find an initialized EnrollmentManager. Updating config.
08-28 18:26:51.354 28060 28137 I A       : (REDACTED) updateConfig: Hotword present: %b, LP directory: %s
08-28 18:26:51.354 32298 32466 I .apps.wellbeing: AssetManager2(0xb40000721b8520f8) locale list changing from [] to [en-US]
08-28 18:26:51.356 32298 32466 I .apps.wellbeing: AssetManager2(0xb40000721b84fb78) locale list changing from [] to [en-US]
08-28 18:26:51.357 28060 28168 I native  : I0000 00:00:1756398411.357288   28168 enrollment_manager_impl.cc:455] UpdateConfigRequest with timeout: 0
08-28 18:26:51.357 32298 32466 I .apps.wellbeing: AssetManager2(0xb40000721b7f25b8) locale list changing from [] to [en-US]
08-28 18:26:51.364 32298 32466 I .apps.wellbeing: AssetManager2(0xb40000721b851478) locale list changing from [] to [en-US]
08-28 18:26:51.367 28060 29825 E SpeechMicro: Hotword model is single-channel neuralnet.
08-28 18:26:51.368 28060 29825 I native  : I0000 00:00:1756398411.368453   29825 enrollment_manager_impl.cc:1313] A valid TD-SID creator already exists. No need to re-create.
08-28 18:26:51.368 28060 29825 W native  : W0000 00:00:1756398411.368499   29825 language_pack_utils.cc:222] Neither language pack directory nor config file path is set.
08-28 18:26:51.368 28060 29825 W native  : W0000 00:00:1756398411.368511   29825 enrollment_manager_impl_utils.cc:85] No standalone TI-SID pipeline config found:INVALID_ARGUMENT: Could not determine LP directory.
08-28 18:26:51.368 28060 29825 W native  : === Source Location Trace: === 
08-28 18:26:51.368 28060 29825 W native  : speech/soda/utils/language_pack_utils.cc:391
08-28 18:26:51.368 28060 29825 W native  : W0000 00:00:1756398411.368526   29825 enrollment_manager_impl.cc:1330] Could not determine TI-SID version:INVALID_ARGUMENT: No provided LP directory.
08-28 18:26:51.368 28060 29825 W native  : === Source Location Trace: === 
08-28 18:26:51.368 28060 29825 W native  : speech/soda/utils/language_pack_utils.cc:310
08-28 18:26:51.368 28060 29825 W native  : speech/soda/speaker_id/enrollment/enrollment_manager_impl_utils.cc:98
08-28 18:26:51.368 28060 29825 W native  : W0000 00:00:1756398411.368535   29825 language_pack_utils.cc:222] Neither language pack directory nor config file path is set.
08-28 18:26:51.368 28060 29825 W native  : W0000 00:00:1756398411.368540   29825 enrollment_manager_impl_utils.cc:85] No standalone TI-SID pipeline config found:INVALID_ARGUMENT: Could not determine LP directory.
08-28 18:26:51.368 28060 29825 W native  : === Source Location Trace: === 
08-28 18:26:51.368 28060 29825 W native  : speech/soda/utils/language_pack_utils.cc:391
08-28 18:26:51.368 28060 29825 W native  : W0000 00:00:1756398411.368545   29825 enrollment_manager_impl.cc:1349] Unable to select ASR config path: INVALID_ARGUMENT: No provided LP directory.
08-28 18:26:51.368 28060 29825 W native  : === Source Location Trace: === 
08-28 18:26:51.368 28060 29825 W native  : speech/soda/utils/language_pack_utils.cc:310
08-28 18:26:51.368 28060 29825 I native  : I0000 00:00:1756398411.368560   29825 enrollment_manager_impl.cc:1056] Attempting to insert stored TD-SID profiles into config.
08-28 18:26:51.368 28060 29825 I native  : I0000 00:00:1756398411.368664   29825 enrollment_manager_impl.cc:1080] Found 1 speakers with existing TDSID models.
08-28 18:26:51.370 32298 32466 I .apps.wellbeing: AssetManager2(0xb40000721b813f38) locale list changing from [] to [en-US]
08-28 18:26:51.372 32298 32466 I .apps.wellbeing: AssetManager2(0xb40000721b80fd98) locale list changing from [] to [en-US]
08-28 18:26:51.374 32298 32466 I .apps.wellbeing: AssetManager2(0xb40000721b8552f8) locale list changing from [] to [en-US]
08-28 18:26:51.375 32298 32466 I .apps.wellbeing: AssetManager2(0xb40000721b8539f8) locale list changing from [] to [en-US]
08-28 18:26:51.376 32298 32466 I .apps.wellbeing: AssetManager2(0xb40000721b8568d8) locale list changing from [] to [en-US]
08-28 18:26:51.377 28060 29825 E SpeechMicro: Hotword model is single-channel neuralnet.
08-28 18:26:51.377 28060 29825 I native  : I0000 00:00:1756398411.377932   29825 enrollment_manager_impl.cc:1096] Found valid TDSID profile for user: 0
