--------- beginning of main
08-28 18:53:14.494  2387  3166 I system_server: AssetManager2(0xb40000721b81d858) locale list changing from [] to [en-US]
08-28 18:53:14.508 14075 14184 I Finsky  : [62] AIM: AppInfoManager-Perf > ItemModel > CacheSize=119, cacheHitCount=0, cacheMissCount=0, total appsWithNoServerDataCount=5. Missed  in cache (limit 10) : []
08-28 18:53:14.530  2387  5612 I system_server: AssetManager2(0xb40000721b8bc4f8) locale list changing from [] to [en-US]
08-28 18:53:14.531 14075 14184 I Finsky  : [62] AIM: AppInfoManager-Perf > ItemModel > CacheSize=119, cacheHitCount=0, cacheMissCount=0, total appsWithNoServerDataCount=5. Missed  in cache (limit 10) : []
08-28 18:53:14.534 14075 14184 I Finsky  : [62] AIM: AppInfoManager-Perf > getApps > data collection finished
08-28 18:53:14.534 14075 14184 I Finsky  : [62] AIM: AppInfoManager-Perf > maybeDestroyAppInfoManager is called. actives = 1
08-28 18:53:14.557 14075 14174 I Finsky  : [57] AIM: AppInfoManager-Perf > ItemModel > CacheSize=119, cacheHitCount=0, cacheMissCount=0, total appsWithNoServerDataCount=5. Missed  in cache (limit 10) : []
08-28 18:53:14.557 14075 14184 I Finsky  : [62] AIM: AppInfoManager-Perf > ItemModel > CacheSize=119, cacheHitCount=0, cacheMissCount=0, total appsWithNoServerDataCount=5. Missed  in cache (limit 10) : []
08-28 18:53:14.562 14075 14171 I Finsky  : [54] AIM: AppInfoManager-Perf > getApps > data collection finished
08-28 18:53:14.562 14075 14171 I Finsky  : [54] AIM: AppInfoManager-Perf > maybeDestroyAppInfoManager is called. actives = 0
08-28 18:53:14.576  2387  3166 I system_server: AssetManager2(0xb40000721b836b78) locale list changing from [] to [en-US]
--------- beginning of system
08-28 18:53:14.577  2387  2387 W Looper  : Slow dispatch took 158ms main app=system_server main=true group=FOREGROUND h=android.app.ActivityThread$H c=android.app.LoadedApk$ReceiverDispatcher$Args$$ExternalSyntheticLambda0@1608ab5 m=0
08-28 18:53:14.577  2387  2387 W Looper  : Slow delivery took 323ms main app=system_server main=true group=FOREGROUND h=android.app.ActivityThread$H c=android.app.LoadedApk$ReceiverDispatcher$Args$$ExternalSyntheticLambda0@86fdcbb m=0
08-28 18:53:14.578  2387  2387 D AppSearchAppsIndexerManagerS: userid in package receiver: 10674
08-28 18:53:14.578  2387  2387 D ActivityThread: Package [com.kashi.caimanspoof] reported as REPLACED, but missing application info. Assuming REMOVED.
08-28 18:53:14.580  2387  2387 W AlarmManager: Package com.kashi.caimanspoof, uid 10674 lost permission to set exact alarms!
08-28 18:53:14.584  2387  2387 W Looper  : Drained
08-28 18:53:14.585 13621 13970 I BugleDataModel: ActionExecutorImpl: ACTION_EXECUTE_QUEUED_CountryCodeDetectorAction
08-28 18:53:14.586 13621 17522 I BugleDataModel: ExecuteActionRunnable: running action CountryCodeDetectorAction
08-28 18:53:14.586 13621 17522 I BugleDataModel: ActionExecutorImpl: ACTION_BACKGROUND_QUEUED_CountryCodeDetectorAction
08-28 18:53:14.591  2387  8941 V Configuration: Updating configuration, locales updated from [] to [en_US]
08-28 18:53:14.591  2387  8941 V Configuration: Updating configuration, locales updated from [] to [en_US]
08-28 18:53:14.591  2387  8941 V Configuration: Updating configuration, locales updated from [] to [en_US]
08-28 18:53:14.591  2387  8941 V Configuration: Updating configuration, locales updated from [] to [en_US]
08-28 18:53:14.591  2387  8941 V Configuration: Updating configuration, locales updated from [] to [en_US]
08-28 18:53:14.591  2387  8941 V Configuration: Updating configuration, locales updated from [] to [en_US]
08-28 18:53:14.591  2387  8941 V Configuration: Updating configuration, locales updated from [] to [en_US]
08-28 18:53:14.591  2387  8941 V Configuration: Updating configuration, locales updated from [] to [en_US]
08-28 18:53:14.591  2387  8941 V Configuration: Updating configuration, locales updated from [] to [en_US]
08-28 18:53:14.591  2387  8941 V Configuration: Updating configuration, locales updated from [] to [en_US]
08-28 18:53:14.599  1599  1692 W ServiceManagerCppClient: Waited one second for stats (is service started? Number of threads started in the threadpool: 6. Are binder threads started and available?)
08-28 18:53:14.599  2387  8941 D IntervalStats: Unable to parse usage stats packages: [650, 677]
08-28 18:53:14.601  2387  3412 W ServiceManagerCppClient: Waited one second for stats (is service started? Number of threads started in the threadpool: 32. Are binder threads started and available?)
08-28 18:53:14.601  2117 14751 W ServiceManagerCppClient: Waited one second for stats (is service started? Number of threads started in the threadpool: 17. Are binder threads started and available?)
08-28 18:53:14.603   682 18734 W libc    : Unable to set property "ctl.interface_start" to "aidl/stats": PROP_ERROR_HANDLE_CONTROL_MESSAGE (0x20)
08-28 18:53:14.603   682 18735 W libc    : Unable to set property "ctl.interface_start" to "aidl/stats": PROP_ERROR_HANDLE_CONTROL_MESSAGE (0x20)
08-28 18:53:14.606   682 18736 W libc    : Unable to set property "ctl.interface_start" to "aidl/stats": PROP_ERROR_HANDLE_CONTROL_MESSAGE (0x20)
08-28 18:53:14.608  2387  8941 V Configuration: Updating configuration, locales updated from [] to [en_US_#u-mu-celsius]
08-28 18:53:14.608  2387  8941 V Configuration: Updating configuration, locales updated from [] to [en_US]
08-28 18:53:14.609  2387  8941 V Configuration: Updating configuration, locales updated from [] to [en_US_#u-mu-celsius]
08-28 18:53:14.609  2387  8941 V Configuration: Updating configuration, locales updated from [] to [en_US_#u-mu-celsius]
08-28 18:53:14.609  2387  8941 V Configuration: Updating configuration, locales updated from [] to [en_US]
08-28 18:53:14.609  2387  8941 V Configuration: Updating configuration, locales updated from [] to [en_US]
08-28 18:53:14.609  2387  8941 V Configuration: Updating configuration, locales updated from [] to [en_US]
08-28 18:53:14.609  2387  8941 V Configuration: Updating configuration, locales updated from [] to [en_US_#u-mu-celsius]
08-28 18:53:14.609  2387  8941 V Configuration: Updating configuration, locales updated from [] to [en_US]
08-28 18:53:14.609  2387  8941 V Configuration: Updating configuration, locales updated from [] to [en_US_#u-mu-celsius]
08-28 18:53:14.609  2387  8941 V Configuration: Updating configuration, locales updated from [] to [en_US]
08-28 18:53:14.609  2387  8941 V Configuration: Updating configuration, locales updated from [] to [en_US]
08-28 18:53:14.609  2387  8941 V Configuration: Updating configuration, locales updated from [] to [en_US_#u-mu-celsius]
08-28 18:53:14.609  2387  8941 V Configuration: Updating configuration, locales updated from [] to [en_US]
08-28 18:53:14.610  2387  8941 V Configuration: Updating configuration, locales updated from [] to [en_US_#u-mu-celsius]
08-28 18:53:14.610  2387  8941 V Configuration: Updating configuration, locales updated from [] to [en_US_#u-mu-celsius]
08-28 18:53:14.610  2387  8941 V Configuration: Updating configuration, locales updated from [] to [en_US]
08-28 18:53:14.610  2387  8941 V Configuration: Updating configuration, locales updated from [] to [en_US_#u-mu-celsius]
08-28 18:53:14.610  2387  8941 V Configuration: Updating configuration, locales updated from [] to [en_US_#u-mu-celsius]
08-28 18:53:14.610  2387  8941 V Configuration: Updating configuration, locales updated from [] to [en_US]
08-28 18:53:14.610  2387  8941 V Configuration: Updating configuration, locales updated from [] to [en_US_#u-mu-celsius]
08-28 18:53:14.610  2387  8941 V Configuration: Updating configuration, locales updated from [] to [en_US_#u-mu-celsius]
08-28 18:53:14.616 17578 17592 I com.whatsapp: Background concurrent mark compact GC freed 23MB AllocSpace bytes, 1040(20MB) LOS objects, 75% free, 14MB/57MB, paused 660us,3.654ms total 138.633ms
08-28 18:53:14.627  2387  3166 I system_server: AssetManager2(0xb40000721b8cf0f8) locale list changing from [] to [en-US]
08-28 18:53:14.641 13621 18733 I Bugle   : CountryCodeDetector: updateSmsNetworkCountry from default subscription network country. detected country: mw
08-28 18:53:14.641  2387  8941 D IntervalStats: Unable to parse usage stats packages: [646, 650, 658, 659, 660, 677, 683, 685]
08-28 18:53:14.641 13621 18733 I BugleDataModel: ActionExecutorImpl: ACTION_RESPONSE_QUEUED_CountryCodeDetectorAction
08-28 18:53:14.648  2387  8941 V Configuration: Updating configuration, locales updated from [] to [en_US_#u-mu-celsius]
08-28 18:53:14.648  2387  8941 V Configuration: Updating configuration, locales updated from [] to [en_US_#u-mu-celsius]
08-28 18:53:14.648  2387  8941 V Configuration: Updating configuration, locales updated from [] to [en_US_#u-mu-celsius]
08-28 18:53:14.649  2387  8941 V Configuration: Updating configuration, locales updated from [] to [en_US_#u-mu-celsius]
08-28 18:53:14.649  2387  8941 V Configuration: Updating configuration, locales updated from [] to [en_US_#u-mu-celsius]
08-28 18:53:14.649  2387  8941 V Configuration: Updating configuration, locales updated from [] to [en_US_#u-mu-celsius]
08-28 18:53:14.649  2387  8941 V Configuration: Updating configuration, locales updated from [] to [en_US_#u-mu-celsius]
08-28 18:53:14.649  2387  8941 V Configuration: Updating configuration, locales updated from [] to [en_US_#u-mu-celsius]
08-28 18:53:14.649  2387  8941 V Configuration: Updating configuration, locales updated from [] to [en_US_#u-mu-celsius]
08-28 18:53:14.649  2387  8941 V Configuration: Updating configuration, locales updated from [] to [en_US_#u-mu-celsius]
08-28 18:53:14.651  2387  8941 D IntervalStats: Unable to parse usage stats packages: [646, 677, 690, 691, 695, 696]
08-28 18:53:14.652  2387  8941 V Configuration: Updating configuration, locales updated from [] to [en_US_#u-mu-celsius]
08-28 18:53:14.652  2387  8941 V Configuration: Updating configuration, locales updated from [] to [en_US_#u-mu-celsius]
08-28 18:53:14.652  2387  8941 V Configuration: Updating configuration, locales updated from [] to [en_US_#u-mu-celsius]
08-28 18:53:14.652  2387  8941 V Configuration: Updating configuration, locales updated from [] to [en_US_#u-mu-celsius]
08-28 18:53:14.652  2387  8941 V Configuration: Updating configuration, locales updated from [] to [en_US_#u-mu-celsius]
08-28 18:53:14.652  2387  8941 V Configuration: Updating configuration, locales updated from [] to [en_US_#u-mu-celsius]
08-28 18:53:14.652  2387  8941 V Configuration: Updating configuration, locales updated from [] to [en_US_#u-mu-celsius]
08-28 18:53:14.652  2387  8941 V Configuration: Updating configuration, locales updated from [] to [en_US_#u-mu-celsius]
08-28 18:53:14.652  2387  8941 V Configuration: Updating configuration, locales updated from [] to [en_US_#u-mu-celsius]
08-28 18:53:14.652  2387  8941 V Configuration: Updating configuration, locales updated from [] to [en_US_#u-mu-celsius]
08-28 18:53:14.652  2387  8941 V Configuration: Updating configuration, locales updated from [] to [en_US_#u-mu-celsius]
08-28 18:53:14.654  2387  8941 D IntervalStats: Unable to parse usage stats packages: [677, 695, 696, 700, 701]
08-28 18:53:14.656  2387  8941 V Configuration: Updating configuration, locales updated from [] to [en_US_#u-mu-celsius]
08-28 18:53:14.656  2387  8941 V Configuration: Updating configuration, locales updated from [] to [en_US_#u-mu-celsius]
08-28 18:53:14.656  2387  8941 V Configuration: Updating configuration, locales updated from [] to [en_US_#u-mu-celsius]
08-28 18:53:14.656  2387  8941 V Configuration: Updating configuration, locales updated from [] to [en_US_#u-mu-celsius]
08-28 18:53:14.656  2387  8941 V Configuration: Updating configuration, locales updated from [] to [en_US_#u-mu-celsius]
08-28 18:53:14.656  2387  8941 V Configuration: Updating configuration, locales updated from [] to [en_US_#u-mu-celsius]
08-28 18:53:14.656  2387  8941 V Configuration: Updating configuration, locales updated from [] to [en_US_#u-mu-celsius]
08-28 18:53:14.656  2387  8941 V Configuration: Updating configuration, locales updated from [] to [en_US_#u-mu-celsius]
08-28 18:53:14.656  2387  8941 V Configuration: Updating configuration, locales updated from [] to [en_US_#u-mu-celsius]
08-28 18:53:14.656  2387  8941 V Configuration: Updating configuration, locales updated from [] to [en_US_#u-mu-celsius]
08-28 18:53:14.656  2387  8941 V Configuration: Updating configuration, locales updated from [] to [en_US_#u-mu-celsius]
08-28 18:53:14.659  2387  8941 D IntervalStats: Unable to parse usage stats packages: [691, 716, 717, 720]
08-28 18:53:14.666  2387  8941 V Configuration: Updating configuration, locales updated from [] to [en_US_#u-mu-celsius]
08-28 18:53:14.666  2387  8941 V Configuration: Updating configuration, locales updated from [] to [en_US_#u-mu-celsius]
08-28 18:53:14.667  2387  8941 V Configuration: Updating configuration, locales updated from [] to [en_US_#u-mu-celsius]
08-28 18:53:14.667  2387  8941 V Configuration: Updating configuration, locales updated from [] to [en_US_#u-mu-celsius]
08-28 18:53:14.668  2387  8941 V Configuration: Updating configuration, locales updated from [] to [en_US_#u-mu-celsius]
08-28 18:53:14.668  2387  8941 V Configuration: Updating configuration, locales updated from [] to [en_US_#u-mu-celsius]
08-28 18:53:14.668  2387  8941 V Configuration: Updating configuration, locales updated from [] to [en_US_#u-mu-celsius]
08-28 18:53:14.668  2387  8941 V Configuration: Updating configuration, locales updated from [] to [en_US_#u-mu-celsius]
08-28 18:53:14.668  2387  8941 V Configuration: Updating configuration, locales updated from [] to [en_US_#u-mu-celsius]
08-28 18:53:14.668  2387  8941 V Configuration: Updating configuration, locales updated from [] to [en_US_#u-mu-celsius]
08-28 18:53:14.669  2387  8941 V Configuration: Updating configuration, locales updated from [] to [en_US_#u-mu-celsius]
08-28 18:53:14.669  2387  8941 V Configuration: Updating configuration, locales updated from [] to [en_US_#u-mu-celsius]
08-28 18:53:14.669  2387  8941 V Configuration: Updating configuration, locales updated from [] to [en_US_#u-mu-celsius]
08-28 18:53:14.670  2387  8941 V Configuration: Updating configuration, locales updated from [] to [en_US_#u-mu-celsius]
08-28 18:53:14.670  2387  8941 V Configuration: Updating configuration, locales updated from [] to [en_US_#u-mu-celsius]
08-28 18:53:14.671  2387  8941 V Configuration: Updating configuration, locales updated from [] to [en_US_#u-mu-celsius]
08-28 18:53:14.671  2387  2942 I system_server: AssetManager2(0xb40000721b83a3b8) locale list changing from [] to [en-US]
08-28 18:53:14.671  2387  8941 V Configuration: Updating configuration, locales updated from [] to [en_US_#u-mu-celsius]
08-28 18:53:14.671  2387  8941 V Configuration: Updating configuration, locales updated from [] to [en_US_#u-mu-celsius]
08-28 18:53:14.673  2387  3422 I system_server: AssetManager2(0xb40000721b844318) locale list changing from [] to [en-US]
08-28 18:53:14.677  2387  8941 D IntervalStats: Unable to parse usage stats packages: [717, 724]
08-28 18:53:14.700  2387  3422 I system_server: AssetManager2(0xb40000721b8264f8) locale list changing from [] to [en-US]
08-28 18:53:14.707  2387  3166 I system_server: AssetManager2(0xb40000721b80bf18) locale list changing from [] to [en-US]
08-28 18:53:14.709  2387  3422 W SignedPackage: Cannot get ApplicationInfo for package: com.google.android.devicelockcontroller
08-28 18:53:14.720  2387  3238 D BackgroundInstallControlService: Package event received: 0
08-28 18:53:14.723  2387  3166 I system_server: AssetManager2(0xb40000721b80f118) locale list changing from [] to [en-US]
08-28 18:53:14.730  5606  6482 I ahhw    : (REDACTED) Invalidating %s caches for %s
08-28 18:53:14.730  5606  6482 I djqm    : (REDACTED) Invalidation request: %s
08-28 18:53:14.731  5552  5552 W MediaProvider: WorkProfileOwnerApps cache miss for package com.kashi.caimanspoof
08-28 18:53:14.733  5552  5552 D PickerSyncLockManager: Trying to acquire lock com.android.providers.media.photopicker.sync.CloseableReentrantLock@190c517[Unlocked]. Lock Name = CLOUD_PROVIDER_LOCK. Threads that may be waiting to acquire this lock = []
08-28 18:53:14.733  5552  5552 D CloseableReentrantLock: Successfully acquired lock com.android.providers.media.photopicker.sync.CloseableReentrantLock@190c517[Locked by thread main]. Lock Name = CLOUD_PROVIDER_LOCK. Threads that may be waiting to acquire this lock = []
08-28 18:53:14.733  5552  5552 D CloseableReentrantLock: Successfully released lock com.android.providers.media.photopicker.sync.CloseableReentrantLock@190c517[Unlocked]. Lock Name = CLOUD_PROVIDER_LOCK. Threads that may be waiting to acquire this lock = []
08-28 18:53:14.734  5606  6482 I dstp    : (REDACTED) Invalidated ContextKey: %s for %s.
08-28 18:53:14.734  5606  6413 I dsty    : (REDACTED) Fetching context keys %s. %s
08-28 18:53:14.734  5606  6481 I dsty    : (REDACTED) Fetching ContextResult for ContextKey: %s. %s
08-28 18:53:14.735  5606  6413 I dsty    : (REDACTED) Fetching ContextResult for ContextKey: %s. %s
08-28 18:53:14.735  5606  6481 I djrp    : (REDACTED) GetContext(%s, %s): %s from synchronized cache (status: %s)
08-28 18:53:14.736  5606  6481 I dsty    : (REDACTED) ContextResult succeeded for ContextKey: %s. %s
08-28 18:53:14.736  5606  6481 I dsts    : (REDACTED) Primary Locale: %s and preferred locales: %s, returned from Context API. %s
08-28 18:53:14.738  5606  6411 I djoy    : (REDACTED) GetContext(%s, %s): Fetching from provider
08-28 18:53:14.746  5606  6412 I dspg    : (REDACTED) getting App Capabilities from InstalledAppsCache %s
08-28 18:53:14.746  5606  6481 I ahhw    : (REDACTED) Invalidating %s caches for %s
08-28 18:53:14.746  5606  6481 I djqm    : (REDACTED) Invalidation request: %s
08-28 18:53:14.748  5606  6481 I dstp    : (REDACTED) Invalidated ContextKey: %s for %s.
08-28 18:53:14.748  5606  6482 I dsty    : (REDACTED) Fetching ContextResult for ContextKey: %s. %s
08-28 18:53:14.748  5606  6411 I dsty    : (REDACTED) Fetching context keys %s. %s
08-28 18:53:14.749  5606  6481 I dsty    : (REDACTED) Fetching ContextResult for ContextKey: %s. %s
08-28 18:53:14.749  5606  6418 I djrp    : (REDACTED) GetContext(%s, %s): %s from synchronized cache (status: %s)
08-28 18:53:14.750  5606  6419 I dsty    : (REDACTED) ContextResult succeeded for ContextKey: %s. %s
08-28 18:53:14.750  5606  6419 I dsts    : (REDACTED) Primary Locale: %s and preferred locales: %s, returned from Context API. %s
08-28 18:53:14.750  5606  6419 I djoy    : (REDACTED) GetContext(%s, %s): Fetching from provider
08-28 18:53:14.750  5606  6323 I dspg    : (REDACTED) getting App Capabilities from InstalledAppsCache %s
08-28 18:53:14.755  2387  3166 V AccessibilityManagerService: onUserStateChangedLocked for userId: 0, forceUpdate: false
08-28 18:53:14.762  2387  3166 W MagnificationConnectionManager: requestConnection duplicated request: connect=false, mConnectionState=DISCONNECTED
08-28 18:53:14.767  3998  3998 W ChimeraProxyRslvr: No registered Chimera impl for com.google.android.gms.games.chimera.GamesSystemBroadcastReceiverProxy
08-28 18:53:14.767  3998  3998 E ChimeraRcvrProxy: com.google.android.gms.games.chimera.GamesSystemBroadcastReceiverProxy dropping broadcast android.intent.action.PACKAGE_REMOVED
08-28 18:53:14.767  5606  6483 I hbox:interactor: AssetManager2(0xb40000721b822fd8) locale list changing from [] to [en-US]
08-28 18:53:14.770  2387  3166 I system_server: AssetManager2(0xb40000721b825b98) locale list changing from [] to [en-US]
08-28 18:53:14.777  3998  3998 W ChimeraProxyRslvr: No registered Chimera impl for com.google.android.gms.games.chimera.GamesSystemBroadcastReceiverProxy
08-28 18:53:14.777  3998  3998 E ChimeraRcvrProxy: com.google.android.gms.games.chimera.GamesSystemBroadcastReceiverProxy dropping broadcast android.intent.action.PACKAGE_ADDED
08-28 18:53:14.783 17578 18520 D BufferPoolAccessor2.0: bufferpool2 0xb4000072db8b4828 : 0(0 size) total buffers - 0(0 size) used buffers - 705/711 (recycle/alloc) - 6/708 (fetch/transfer)
08-28 18:53:14.783 17578 18520 D BufferPoolAccessor2.0: evictor expired: 1, evicted: 1
08-28 18:53:14.804  2387  2858 I system_server: Background concurrent mark compact GC freed 87MB AllocSpace bytes, 74(2472KB) LOS objects, 56% free, 73MB/169MB, paused 3.816ms,4.609ms total 597.154ms
08-28 18:53:14.810  2387  3166 I system_server: AssetManager2(0xb40000721b844638) locale list changing from [] to [en-US]
08-28 18:53:14.816  2156  2651 D BufferPoolAccessor2.0: bufferpool2 0xb40000788ae27fc8 : 0(0 size) total buffers - 0(0 size) used buffers - 0/0 (recycle/alloc) - 0/0 (fetch/transfer)
08-28 18:53:14.816  2156  2651 D BufferPoolAccessor2.0: evictor expired: 2, evicted: 1
08-28 18:53:14.818  3998 18741 I ProximityAuth: [RecentAppsMediator] Package added: (user=UserHandle{0}) com.kashi.caimanspoof
08-28 18:53:14.821  2387  8941 W BpBinder: Large outgoing transaction of 662088 bytes, interface descriptor , code 1 was sent
08-28 18:53:14.823  2387  8941 W ActivityManager: pid 2387 system sent binder code 1 with flags 1 to frozen apps and got error -2147483646
08-28 18:53:14.823  2387  8941 E JavaBinder: !!! FAILED BINDER TRANSACTION !!!  (parcel size = 662088)
08-28 18:53:14.823  2387  2860 W System  : A resource failed to call release. 
08-28 18:53:14.824  2387  3166 I system_server: AssetManager2(0xb40000721b835bd8) locale list changing from [] to [en-US]
08-28 18:53:14.826  3998 18742 I gle.android.gms: AssetManager2(0xb40000721b7e95f8) locale list changing from [] to [en-US]
08-28 18:53:14.827  2387  2860 W System  : A resource failed to call close. 
08-28 18:53:14.828  3998 18742 I gle.android.gms: AssetManager2(0xb40000721b87c3f8) locale list changing from [] to [en-US]
08-28 18:53:14.831  2387  8941 W CacheQuotaStrategy: Remote exception occurred while trying to get cache quota
08-28 18:53:14.831  2387  8941 W CacheQuotaStrategy: android.os.TransactionTooLargeException: data parcel size 662088 bytes
08-28 18:53:14.831  2387  8941 W CacheQuotaStrategy: 	at android.os.BinderProxy.transactNative(Native Method)
08-28 18:53:14.831  2387  8941 W CacheQuotaStrategy: 	at android.os.BinderProxy.transact(BinderProxy.java:592)
08-28 18:53:14.831  2387  8941 W CacheQuotaStrategy: 	at android.app.usage.ICacheQuotaService$Stub$Proxy.computeCacheQuotaHints(ICacheQuotaService.java:123)
08-28 18:53:14.831  2387  8941 W CacheQuotaStrategy: 	at com.android.server.storage.CacheQuotaStrategy$1$1.run(CacheQuotaStrategy.java:140)
08-28 18:53:14.831  2387  8941 W CacheQuotaStrategy: 	at android.os.AsyncTask$SerialExecutor$1.run(AsyncTask.java:305)
08-28 18:53:14.831  2387  8941 W CacheQuotaStrategy: 	at java.util.concurrent.ThreadPoolExecutor.runWorker(ThreadPoolExecutor.java:1156)
08-28 18:53:14.831  2387  8941 W CacheQuotaStrategy: 	at java.util.concurrent.ThreadPoolExecutor$Worker.run(ThreadPoolExecutor.java:651)
08-28 18:53:14.831  2387  8941 W CacheQuotaStrategy: 	at java.lang.Thread.run(Thread.java:1119)
08-28 18:53:14.836  2387  3238 D BackgroundInstallControlService: Package event received: 0
08-28 18:53:14.838  3998 18741 I gle.android.gms: AssetManager2(0xb40000721b87a198) locale list changing from [] to [en-US]
08-28 18:53:14.846  3998 18740 I Fitness : (REDACTED) FitCleanupIntentOperation received Intent %s
08-28 18:53:14.859  2387  3166 I system_server: AssetManager2(0xb40000721b828438) locale list changing from [] to [en-US]
08-28 18:53:14.860  2387  3166 I system_server: AssetManager2(0xb40000721b84e278) locale list changing from [] to [en-US]
08-28 18:53:14.862  2387  3166 I system_server: AssetManager2(0xb40000721b82acd8) locale list changing from [] to [en-US]
08-28 18:53:14.865  3998 18742 I gle.android.gms: AssetManager2(0xb40000721b87d9d8) locale list changing from [] to [en-US]
08-28 18:53:14.866  2387  3166 V AccessibilityManagerService: onUserStateChangedLocked for userId: 0, forceUpdate: false
08-28 18:53:14.868  2387  3166 W MagnificationConnectionManager: requestConnection duplicated request: connect=false, mConnectionState=DISCONNECTED
08-28 18:53:14.869  3998  3998 D BoundBrokerSvc: onBind: Intent { act=com.google.android.gms.common.BIND_SHARED_PREFS xflg=0x4 pkg=com.google.android.gms }
08-28 18:53:14.869  3998  3998 D BoundBrokerSvc: Loading bound service for intent: Intent { act=com.google.android.gms.common.BIND_SHARED_PREFS xflg=0x4 pkg=com.google.android.gms }
08-28 18:53:14.879  2387  3838 I ActivityManager: Force stopping ru.andr7e.deviceinfohw appid=10631 user=0: from pid 18764
08-28 18:53:14.883  2387  3838 E ActivityManager: Unable to freeze binder for 16894: java.lang.RuntimeException: Unable to freeze/unfreeze binder
08-28 18:53:14.884  2387  3838 I ActivityManager: Killing 16894:ru.andr7e.deviceinfohw/u0a631 (adj 900): stop ru.andr7e.deviceinfohw due to from pid 18764
08-28 18:53:14.886  3998  7697 I GmsCoreXrpcWrapper: (REDACTED) Returning a channel provider with trafficStatsTag=%d trafficStatsUid=%d
08-28 18:53:14.886  3998  7697 I GmsCoreXrpcWrapper: (REDACTED) Returning a channel provider with trafficStatsTag=%d trafficStatsUid=%d
08-28 18:53:14.886  3998  7697 I GmsCoreXrpcWrapper: (REDACTED) Returning a channel provider with trafficStatsTag=%d trafficStatsUid=%d
08-28 18:53:14.886  3998  7697 I GmsCoreXrpcWrapper: (REDACTED) Returning a channel provider with trafficStatsTag=%d trafficStatsUid=%d
08-28 18:53:14.887  5606  6323 I hbox:interactor: AssetManager2(0xb40000721b820d78) locale list changing from [] to [en-US]
08-28 18:53:14.892  2387  3838 I AppsFilter: interaction: PackageSetting{ca5dba6 com.kashi.caimanspoof/10674} -> PackageSetting{3ef49e7 ru.andr7e.deviceinfohw/10631} BLOCKED
08-28 18:53:14.894  3998 18763 I Auth    : (REDACTED) [SupervisedAccountIntentOperationV2] onHandleIntent: %s
08-28 18:53:14.896  3583  3583 D CarrierSvcBindHelper: onHandleForceStop: [ru.andr7e.deviceinfohw]
08-28 18:53:14.897  3583  3583 D CarrierSvcBindHelper: No carrier app for: 0
08-28 18:53:14.897  3583  3583 D CarrierSvcBindHelper: No carrier app for: 1
08-28 18:53:14.897  2387  3163 I system_server: AssetManager2(0xb40000721b861af8) locale list changing from [] to [en-US]
08-28 18:53:14.905  5606  6323 I hbox:interactor: AssetManager2(0xb40000721b818a38) locale list changing from [] to [en-US]
08-28 18:53:14.909  3998 18750 I NearbyDiscovery: (REDACTED) processGrantSlicePermission: %s
08-28 18:53:14.913 17578 18521 D BufferPoolAccessor2.0: bufferpool2 0xb4000072db899ea8 : 5(15667200 size) total buffers - 5(15667200 size) used buffers - 150/156 (recycle/alloc) - 6/156 (fetch/transfer)
08-28 18:53:14.919  2387  2387 W PackageManagerB: type=1400 audit(0.0:42885): avc:  denied  { read } for  name="661f16" dev="dm-41" ino=146483 scontext=u:r:system_server:s0 tcontext=u:object_r:system_data_root_file:s0 tclass=file permissive=0
08-28 18:53:14.920  2387  2942 I system_server: AssetManager2(0xb40000721b8536d8) locale list changing from [] to [en-US]
08-28 18:53:14.933  3998  6200 I Icing   : IndexChimeraService.getServiceInterface callingPackage=com.google.android.gms componentName=AppsCorpus serviceId=36
08-28 18:53:14.955  3998 18741 W SQLiteLog: (28) double-quoted string literal: "com.kashi.caimanspoof"
08-28 18:53:14.961  2387  2937 W ActivityManager: setHasOverlayUi called on unknown pid: 16894
08-28 18:53:14.961  2387  6742 V ActivityManager: Got obituary of 16894:ru.andr7e.deviceinfohw
08-28 18:53:14.964  1317  1317 I Zygote  : Process 16894 exited due to signal 9 (Killed)
08-28 18:53:14.967  2387  2942 I system_server: AssetManager2(0xb40000721b894db8) locale list changing from [] to [en-US]
08-28 18:53:14.967  2387  2945 I libprocessgroup: Removed cgroup /sys/fs/cgroup/apps/uid_10631/pid_16894
08-28 18:53:14.967  2387  2945 I ActivityManager: Process PhantomProcessRecord {a66e8cc 16928:16894:sh/u0a631} died
08-28 18:53:14.995  2387  2942 I system_server: AssetManager2(0xb40000721b8d4878) locale list changing from [] to [en-US]
08-28 18:53:14.998  3998  3998 D BoundBrokerSvc: onBind: Intent { act=com.google.android.gms.feedback.internal.IFeedbackService dat=chimera-action:/... xflg=0x4 cmp=com.google.android.gms/.chimera.GmsBoundBrokerService }
08-28 18:53:14.998  3998  3998 D BoundBrokerSvc: Loading bound service for intent: Intent { act=com.google.android.gms.feedback.internal.IFeedbackService dat=chimera-action:/... xflg=0x4 cmp=com.google.android.gms/.chimera.GmsBoundBrokerService }
08-28 18:53:15.004  3998  6200 I Icing   : IndexChimeraService.getServiceInterface callingPackage=com.google.android.gms componentName=null serviceId=30
08-28 18:53:15.006  3998 18769 I gle.android.gms: AssetManager2(0xb40000721b8791f8) locale list changing from [] to [en-US]
08-28 18:53:15.007  5606  6323 I hbox:interactor: AssetManager2(0xb40000721b803ef8) locale list changing from [] to [en-US]
08-28 18:53:15.003  2387  2387 W PackageManagerB: type=1400 audit(0.0:42886): avc:  denied  { read } for  name="661f16" dev="dm-41" ino=146483 scontext=u:r:system_server:s0 tcontext=u:object_r:system_data_root_file:s0 tclass=file permissive=0
08-28 18:53:15.009 14075 14154 I Finsky  : [48] WM::SCH: Logging work initialize for 12-1
08-28 18:53:15.010  3998 18769 I gle.android.gms: AssetManager2(0xb40000721b884418) locale list changing from [] to [en-US]
08-28 18:53:15.010  3998 18769 I Icing   : Usage reports ok 4, Failed Usage reports 0, indexed 0, rejected 0
08-28 18:53:15.014 14075 14154 I Finsky  : [48] WM::SCH: Logging work initialize for 12-1
08-28 18:53:15.018  5606  6412 I hbox:interactor: AssetManager2(0xb40000721b81c598) locale list changing from [] to [en-US]
08-28 18:53:15.020 14075 14171 I Finsky  : [54] SCH: Scheduling phonesky job Id: 12-1, CT: 1756399994387, Constraints: [{ L: 15000, D: 86400000, C: CHARGING_NONE, I: IDLE_NONE, N: NET_ANY, B: BATTERY_ANY }]
08-28 18:53:15.023  5606  6412 I hbox:interactor: AssetManager2(0xb40000721b822cb8) locale list changing from [] to [en-US]
08-28 18:53:15.026 14075 14184 I Finsky  : [62] SCH: Scheduling 1 system job(s)
08-28 18:53:15.029 14075 14184 I Finsky  : [62] SCH: Scheduling system job Id: 9227, L: 14361, D: 67718423, C: false, I: false, N: 1
08-28 18:53:15.023  2387  2387 W binder:2387_17: type=1400 audit(0.0:42887): avc:  denied  { read } for  name="661f16" dev="dm-41" ino=146483 scontext=u:r:system_server:s0 tcontext=u:object_r:system_data_root_file:s0 tclass=file permissive=0
08-28 18:53:15.031  3998 18769 I Icing   : Usage reports ok 0, Failed Usage reports 0, indexed 0, rejected 0
08-28 18:53:15.042 14075 14157 I Finsky  : [51] [ContentSync] finished, scheduled=true
08-28 18:53:15.042 14075 14171 I Finsky  : [54] SCH: Scheduling phonesky job Id: 12-1, CT: 1756399994388, Constraints: [{ L: 15000, D: 86400000, C: CHARGING_NONE, I: IDLE_NONE, N: NET_ANY, B: BATTERY_ANY }]
08-28 18:53:15.046 14075 14184 I Finsky  : [62] SCH: Scheduling 0 system job(s)
08-28 18:53:15.046 14075 14184 I Finsky  : [62] [ContentSync] finished, scheduled=true
08-28 18:53:15.047  5606  6323 I hbox:interactor: AssetManager2(0xb40000721b81d218) locale list changing from [] to [en-US]
08-28 18:53:15.054  2387  2942 I system_server: AssetManager2(0xb40000721b891578) locale list changing from [] to [en-US]
08-28 18:53:15.066  3998 18769 I Icing   : Indexing com.google.android.gms-apps from com.google.android.gms
08-28 18:53:15.071  5606  6412 I hbox:interactor: AssetManager2(0xb40000721b81f798) locale list changing from [] to [en-US]
08-28 18:53:15.074  5606  6412 I hbox:interactor: AssetManager2(0xb40000721b823f78) locale list changing from [] to [en-US]
08-28 18:53:15.075  3998 18769 I Icing   : Indexing done com.google.android.gms-apps
08-28 18:53:15.085  5606  6323 I hbox:interactor: AssetManager2(0xb40000721b81a658) locale list changing from [] to [en-US]
08-28 18:53:15.090  2387  2942 I system_server: AssetManager2(0xb40000721b824bf8) locale list changing from [] to [en-US]
08-28 18:53:15.091  5606  6323 I hbox:interactor: AssetManager2(0xb40000721b817138) locale list changing from [] to [en-US]
08-28 18:53:15.094  5606  6323 I hbox:interactor: AssetManager2(0xb40000721b8183f8) locale list changing from [] to [en-US]
08-28 18:53:15.098  5606  6412 I hbox:interactor: AssetManager2(0xb40000721b815838) locale list changing from [] to [en-US]
08-28 18:53:15.102  2387  2942 I system_server: AssetManager2(0xb40000721b82c5d8) locale list changing from [] to [en-US]
08-28 18:53:15.102  5606  6412 I hbox:interactor: AssetManager2(0xb40000721b81afb8) locale list changing from [] to [en-US]
08-28 18:53:15.104  5606  6412 I hbox:interactor: AssetManager2(0xb40000721b81ac98) locale list changing from [] to [en-US]
08-28 18:53:15.107  5606  6412 I hbox:interactor: AssetManager2(0xb40000721b7e5a98) locale list changing from [] to [en-US]
08-28 18:53:15.109  5606  6412 I hbox:interactor: AssetManager2(0xb40000721b7df058) locale list changing from [] to [en-US]
08-28 18:53:15.118  2387  2942 I system_server: AssetManager2(0xb40000721b87a4b8) locale list changing from [] to [en-US]
08-28 18:53:15.123  5606  6412 I hbox:interactor: AssetManager2(0xb40000721b7e18f8) locale list changing from [] to [en-US]
08-28 18:53:15.125  5606  6323 I hbox:interactor: AssetManager2(0xb40000721b7df378) locale list changing from [] to [en-US]
08-28 18:53:15.126  5606  6412 I hbox:interactor: AssetManager2(0xb40000721b7edab8) locale list changing from [] to [en-US]
08-28 18:53:15.129  5606  6412 I hbox:interactor: AssetManager2(0xb40000721b7e76b8) locale list changing from [] to [en-US]
08-28 18:53:15.130  2387  2942 I system_server: AssetManager2(0xb40000721b854358) locale list changing from [] to [en-US]
08-28 18:53:15.136  5606  6412 I hbox:interactor: AssetManager2(0xb40000721b7e79d8) locale list changing from [] to [en-US]
08-28 18:53:15.139  5606  6412 I hbox:interactor: AssetManager2(0xb40000721b7e6a38) locale list changing from [] to [en-US]
08-28 18:53:15.142  5606  6412 I hbox:interactor: AssetManager2(0xb40000721b7ecb18) locale list changing from [] to [en-US]
08-28 18:53:15.146  5606  6412 I hbox:interactor: AssetManager2(0xb40000721b7e95f8) locale list changing from [] to [en-US]
08-28 18:53:15.147  5606  6412 I hbox:interactor: AssetManager2(0xb40000721b7e7078) locale list changing from [] to [en-US]
08-28 18:53:15.148  5606  6323 I hbox:interactor: AssetManager2(0xb40000721b7e0638) locale list changing from [] to [en-US]
08-28 18:53:15.150  5606  6412 I hbox:interactor: AssetManager2(0xb40000721b7ece38) locale list changing from [] to [en-US]
08-28 18:53:15.152  5606  6412 I hbox:interactor: AssetManager2(0xb40000721b7e8c98) locale list changing from [] to [en-US]
08-28 18:53:15.152  2387  2942 I system_server: AssetManager2(0xb40000721b87a7d8) locale list changing from [] to [en-US]
08-28 18:53:15.154  5606  6412 I hbox:interactor: AssetManager2(0xb40000721b7ee0f8) locale list changing from [] to [en-US]
08-28 18:53:15.155  5606  6412 I hbox:interactor: AssetManager2(0xb40000721b7e92d8) locale list changing from [] to [en-US]
08-28 18:53:15.156  5606  6412 I hbox:interactor: AssetManager2(0xb40000721b7e8658) locale list changing from [] to [en-US]
08-28 18:53:15.159  5606  6412 I hbox:interactor: AssetManager2(0xb40000721b7f1938) locale list changing from [] to [en-US]
08-28 18:53:15.161  2387  2942 I system_server: AssetManager2(0xb40000721b81c598) locale list changing from [] to [en-US]
08-28 18:53:15.162  5606  6412 I hbox:interactor: AssetManager2(0xb40000721b7f3eb8) locale list changing from [] to [en-US]
08-28 18:53:15.164  5606  6412 I hbox:interactor: AssetManager2(0xb40000721b7f5df8) locale list changing from [] to [en-US]
08-28 18:53:15.167  5606  6323 I hbox:interactor: AssetManager2(0xb40000721b7ea8b8) locale list changing from [] to [en-US]
08-28 18:53:15.169  5606  6323 I hbox:interactor: AssetManager2(0xb40000721b7eb858) locale list changing from [] to [en-US]
08-28 18:53:15.171  5606  6323 I hbox:interactor: AssetManager2(0xb40000721b7ec1b8) locale list changing from [] to [en-US]
08-28 18:53:15.174  5606  6323 I hbox:interactor: AssetManager2(0xb40000721b7ed798) locale list changing from [] to [en-US]
08-28 18:53:15.179  5606  6323 I hbox:interactor: AssetManager2(0xb40000721b7f28d8) locale list changing from [] to [en-US]
08-28 18:53:15.180  2387  2942 I system_server: AssetManager2(0xb40000721b8277b8) locale list changing from [] to [en-US]
08-28 18:53:15.182  5606  6412 I hbox:interactor: AssetManager2(0xb40000721b7f4b38) locale list changing from [] to [en-US]
08-28 18:53:15.184  5606  6412 I hbox:interactor: AssetManager2(0xb40000721b7f1f78) locale list changing from [] to [en-US]
08-28 18:53:15.185  5606  6323 I hbox:interactor: AssetManager2(0xb40000721b7f4818) locale list changing from [] to [en-US]
08-28 18:53:15.187  5606  6323 I hbox:interactor: AssetManager2(0xb40000721b7f3558) locale list changing from [] to [en-US]
08-28 18:53:15.189  5589  7455 I AiAiAdaptiveAudio: (REDACTED) Mic avg: %s
08-28 18:53:15.189  5589  7455 I AiAiAdaptiveAudio: Pb avg: %s
08-28 18:53:15.189  5589  7455 I AiAiAdaptiveAudio: EQ: %s
08-28 18:53:15.189  5606  6412 I hbox:interactor: AssetManager2(0xb40000721b7f6118) locale list changing from [] to [en-US]
08-28 18:53:15.191  5606  6412 I hbox:interactor: AssetManager2(0xb40000721b7f12f8) locale list changing from [] to [en-US]
08-28 18:53:15.192  5606  6412 I hbox:interactor: AssetManager2(0xb40000721b7f0358) locale list changing from [] to [en-US]
08-28 18:53:15.194  5606  6323 I hbox:interactor: AssetManager2(0xb40000721b7f0678) locale list changing from [] to [en-US]
08-28 18:53:15.196  5606  6412 I hbox:interactor: AssetManager2(0xb40000721b7eea58) locale list changing from [] to [en-US]
08-28 18:53:15.198  5606  6412 I hbox:interactor: AssetManager2(0xb40000721b7f73d8) locale list changing from [] to [en-US]
08-28 18:53:15.201  5606  6323 I hbox:interactor: AssetManager2(0xb40000721b7f7a18) locale list changing from [] to [en-US]
08-28 18:53:15.203  2387  2942 I system_server: AssetManager2(0xb40000721b894458) locale list changing from [] to [en-US]
08-28 18:53:15.203  5606  6412 I hbox:interactor: AssetManager2(0xb40000721b7f5178) locale list changing from [] to [en-US]
08-28 18:53:15.204  5606  6323 I hbox:interactor: AssetManager2(0xb40000721b7f8058) locale list changing from [] to [en-US]
08-28 18:53:15.206  5606  6412 I hbox:interactor: AssetManager2(0xb40000721b7efd18) locale list changing from [] to [en-US]
08-28 18:53:15.209  5606  6323 I hbox:interactor: AssetManager2(0xb40000721b7fac18) locale list changing from [] to [en-US]
08-28 18:53:15.210  5606  6323 I hbox:interactor: AssetManager2(0xb40000721b7f9c78) locale list changing from [] to [en-US]
08-28 18:53:15.212  5606  6323 I hbox:interactor: AssetManager2(0xb40000721b7fc838) locale list changing from [] to [en-US]
08-28 18:53:15.213  5606  6323 I hbox:interactor: AssetManager2(0xb40000721b7fc1f8) locale list changing from [] to [en-US]
08-28 18:53:15.213  2387  2942 I system_server: AssetManager2(0xb40000721b8953f8) locale list changing from [] to [en-US]
08-28 18:53:15.213  5606  6323 I hbox:interactor: AssetManager2(0xb40000721b7fc518) locale list changing from [] to [en-US]
08-28 18:53:15.215  5606  6323 I hbox:interactor: AssetManager2(0xb40000721b7f6d98) locale list changing from [] to [en-US]
08-28 18:53:15.217  5606  6323 I hbox:interactor: AssetManager2(0xb40000721b7f9638) locale list changing from [] to [en-US]
08-28 18:53:15.218  5606  6323 I hbox:interactor: AssetManager2(0xb40000721b7f6a78) locale list changing from [] to [en-US]
08-28 18:53:15.221  5606  6323 I hbox:interactor: AssetManager2(0xb40000721b815e78) locale list changing from [] to [en-US]
08-28 18:53:15.221  5606  6412 I hbox:interactor: AssetManager2(0xb40000721b7fa2b8) locale list changing from [] to [en-US]
08-28 18:53:15.224  5606  6323 I hbox:interactor: AssetManager2(0xb40000721b7e3518) locale list changing from [] to [en-US]
08-28 18:53:15.224  2387  2942 I system_server: AssetManager2(0xb40000721b82bc78) locale list changing from [] to [en-US]
08-28 18:53:15.225  5606  6323 I hbox:interactor: AssetManager2(0xb40000721b81bf58) locale list changing from [] to [en-US]
08-28 18:53:15.226  5606  6323 I hbox:interactor: AssetManager2(0xb40000721b824298) locale list changing from [] to [en-US]
08-28 18:53:15.228  5606  6323 I hbox:interactor: AssetManager2(0xb40000721b8248d8) locale list changing from [] to [en-US]
08-28 18:53:15.229  5606  6323 I hbox:interactor: AssetManager2(0xb40000721b81ee38) locale list changing from [] to [en-US]
08-28 18:53:15.230  5606  6323 I hbox:interactor: AssetManager2(0xb40000721b8213b8) locale list changing from [] to [en-US]
08-28 18:53:15.233  5606  6323 I hbox:interactor: AssetManager2(0xb40000721b820a58) locale list changing from [] to [en-US]
08-28 18:53:15.236  5606  6323 I hbox:interactor: AssetManager2(0xb40000721b8232f8) locale list changing from [] to [en-US]
08-28 18:53:15.238  5606  6323 I hbox:interactor: AssetManager2(0xb40000721b823c58) locale list changing from [] to [en-US]
08-28 18:53:15.240  2387  2942 I system_server: AssetManager2(0xb40000721b8261d8) locale list changing from [] to [en-US]
08-28 18:53:15.242  5606  6323 I hbox:interactor: AssetManager2(0xb40000721b824bf8) locale list changing from [] to [en-US]
08-28 18:53:15.244  5606  6323 I hbox:interactor: AssetManager2(0xb40000721b7ffa38) locale list changing from [] to [en-US]
08-28 18:53:15.245 16353 16568 I .apps.wellbeing: AssetManager2(0xb40000721b7f4b38) locale list changing from [] to [en-US]
08-28 18:53:15.246  5606  6323 I hbox:interactor: AssetManager2(0xb40000721b8009d8) locale list changing from [] to [en-US]
08-28 18:53:15.247  5606  6412 I hbox:interactor: AssetManager2(0xb40000721b7ff718) locale list changing from [] to [en-US]
08-28 18:53:15.248 16353 16568 I .apps.wellbeing: AssetManager2(0xb40000721b7f1c58) locale list changing from [] to [en-US]
08-28 18:53:15.248  5606  6323 I hbox:interactor: AssetManager2(0xb40000721b819398) locale list changing from [] to [en-US]
08-28 18:53:15.249 16353 16568 I .apps.wellbeing: AssetManager2(0xb40000721b7f0cb8) locale list changing from [] to [en-US]
08-28 18:53:15.250  5606  6323 I hbox:interactor: AssetManager2(0xb40000721b817a98) locale list changing from [] to [en-US]
08-28 18:53:15.264  1549 18668 I QC2Comp : [avcD_49] Stats: Pending(5) i/p-done(1) Works: Q: 167/Done 163|Work-Rate: Q(28.6/s Avg=30.3/s) Done(28.599/s Avg=29.530/s)| Stream: 30.06fps 1.5Mbps
08-28 18:53:15.264  1549 18668 I QC2Comp : Mem-usage:  [In-1D - 6 bufs 17.930 MB] [1D-0 - 10 bufs 0.156 MB] [2D-19 - 18 bufs 12.094 MB]
08-28 18:53:15.264  1549 18668 I QC2Comp : Total Mem-usage: 30.180 MB
08-28 18:53:15.274  5606  6323 I hbox:interactor: AssetManager2(0xb40000721b8038b8) locale list changing from [] to [en-US]
08-28 18:53:15.274 16353 16568 I .apps.wellbeing: AssetManager2(0xb40000721b7f28d8) locale list changing from [] to [en-US]
08-28 18:53:15.275  2387  2942 I system_server: AssetManager2(0xb40000721b85ef38) locale list changing from [] to [en-US]
08-28 18:53:15.278 16353 16568 I .apps.wellbeing: AssetManager2(0xb40000721b7f5ad8) locale list changing from [] to [en-US]
08-28 18:53:15.278  5606  6412 I hbox:interactor: AssetManager2(0xb40000721b801338) locale list changing from [] to [en-US]
08-28 18:53:15.279 16353 16568 I .apps.wellbeing: AssetManager2(0xb40000721b7f5df8) locale list changing from [] to [en-US]
08-28 18:53:15.280  5606  6412 I hbox:interactor: AssetManager2(0xb40000721b804e98) locale list changing from [] to [en-US]
08-28 18:53:15.282 16353 16568 I .apps.wellbeing: AssetManager2(0xb40000721b7f57b8) locale list changing from [] to [en-US]
08-28 18:53:15.283 16353 16568 I .apps.wellbeing: AssetManager2(0xb40000721b7ef6d8) locale list changing from [] to [en-US]
08-28 18:53:15.285 16353 16568 I .apps.wellbeing: AssetManager2(0xb40000721b7f25b8) locale list changing from [] to [en-US]
08-28 18:53:15.286 16353 16568 I .apps.wellbeing: AssetManager2(0xb40000721b7f2bf8) locale list changing from [] to [en-US]
08-28 18:53:15.289 16353 16568 I .apps.wellbeing: AssetManager2(0xb40000721b7f0fd8) locale list changing from [] to [en-US]
08-28 18:53:15.291 16353 16568 I .apps.wellbeing: AssetManager2(0xb40000721b8552f8) locale list changing from [] to [en-US]
08-28 18:53:15.294 17578 18672 D BufferPoolAccessor2.0: bufferpool2 0xb4000072db85a2d8 : 5(40960 size) total buffers - 1(8192 size) used buffers - 233/238 (recycle/alloc) - 5/237 (fetch/transfer)
08-28 18:53:15.295  2156 18673 D BufferPoolAccessor2.0: bufferpool2 0xb40000788ae2abb8 : 5(10240 size) total buffers - 1(2048 size) used buffers - 229/234 (recycle/alloc) - 6/233 (fetch/transfer)
08-28 18:53:15.306  5606  6323 I hbox:interactor: AssetManager2(0xb40000721b8022d8) locale list changing from [] to [en-US]
08-28 18:53:15.307  2387  2942 I system_server: AssetManager2(0xb40000721b893e18) locale list changing from [] to [en-US]
08-28 18:53:15.310 16353 16568 I .apps.wellbeing: AssetManager2(0xb40000721b854678) locale list changing from [] to [en-US]
08-28 18:53:15.312 16353 16568 I .apps.wellbeing: AssetManager2(0xb40000721b8536d8) locale list changing from [] to [en-US]
08-28 18:53:15.314 16353 16568 I .apps.wellbeing: AssetManager2(0xb40000721b84df58) locale list changing from [] to [en-US]
08-28 18:53:15.316  5606  6323 I hbox:interactor: AssetManager2(0xb40000721b801978) locale list changing from [] to [en-US]
08-28 18:53:15.316  2387  2942 I system_server: AssetManager2(0xb40000721b82a058) locale list changing from [] to [en-US]
08-28 18:53:15.318  5606  6323 I hbox:interactor: AssetManager2(0xb40000721b800078) locale list changing from [] to [en-US]
08-28 18:53:15.318 16353 16568 I .apps.wellbeing: AssetManager2(0xb40000721b852d78) locale list changing from [] to [en-US]
08-28 18:53:15.319  5606  6323 I hbox:interactor: AssetManager2(0xb40000721b803278) locale list changing from [] to [en-US]
08-28 18:53:15.319  5606  6323 I hbox:interactor: AssetManager2(0xb40000721b80ac58) locale list changing from [] to [en-US]
08-28 18:53:15.320  5606  6323 I hbox:interactor: AssetManager2(0xb40000721b80bbf8) locale list changing from [] to [en-US]
08-28 18:53:15.320 16353 16568 I .apps.wellbeing: AssetManager2(0xb40000721b84c338) locale list changing from [] to [en-US]
08-28 18:53:15.322  5606  6412 I hbox:interactor: AssetManager2(0xb40000721b806478) locale list changing from [] to [en-US]
08-28 18:53:15.323 16353 16568 I .apps.wellbeing: AssetManager2(0xb40000721b851ab8) locale list changing from [] to [en-US]
08-28 18:53:15.323  5606  6323 I hbox:interactor: AssetManager2(0xb40000721b806798) locale list changing from [] to [en-US]
08-28 18:53:15.325 16353 16568 I .apps.wellbeing: AssetManager2(0xb40000721b851478) locale list changing from [] to [en-US]
08-28 18:53:15.327 16353 16568 I .apps.wellbeing: AssetManager2(0xb40000721b84e278) locale list changing from [] to [en-US]
08-28 18:53:15.328  5606  6412 I hbox:interactor: AssetManager2(0xb40000721b809358) locale list changing from [] to [en-US]
08-28 18:53:15.329  2387  2942 I system_server: AssetManager2(0xb40000721b83fb38) locale list changing from [] to [en-US]
08-28 18:53:15.329  5606  6412 I hbox:interactor: AssetManager2(0xb40000721b809cb8) locale list changing from [] to [en-US]
08-28 18:53:15.331  5606  6323 I hbox:interactor: AssetManager2(0xb40000721b80d818) locale list changing from [] to [en-US]
08-28 18:53:15.331 16353 16568 I .apps.wellbeing: AssetManager2(0xb40000721b84dc38) locale list changing from [] to [en-US]
08-28 18:53:15.332  5606  6323 I hbox:interactor: AssetManager2(0xb40000721b81d858) locale list changing from [] to [en-US]
08-28 18:53:15.335 16353 16568 I .apps.wellbeing: AssetManager2(0xb40000721b84cfb8) locale list changing from [] to [en-US]
08-28 18:53:15.337 16353 16568 I .apps.wellbeing: AssetManager2(0xb40000721b852a58) locale list changing from [] to [en-US]
08-28 18:53:15.339 16353 16568 I .apps.wellbeing: AssetManager2(0xb40000721b84eef8) locale list changing from [] to [en-US]
08-28 18:53:15.340 16353 16568 I .apps.wellbeing: AssetManager2(0xb40000721b84e8b8) locale list changing from [] to [en-US]
08-28 18:53:15.341 16353 16568 I .apps.wellbeing: AssetManager2(0xb40000721b84f858) locale list changing from [] to [en-US]
08-28 18:53:15.342  5606  6412 I hbox:interactor: AssetManager2(0xb40000721b80a938) locale list changing from [] to [en-US]
08-28 18:53:15.342  2387  2942 I system_server: AssetManager2(0xb40000721b8d1678) locale list changing from [] to [en-US]
08-28 18:53:15.345  5606  6482 I djoy    : (REDACTED) GetContext(%s, %s): Fetch from the %s surface finished with status: %s
08-28 18:53:15.346  5606  6482 I dsty    : (REDACTED) ContextResult succeeded for ContextKey: %s. %s
08-28 18:53:15.346  5606  6411 I djoy    : (REDACTED) GetContext(%s, %s): Fetch from the %s surface finished with status: %s
08-28 18:53:15.346 16353 16568 I .apps.wellbeing: AssetManager2(0xb40000721b84fb78) locale list changing from [] to [en-US]
08-28 18:53:15.346  5606  6411 I dsty    : (REDACTED) ContextResult succeeded for ContextKey: %s. %s
08-28 18:53:15.348  3502  3635 D PackageUpdatedTask: Package updated: mOp=UPDATE packages=[com.kashi.caimanspoof], user=UserHandle{0}
08-28 18:53:15.349 16353 16568 I .apps.wellbeing: AssetManager2(0xb40000721b84c658) locale list changing from [] to [en-US]
08-28 18:53:15.349  5606  6418 I dsuk    : (REDACTED) Updating context input '%s' with dynamic class '%s' containing %s entities. %s
08-28 18:53:15.349  5589 18775 I AiAiEcho: (REDACTED) AppIndexer Package:[%s] UserProfile:[%d] Enabled:[%s].
08-28 18:53:15.349  5589 18775 I AiAiEcho: (REDACTED) AppFetcherImplV2 updateApps package:[%s], userId:[%d], reason:[%s].
08-28 18:53:15.350  5606  6482 I dsuk    : (REDACTED) Updating context input '%s' with dynamic class '%s' containing %s entities. %s
