--------- beginning of main
08-28 18:19:16.890 29750 29750 E ndroid.keychain: Not starting debugger since process cannot load the jdwp agent.
08-28 18:19:16.891 29750 29750 W ndroid.keychain: Thread Pool max thread count is 0. Cannot cache binder as linkToDeath cannot be implemented. serviceName: activity
08-28 18:19:16.899 14075 14171 I Finsky  : [54] AIM: AppInfoManager-Perf > OnDeviceAppInfo > cacheHitCount=0, cacheMissCount=1. Missed  in cache (limit 10) : [com.kashi.caimanspoof]
08-28 18:19:16.909 14075 14171 I Finsky  : [54] AIM: Got app ownership map. App counts: . Unique apps: 0
08-28 18:19:16.909 14075 14171 E Finsky  : [54] [Counters] attempted to use a non-positive increment for: 4752
08-28 18:19:16.912 14075 14174 I android.vending: AssetManager2(0xb40000721b7ed798) locale list changing from [] to [en-US]
--------- beginning of system
08-28 18:19:16.913  2387  6608 D IntervalStats: Unable to parse usage stats packages: [650, 677]
08-28 18:19:16.914 14075 14171 E Finsky  : [54] [Counters] attempted to use a non-positive increment for: 4753
08-28 18:19:16.916  2387  3166 I system_server: AssetManager2(0xb40000721b832078) locale list changing from [] to [en-US]
08-28 18:19:16.918  2387  2387 D AppSearchAppsIndexerManagerS: userid in package receiver: 10674
08-28 18:19:16.918  2387  3238 D BackgroundInstallControlService: Package event received: 0
08-28 18:19:16.919  2387  2942 I system_server: AssetManager2(0xb40000721b8ce158) locale list changing from [] to [en-US]
08-28 18:19:16.919  2387  2387 D ActivityThread: Package [com.kashi.caimanspoof] reported as REPLACED, but missing application info. Assuming REMOVED.
08-28 18:19:16.929  2387  3054 I RoleService: Granting default roles...
08-28 18:19:16.929  2387  2387 D BackupManagerConstants: getFullBackupIntervalMilliseconds(...) returns 86400000
08-28 18:19:16.929  2387  2387 D BackupManagerConstants: getFullBackupRequiredNetworkType(...) returns 2
08-28 18:19:16.929  2387  2387 D BackupManagerConstants: getFullBackupRequireCharging(...) returns true
08-28 18:19:16.932 14075 14174 I Finsky  : [57] AIM: AppInfoManager-Perf > OnDeviceAppInfo > cacheHitCount=1, cacheMissCount=0. Missed  in cache (limit 10) : []
08-28 18:19:16.932 14075 14174 I Finsky  : [57] AIM: Got app ownership map. App counts: . Unique apps: 0
08-28 18:19:16.932 14075 14174 E Finsky  : [57] [Counters] attempted to use a non-positive increment for: 4752
08-28 18:19:16.932 14075 14174 E Finsky  : [57] [Counters] attempted to use a non-positive increment for: 4753
08-28 18:19:16.937  2387  3422 E RoleControllerServiceImpl: Default/fallback role holder package doesn't qualify for the role, package: com.google.android.gms.supervision, role: android.app.role.SYSTEM_SUPERVISION
08-28 18:19:16.941 14075 29758 I Finsky  : [160] SCH: Received scheduling request: Id: 12-1, Constraints: [{ L: 15000, D: 86400000, C: CHARGING_NONE, I: IDLE_NONE, N: NET_ANY, B: BATTERY_ANY }]
08-28 18:19:16.949 14075 14075 I Finsky  : [2] aeuc - Received: android.intent.action.PACKAGE_ADDED, [KlDbtpFtM9w9wCizcLWac75NIbZ37oObuvEH9HyPPYU]
08-28 18:19:16.953 14075 14075 I Finsky  : [2] AIM: AppInfoCacheUpdater -> invalidating apps: [com.kashi.caimanspoof]
08-28 18:19:16.953 14075 14075 I Finsky  : [2] AIM: AppInfoManager-Perf > getApps > called for 1 apps
08-28 18:19:16.954 14075 14183 I Finsky  : [61] AIM: AppInfoManager-Perf > OnDeviceAppInfo > cacheHitCount=0, cacheMissCount=1. Missed  in cache (limit 10) : [com.kashi.caimanspoof]
08-28 18:19:16.954 14075 14183 I Finsky  : [61] AIM: Got app ownership map. App counts: . Unique apps: 0
08-28 18:19:16.954 14075 14183 E Finsky  : [61] [Counters] attempted to use a non-positive increment for: 4752
08-28 18:19:16.956 14075 29758 I Finsky  : [160] SCH: Received scheduling request: Id: 12-1, Constraints: [{ L: 15000, D: 86400000, C: CHARGING_NONE, I: IDLE_NONE, N: NET_ANY, B: BATTERY_ANY }]
08-28 18:19:16.957 14075 14075 I Finsky  : [2] DTU: Received onPackageAdded, replacing: true
08-28 18:19:16.958  2387  6608 V Configuration: Updating configuration, locales updated from [] to [en_US]
08-28 18:19:16.958  2387  6608 V Configuration: Updating configuration, locales updated from [] to [en_US]
08-28 18:19:16.958  2387  6608 V Configuration: Updating configuration, locales updated from [] to [en_US]
08-28 18:19:16.958  2387  6608 V Configuration: Updating configuration, locales updated from [] to [en_US]
08-28 18:19:16.958  2387  6608 V Configuration: Updating configuration, locales updated from [] to [en_US]
08-28 18:19:16.958  2387  6608 V Configuration: Updating configuration, locales updated from [] to [en_US]
08-28 18:19:16.958  2387  6608 V Configuration: Updating configuration, locales updated from [] to [en_US]
08-28 18:19:16.958  2387  6608 V Configuration: Updating configuration, locales updated from [] to [en_US]
08-28 18:19:16.958  2387  6608 V Configuration: Updating configuration, locales updated from [] to [en_US]
08-28 18:19:16.958  2387  6608 V Configuration: Updating configuration, locales updated from [] to [en_US]
08-28 18:19:16.959  3502  3635 I s.nexuslauncher: AssetManager2(0xb40000721b8a15b8) locale list changing from [] to [en-US]
08-28 18:19:16.960 14075 14183 E Finsky  : [61] [Counters] attempted to use a non-positive increment for: 4753
08-28 18:19:16.960 14075 14183 I Finsky  : [61] AIM: AppInfoManager-Perf > OnDeviceAppInfo > cacheHitCount=1, cacheMissCount=0. Missed  in cache (limit 10) : []
08-28 18:19:16.960  2387  6608 D IntervalStats: Unable to parse usage stats packages: [650, 677]
08-28 18:19:16.960 14075 14183 I Finsky  : [61] AIM: Got app ownership map. App counts: . Unique apps: 0
08-28 18:19:16.960 14075 14183 E Finsky  : [61] [Counters] attempted to use a non-positive increment for: 4752
08-28 18:19:16.961 14075 14183 E Finsky  : [61] [Counters] attempted to use a non-positive increment for: 4753
08-28 18:19:16.987 14075 14075 I Finsky  : [2] aeuc - Received: android.intent.action.PACKAGE_ADDED, [KlDbtpFtM9w9wCizcLWac75NIbZ37oObuvEH9HyPPYU]
08-28 18:19:16.992 14075 14075 I Finsky  : [2] aeuc - Deduping intent android.intent.action.PACKAGE_ADDED
08-28 18:19:16.998 14075 14075 I Finsky  : [2] aeuc - Received: android.intent.action.PACKAGE_ADDED, [KlDbtpFtM9w9wCizcLWac75NIbZ37oObuvEH9HyPPYU]
08-28 18:19:16.999  2387  2387 W Looper  : Slow delivery took 228ms main app=system_server main=true group=FOREGROUND h=android.app.ActivityThread$H c=android.app.LoadedApk$ReceiverDispatcher$Args$$ExternalSyntheticLambda0@3f37ae3 m=0
08-28 18:19:16.999  2387  2387 D AppSearchAppsIndexerManagerS: userid in package receiver: 10674
08-28 18:19:16.999  2387  2387 D ActivityThread: Package [com.kashi.caimanspoof] reported as REPLACED, but missing application info. Assuming REMOVED.
08-28 18:19:17.000  2387  3166 I system_server: AssetManager2(0xb40000721b845c18) locale list changing from [] to [en-US]
08-28 18:19:17.001  3502  3635 D AlphabeticIndexCompat: computeSectionName: cs: PixelSpoof Settings sectionName: P
08-28 18:19:17.001  2387  2387 W AlarmManager: Package com.kashi.caimanspoof, uid 10674 lost permission to set exact alarms!
08-28 18:19:17.002  3502  3502 D AllAppsStore: setApps: apps.length=101
08-28 18:19:17.002  3502  3502 D AllAppsStore: notifyUpdate: notifying listeners
08-28 18:19:17.002  3502  3502 D ActivityAllAppsContainerView: onAppsUpdated; number of apps: 101
08-28 18:19:17.002  3502  3502 D ActivityAllAppsContainerView: rebindAdapters: force: false
08-28 18:19:17.002  3502  3502 D ActivityAllAppsContainerView: rebindAdapters: Not needed.
08-28 18:19:17.002  3502  3502 D StatsLog: LAUNCHER_ALLAPPS_COUNT
08-28 18:19:17.003  3502  3502 D AlphabeticalAppsList: Clearing FastScrollerSections.
08-28 18:19:17.003  3502  3502 D AlphabeticalAppsList: Adding apps with sections. HasPrivateApps: false
08-28 18:19:17.003  3502  3502 D AlphabeticalAppsList: addAppsWithSections: adding sectionName: … with appInfoTitle: 1DM+
08-28 18:19:17.003  3502  3502 D AlphabeticalAppsList: addAppsWithSections: adding sectionName: A with appInfoTitle: AI Life
08-28 18:19:17.003  3502  3502 D AlphabeticalAppsList: addAppsWithSections: adding sectionName: B with appInfoTitle: BCR
08-28 18:19:17.003  3502  3502 D AlphabeticalAppsList: addAppsWithSections: adding sectionName: C with appInfoTitle: Calculator
08-28 18:19:17.003  3502  3502 D AlphabeticalAppsList: addAppsWithSections: adding sectionName: D with appInfoTitle: DataBackup
08-28 18:19:17.003  3502  3502 D AlphabeticalAppsList: addAppsWithSections: adding sectionName: E with appInfoTitle: Edge Gallery
08-28 18:19:17.003  3502  3502 D AlphabeticalAppsList: addAppsWithSections: adding sectionName: F with appInfoTitle: Facebook
08-28 18:19:17.003  3502  3502 D AlphabeticalAppsList: addAppsWithSections: adding sectionName: G with appInfoTitle: Geeky Medics
08-28 18:19:17.003  3502  3502 D AlphabeticalAppsList: addAppsWithSections: adding sectionName: I with appInfoTitle: Instagram
08-28 18:19:17.003  3502  3502 D AlphabeticalAppsList: addAppsWithSections: adding sectionName: J with appInfoTitle: Journal
08-28 18:19:17.003  3502  3502 D AlphabeticalAppsList: addAppsWithSections: adding sectionName: K with appInfoTitle: Kashipatch
08-28 18:19:17.003  3502  3502 D AlphabeticalAppsList: addAppsWithSections: adding sectionName: L with appInfoTitle: Lens
08-28 18:19:17.003  3502  3502 D AlphabeticalAppsList: addAppsWithSections: adding sectionName: M with appInfoTitle: M365 Copilot
08-28 18:19:17.003  3502  3502 D AlphabeticalAppsList: addAppsWithSections: adding sectionName: N with appInfoTitle: Native Detector
08-28 18:19:17.003  3502  3502 D AlphabeticalAppsList: addAppsWithSections: adding sectionName: O with appInfoTitle: OpenLMS
08-28 18:19:17.003  3502  3502 D AlphabeticalAppsList: addAppsWithSections: adding sectionName: P with appInfoTitle: Perfect IPTV
08-28 18:19:17.003  3502  3502 D AlphabeticalAppsList: addAppsWithSections: adding sectionName: R with appInfoTitle: Recorder
08-28 18:19:17.003  3502  3502 D AlphabeticalAppsList: addAppsWithSections: adding sectionName: S with appInfoTitle: Safety
08-28 18:19:17.003  3502  3502 D AlphabeticalAppsList: addAppsWithSections: adding sectionName: T with appInfoTitle: Telegram
08-28 18:19:17.003  3502  3502 D AlphabeticalAppsList: addAppsWithSections: adding sectionName: W with appInfoTitle: WA Business
08-28 18:19:17.003  3502  3502 D AlphabeticalAppsList: addAppsWithSections: adding sectionName: X with appInfoTitle: X
08-28 18:19:17.003  3502  3502 D AlphabeticalAppsList: addAppsWithSections: adding sectionName: Y with appInfoTitle: YouTube
08-28 18:19:17.003  3502  3502 D AlphabeticalAppsList: addAppsWithSections: adding sectionName: Z with appInfoTitle: Zoho Meeting
08-28 18:19:17.003  3502  3502 D AlphabeticalAppsList: Adding FastScrollSection duplicate to scroll to the bottom.
08-28 18:19:17.003  3502  3502 D AlphabeticalAppsList: Clearing FastScrollerSections.
08-28 18:19:17.003  3502  3502 D AlphabeticalAppsList: Adding apps with sections. HasPrivateApps: false
08-28 18:19:17.003  3502  3502 D AlphabeticalAppsList: addAppsWithSections: adding sectionName: … with appInfoTitle: 1DM+
08-28 18:19:17.003  3502  3502 D AlphabeticalAppsList: addAppsWithSections: adding sectionName: A with appInfoTitle: AI Life
08-28 18:19:17.003  3502  3502 D AlphabeticalAppsList: addAppsWithSections: adding sectionName: B with appInfoTitle: BCR
08-28 18:19:17.003  3502  3502 D AlphabeticalAppsList: addAppsWithSections: adding sectionName: C with appInfoTitle: Calculator
08-28 18:19:17.003  3502  3502 D AlphabeticalAppsList: addAppsWithSections: adding sectionName: D with appInfoTitle: DataBackup
08-28 18:19:17.003  3502  3502 D AlphabeticalAppsList: addAppsWithSections: adding sectionName: E with appInfoTitle: Edge Gallery
08-28 18:19:17.003  3502  3502 D AlphabeticalAppsList: addAppsWithSections: adding sectionName: F with appInfoTitle: Facebook
08-28 18:19:17.003  3502  3502 D AlphabeticalAppsList: addAppsWithSections: adding sectionName: G with appInfoTitle: Geeky Medics
08-28 18:19:17.003  3502  3502 D AlphabeticalAppsList: addAppsWithSections: adding sectionName: I with appInfoTitle: Instagram
08-28 18:19:17.003  3502  3502 D AlphabeticalAppsList: addAppsWithSections: adding sectionName: J with appInfoTitle: Journal
08-28 18:19:17.003  3502  3502 D AlphabeticalAppsList: addAppsWithSections: adding sectionName: K with appInfoTitle: Kashipatch
08-28 18:19:17.003  3502  3502 D AlphabeticalAppsList: addAppsWithSections: adding sectionName: L with appInfoTitle: Lens
08-28 18:19:17.004  3502  3502 D AlphabeticalAppsList: addAppsWithSections: adding sectionName: M with appInfoTitle: M365 Copilot
08-28 18:19:17.004  3502  3502 D AlphabeticalAppsList: addAppsWithSections: adding sectionName: N with appInfoTitle: Native Detector
08-28 18:19:17.004  3502  3502 D AlphabeticalAppsList: addAppsWithSections: adding sectionName: O with appInfoTitle: OpenLMS
08-28 18:19:17.004  3502  3502 D AlphabeticalAppsList: addAppsWithSections: adding sectionName: P with appInfoTitle: Perfect IPTV
08-28 18:19:17.004  3502  3502 D AlphabeticalAppsList: addAppsWithSections: adding sectionName: R with appInfoTitle: Recorder
08-28 18:19:17.004  3502  3502 D AlphabeticalAppsList: addAppsWithSections: adding sectionName: S with appInfoTitle: Safety
08-28 18:19:17.004  3502  3502 D AlphabeticalAppsList: addAppsWithSections: adding sectionName: T with appInfoTitle: Telegram
08-28 18:19:17.004  3502  3502 D AlphabeticalAppsList: addAppsWithSections: adding sectionName: W with appInfoTitle: WA Business
08-28 18:19:17.004  3502  3502 D AlphabeticalAppsList: addAppsWithSections: adding sectionName: X with appInfoTitle: X
08-28 18:19:17.004  3502  3502 D AlphabeticalAppsList: addAppsWithSections: adding sectionName: Y with appInfoTitle: YouTube
08-28 18:19:17.004  3502  3502 D AlphabeticalAppsList: addAppsWithSections: adding sectionName: Z with appInfoTitle: Zoho Meeting
08-28 18:19:17.004  3502  3502 D AlphabeticalAppsList: Adding FastScrollSection duplicate to scroll to the bottom.
08-28 18:19:17.004 14075 14075 I Finsky  : [2] aeuc - Deduping intent android.intent.action.PACKAGE_ADDED
08-28 18:19:17.004 14075 14075 D ActivityThread: Package [com.kashi.caimanspoof] reported as REPLACED, but missing application info. Assuming REMOVED.
08-28 18:19:17.004 14075 14149 I Finsky  : [44] RECEIVER_PACKAGE_MONITOR#logWorkEndAndFinishGoAsync: SUCCESS
08-28 18:19:17.009 14075 14184 I Finsky  : [62] AIM: AppInfoManager-Perf > ItemModel > CacheSize=119, cacheHitCount=0, cacheMissCount=0, total appsWithNoServerDataCount=5. Missed  in cache (limit 10) : []
08-28 18:19:17.012  2387  8941 V Configuration: Updating configuration, locales updated from [] to [en_US]
08-28 18:19:17.012  2387  8941 V Configuration: Updating configuration, locales updated from [] to [en_US]
08-28 18:19:17.012  2387  8941 V Configuration: Updating configuration, locales updated from [] to [en_US]
08-28 18:19:17.012  2387  8941 V Configuration: Updating configuration, locales updated from [] to [en_US]
08-28 18:19:17.012  2387  8941 V Configuration: Updating configuration, locales updated from [] to [en_US]
08-28 18:19:17.012  2387  8941 V Configuration: Updating configuration, locales updated from [] to [en_US]
08-28 18:19:17.013  2387  8941 V Configuration: Updating configuration, locales updated from [] to [en_US]
08-28 18:19:17.013  2387  8941 V Configuration: Updating configuration, locales updated from [] to [en_US]
08-28 18:19:17.013  2387  8941 V Configuration: Updating configuration, locales updated from [] to [en_US]
08-28 18:19:17.013  2387  8941 V Configuration: Updating configuration, locales updated from [] to [en_US]
08-28 18:19:17.014  2387  8941 D IntervalStats: Unable to parse usage stats packages: [650, 677]
08-28 18:19:17.017  2387  8941 V Configuration: Updating configuration, locales updated from [] to [en_US_#u-mu-celsius]
08-28 18:19:17.017  2387  8941 V Configuration: Updating configuration, locales updated from [] to [en_US]
08-28 18:19:17.017  2387  8941 V Configuration: Updating configuration, locales updated from [] to [en_US_#u-mu-celsius]
08-28 18:19:17.017  2387  8941 V Configuration: Updating configuration, locales updated from [] to [en_US_#u-mu-celsius]
08-28 18:19:17.017  2387  8941 V Configuration: Updating configuration, locales updated from [] to [en_US]
08-28 18:19:17.017  2387  8941 V Configuration: Updating configuration, locales updated from [] to [en_US]
08-28 18:19:17.017  2387  8941 V Configuration: Updating configuration, locales updated from [] to [en_US]
08-28 18:19:17.017  2387  8941 V Configuration: Updating configuration, locales updated from [] to [en_US_#u-mu-celsius]
08-28 18:19:17.017  2387  8941 V Configuration: Updating configuration, locales updated from [] to [en_US]
08-28 18:19:17.017  2387  8941 V Configuration: Updating configuration, locales updated from [] to [en_US_#u-mu-celsius]
08-28 18:19:17.017  2387  8941 V Configuration: Updating configuration, locales updated from [] to [en_US]
08-28 18:19:17.017  2387  8941 V Configuration: Updating configuration, locales updated from [] to [en_US]
08-28 18:19:17.017  2387  8941 V Configuration: Updating configuration, locales updated from [] to [en_US_#u-mu-celsius]
08-28 18:19:17.017  2387  8941 V Configuration: Updating configuration, locales updated from [] to [en_US]
08-28 18:19:17.018  2387  8941 V Configuration: Updating configuration, locales updated from [] to [en_US_#u-mu-celsius]
08-28 18:19:17.018  2387  8941 V Configuration: Updating configuration, locales updated from [] to [en_US_#u-mu-celsius]
08-28 18:19:17.018  2387  8941 V Configuration: Updating configuration, locales updated from [] to [en_US]
08-28 18:19:17.018  2387  8941 V Configuration: Updating configuration, locales updated from [] to [en_US_#u-mu-celsius]
08-28 18:19:17.018  2387  8941 V Configuration: Updating configuration, locales updated from [] to [en_US_#u-mu-celsius]
08-28 18:19:17.018  2387  8941 V Configuration: Updating configuration, locales updated from [] to [en_US]
08-28 18:19:17.018  2387  8941 V Configuration: Updating configuration, locales updated from [] to [en_US_#u-mu-celsius]
08-28 18:19:17.018  2387  8941 V Configuration: Updating configuration, locales updated from [] to [en_US_#u-mu-celsius]
08-28 18:19:17.025  2387  8941 D IntervalStats: Unable to parse usage stats packages: [646, 650, 658, 659, 660, 677, 683, 685]
08-28 18:19:17.026  2387  8941 V Configuration: Updating configuration, locales updated from [] to [en_US_#u-mu-celsius]
08-28 18:19:17.026  2387  8941 V Configuration: Updating configuration, locales updated from [] to [en_US_#u-mu-celsius]
08-28 18:19:17.026  2387  8941 V Configuration: Updating configuration, locales updated from [] to [en_US_#u-mu-celsius]
08-28 18:19:17.026  2387  8941 V Configuration: Updating configuration, locales updated from [] to [en_US_#u-mu-celsius]
08-28 18:19:17.026  2387  8941 V Configuration: Updating configuration, locales updated from [] to [en_US_#u-mu-celsius]
08-28 18:19:17.026  2387  8941 V Configuration: Updating configuration, locales updated from [] to [en_US_#u-mu-celsius]
08-28 18:19:17.027  2387  8941 V Configuration: Updating configuration, locales updated from [] to [en_US_#u-mu-celsius]
08-28 18:19:17.027  2387  8941 V Configuration: Updating configuration, locales updated from [] to [en_US_#u-mu-celsius]
08-28 18:19:17.028  2387  8941 V Configuration: Updating configuration, locales updated from [] to [en_US_#u-mu-celsius]
08-28 18:19:17.028  2387  8941 V Configuration: Updating configuration, locales updated from [] to [en_US_#u-mu-celsius]
08-28 18:19:17.029 14075 14174 I Finsky  : [57] AIM: AppInfoManager-Perf > ItemModel > CacheSize=119, cacheHitCount=0, cacheMissCount=0, total appsWithNoServerDataCount=5. Missed  in cache (limit 10) : []
08-28 18:19:17.029  2387  8941 D IntervalStats: Unable to parse usage stats packages: [646, 677, 690, 691, 695, 696]
08-28 18:19:17.033  2387  8941 V Configuration: Updating configuration, locales updated from [] to [en_US_#u-mu-celsius]
08-28 18:19:17.034  2387  8941 V Configuration: Updating configuration, locales updated from [] to [en_US_#u-mu-celsius]
08-28 18:19:17.034  2387  8941 V Configuration: Updating configuration, locales updated from [] to [en_US_#u-mu-celsius]
08-28 18:19:17.034  2387  8941 V Configuration: Updating configuration, locales updated from [] to [en_US_#u-mu-celsius]
08-28 18:19:17.034  2387  8941 V Configuration: Updating configuration, locales updated from [] to [en_US_#u-mu-celsius]
08-28 18:19:17.034  2387  8941 V Configuration: Updating configuration, locales updated from [] to [en_US_#u-mu-celsius]
08-28 18:19:17.035  2387  8941 V Configuration: Updating configuration, locales updated from [] to [en_US_#u-mu-celsius]
08-28 18:19:17.035  2387  8941 V Configuration: Updating configuration, locales updated from [] to [en_US_#u-mu-celsius]
08-28 18:19:17.035  2387  8941 V Configuration: Updating configuration, locales updated from [] to [en_US_#u-mu-celsius]
08-28 18:19:17.035  2387  8941 V Configuration: Updating configuration, locales updated from [] to [en_US_#u-mu-celsius]
08-28 18:19:17.035  2387  8941 V Configuration: Updating configuration, locales updated from [] to [en_US_#u-mu-celsius]
08-28 18:19:17.039  2387  8941 D IntervalStats: Unable to parse usage stats packages: [677, 695, 696, 700, 701]
08-28 18:19:17.040  2387  5612 I system_server: AssetManager2(0xb40000721b85ef38) locale list changing from [] to [en-US]
08-28 18:19:17.041  2387  8941 V Configuration: Updating configuration, locales updated from [] to [en_US_#u-mu-celsius]
08-28 18:19:17.042  2387  8941 V Configuration: Updating configuration, locales updated from [] to [en_US_#u-mu-celsius]
08-28 18:19:17.042  2387  8941 V Configuration: Updating configuration, locales updated from [] to [en_US_#u-mu-celsius]
08-28 18:19:17.042  2387  8941 V Configuration: Updating configuration, locales updated from [] to [en_US_#u-mu-celsius]
08-28 18:19:17.042  2387  8941 V Configuration: Updating configuration, locales updated from [] to [en_US_#u-mu-celsius]
08-28 18:19:17.042  2387  8941 V Configuration: Updating configuration, locales updated from [] to [en_US_#u-mu-celsius]
08-28 18:19:17.042  2387  8941 V Configuration: Updating configuration, locales updated from [] to [en_US_#u-mu-celsius]
08-28 18:19:17.042  2387  8941 V Configuration: Updating configuration, locales updated from [] to [en_US_#u-mu-celsius]
08-28 18:19:17.042  2387  8941 V Configuration: Updating configuration, locales updated from [] to [en_US_#u-mu-celsius]
08-28 18:19:17.042  2387  8941 V Configuration: Updating configuration, locales updated from [] to [en_US_#u-mu-celsius]
08-28 18:19:17.042  2387  8941 V Configuration: Updating configuration, locales updated from [] to [en_US_#u-mu-celsius]
08-28 18:19:17.043  3502  3556 W System  : A resource failed to call release. 
08-28 18:19:17.043  3502  3556 W System  : A resource failed to call release. 
08-28 18:19:17.043  3502  3556 W System  : A resource failed to call release. 
08-28 18:19:17.043  3502  3556 W System  : A resource failed to call release. 
08-28 18:19:17.044  2387  8941 D IntervalStats: Unable to parse usage stats packages: [691, 716, 717, 720]
08-28 18:19:17.046  2387  8941 V Configuration: Updating configuration, locales updated from [] to [en_US_#u-mu-celsius]
08-28 18:19:17.046  2387  8941 V Configuration: Updating configuration, locales updated from [] to [en_US_#u-mu-celsius]
08-28 18:19:17.046  2387  8941 V Configuration: Updating configuration, locales updated from [] to [en_US_#u-mu-celsius]
08-28 18:19:17.046  2387  8941 V Configuration: Updating configuration, locales updated from [] to [en_US_#u-mu-celsius]
08-28 18:19:17.046  2387  8941 V Configuration: Updating configuration, locales updated from [] to [en_US_#u-mu-celsius]
08-28 18:19:17.046  2387  8941 V Configuration: Updating configuration, locales updated from [] to [en_US_#u-mu-celsius]
08-28 18:19:17.046  2387  8941 V Configuration: Updating configuration, locales updated from [] to [en_US_#u-mu-celsius]
08-28 18:19:17.046  2387  8941 V Configuration: Updating configuration, locales updated from [] to [en_US_#u-mu-celsius]
08-28 18:19:17.047  2387  8941 V Configuration: Updating configuration, locales updated from [] to [en_US_#u-mu-celsius]
08-28 18:19:17.047  2387  8941 V Configuration: Updating configuration, locales updated from [] to [en_US_#u-mu-celsius]
08-28 18:19:17.047  2387  8941 V Configuration: Updating configuration, locales updated from [] to [en_US_#u-mu-celsius]
08-28 18:19:17.047  2387  8941 V Configuration: Updating configuration, locales updated from [] to [en_US_#u-mu-celsius]
08-28 18:19:17.047  2387  8941 V Configuration: Updating configuration, locales updated from [] to [en_US_#u-mu-celsius]
08-28 18:19:17.047  2387  8941 V Configuration: Updating configuration, locales updated from [] to [en_US_#u-mu-celsius]
08-28 18:19:17.047  2387  8941 V Configuration: Updating configuration, locales updated from [] to [en_US_#u-mu-celsius]
08-28 18:19:17.047  2387  8941 V Configuration: Updating configuration, locales updated from [] to [en_US_#u-mu-celsius]
08-28 18:19:17.047  2387  8941 V Configuration: Updating configuration, locales updated from [] to [en_US_#u-mu-celsius]
08-28 18:19:17.047  2387  8941 V Configuration: Updating configuration, locales updated from [] to [en_US_#u-mu-celsius]
08-28 18:19:17.048  2387  3166 I system_server: AssetManager2(0xb40000721b84a0d8) locale list changing from [] to [en-US]
08-28 18:19:17.053  2387  8941 D IntervalStats: Unable to parse usage stats packages: [717, 724]
08-28 18:19:17.069 14075 14183 I Finsky  : [61] AIM: AppInfoManager-Perf > getApps > data collection finished
08-28 18:19:17.069 14075 14183 I Finsky  : [61] AIM: AppInfoManager-Perf > maybeDestroyAppInfoManager is called. actives = 1
08-28 18:19:17.070 14075 14183 I Finsky  : [61] AIM: AppInfoManager-Perf > ItemModel > CacheSize=119, cacheHitCount=0, cacheMissCount=0, total appsWithNoServerDataCount=5. Missed  in cache (limit 10) : []
08-28 18:19:17.071 14075 14183 I Finsky  : [61] AIM: AppInfoManager-Perf > ItemModel > CacheSize=119, cacheHitCount=0, cacheMissCount=0, total appsWithNoServerDataCount=5. Missed  in cache (limit 10) : []
08-28 18:19:17.077 14075 14183 I Finsky  : [61] AIM: AppInfoManager-Perf > getApps > data collection finished
08-28 18:19:17.078 14075 14183 I Finsky  : [61] AIM: AppInfoManager-Perf > maybeDestroyAppInfoManager is called. actives = 0
08-28 18:19:17.081  2387  2942 I system_server: AssetManager2(0xb40000721b828438) locale list changing from [] to [en-US]
08-28 18:19:17.083  2387  3422 I system_server: AssetManager2(0xb40000721b8953f8) locale list changing from [] to [en-US]
08-28 18:19:17.091  2387  3422 W SignedPackage: Cannot get ApplicationInfo for package: com.google.android.devicelockcontroller
08-28 18:19:17.097  2387  8941 W BpBinder: Large outgoing transaction of 662176 bytes, interface descriptor , code 1 was sent
08-28 18:19:17.097  2387  8941 W ActivityManager: pid 2387 system sent binder code 1 with flags 1 to frozen apps and got error -2147483646
08-28 18:19:17.097  2387  8941 E JavaBinder: !!! FAILED BINDER TRANSACTION !!!  (parcel size = 662176)
08-28 18:19:17.097  2387  8941 W CacheQuotaStrategy: Remote exception occurred while trying to get cache quota
08-28 18:19:17.097  2387  8941 W CacheQuotaStrategy: android.os.TransactionTooLargeException: data parcel size 662176 bytes
08-28 18:19:17.097  2387  8941 W CacheQuotaStrategy: 	at android.os.BinderProxy.transactNative(Native Method)
08-28 18:19:17.097  2387  8941 W CacheQuotaStrategy: 	at android.os.BinderProxy.transact(BinderProxy.java:592)
08-28 18:19:17.097  2387  8941 W CacheQuotaStrategy: 	at android.app.usage.ICacheQuotaService$Stub$Proxy.computeCacheQuotaHints(ICacheQuotaService.java:123)
08-28 18:19:17.097  2387  8941 W CacheQuotaStrategy: 	at com.android.server.storage.CacheQuotaStrategy$1$1.run(CacheQuotaStrategy.java:140)
08-28 18:19:17.097  2387  8941 W CacheQuotaStrategy: 	at android.os.AsyncTask$SerialExecutor$1.run(AsyncTask.java:305)
08-28 18:19:17.097  2387  8941 W CacheQuotaStrategy: 	at java.util.concurrent.ThreadPoolExecutor.runWorker(ThreadPoolExecutor.java:1156)
08-28 18:19:17.097  2387  8941 W CacheQuotaStrategy: 	at java.util.concurrent.ThreadPoolExecutor$Worker.run(ThreadPoolExecutor.java:651)
08-28 18:19:17.097  2387  8941 W CacheQuotaStrategy: 	at java.lang.Thread.run(Thread.java:1119)
08-28 18:19:17.099  2387  3166 I system_server: AssetManager2(0xb40000721b82c5d8) locale list changing from [] to [en-US]
08-28 18:19:17.108  2387  2942 I system_server: AssetManager2(0xb40000721b853098) locale list changing from [] to [en-US]
08-28 18:19:17.111  2387  3166 I system_server: AssetManager2(0xb40000721b827df8) locale list changing from [] to [en-US]
08-28 18:19:17.122  2387  3166 I system_server: AssetManager2(0xb40000721b827498) locale list changing from [] to [en-US]
08-28 18:19:17.136  2387  3166 I system_server: AssetManager2(0xb40000721b844f98) locale list changing from [] to [en-US]
08-28 18:19:17.139  2387  3166 V AccessibilityManagerService: onUserStateChangedLocked for userId: 0, forceUpdate: false
08-28 18:19:17.140  2387  3166 W MagnificationConnectionManager: requestConnection duplicated request: connect=false, mConnectionState=DISCONNECTED
08-28 18:19:17.140  2387  2387 W Looper  : Drained
08-28 18:19:17.142  2387  2942 I system_server: AssetManager2(0xb40000721b8d6df8) locale list changing from [] to [en-US]
08-28 18:19:17.143  2387  3166 V AccessibilityManagerService: onUserStateChangedLocked for userId: 0, forceUpdate: false
08-28 18:19:17.144  2387  3166 W MagnificationConnectionManager: requestConnection duplicated request: connect=false, mConnectionState=DISCONNECTED
08-28 18:19:17.169  2387  2942 I system_server: AssetManager2(0xb40000721b82cf38) locale list changing from [] to [en-US]
08-28 18:19:17.179  2387  2942 I system_server: AssetManager2(0xb40000721b82a698) locale list changing from [] to [en-US]
08-28 18:19:17.192  2387  2942 I system_server: AssetManager2(0xb40000721b82d578) locale list changing from [] to [en-US]
08-28 18:19:17.197  2387  2942 I system_server: AssetManager2(0xb40000721b82ee78) locale list changing from [] to [en-US]
08-28 18:19:17.213  2387  3412 W ServiceManagerCppClient: Waited one second for stats (is service started? Number of threads started in the threadpool: 32. Are binder threads started and available?)
08-28 18:19:17.213  1599  1692 W ServiceManagerCppClient: Waited one second for stats (is service started? Number of threads started in the threadpool: 6. Are binder threads started and available?)
08-28 18:19:17.215   682 29772 W libc    : Unable to set property "ctl.interface_start" to "aidl/stats": PROP_ERROR_HANDLE_CONTROL_MESSAGE (0x20)
08-28 18:19:17.216   682 29773 W libc    : Unable to set property "ctl.interface_start" to "aidl/stats": PROP_ERROR_HANDLE_CONTROL_MESSAGE (0x20)
08-28 18:19:17.236  5552  5552 W MediaProvider: WorkProfileOwnerApps cache miss for package com.kashi.caimanspoof
08-28 18:19:17.240  5552  5552 D PickerSyncLockManager: Trying to acquire lock com.android.providers.media.photopicker.sync.CloseableReentrantLock@190c517[Unlocked]. Lock Name = CLOUD_PROVIDER_LOCK. Threads that may be waiting to acquire this lock = []
08-28 18:19:17.240  5552  5552 D CloseableReentrantLock: Successfully acquired lock com.android.providers.media.photopicker.sync.CloseableReentrantLock@190c517[Locked by thread main]. Lock Name = CLOUD_PROVIDER_LOCK. Threads that may be waiting to acquire this lock = []
08-28 18:19:17.240  5552  5552 D CloseableReentrantLock: Successfully released lock com.android.providers.media.photopicker.sync.CloseableReentrantLock@190c517[Unlocked]. Lock Name = CLOUD_PROVIDER_LOCK. Threads that may be waiting to acquire this lock = []
08-28 18:19:17.244  2387  2942 I system_server: AssetManager2(0xb40000721b81d858) locale list changing from [] to [en-US]
08-28 18:19:17.245  2387  3238 D BackgroundInstallControlService: Package event received: 0
08-28 18:19:17.246  5606  6482 I ahhw    : (REDACTED) Invalidating %s caches for %s
08-28 18:19:17.247  5606  6482 I djqm    : (REDACTED) Invalidation request: %s
08-28 18:19:17.247  5606  6413 I ahhw    : (REDACTED) Invalidating %s caches for %s
08-28 18:19:17.247  5606  6413 I djqm    : (REDACTED) Invalidation request: %s
08-28 18:19:17.263  5606  6413 I dstp    : (REDACTED) Invalidated ContextKey: %s for %s.
08-28 18:19:17.264  3998  3998 W ChimeraProxyRslvr: No registered Chimera impl for com.google.android.gms.games.chimera.GamesSystemBroadcastReceiverProxy
08-28 18:19:17.264  3998  3998 E ChimeraRcvrProxy: com.google.android.gms.games.chimera.GamesSystemBroadcastReceiverProxy dropping broadcast android.intent.action.PACKAGE_REMOVED
08-28 18:19:17.264  2387  2942 I system_server: AssetManager2(0xb40000721b8326b8) locale list changing from [] to [en-US]
08-28 18:19:17.264  5606  6418 I dsty    : (REDACTED) Fetching context keys %s. %s
08-28 18:19:17.265  5606  6411 I dsty    : (REDACTED) Fetching ContextResult for ContextKey: %s. %s
08-28 18:19:17.265  5606  6418 I dsty    : (REDACTED) Fetching ContextResult for ContextKey: %s. %s
08-28 18:19:17.266  5606  6413 I dstp    : (REDACTED) Invalidated ContextKey: %s for %s.
08-28 18:19:17.266  5606  6419 I dsty    : (REDACTED) Fetching ContextResult for ContextKey: %s. %s
08-28 18:19:17.266  5606  6482 I dsty    : (REDACTED) Fetching context keys %s. %s
08-28 18:19:17.267  5606  6482 I dsty    : (REDACTED) Fetching ContextResult for ContextKey: %s. %s
08-28 18:19:17.267  5606  6419 I djrp    : (REDACTED) GetContext(%s, %s): %s from synchronized cache (status: %s)
08-28 18:19:17.267  5606  6412 I hbox:interactor: AssetManager2(0xb40000721b803ef8) locale list changing from [] to [en-US]
08-28 18:19:17.267  5606  6482 I dsty    : (REDACTED) ContextResult succeeded for ContextKey: %s. %s
08-28 18:19:17.268  5606  6482 I dsts    : (REDACTED) Primary Locale: %s and preferred locales: %s, returned from Context API. %s
08-28 18:19:17.268  5606  6482 I djoy    : (REDACTED) GetContext(%s, %s): Fetching from provider
08-28 18:19:17.268  5606  6481 I djrp    : (REDACTED) GetContext(%s, %s): %s from synchronized cache (status: %s)
08-28 18:19:17.269  5606  6411 I dsty    : (REDACTED) ContextResult succeeded for ContextKey: %s. %s
08-28 18:19:17.269  5606  6411 I dsts    : (REDACTED) Primary Locale: %s and preferred locales: %s, returned from Context API. %s
08-28 18:19:17.277  3998 28797 I gle.android.gms: AssetManager2(0xb40000721b8b5158) locale list changing from [] to [en-US]
08-28 18:19:17.277  3998  3998 W ChimeraProxyRslvr: No registered Chimera impl for com.google.android.gms.games.chimera.GamesSystemBroadcastReceiverProxy
08-28 18:19:17.277  3998  3998 E ChimeraRcvrProxy: com.google.android.gms.games.chimera.GamesSystemBroadcastReceiverProxy dropping broadcast android.intent.action.PACKAGE_ADDED
08-28 18:19:17.291  5606  6323 I dspg    : (REDACTED) getting App Capabilities from InstalledAppsCache %s
08-28 18:19:17.292  5606  6419 I djrp    : (REDACTED) GetContext(%s, %s): %s from synchronized cache (status: %s)
08-28 18:19:17.305   681   681 I lowmemorykiller: Kill 'com.facebook.katana' (26599), uid 10612, oom_score_adj 985 to free 211380kB rss, 43512kB swap; reason: low watermark is breached
08-28 18:19:17.309  2387  2942 I system_server: AssetManager2(0xb40000721b80f438) locale list changing from [] to [en-US]
08-28 18:19:17.311  5606  6303 I dyhw    : (REDACTED) AppFlow %s is about to be transmitted
08-28 18:19:17.312  2387  3150 W ParceledListSlice: Element #37 is 21272 bytes.
08-28 18:19:17.312  2387  3150 W ParceledListSlice: Element #40 is 30080 bytes.
08-28 18:19:17.312  5606  6482 I arho    : #getOobeStatus: OptedIn [CONTEXT ratelimit_period="10 SECONDS" skipped=5 ]
08-28 18:19:17.318  3998 29791 I ProximityAuth: [RecentAppsMediator] Package added: (user=UserHandle{0}) com.kashi.caimanspoof
08-28 18:19:17.323  2387  3238 D BackgroundInstallControlService: Package event received: 0
08-28 18:19:17.326  3998 29779 I Fitness : (REDACTED) FitCleanupIntentOperation received Intent %s
08-28 18:19:17.332  3998 29791 I gle.android.gms: AssetManager2(0xb40000721b7ece38) locale list changing from [] to [en-US]
08-28 18:19:17.360  2387  6673 W ParceledListSlice: Element #469 is 18952 bytes.
08-28 18:19:17.361  3998  3998 D BoundBrokerSvc: onBind: Intent { act=com.google.android.gms.common.BIND_SHARED_PREFS xflg=0x4 pkg=com.google.android.gms }
08-28 18:19:17.361  3998  3998 D BoundBrokerSvc: Loading bound service for intent: Intent { act=com.google.android.gms.common.BIND_SHARED_PREFS xflg=0x4 pkg=com.google.android.gms }
08-28 18:19:17.365  2387  2942 I system_server: AssetManager2(0xb40000721b81e1b8) locale list changing from [] to [en-US]
08-28 18:19:17.371 29769 29769 D AndroidRuntime: >>>>>> START com.android.internal.os.RuntimeInit uid 2000 <<<<<<
08-28 18:19:17.374  3998 29793 I Auth    : (REDACTED) [SupervisedAccountIntentOperationV2] onHandleIntent: %s
08-28 18:19:17.379  1549  2698 I Codec2-Component: Client died ! notify and release the component !!
08-28 18:19:17.379  2156  3726 I Codec2-Component@1.2: Client died ! notify and release the component !!
08-28 18:19:17.379  1549 26836 I QC2Comp : [avcD_39] Stats: Pending(0) i/p-done(0) Works: Q: 0/Done 0|Work-Rate: Q(0.0/s Avg=0.0/s) Done(0.000/s Avg=0.000/s)| Stream: 30.00fps 0.0Kbps
08-28 18:19:17.379  1549 26836 I QC2Comp : Mem-usage: 
08-28 18:19:17.379  1549 26836 I QC2Comp : Total Mem-usage: 0.000 MB
08-28 18:19:17.379  1549 26836 I QC2Comp : NOTE: handleReleaseCodec returning: 0 (OK=0)
08-28 18:19:17.379  1549  2698 I QC2Comp : NOTE: Release returning: 0 (OK=0)
08-28 18:19:17.379  1549  2698 I QC2CompStore: Deleting component(c2.qti.avc.decoder) id(39)
08-28 18:19:17.380  1549  2698 I QC2Comp : [avcD_39] Deallocated component c2.qti.avc.decoder [id=39]
08-28 18:19:17.383 29769 29769 I app_process: MMAP_TRYLOCK is not supported in uffd addr:0x7b5e504000 page-size:4096
08-28 18:19:17.383  2156  3726 D BufferPoolAccessor2.0: bufferpool2 0xb40000788ae27d78 : 0(0 size) total buffers - 0(0 size) used buffers - 0/0 (recycle/alloc) - 0/0 (fetch/transfer)
08-28 18:19:17.383  2156  3726 D BufferPoolAccessor2.0: Destruction - bufferpool2 0xb40000788ae27d78 cached: 0/0M, 0/0% in use; allocs: 0, 0% recycled; transfers: 0, 0% unfetched
08-28 18:19:17.388  2387  4189 I ActivityManager: Process com.facebook.katana (pid 26599) has died: cch+85 CEM 
08-28 18:19:17.388  2387  3185 D ConnectivityService: releasing NetworkRequest [ REQUEST id=631, [ Capabilities: INTERNET&NOT_RESTRICTED&TRUSTED&NOT_VCN_MANAGED&NOT_BANDWIDTH_CONSTRAINED Uid: 10612 RequestorUid: 10612 RequestorPkg: com.facebook.katana UnderlyingNetworks: Null] ] (release request)
08-28 18:19:17.388  2387  3185 D ConnectivityService: releasing NetworkRequest [ REQUEST id=633, [ Capabilities: INTERNET&NOT_RESTRICTED&TRUSTED&NOT_VCN_MANAGED&NOT_BANDWIDTH_CONSTRAINED Uid: 10612 RequestorUid: 10612 RequestorPkg: com.facebook.katana UnderlyingNetworks: Null] ] (release request)
08-28 18:19:17.391 29769 29769 I AndroidRuntime: Using default boot image
08-28 18:19:17.391 29769 29769 I AndroidRuntime: Leaving lock profiling enabled
08-28 18:19:17.391  2119 23773 E mediaserver: unlinkToDeath: removed reference to death recipient but unlink failed: DEAD_OBJECT
08-28 18:19:17.392  1317  1317 I Zygote  : Process 26599 exited due to signal 9 (Killed)
08-28 18:19:17.392  2387  2945 I libprocessgroup: Removed cgroup /sys/fs/cgroup/apps/uid_10612/pid_26599
08-28 18:19:17.393  2119 25746 E mediaserver: unlinkToDeath: removed reference to death recipient but unlink failed: DEAD_OBJECT
08-28 18:19:17.393  2119 25746 E IPCThreadState: attemptIncStrongHandle(2): Not supported
08-28 18:19:17.395  2119 23773 E IPCThreadState: attemptIncStrongHandle(3): Not supported
08-28 18:19:17.403 29769 29769 I app_process: Using CollectorTypeCMC GC.
08-28 18:19:17.405  3998 29793 I NearbyDiscovery: (REDACTED) processGrantSlicePermission: %s
08-28 18:19:17.421  3998  7284 I GmsCoreXrpcWrapper: (REDACTED) Returning a channel provider with trafficStatsTag=%d trafficStatsUid=%d
08-28 18:19:17.421  3998  7284 I GmsCoreXrpcWrapper: (REDACTED) Returning a channel provider with trafficStatsTag=%d trafficStatsUid=%d
08-28 18:19:17.421  3998  7284 I GmsCoreXrpcWrapper: (REDACTED) Returning a channel provider with trafficStatsTag=%d trafficStatsUid=%d
08-28 18:19:17.421  3998  7284 I GmsCoreXrpcWrapper: (REDACTED) Returning a channel provider with trafficStatsTag=%d trafficStatsUid=%d
08-28 18:19:17.427  2387  2387 W PackageManagerB: type=1400 audit(0.0:24579): avc:  denied  { read } for  name="661f16" dev="dm-41" ino=146483 scontext=u:r:system_server:s0 tcontext=u:object_r:system_data_root_file:s0 tclass=file permissive=0
08-28 18:19:17.460  2387  2387 D LoadedApk: Receiver not registered: com.android.server.UiModeManagerService$8@484eb0b
08-28 18:19:17.460  2387  2387 D Smart5gService: received intent: android.intent.action.BATTERY_CHANGED
08-28 18:19:17.461  2387  2387 D Smart5gService: subId 1 supports 5g EnhancedRadioCapability
08-28 18:19:17.463  2387  2387 D Smart5gService: shouldDisable5g: smart 5g is disabled for subId 1
08-28 18:19:17.463  3998 29781 W SQLiteLog: (28) double-quoted string literal: "com.kashi.caimanspoof"
08-28 18:19:17.463  2387  2387 D Smart5gService: update: subId=1 is5gAllowed=true shouldDisable=false
08-28 18:19:17.470  3998 29397 I Icing   : IndexChimeraService.getServiceInterface callingPackage=com.google.android.gms componentName=AppsCorpus serviceId=36
08-28 18:19:17.476  2387  2942 I system_server: AssetManager2(0xb40000721b8083b8) locale list changing from [] to [en-US]
08-28 18:19:17.479  2387  2387 W PackageManagerB: type=1400 audit(0.0:24580): avc:  denied  { read } for  name="661f16" dev="dm-41" ino=146483 scontext=u:r:system_server:s0 tcontext=u:object_r:system_data_root_file:s0 tclass=file permissive=0
08-28 18:19:17.491  3998 29794 I gle.android.gms: AssetManager2(0xb40000721b7f25b8) locale list changing from [] to [en-US]
08-28 18:19:17.492  3998 29794 I Icing   : Usage reports ok 1, Failed Usage reports 0, indexed 0, rejected 0
08-28 18:19:17.494  3998 28799 I Icing   : IndexChimeraService.getServiceInterface callingPackage=com.google.android.gms componentName=null serviceId=30
08-28 18:19:17.496   681   681 I lowmemorykiller: Kill 'com.instagram.android' (27734), uid 10628, oom_score_adj 975 to free 263056kB rss, 30344kB swap; reason: low watermark is breached
08-28 18:19:17.514 28737 29777 I ixplorer.silver: AssetManager2(0xb40000721b7dfff8) locale list changing from [] to [en-US]
08-28 18:19:17.524  3998 29794 I Icing   : Usage reports ok 0, Failed Usage reports 0, indexed 0, rejected 0
08-28 18:19:17.524 28737 29777 I ixplorer.silver: AssetManager2(0xb40000721b7e5138) locale list changing from [] to [en-US]
08-28 18:19:17.539  3998 29794 I Icing   : Indexing com.google.android.gms-apps from com.google.android.gms
08-28 18:19:17.549  3998 29794 I Icing   : Indexing done com.google.android.gms-apps
08-28 18:19:17.550 28737 29777 I ixplorer.silver: AssetManager2(0xb40000721b7e2bb8) locale list changing from [] to [en-US]
08-28 18:19:17.550  3998 29794 I Icing   : Indexing com.google.android.gms-apps from com.google.android.gms
08-28 18:19:17.550  3998 29794 I Icing   : Indexing done com.google.android.gms-apps
08-28 18:19:17.566  2387  2942 I system_server: AssetManager2(0xb40000721b811698) locale list changing from [] to [en-US]
08-28 18:19:17.581  2387  3893 I ActivityManager: Process com.instagram.android (pid 27734) has died: cch+75 CEM 
08-28 18:19:17.582  2387  3185 D ConnectivityService: releasing NetworkRequest [ REQUEST id=672, [ Capabilities: INTERNET&NOT_RESTRICTED&TRUSTED&NOT_VCN_MANAGED&NOT_BANDWIDTH_CONSTRAINED Uid: 10628 RequestorUid: 10628 RequestorPkg: com.instagram.android UnderlyingNetworks: Null] ] (release request)
08-28 18:19:17.582  2387  3185 D ConnectivityService: releasing NetworkRequest [ REQUEST id=674, [ Capabilities: INTERNET&NOT_RESTRICTED&TRUSTED&NOT_VCN_MANAGED&NOT_BANDWIDTH_CONSTRAINED Uid: 10628 RequestorUid: 10628 RequestorPkg: com.instagram.android UnderlyingNetworks: Null] ] (release request)
08-28 18:19:17.583  2387  3185 D ConnectivityService: releasing NetworkRequest [ REQUEST id=676, [ Capabilities: INTERNET&NOT_RESTRICTED&TRUSTED&NOT_VCN_MANAGED&NOT_BANDWIDTH_CONSTRAINED Uid: 10628 RequestorUid: 10628 RequestorPkg: com.instagram.android UnderlyingNetworks: Null] ] (release request)
08-28 18:19:17.584  1317  1317 I Zygote  : Process 27734 exited due to signal 9 (Killed)
08-28 18:19:17.585  2387  2945 I libprocessgroup: Removed cgroup /sys/fs/cgroup/apps/uid_10628/pid_27734
08-28 18:19:17.588 29769 29769 D nativeloader: InitDefaultPublicLibraries for_preload=1: libandroid.so:libaaudio.so:libamidi.so:libbinder_ndk.so:libc.so:libcamera2ndk.so:libdl.so:libEGL.so:libGLESv1_CM.so:libGLESv2.so:libGLESv3.so:libicu.so:libicui18n.so:libicuuc.so:libjnigraphics.so:liblog.so:libmediandk.so:libm.so:libnativehelper.so:libnativewindow.so:libOpenMAXAL.so:libOpenSLES.so:libRS.so:libstdc++.so:libsync.so:libvulkan.so:libwebviewchromium_plat_support.so:libz.so
08-28 18:19:17.595 28737 29777 I ixplorer.silver: AssetManager2(0xb40000721b7ec4d8) locale list changing from [] to [en-US]
08-28 18:19:17.605 28737 29777 I ixplorer.silver: AssetManager2(0xb40000721b7ebe98) locale list changing from [] to [en-US]
08-28 18:19:17.607 28737 29777 I ixplorer.silver: AssetManager2(0xb40000721b7e7078) locale list changing from [] to [en-US]
08-28 18:19:17.611  2387  2942 I system_server: AssetManager2(0xb40000721b81d538) locale list changing from [] to [en-US]
08-28 18:19:17.613 28737 29777 I ixplorer.silver: AssetManager2(0xb40000721b7e8338) locale list changing from [] to [en-US]
08-28 18:19:17.619 28737 29777 I ixplorer.silver: AssetManager2(0xb40000721b7e4e18) locale list changing from [] to [en-US]
08-28 18:19:17.624 29769 29769 D nativeloader: Load libicu_jni.so using APEX ns com_android_art for caller /apex/com.android.art/javalib/core-oj.jar: ok
08-28 18:19:17.624 29769 29769 D app_process: u_setTimeZoneFilesDirectory("/apex/com.android.tzdata/etc/tz/versioned/9/icu") succeeded. 
08-28 18:19:17.624 29769 29769 D app_process: I18n APEX ICU file found: /apex/com.android.i18n/etc/icu/icudt76l.dat
08-28 18:19:17.631 28737 29777 I ixplorer.silver: AssetManager2(0xb40000721b7e8978) locale list changing from [] to [en-US]
08-28 18:19:17.631 29769 29769 D nativeloader: Load libjavacore.so using APEX ns com_android_art for caller /apex/com.android.art/javalib/core-oj.jar: ok
08-28 18:19:17.634  2387  2942 I system_server: AssetManager2(0xb40000721b81f158) locale list changing from [] to [en-US]
08-28 18:19:17.635 29769 29769 D nativeloader: Load libopenjdk.so using APEX ns com_android_art for caller /apex/com.android.art/javalib/core-oj.jar: ok
08-28 18:19:17.636 28737 29777 I ixplorer.silver: AssetManager2(0xb40000721b7edab8) locale list changing from [] to [en-US]
08-28 18:19:17.641  2387  2942 I system_server: AssetManager2(0xb40000721b81ee38) locale list changing from [] to [en-US]
08-28 18:19:17.642  5606  6419 I djoy    : (REDACTED) GetContext(%s, %s): Fetch from the %s surface finished with status: %s
08-28 18:19:17.643  5606  6419 I dsty    : (REDACTED) ContextResult succeeded for ContextKey: %s. %s
08-28 18:19:17.643  5606  6418 I dsty    : (REDACTED) ContextResult succeeded for ContextKey: %s. %s
08-28 18:19:17.644 28737 29777 I ixplorer.silver: AssetManager2(0xb40000721b7e8fb8) locale list changing from [] to [en-US]
08-28 18:19:17.649  2387  2942 I system_server: AssetManager2(0xb40000721b822fd8) locale list changing from [] to [en-US]
08-28 18:19:17.649 28737 29777 I ixplorer.silver: AssetManager2(0xb40000721b7e9f58) locale list changing from [] to [en-US]
08-28 18:19:17.650  5606  6482 I dsuk    : (REDACTED) Updating context input '%s' with dynamic class '%s' containing %s entities. %s
08-28 18:19:17.651  5606  6419 I dsuk    : (REDACTED) Updating context input '%s' with dynamic class '%s' containing %s entities. %s
08-28 18:19:17.653  5606  6419 I dsuk    : (REDACTED) Clearing context input '%s'. %s
08-28 18:19:17.653  5606  6482 I dsuk    : (REDACTED) Clearing context input '%s'. %s
08-28 18:19:17.655  2117 14751 W ServiceManagerCppClient: Waited one second for stats (is service started? Number of threads started in the threadpool: 17. Are binder threads started and available?)
08-28 18:19:17.656  5606  6419 I dsue    : (REDACTED) Sending speech biasing context update to SODA with locale %s. %s
08-28 18:19:17.657  5606  6482 I dsue    : (REDACTED) Sending speech biasing context update to SODA with locale %s. %s
08-28 18:19:17.657   682 29809 W libc    : Unable to set property "ctl.interface_start" to "aidl/stats": PROP_ERROR_HANDLE_CONTROL_MESSAGE (0x20)
08-28 18:19:17.658  5606  6413 I ecmt    : (REDACTED) #getSodaAsrUpdateRequest inserting app domain: %s
08-28 18:19:17.659  5606  6419 I ecmt    : (REDACTED) #getSodaAsrUpdateRequest inserting app domain: %s
08-28 18:19:17.659  5606  6323 I edey    : #updateAndGetSnapshot
08-28 18:19:17.661  5606  6419 I edey    : (REDACTED) Listening for responses for locale %s
08-28 18:19:17.669  2387  3238 D BackgroundInstallControlService: Package event received: 0
08-28 18:19:17.673  6564  7277 I .apps.wellbeing: AssetManager2(0xb40000721b7eabd8) locale list changing from [] to [en-US]
08-28 18:19:17.674  6564  7277 I .apps.wellbeing: AssetManager2(0xb40000721b7ece38) locale list changing from [] to [en-US]
08-28 18:19:17.676  6564  7277 I .apps.wellbeing: AssetManager2(0xb40000721b7e2258) locale list changing from [] to [en-US]
08-28 18:19:17.678  6564  7277 I .apps.wellbeing: AssetManager2(0xb40000721b7e3e78) locale list changing from [] to [en-US]
