08-28 18:48:03.967 13654 13849 W AppInitScheduler|Run:   Finished PluginInitializer in 5ms
08-28 18:48:03.967 13654 13849 W AppInitScheduler|Schedule:   Executing 23:AnalyticsInitializer
08-28 18:48:03.967 13654 13849 W AppInitScheduler|Run: Running AnalyticsInitializer
08-28 18:48:03.976 13654 13849 W SoLoader: SoLoader already initialized
08-28 18:48:03.978 13654 13842 W MDCLLight: Failed to load class from parent: org.apache.http.entity.InputStreamEntity
08-28 18:48:03.978 13654 13842 W MDCLLight: java.lang.ClassNotFoundException: org.apache.http.entity.InputStreamEntity
08-28 18:48:03.978 13654 13842 W MDCLLight: 	at java.lang.Class.classForName(Native Method)
08-28 18:48:03.978 13654 13842 W MDCLLight: 	at java.lang.BootClassLoader.findClass(ClassLoader.java:2698)
08-28 18:48:03.978 13654 13842 W MDCLLight: 	at java.lang.BootClassLoader.loadClass(ClassLoader.java:2758)
08-28 18:48:03.978 13654 13842 W MDCLLight: 	at java.lang.ClassLoader.loadClass(ClassLoader.java:573)
08-28 18:48:03.978 13654 13842 W MDCLLight: 	at com.facebook.common.dextricks.MultiDexClassLoaderLight.loadFromParent(:4)
08-28 18:48:03.978 13654 13842 W MDCLLight: 	at com.facebook.common.dextricks.MultiDexClassLoaderLight.loadClass(:6)
08-28 18:48:03.978 13654 13842 W MDCLLight: 	at java.lang.ClassLoader.loadClass(ClassLoader.java:625)
08-28 18:48:03.978 13654 13842 W MDCLLight: 	at java.lang.ClassLoader.loadClass(ClassLoader.java:573)
08-28 18:48:03.978 13654 13842 W MDCLLight: 	at X.6sr.<init>(:19)
08-28 18:48:03.978 13654 13842 W MDCLLight: 	at X.6qc.beginStream(:10)
08-28 18:48:03.978 13654 13842 W MDCLLight: 	at com.facebook.tigon.TigonXplatService.sendRequestBodyBufferIntegerBuffer(Native Method)
08-28 18:48:03.978 13654 13842 W MDCLLight: 	at com.facebook.tigon.TigonXplatService.sendRequest(:71)
08-28 18:48:03.978 13654 13842 W MDCLLight: 	at com.instagram.api.tigon.TigonServiceLayer.startRequest(:105)
08-28 18:48:03.978 13654 13842 W MDCLLight: 	at X.6bl.startRequest(:77)
08-28 18:48:03.978 13654 13842 W MDCLLight: 	at X.6bm.startRequest(:50)
08-28 18:48:03.978 13654 13842 W MDCLLight: 	at X.6bu.startRequest(:80)
08-28 18:48:03.978 13654 13842 W MDCLLight: 	at X.6cg.startRequest(:371)
08-28 18:48:03.978 13654 13842 W MDCLLight: 	at X.6ch.startRequest(:51)
08-28 18:48:03.978 13654 13842 W MDCLLight: 	at X.6ci.startRequest(:227)
08-28 18:48:03.978 13654 13842 W MDCLLight: 	at X.6cu.startRequest(:192)
08-28 18:48:03.978 13654 13842 W MDCLLight: 	at X.6cv.startRequest(:105)
08-28 18:48:03.978 13654 13842 W MDCLLight: 	at X.7Az.startRequest(:376)
08-28 18:48:03.978 13654 13842 W MDCLLight: 	at X.6cx.startRequest(:46)
08-28 18:48:03.978 13654 13842 W MDCLLight: 	at X.6em.startRequest(:74)
08-28 18:48:03.978 13654 13842 W MDCLLight: 	at X.6en.startRequest(:244)
08-28 18:48:03.978 13654 13842 W MDCLLight: 	at X.6jg.startRequest(:76)
08-28 18:48:03.978 13654 13842 W MDCLLight: 	at X.6jh.startRequest(:49)
08-28 18:48:03.978 13654 13842 W MDCLLight: 	at X.6ji.startRequest(:106)
08-28 18:48:03.978 13654 13842 W MDCLLight: 	at X.6jj.startRequest(:47)
08-28 18:48:03.978 13654 13842 W MDCLLight: 	at X.6ke.startRequest(:161)
08-28 18:48:03.978 13654 13842 W MDCLLight: 	at X.6ki.startRequest(:45)
08-28 18:48:03.978 13654 13842 W MDCLLight: 	at X.6kj.startRequest(:440)
08-28 18:48:03.978 13654 13842 W MDCLLight: 	at X.6km.startRequest(:47)
08-28 18:48:03.978 13654 13842 W MDCLLight: 	at X.6kw.startRequest(:229)
08-28 18:48:03.978 13654 13842 W MDCLLight: 	at X.6lb.startRequest(:54)
08-28 18:48:03.978 13654 13842 W MDCLLight: 	at X.5ld.startRequest(:30)
08-28 18:48:03.978 13654 13842 W MDCLLight: 	at X.5ld.A00(:17)
08-28 18:48:03.978 13654 13842 W MDCLLight: 	at X.5ke.A00(:41)
08-28 18:48:03.978 13654 13842 W MDCLLight: 	at X.7hA.Fy2(:26)
08-28 18:48:03.978 13654 13842 W MDCLLight: 	at X.5tA.call(:20)
08-28 18:48:03.978 13654 13842 W MDCLLight: 	at X.5rA.run(:2)
08-28 18:48:03.978 13654 13842 W MDCLLight: 	at X.5tj.run(:22)
08-28 18:48:03.978 13654 13842 W MDCLLight: 	at X.5sf.run(:30)
08-28 18:48:03.978 13654 13842 W MDCLLight: 	at X.2pt.run(:25)
08-28 18:48:03.978 13654 13842 W MDCLLight: 	at X.1xk.run(:43)
08-28 18:48:03.978 13654 13842 W MDCLLight: 	at X.2pt.run(:25)
08-28 18:48:03.978 13654 13842 W MDCLLight: 	at X.2pt.run(:25)
08-28 18:48:03.978 13654 13842 W MDCLLight: 	at X.1qn.A00(:110)
08-28 18:48:03.978 13654 13842 W MDCLLight: 	at X.1qn.run(:108)
08-28 18:48:03.978 13654 13842 W MDCLLight: Caused by: java.lang.NoClassDefFoundError: Class not found using the boot class loader; no stack trace available
08-28 18:48:03.978 13654 13842 W MDCLLight: Trying to fallback load dexorg.apache.http.entity.InputStreamEntity moduleHint = null
08-28 18:48:03.978 13654 13842 E MDCLLight: Fallback load dex failed for org.apache.http.entity.InputStreamEntity
08-28 18:48:03.978 13654 13935 W SoLoader: SoLoader already initialized
08-28 18:48:03.979 13654 13849 W AppInitScheduler|Run:   Finished AnalyticsInitializer in 12ms
08-28 18:48:03.979 13654 13849 W AppInitScheduler|Schedule:   Executing 80:PendingMediaInitializer
08-28 18:48:03.979 13654 13849 W AppInitScheduler|Run: Running PendingMediaInitializer
08-28 18:48:03.979 13654 13849 W AppInitScheduler|Run:   Finished PendingMediaInitializer in 0ms
08-28 18:48:03.979 13654 13849 W AppInitScheduler|Schedule:   Executing 79:PandoGraphQLInitializer
08-28 18:48:03.979 13654 13849 W AppInitScheduler|Run: Running DirectInitializer
08-28 18:48:03.979 13654 13849 W AppInitScheduler|Run:   Finished DirectInitializer in 0ms
08-28 18:48:03.979 13654 13849 W AppInitScheduler|Run: Running PandoGraphQLInitializer
08-28 18:48:03.980 13654 13849 W AppInitScheduler|Run:   Finished PandoGraphQLInitializer in 1ms
08-28 18:48:03.980 13654 13849 W AppInitScheduler|Schedule:   Executing 135:SDBInitializer
08-28 18:48:03.980 13654 13849 W AppInitScheduler|Schedule:   Executing 93:SessionScopedProviderInitializer
08-28 18:48:03.980 13654 13849 W AppInitScheduler|Run: Running SDBInitializer
08-28 18:48:03.980 13654 13849 W AppInitScheduler|Run:   Finished SDBInitializer in 0ms
08-28 18:48:03.980 13654 13849 W AppInitScheduler|Run: Running SessionScopedProviderInitializer
08-28 18:48:03.981 13654 13845 W SessionScopedProviderInitializer: Initialize com.facebook.papaya.fb.instagram.papaya.UserSessionStart start
08-28 18:48:03.981 13654 13845 W SessionScopedProviderInitializer: Initialize com.facebook.papaya.fb.instagram.papaya.UserSessionStart end
08-28 18:48:03.981 13654 13895 W SessionScopedProviderInitializer: Initialize com.facebook.mobileboost.apps.instagram.BoostSessionScopedUpdater start
08-28 18:48:03.981 13654 13895 W SessionScopedProviderInitializer: Initialize com.facebook.mobileboost.apps.instagram.BoostSessionScopedUpdater end
08-28 18:48:03.981 13654 13897 W SessionScopedProviderInitializer: Initialize com.instagram.fxcache.cache.helper.UserSessionStart start
08-28 18:48:03.981 13654 13845 W SessionScopedProviderInitializer: Initialize com.facebook.papaya.fb.instagram.UserSessionStart start
08-28 18:48:03.981 13654 13897 W SessionScopedProviderInitializer: Initialize com.instagram.fxcache.cache.helper.UserSessionStart end
08-28 18:48:03.981 13654 13894 W SessionScopedProviderInitializer: Initialize com.instagram.fxcache.fetainfo.UserSessionStart start
08-28 18:48:03.981 13654 13897 W SessionScopedProviderInitializer: Initialize com.instagram.common.lifecycle.lifecyclelistener.LifecycleDetector.LifecycleListenersUserSessionManager start
08-28 18:48:03.981 13654 13891 W SessionScopedProviderInitializer: Initialize com.instagram.lazyload.downloadablemodules.impl.IgFallbackPrefetcherImpl start
08-28 18:48:03.981 13654 13897 W SessionScopedProviderInitializer: Initialize com.instagram.common.lifecycle.lifecyclelistener.LifecycleDetector.LifecycleListenersUserSessionManager end
08-28 18:48:03.981 13654 13893 W SessionScopedProviderInitializer: Initialize com.instagram.preferences.user.UserSessionStart start
08-28 18:48:03.981 13654 13849 W FrscLanguagePack: FRSC English string not found for ID #0x7f130196
08-28 18:48:03.981 13654 13897 W SessionScopedProviderInitializer: Initialize com.instagram.distribgw.client.DGWZeroUrlUpdaterOnUserSessionStart start
08-28 18:48:03.981 13654 13901 W SessionScopedProviderInitializer: Initialize com.instagram.ui.widget.keyboardlistenerprovider.KeyboardChangeDetectorProvider.SessionStartHook start
08-28 18:48:03.981 13654 13897 W SessionScopedProviderInitializer: Initialize com.instagram.distribgw.client.DGWZeroUrlUpdaterOnUserSessionStart end
08-28 18:48:03.981 13654 13894 W SessionScopedProviderInitializer: Initialize com.instagram.fxcache.fetainfo.UserSessionStart end
08-28 18:48:03.981 13654 13849 W FrscLanguagePack: FRSC English string not found for ID #0x7f130195
08-28 18:48:03.981 13654 13893 W SessionScopedProviderInitializer: Initialize com.instagram.preferences.user.UserSessionStart end
08-28 18:48:03.981 13654 13901 W SessionScopedProviderInitializer: Initialize com.instagram.ui.widget.keyboardlistenerprovider.KeyboardChangeDetectorProvider.SessionStartHook end
08-28 18:48:03.981 13654 13845 W SessionScopedProviderInitializer: Initialize com.facebook.papaya.fb.instagram.UserSessionStart end
08-28 18:48:03.981 13654 13901 W SessionScopedProviderInitializer: Initialize com.instagram.model.sponsored.UserSessionStart start
08-28 18:48:03.981 13654 13901 W SessionScopedProviderInitializer: Initialize com.instagram.model.sponsored.UserSessionStart end
08-28 18:48:03.981 13654 13895 W SessionScopedProviderInitializer: Initialize com.facebook.papaya.fb.instagram.lightweight.UserSessionStart start
08-28 18:48:03.981 13654 13894 W SessionScopedProviderInitializer: Initialize com.instagram.analytics.videoqpl.VideoQpl start
08-28 18:48:03.981 13654 13897 W SessionScopedProviderInitializer: Initialize com.instagram.audio.AudioFocusUserSessionStart start
08-28 18:48:03.981 13654 13895 W SessionScopedProviderInitializer: Initialize com.facebook.papaya.fb.instagram.lightweight.UserSessionStart end
08-28 18:48:03.981 13654 13894 W SessionScopedProviderInitializer: Initialize com.instagram.analytics.videoqpl.VideoQpl end
08-28 18:48:03.981 13654 13897 W SessionScopedProviderInitializer: Initialize com.instagram.audio.AudioFocusUserSessionStart end
08-28 18:48:03.981 13654 13897 W SessionScopedProviderInitializer: Initialize com.instagram.creation.capture.quickcapture.lifecyclemanager.UserSessionStart start
08-28 18:48:03.981 13654 13895 W SessionScopedProviderInitializer: Initialize com.facebook.showreelnativesdk.instagram.dependencyprovider.UserSessionStart start
08-28 18:48:03.981 13654 13894 W SessionScopedProviderInitializer: Initialize com.instagram.creation.capture.quickcapture.analytics.UserSessionStart start
08-28 18:48:03.981 13654 13893 W SessionScopedProviderInitializer: Initialize com.instagram.video.player.hero.IgHeroServiceController.IgHeroServiceControllerInitializerProvider start
08-28 18:48:03.981 13654 13895 W SessionScopedProviderInitializer: Initialize com.facebook.showreelnativesdk.instagram.dependencyprovider.UserSessionStart end
08-28 18:48:03.981 13654 13845 W SessionScopedProviderInitializer: Initialize com.instagram.video.player.common.VideoBoundaryTestHelper start
08-28 18:48:03.982 13654 13895 W SessionScopedProviderInitializer: Initialize com.instagram.privacy.cpdp.loggers.UserSessionStartListener start
08-28 18:48:03.982 13654 13898 W SessionScopedProviderInitializer: Initialize com.instagram.quickexperiment.early.UserSessionStart start
08-28 18:48:03.982 13654 13898 W SessionScopedProviderInitializer: Initialize com.instagram.quickexperiment.early.UserSessionStart end
08-28 18:48:03.982 13654 13849 W FrscLanguagePack: FRSC English string not found for ID #0x7f130193
08-28 18:48:03.982 13654 13849 W FrscLanguagePack: FRSC English string not found for ID #0x7f13019b
08-28 18:48:03.982 13654 13849 W FrscLanguagePack: FRSC English string not found for ID #0x7f130194
08-28 18:48:03.982 13654 13898 W SessionScopedProviderInitializer: Initialize com.instagram.analytics.datausage.DataUsageReporter start
08-28 18:48:03.982 13654 13845 W SessionScopedProviderInitializer: Initialize com.instagram.video.player.common.VideoBoundaryTestHelper end
08-28 18:48:03.982 13654 13901 W SessionScopedProviderInitializer: Initialize com.facebook.security.detectkitv2.ig4a.DetectController.OnSessionStart start
08-28 18:48:03.982 13654 13898 W SessionScopedProviderInitializer: Initialize com.instagram.analytics.datausage.DataUsageReporter end
08-28 18:48:03.982 13654 13845 W SessionScopedProviderInitializer: Initialize com.instagram.api.tigon.appnetsessionid.igsessionidgenerator.UserSessionStart start
08-28 18:48:03.982 13654 13845 W SessionScopedProviderInitializer: Initialize com.instagram.api.tigon.appnetsessionid.igsessionidgenerator.UserSessionStart end
08-28 18:48:03.982 13654 13898 W SessionScopedProviderInitializer: Initialize com.instagram.analytics.traffic.UserSessionStart start
08-28 18:48:03.982 13654 13901 W SessionScopedProviderInitializer: Initialize com.facebook.security.detectkitv2.ig4a.DetectController.OnSessionStart end
08-28 18:48:03.982 13654 13898 W SessionScopedProviderInitializer: Initialize com.instagram.analytics.traffic.UserSessionStart end
08-28 18:48:03.982 13654 13901 W SessionScopedProviderInitializer: Initialize com.instagram.direct.send.deduplication.UserSessionStart start
08-28 18:48:03.982 13654 13901 W SessionScopedProviderInitializer: Initialize com.instagram.direct.send.deduplication.UserSessionStart end
08-28 18:48:03.982 13654 13845 W SessionScopedProviderInitializer: Initialize com.instagram.appinitializer.session.UserSessionStart start
08-28 18:48:03.982 13654 13901 W SessionScopedProviderInitializer: Initialize com.instagram.pendingmedia.store.UserSessionStart start
08-28 18:48:03.982 13654 13898 W SessionScopedProviderInitializer: Initialize com.instagram.prefetch.PrefetchScheduler.PrefetchSchedulerInitializerProvider start
08-28 18:48:03.982 13654 13845 W SessionScopedProviderInitializer: Initialize com.instagram.appinitializer.session.UserSessionStart end
08-28 18:48:03.982 13654 13898 W SessionScopedProviderInitializer: Initialize com.instagram.prefetch.PrefetchScheduler.PrefetchSchedulerInitializerProvider end
08-28 18:48:03.982 13654 13901 W SessionScopedProviderInitializer: Initialize com.instagram.pendingmedia.store.UserSessionStart end
08-28 18:48:03.982 13654 13845 W SessionScopedProviderInitializer: Initialize com.instagram.appinitializer.imageinfra.ImageInfraSessionInitializerProvider start
08-28 18:48:03.982 13654 13901 W SessionScopedProviderInitializer: Initialize com.instagram.mainfeed.delivery.logging.UserSessionStart start
08-28 18:48:03.982 13654 13901 W SessionScopedProviderInitializer: Initialize com.instagram.mainfeed.delivery.logging.UserSessionStart end
08-28 18:48:03.982 13654 13901 W SessionScopedProviderInitializer: Initialize com.instagram.appinstallnotification.UserSessionStart start
08-28 18:48:03.982 13654 13898 W SessionScopedProviderInitializer: Initialize com.instagram.appinitializer.requeststreamclient.RequestStreamClientInitializer.UserSessionStart start
08-28 18:48:03.983 13654 13895 W SessionScopedProviderInitializer: Initialize com.instagram.privacy.cpdp.loggers.UserSessionStartListener end
08-28 18:48:03.983 13654 13895 W SessionScopedProviderInitializer: Initialize com.instagram.autocomplete.ChallengeUserSessionStart start
08-28 18:48:03.983 13654 13895 W SessionScopedProviderInitializer: Initialize com.instagram.autocomplete.ChallengeUserSessionStart end
08-28 18:48:03.983 13654 13897 W SessionScopedProviderInitializer: Initialize com.instagram.creation.capture.quickcapture.lifecyclemanager.UserSessionStart end
08-28 18:48:03.983 13654 13895 W SessionScopedProviderInitializer: Initialize com.instagram.autocomplete.HashtagUserSessionStart start
08-28 18:48:03.984 13654 13901 W SessionScopedProviderInitializer: Initialize com.instagram.appinstallnotification.UserSessionStart end
08-28 18:48:03.984 13654 13901 W SessionScopedProviderInitializer: Initialize com.instagram.barcelona.fx.cache.helper.UserSessionStart start
08-28 18:48:03.984 13654 13901 W SessionScopedProviderInitializer: Initialize com.instagram.barcelona.fx.cache.helper.UserSessionStart end
08-28 18:48:03.984 13654 13901 W SessionScopedProviderInitializer: Initialize com.instagram.barcelona.libraries.access.accountmanager.listener.BarcelonaAccountManagerListenerSessionBinder start
08-28 18:48:03.984 13654 13901 W SessionScopedProviderInitializer: Initialize com.instagram.barcelona.libraries.access.accountmanager.listener.BarcelonaAccountManagerListenerSessionBinder end
08-28 18:48:03.984 13654 13901 W SessionScopedProviderInitializer: Initialize com.instagram.basel.logging.creation.UserSessionStart start
08-28 18:48:03.985 13654 13897 W SessionScopedProviderInitializer: Initialize com.instagram.avatars.store.UserSessionStart start
08-28 18:48:03.985 13654 13897 W SessionScopedProviderInitializer: Initialize com.instagram.avatars.store.UserSessionStart end
08-28 18:48:03.985 13654 13897 W SessionScopedProviderInitializer: Initialize com.instagram.maps.analytics.MapAnalyticsLogger.UserSessionStart start
08-28 18:48:03.985 13654 13895 W SessionScopedProviderInitializer: Initialize com.instagram.autocomplete.HashtagUserSessionStart end
08-28 18:48:03.985 13654 13895 W SessionScopedProviderInitializer: Initialize com.instagram.igpermissions.igpermissionsutil.IGPermissionsFeatureControlsSessionStart start
08-28 18:48:03.985 13654 13849 W MDCLLight: Failed to load class from parent: com.google.firebase.dynamicloading.DynamicLoadingRegistrar
08-28 18:48:03.985 13654 13849 W MDCLLight: java.lang.ClassNotFoundException: com.google.firebase.dynamicloading.DynamicLoadingRegistrar
08-28 18:48:03.985 13654 13849 W MDCLLight: 	at java.lang.Class.classForName(Native Method)
08-28 18:48:03.985 13654 13849 W MDCLLight: 	at java.lang.BootClassLoader.findClass(ClassLoader.java:2698)
08-28 18:48:03.985 13654 13849 W MDCLLight: 	at java.lang.BootClassLoader.loadClass(ClassLoader.java:2758)
08-28 18:48:03.985 13654 13849 W MDCLLight: 	at java.lang.ClassLoader.loadClass(ClassLoader.java:573)
08-28 18:48:03.985 13654 13849 W MDCLLight: 	at com.facebook.common.dextricks.MultiDexClassLoaderLight.loadFromParent(:4)
08-28 18:48:03.985 13654 13849 W MDCLLight: 	at com.facebook.common.dextricks.MultiDexClassLoaderLight.loadClass(:38)
08-28 18:48:03.985 13654 13849 W MDCLLight: 	at java.lang.ClassLoader.loadClass(ClassLoader.java:625)
08-28 18:48:03.985 13654 13849 W MDCLLight: 	at java.lang.ClassLoader.loadClass(ClassLoader.java:573)
08-28 18:48:03.985 13654 13849 W MDCLLight: 	at java.lang.Class.classForName(Native Method)
08-28 18:48:03.985 13654 13849 W MDCLLight: 	at java.lang.Class.forName(Class.java:597)
08-28 18:48:03.985 13654 13849 W MDCLLight: 	at java.lang.Class.forName(Class.java:502)
08-28 18:48:03.985 13654 13849 W MDCLLight: 	at X.9ax.get(:7)
08-28 18:48:03.985 13654 13849 W MDCLLight: 	at X.9bl.<init>(:146)
08-28 18:48:03.985 13654 13849 W MDCLLight: 	at X.9a9.<init>(:258)
08-28 18:48:03.985 13654 13849 W MDCLLight: 	at X.9HX.invoke(:551)
08-28 18:48:03.985 13654 13849 W MDCLLight: 	at X.00g.getValue(:18)
08-28 18:48:03.985 13654 13849 W MDCLLight: 	at X.8zw.invoke(:19)
08-28 18:48:03.985 13654 13849 W MDCLLight: 	at X.00g.getValue(:18)
08-28 18:48:03.985 13654 13849 W MDCLLight: 	at X.8xs.F1z(:153)
08-28 18:48:03.985 13654 13849 W MDCLLight: 	at X.0yd.A00(:53)
08-28 18:48:03.985 13654 13849 W MDCLLight: 	at X.4qs.A05(:39)
08-28 18:48:03.985 13654 13849 W MDCLLight: 	at X.1ga.run(:145)
08-28 18:48:03.985 13654 13849 W MDCLLight: 	at java.util.concurrent.ThreadPoolExecutor.runWorker(ThreadPoolExecutor.java:1156)
08-28 18:48:03.985 13654 13849 W MDCLLight: 	at java.util.concurrent.ThreadPoolExecutor$Worker.run(ThreadPoolExecutor.java:651)
08-28 18:48:03.985 13654 13849 W MDCLLight: 	at X.1gd.run(:21)
08-28 18:48:03.985 13654 13849 W MDCLLight: 	at java.lang.Thread.run(Thread.java:1119)
08-28 18:48:03.985 13654 13849 W MDCLLight: Caused by: java.lang.NoClassDefFoundError: Class not found using the boot class loader; no stack trace available
08-28 18:48:03.985 13621 13810 I BugleJobs: Starting sync data to wearable message observer.
08-28 18:48:03.985 13654 13849 W MDCLLight: Trying to fallback load dexcom.google.firebase.dynamicloading.DynamicLoadingRegistrar moduleHint = null
08-28 18:48:03.985 13654 13849 E MDCLLight: Fallback load dex failed for com.google.firebase.dynamicloading.DynamicLoadingRegistrar
08-28 18:48:03.986 13654 13849 W ComponentDiscovery: Class com.google.firebase.dynamicloading.DynamicLoadingRegistrar is not an found.
08-28 18:48:03.987 13654 13897 W SessionScopedProviderInitializer: Initialize com.instagram.maps.analytics.MapAnalyticsLogger.UserSessionStart end
08-28 18:48:03.987 13654 13897 W SessionScopedProviderInitializer: Initialize com.instagram.igpermissions.igpermissionsutil.IGPermissionsMessagingControlsSessionStart start
08-28 18:48:03.989 13654 13845 W SessionScopedProviderInitializer: Initialize com.instagram.appinitializer.imageinfra.ImageInfraSessionInitializerProvider end
08-28 18:48:03.989 13654 13845 W SessionScopedProviderInitializer: Initialize com.instagram.igpermissions.igpermissionsutil.IGPermissionsSharedAccountsSessionStart start
08-28 18:48:03.990 13654 13898 W SessionScopedProviderInitializer: Initialize com.instagram.appinitializer.requeststreamclient.RequestStreamClientInitializer.UserSessionStart end
08-28 18:48:03.990 13654 13898 W SessionScopedProviderInitializer: Initialize com.instagram.creation.capture.quickcapture.abtest.qccmodularization.QccModularizationQeUtil start
08-28 18:48:03.991 13654 13898 W SessionScopedProviderInitializer: Initialize com.instagram.creation.capture.quickcapture.abtest.qccmodularization.QccModularizationQeUtil end
08-28 18:48:03.991 13654 13898 W SessionScopedProviderInitializer: Initialize com.instagram.zero.experiments.ZeroEarlyExperimentsUserSessionStart start
08-28 18:48:03.991 13654 13901 W SessionScopedProviderInitializer: Initialize com.instagram.basel.logging.creation.UserSessionStart end
08-28 18:48:03.991 13654 13894 W SessionScopedProviderInitializer: Initialize com.instagram.creation.capture.quickcapture.analytics.UserSessionStart end
08-28 18:48:03.991 13654 13894 W SessionScopedProviderInitializer: Initialize com.instagram.zero.main.IgZeroMainStartupLog start
08-28 18:48:03.991 13654 13901 W SessionScopedProviderInitializer: Initialize com.instagram.zero.main.IgZeroMainInitializer start
08-28 18:48:03.991 13654 13901 W SessionScopedProviderInitializer: Initialize com.instagram.zero.main.IgZeroMainInitializer end
08-28 18:48:03.991 13654 13901 W SessionScopedProviderInitializer: Initialize com.instagram.wellbeing.timespent.listeners.InstagramLastActiveTimeLogger start
08-28 18:48:03.991 13654 13901 W SessionScopedProviderInitializer: Initialize com.instagram.wellbeing.timespent.listeners.InstagramLastActiveTimeLogger end
08-28 18:48:03.992 13654 13901 W SessionScopedProviderInitializer: Initialize com.instagram.wellbeing.timespent.listeners.InstagramTimeSpentManagerInitializer start
08-28 18:48:03.992 13654 13895 W SessionScopedProviderInitializer: Initialize com.instagram.igpermissions.igpermissionsutil.IGPermissionsFeatureControlsSessionStart end
08-28 18:48:03.992 13654 13897 W SessionScopedProviderInitializer: Initialize com.instagram.igpermissions.igpermissionsutil.IGPermissionsMessagingControlsSessionStart end
08-28 18:48:03.992 13654 13895 W SessionScopedProviderInitializer: Initialize com.instagram.perf.scroll.UserSessionStart start
08-28 18:48:03.992 13621 13810 I Bugle   : DatabaseHelperBasic.doInitializationTraced() returned SQLiteDatabase: /data/user/0/com.google.android.apps.messaging/databases/bugle_db
08-28 18:48:03.992 13654 13895 W SessionScopedProviderInitializer: Initialize com.instagram.perf.scroll.UserSessionStart end
08-28 18:48:03.992 13654 13895 W SessionScopedProviderInitializer: Initialize com.instagram.bugreporter.rageshake.UserSessionStart start
08-28 18:48:03.992 13654 13897 W SessionScopedProviderInitializer: Initialize com.instagram.monetization.util.UserSessionStart start
08-28 18:48:03.992 13654 13897 W SessionScopedProviderInitializer: Initialize com.instagram.monetization.util.UserSessionStart end
08-28 18:48:03.992 13654 13897 W SessionScopedProviderInitializer: Initialize com.instagram.uxlogging.functioncorrectness.AwareInteractionQPLLogger start
08-28 18:48:03.992 13654 13895 W RageShakeDialogProviderImpl: onUserSessionStart start
08-28 18:48:03.992 13621 13810 I Bugle   : DatabaseHelperBasic.doInitializationTraced returned SQLiteDatabase: /data/user/0/com.google.android.apps.messaging/databases/bugle_db
08-28 18:48:03.992 13654 13897 W SessionScopedProviderInitializer: Initialize com.instagram.uxlogging.functioncorrectness.AwareInteractionQPLLogger end
08-28 18:48:03.992 13654 13897 W SessionScopedProviderInitializer: Initialize com.instagram.bugreporter.store.initializer.PendingBugReportInitializer start
08-28 18:48:03.993 13654 13897 W SessionScopedProviderInitializer: Initialize com.instagram.bugreporter.store.initializer.PendingBugReportInitializer end
08-28 18:48:03.993 13654 13897 W SessionScopedProviderInitializer: Initialize com.instagram.metacasper.UserSessionStart start
08-28 18:48:03.993 13654 13897 W SessionScopedProviderInitializer: Initialize com.instagram.metacasper.UserSessionStart end
08-28 18:48:03.993 13654 13897 W SessionScopedProviderInitializer: Initialize com.instagram.casper.UserSessionStart start
08-28 18:48:03.994 13654 13895 W RageShakeSensorHelper: initInstance Initialized | rageShakeEnabled=true | shakeForceThreshold=18.042845
08-28 18:48:03.994 13654 13895 W SessionScopedProviderInitializer: Initialize com.instagram.bugreporter.rageshake.UserSessionStart end
08-28 18:48:03.995 13654 13895 W SessionScopedProviderInitializer: Initialize com.instagram.common.fxcacheinit.FxClientCacheOnUserSessionStart start
08-28 18:48:03.995 13654 13895 W SessionScopedProviderInitializer: Initialize com.instagram.common.fxcacheinit.FxClientCacheOnUserSessionStart end
08-28 18:48:03.995 13654 13895 W SessionScopedProviderInitializer: Initialize com.instagram.common.resources.qce.init.QuickContentExperimentStringResourcesInitializer start
08-28 18:48:03.995 13654 13895 W SessionScopedProviderInitializer: Initialize com.instagram.common.resources.qce.init.QuickContentExperimentStringResourcesInitializer end
08-28 18:48:03.995 13654 13895 W SessionScopedProviderInitializer: Initialize com.instagram.direct.mutation.util.DirectMutationUserSessionStartListener start
08-28 18:48:03.995 13654 13895 W SessionScopedProviderInitializer: Initialize com.instagram.direct.mutation.util.DirectMutationUserSessionStartListener end
08-28 18:48:03.995 13654 13895 W SessionScopedProviderInitializer: Initialize com.instagram.crossposting.noticestate.manager.UserSessionStart start
08-28 18:48:03.995 13654 13894 W SessionScopedProviderInitializer: Initialize com.instagram.zero.main.IgZeroMainStartupLog end
08-28 18:48:03.995 13654 13894 W SessionScopedProviderInitializer: Initialize com.instagram.deadcodedetection.IgDeadCodeDetectionManager start
08-28 18:48:03.995 13654 13894 W SessionScopedProviderInitializer: Initialize com.instagram.deadcodedetection.IgDeadCodeDetectionManager end
08-28 18:48:03.995 13654 13894 W SessionScopedProviderInitializer: Initialize com.instagram.screentime.IgScreenTimeSyncListenerStart start
08-28 18:48:03.995 13654 13894 W SessionScopedProviderInitializer: Initialize com.instagram.screentime.IgScreenTimeSyncListenerStart end
08-28 18:48:03.995 13654 13894 W SessionScopedProviderInitializer: Initialize com.instagram.debug.image.sessionhelper.UserSessionStart start
08-28 18:48:03.996 13654 13894 W SessionScopedProviderInitializer: Initialize com.instagram.debug.image.sessionhelper.UserSessionStart end
08-28 18:48:03.996 13654 13894 W SessionScopedProviderInitializer: Initialize com.instagram.debug.quickexperiment.dumper.QuickExperimentDumperPlugin.UserSessionListener start
08-28 18:48:03.996 13654 13894 W SessionScopedProviderInitializer: Initialize com.instagram.debug.quickexperiment.dumper.QuickExperimentDumperPlugin.UserSessionListener end
08-28 18:48:03.996 13654 13894 W SessionScopedProviderInitializer: Initialize com.instagram.rtc.dgw.IGRTCDGWStartupService start
08-28 18:48:03.996 13654 13894 W SessionScopedProviderInitializer: Initialize com.instagram.rtc.dgw.IGRTCDGWStartupService end
08-28 18:48:03.996 13654 13894 W SessionScopedProviderInitializer: Initialize com.instagram.direct.initialization.DirectUserScopedInitializerUserSessionStart start
08-28 18:48:03.996 13654 13897 W SessionScopedProviderInitializer: Initialize com.instagram.casper.UserSessionStart end
08-28 18:48:03.996 13654 13897 W SessionScopedProviderInitializer: Initialize com.instagram.direct.msys.bugreporter.UserSessionStart start
08-28 18:48:03.996 13654 13897 W SessionScopedProviderInitializer: Initialize com.instagram.direct.msys.bugreporter.UserSessionStart end
08-28 18:48:03.996 13654 13897 W SessionScopedProviderInitializer: Initialize com.instagram.fbpay.config.UserSessionStart start
08-28 18:48:03.996 13654 13894 W DirectUserScopedInitializerUserSessionStart: onUserSessionStart, isColdStart: true
08-28 18:48:03.996 13654 13845 W SessionScopedProviderInitializer: Initialize com.instagram.igpermissions.igpermissionsutil.IGPermissionsSharedAccountsSessionStart end
08-28 18:48:03.997 13654 13845 W SessionScopedProviderInitializer: Initialize com.instagram.fbpay.w3c.jobs.StartKeyMigrationJob start
08-28 18:48:03.997 13654 13891 W SessionScopedProviderInitializer: Initialize com.instagram.lazyload.downloadablemodules.impl.IgFallbackPrefetcherImpl end
08-28 18:48:03.998 13654 13891 W SessionScopedProviderInitializer: Initialize com.instagram.fbpay.w3c.jobs.UserSessionStart start
08-28 18:48:03.998 13654 13891 W SessionScopedProviderInitializer: Initialize com.instagram.fbpay.w3c.jobs.UserSessionStart end
08-28 18:48:03.998 13654 13891 W SessionScopedProviderInitializer: Initialize com.instagram.fileregistry.impl.UserSessionStart start
08-28 18:48:03.998 13654 13891 W SessionScopedProviderInitializer: Initialize com.instagram.fileregistry.impl.UserSessionStart end
08-28 18:48:03.999 13654 13891 W SessionScopedProviderInitializer: Initialize com.instagram.firstpartyinstalltracker.UserSessionStart start
08-28 18:48:03.999 13654 13898 W SessionScopedProviderInitializer: Initialize com.instagram.zero.experiments.ZeroEarlyExperimentsUserSessionStart end
08-28 18:48:03.999 13654 13898 W SessionScopedProviderInitializer: Initialize com.instagram.igsignalsproducts.clips.tab.UserSessionStart start
08-28 18:48:03.999 13654 13895 W SessionScopedProviderInitializer: Initialize com.instagram.crossposting.noticestate.manager.UserSessionStart end
08-28 18:48:03.999 13654 13895 W SessionScopedProviderInitializer: Initialize com.instagram.inappbrowser.launcher.clickidhelper.UserSessionStart start
08-28 18:48:03.999 13654 13898 W SessionScopedProviderInitializer: Initialize com.instagram.igsignalsproducts.clips.tab.UserSessionStart end
08-28 18:48:03.999 13654 13898 W SessionScopedProviderInitializer: Initialize com.instagram.jobscheduler.bgfetch.scheduler.IgBgFetchConfigOnUserSessionStart start
08-28 18:48:03.999 13654 13898 W SessionScopedProviderInitializer: Initialize com.instagram.jobscheduler.bgfetch.scheduler.IgBgFetchConfigOnUserSessionStart end
08-28 18:48:03.999 13654 13898 W SessionScopedProviderInitializer: Initialize com.instagram.jobscheduler.bgfetch.scheduler.UserSessionStart start
08-28 18:48:04.002 13654 13891 W SessionScopedProviderInitializer: Initialize com.instagram.firstpartyinstalltracker.UserSessionStart end
08-28 18:48:04.003 13654 13891 W SessionScopedProviderInitializer: Initialize com.instagram.launcherbadges.UserSessionStart start
08-28 18:48:04.003 13654 13895 W SessionScopedProviderInitializer: Initialize com.instagram.inappbrowser.launcher.clickidhelper.UserSessionStart end
08-28 18:48:04.003 13654 13895 W SessionScopedProviderInitializer: Initialize com.instagram.memory.mediauploadobserver.MediaUploadObserver.UserSessionStart start
08-28 18:48:04.004 13654 13895 W SessionScopedProviderInitializer: Initialize com.instagram.memory.mediauploadobserver.MediaUploadObserver.UserSessionStart end
08-28 18:48:04.004 13654 13895 W SessionScopedProviderInitializer: Initialize com.instagram.ml.remotepresence.start.UserSessionStart start
08-28 18:48:04.004 13654 13895 W SessionScopedProviderInitializer: Initialize com.instagram.ml.remotepresence.start.UserSessionStart end
08-28 18:48:04.004 13654 13897 W SessionScopedProviderInitializer: Initialize com.instagram.fbpay.config.UserSessionStart end
08-28 18:48:04.004 13654 13897 W SessionScopedProviderInitializer: Initialize com.instagram.ondevicetech.ondeviceapphistory.UserSessionStart start
08-28 18:48:04.004 13654 13897 W SessionScopedProviderInitializer: Initialize com.instagram.ondevicetech.ondeviceapphistory.UserSessionStart end
08-28 18:48:04.004 13654 13895 W SessionScopedProviderInitializer: Initialize com.instagram.ondevicetech.ondeviceapphistorytopspendapps.UserSessionStart start
08-28 18:48:04.004 13654 13895 W SessionScopedProviderInitializer: Initialize com.instagram.ondevicetech.ondeviceapphistorytopspendapps.UserSessionStart end
08-28 18:48:04.004 13654 13895 W SessionScopedProviderInitializer: Initialize com.instagram.partneranalytics.igfamilyappinstallations.IGFamilyAppInstallationsLogWorkerInitializer start
08-28 18:48:04.005 13654 13940 W SessionScopedProviderInitializer: Initialize com.instagram.odml.p13n.PersonalizationManager.UserSessionStart start
08-28 18:48:04.005 13654 13940 W SessionScopedProviderInitializer: Initialize com.instagram.odml.p13n.PersonalizationManager.UserSessionStart end
08-28 18:48:04.005 13654 13940 W SessionScopedProviderInitializer: Initialize com.instagram.partneranalytics.igfamilyapplastusedstates.IGFamilyAppLastUsedStatesLogWorkerInitializer start
08-28 18:48:04.005 13654 13901 W SessionScopedProviderInitializer: Initialize com.instagram.wellbeing.timespent.listeners.InstagramTimeSpentManagerInitializer end
08-28 18:48:04.005 13654 13901 W SessionScopedProviderInitializer: Initialize com.instagram.partneranalytics.simcarrier.SimCarrierInfoLogWorkerInitializer start
08-28 18:48:04.005 13654 13891 W SessionScopedProviderInitializer: Initialize com.instagram.launcherbadges.UserSessionStart end
08-28 18:48:04.005 13654 13891 W SessionScopedProviderInitializer: Initialize com.instagram.pendingmedia.service.initializer.PendingMediaStoreInitializer start
08-28 18:48:04.005 13654 13891 W SessionScopedProviderInitializer: Initialize com.instagram.pendingmedia.service.initializer.PendingMediaStoreInitializer end
08-28 18:48:04.005 13654 13891 W SessionScopedProviderInitializer: Initialize com.instagram.perf.prefetch.AutoPrefetchUserSessionObserver start
08-28 18:48:04.005 13654 13891 W SessionScopedProviderInitializer: Initialize com.instagram.perf.prefetch.AutoPrefetchUserSessionObserver end
08-28 18:48:04.005 13654 13891 W SessionScopedProviderInitializer: Initialize com.instagram.perf.sampling.UserSessionStart start
08-28 18:48:04.005 13654 13891 W SessionScopedProviderInitializer: Initialize com.instagram.perf.sampling.UserSessionStart end
08-28 18:48:04.005 13654 13891 W SessionScopedProviderInitializer: Initialize com.instagram.periodicreporter.UserSessionStart start
08-28 18:48:04.005 13654 13898 W SessionScopedProviderInitializer: Initialize com.instagram.jobscheduler.bgfetch.scheduler.UserSessionStart end
08-28 18:48:04.005 13654 13891 W SessionScopedProviderInitializer: Initialize com.instagram.periodicreporter.UserSessionStart end
08-28 18:48:04.005 13654 13891 W SessionScopedProviderInitializer: Initialize com.instagram.realtime.requeststream.PulsarScheduler start
08-28 18:48:04.005 13654 13898 W SessionScopedProviderInitializer: Initialize com.instagram.redex.dynamicanalysis.IgDynamicAnalysisUserSessionStart start
08-28 18:48:04.005 13654 13898 W SessionScopedProviderInitializer: Initialize com.instagram.redex.dynamicanalysis.IgDynamicAnalysisUserSessionStart end
08-28 18:48:04.005 13654 13898 W SessionScopedProviderInitializer: Initialize com.instagram.reels.network.realtime.UserSessionStart start
08-28 18:48:04.006 13654 13891 W SessionScopedProviderInitializer: Initialize com.instagram.realtime.requeststream.PulsarScheduler end
08-28 18:48:04.006 13654 13891 W SessionScopedProviderInitializer: Initialize com.instagram.reliability.experiments.ReliabilityExperimentInitializer start
08-28 18:48:04.006 13654 13891 W SessionScopedProviderInitializer: Initialize com.instagram.reliability.experiments.ReliabilityExperimentInitializer end
08-28 18:48:04.006  2117 14751 W ServiceManagerCppClient: Waited one second for stats (is service started? Number of threads started in the threadpool: 17. Are binder threads started and available?)
08-28 18:48:04.006 13654 13891 W SessionScopedProviderInitializer: Initialize com.instagram.reliablemedia.UserSessionStart start
08-28 18:48:04.006 13654 13891 W SessionScopedProviderInitializer: Initialize com.instagram.reliablemedia.UserSessionStart end
08-28 18:48:04.006 13654 13891 W SessionScopedProviderInitializer: Initialize com.instagram.rtc.impl.UserSessionStart start
08-28 18:48:04.006 13654 13891 W SessionScopedProviderInitializer: Initialize com.instagram.rtc.impl.UserSessionStart end
08-28 18:48:04.006 13654 13895 W SessionScopedProviderInitializer: Initialize com.instagram.partneranalytics.igfamilyappinstallations.IGFamilyAppInstallationsLogWorkerInitializer end
08-28 18:48:04.006 13654 13898 W SessionScopedProviderInitializer: Initialize com.instagram.reels.network.realtime.UserSessionStart end
08-28 18:48:04.006 13654 13895 W SessionScopedProviderInitializer: Initialize com.instagram.settings2.core.services.Settings2ServiceInitializer start
08-28 18:48:04.006 13654 13898 W SessionScopedProviderInitializer: Initialize com.instagram.shortcuts.init.ShortcutsInitializer start
08-28 18:48:04.006 13654 13895 W SessionScopedProviderInitializer: Initialize com.instagram.settings2.core.services.Settings2ServiceInitializer end
08-28 18:48:04.006 13654 13901 W SessionScopedProviderInitializer: Initialize com.instagram.partneranalytics.simcarrier.SimCarrierInfoLogWorkerInitializer end
08-28 18:48:04.006 13654 13895 W SessionScopedProviderInitializer: Initialize com.instagram.sponsored.asyncads.logging.qpl.UserSessionStart start
08-28 18:48:04.006 13654 13895 W SessionScopedProviderInitializer: Initialize com.instagram.sponsored.asyncads.logging.qpl.UserSessionStart end
08-28 18:48:04.006 13654 13901 W SessionScopedProviderInitializer: Initialize com.instagram.sponsored.asyncads.ondevicesignals.OnDeviceSignalKnotsEventListener.UserSessionStart start
08-28 18:48:04.006 13654 13895 W SessionScopedProviderInitializer: Initialize com.instagram.sponsored.asyncads.requestpathsignals.sessionlevelsignals.sessiontime.SessionTimeTrackerStarting start
08-28 18:48:04.007 13654 13901 W SessionScopedProviderInitializer: Initialize com.instagram.sponsored.asyncads.ondevicesignals.OnDeviceSignalKnotsEventListener.UserSessionStart end
08-28 18:48:04.007 13654 13901 W SessionScopedProviderInitializer: Initialize com.instagram.supervision.data.SupervisionUserSessionStart start
08-28 18:48:04.007 13654 13901 W SessionScopedProviderInitializer: Initialize com.instagram.supervision.data.SupervisionUserSessionStart end
08-28 18:48:04.007 13654 13940 W SessionScopedProviderInitializer: Initialize com.instagram.partneranalytics.igfamilyapplastusedstates.IGFamilyAppLastUsedStatesLogWorkerInitializer end
08-28 18:48:04.007 13654 13940 W SessionScopedProviderInitializer: Initialize com.instagram.trust.noncemanager.jobs.IGNonceManagerJob start
08-28 18:48:04.007 13654 13940 W SessionScopedProviderInitializer: Initialize com.instagram.trust.noncemanager.jobs.IGNonceManagerJob end
08-28 18:48:04.007 13654 13898 W SessionScopedProviderInitializer: Initialize com.instagram.shortcuts.init.ShortcutsInitializer end
08-28 18:48:04.007 13654 13940 W SessionScopedProviderInitializer: Initialize com.instagram.trusteddevice.registration.jobs.StartTrustedDeviceAppJob start
08-28 18:48:04.007 13654 13895 W SessionScopedProviderInitializer: Initialize com.instagram.sponsored.asyncads.requestpathsignals.sessionlevelsignals.sessiontime.SessionTimeTrackerStarting end
08-28 18:48:04.007 13654 13898 W SessionScopedProviderInitializer: Initialize com.instagram.util.startup.tracking.trigger.StartupManagerHook start
08-28 18:48:04.007 13654 13897 W SessionScopedProviderInitializer: Initialize com.instagram.traffic.nts.iglib.IGTrafficNTSUserSessionStarting start
08-28 18:48:04.007 13654 13897 W SessionScopedProviderInitializer: Initialize com.instagram.traffic.nts.iglib.IGTrafficNTSUserSessionStarting end
08-28 18:48:04.007 13654 13898 W SessionScopedProviderInitializer: Initialize com.instagram.util.startup.tracking.trigger.StartupManagerHook end
08-28 18:48:04.007 13654 13897 W SessionScopedProviderInitializer: Initialize com.instagram.wellbeing.privacyflow.util.PrivacyFlowHelper start
08-28 18:48:04.007 13654 13891 W SessionScopedProviderInitializer: Initialize com.instagram.service.tigon.interceptors.zerorewritenative.UserRewriteDataOnUserSessionStart start
08-28 18:48:04.007 13654 13898 W SessionScopedProviderInitializer: Initialize com.instagram.wearable.warp.impl.WarpIgPluginManagerImpl.UserSessionStartListener start
08-28 18:48:04.007 13654 13891 W SessionScopedProviderInitializer: Initialize com.instagram.service.tigon.interceptors.zerorewritenative.UserRewriteDataOnUserSessionStart end
08-28 18:48:04.007 13654 13891 W SessionScopedProviderInitializer: Initialize com.instagram.wellbeing.timeinapp.instrumentation.IgTimeInAppActivityListener start
08-28 18:48:04.007 13654 13897 W SessionScopedProviderInitializer: Initialize com.instagram.wellbeing.privacyflow.util.PrivacyFlowHelper end
08-28 18:48:04.007 13654 13897 W SessionScopedProviderInitializer: Initialize com.instagram.wellbeing.timespent.provider.QuietTimeUserSessionStart start
08-28 18:48:04.007 13654 13897 W SessionScopedProviderInitializer: Initialize com.instagram.wellbeing.timespent.provider.QuietTimeUserSessionStart end
08-28 18:48:04.007 13654 13897 W SessionScopedProviderInitializer: Initialize com.instagram.wellbeing.timespent.provider.ScreenTimeUserSessionStart start
08-28 18:48:04.007 13654 13897 W SessionScopedProviderInitializer: Initialize com.instagram.wellbeing.timespent.provider.ScreenTimeUserSessionStart end
08-28 18:48:04.007 13654 13897 W SessionScopedProviderInitializer: Initialize X.J0I start
08-28 18:48:04.008 13654 13895 W SessionScopedProviderInitializer: Initialize com.instagram.util.startup.transitions.EnableColdStartTransitionsTask start
08-28 18:48:04.008 13654 13895 W SessionScopedProviderInitializer: Initialize com.instagram.util.startup.transitions.EnableColdStartTransitionsTask end
08-28 18:48:04.008 13654 13895 W SessionScopedProviderInitializer: Initialize X.IWF start
08-28 18:48:04.008 13654 13898 W SessionScopedProviderInitializer: Initialize com.instagram.wearable.warp.impl.WarpIgPluginManagerImpl.UserSessionStartListener end
08-28 18:48:04.008 13654 13898 W SessionScopedProviderInitializer: Initialize X.IWI start
08-28 18:48:04.009  5606  5822 I ecqc    : (REDACTED) appOpsListener %s %s
08-28 18:48:04.009  5606  5822 I ecqc    : (REDACTED) Ignoring irrelevant audio permission changes for package %s
08-28 18:48:04.009 13654 13940 I KeyProviderManager: Loaded keybox from XML setting
08-28 18:48:04.011  1599  1692 W ServiceManagerCppClient: Waited one second for stats (is service started? Number of threads started in the threadpool: 6. Are binder threads started and available?)
08-28 18:48:04.011 13654 13897 W SessionScopedProviderInitializer: Initialize X.J0I end
08-28 18:48:04.011 13654 13897 W SessionScopedProviderInitializer: Initialize X.0fS start
08-28 18:48:04.011 13654 13940 I KeyProviderManager: Loaded keybox from XML setting
08-28 18:48:04.011   682 13948 W libc    : Unable to set property "ctl.interface_start" to "aidl/stats": PROP_ERROR_HANDLE_CONTROL_MESSAGE (0x20)
08-28 18:48:04.011 13654 13845 I KeyProviderManager: Loaded keybox from XML setting
08-28 18:48:04.012  2387  3412 W ServiceManagerCppClient: Waited one second for stats (is service started? Number of threads started in the threadpool: 32. Are binder threads started and available?)
08-28 18:48:04.012 13654 13897 W SessionScopedProviderInitializer: Initialize X.0fS end
08-28 18:48:04.012 13654 13897 W SessionScopedProviderInitializer: Initialize X.J0T start
08-28 18:48:04.012 13654 13897 W SessionScopedProviderInitializer: Initialize X.J0T end
08-28 18:48:04.012 13654 13897 W SessionScopedProviderInitializer: Initialize X.J1R start
08-28 18:48:04.012 13654 13897 W SessionScopedProviderInitializer: Initialize X.J1R end
08-28 18:48:04.012 13654 13897 W SessionScopedProviderInitializer: Initialize X.J1S start
08-28 18:48:04.012 13654 13897 W SessionScopedProviderInitializer: Initialize X.J1S end
08-28 18:48:04.012 13654 13897 W SessionScopedProviderInitializer: Initialize instagram.features.direct.stella.impl.DirectStellaPluginImpl.UserSessionStart start
08-28 18:48:04.012 13654 13897 W DirectStellaPluginImpl: Stella starting new user session, registering call and contact change listeners
08-28 18:48:04.012 13654 13897 W StellaCallStateDispatcher: registerListeners with session as null: false
08-28 18:48:04.012 13654 13897 W DirectContactChangeObserver: registerListeners with session as null: false
08-28 18:48:04.012 13654 13897 W SessionScopedProviderInitializer: Initialize instagram.features.direct.stella.impl.DirectStellaPluginImpl.UserSessionStart end
08-28 18:48:04.012 13654 13897 W SessionScopedProviderInitializer: Initialize X.J2G start
08-28 18:48:04.012 13654 13897 W SessionScopedProviderInitializer: Initialize X.J2G end
08-28 18:48:04.012 13654 13897 W SessionScopedProviderInitializer: Initialize X.J2U start
08-28 18:48:04.012 13654 13897 W SessionScopedProviderInitializer: Initialize X.J2U end
08-28 18:48:04.012 13654 13897 W SessionScopedProviderInitializer: Initialize com.instagram.profilo.IgProfiloSessionManager start
08-28 18:48:04.012 13654 13897 W SessionScopedProviderInitializer: Initialize com.instagram.profilo.IgProfiloSessionManager end
08-28 18:48:04.012 13654 13845 W SessionScopedProviderInitializer: Initialize com.instagram.fbpay.w3c.jobs.StartKeyMigrationJob end
08-28 18:48:04.012 13654 13891 W SessionScopedProviderInitializer: Initialize com.instagram.wellbeing.timeinapp.instrumentation.IgTimeInAppActivityListener end
08-28 18:48:04.013 13654 13895 W SessionScopedProviderInitializer: Initialize X.IWF end
08-28 18:48:04.013   682 13950 W libc    : Unable to set property "ctl.interface_start" to "aidl/stats": PROP_ERROR_HANDLE_CONTROL_MESSAGE (0x20)
08-28 18:48:04.013 13654 13898 W SessionScopedProviderInitializer: Initialize X.IWI end
08-28 18:48:04.014 13654 13849 W RtiGracefulSystemMethodHelper: [AI] Failed to start service due to IllegalStateException on Android O
08-28 18:48:04.014 13654 13849 W RtiGracefulSystemMethodHelper: android.app.BackgroundServiceStartNotAllowedException: Not allowed to start service Intent { act=Orca.START xflg=0x4 cmp=com.instagram.android/com.facebook.rti.push.service.FbnsService (has extras) }: app is in background uid UidRecord{927f4ca u0a628 CEM  bg:+45m27s870ms idle change:procadj procs:0 seq(45744,45688)} caps=--------
08-28 18:48:04.014 13654 13849 W RtiGracefulSystemMethodHelper: 	at android.app.ContextImpl.startServiceCommon(ContextImpl.java:2049)
08-28 18:48:04.014 13654 13849 W RtiGracefulSystemMethodHelper: 	at android.app.ContextImpl.startService(ContextImpl.java:2004)
08-28 18:48:04.014 13654 13849 W RtiGracefulSystemMethodHelper: 	at android.content.ContextWrapper.startService(ContextWrapper.java:855)
08-28 18:48:04.014 13654 13849 W RtiGracefulSystemMethodHelper: 	at X.5Ay.A01(Unknown Source:25)
08-28 18:48:04.014 13654 13849 W RtiGracefulSystemMethodHelper: 	at X.5Ah.A01(:91)
08-28 18:48:04.014 13654 13849 W RtiGracefulSystemMethodHelper: 	at X.8xw.A02(:29)
08-28 18:48:04.014 13654 13849 W RtiGracefulSystemMethodHelper: 	at X.8xs.A00(:18)
08-28 18:48:04.014 13654 13849 W RtiGracefulSystemMethodHelper: 	at X.8xs.F1z(:232)
08-28 18:48:04.014 13654 13849 W RtiGracefulSystemMethodHelper: 	at X.0yd.A00(:53)
08-28 18:48:04.014 13654 13849 W RtiGracefulSystemMethodHelper: 	at X.4qs.A05(:39)
08-28 18:48:04.014 13654 13849 W RtiGracefulSystemMethodHelper: 	at X.1ga.run(:145)
08-28 18:48:04.014 13654 13849 W RtiGracefulSystemMethodHelper: 	at java.util.concurrent.ThreadPoolExecutor.runWorker(ThreadPoolExecutor.java:1156)
08-28 18:48:04.014 13654 13849 W RtiGracefulSystemMethodHelper: 	at java.util.concurrent.ThreadPoolExecutor$Worker.run(ThreadPoolExecutor.java:651)
08-28 18:48:04.014 13654 13849 W RtiGracefulSystemMethodHelper: 	at X.1gd.run(:21)
08-28 18:48:04.014 13654 13849 W RtiGracefulSystemMethodHelper: 	at java.lang.Thread.run(Thread.java:1119)
08-28 18:48:04.015  2387  6628 D ConnectivityService: requestNetwork for uid/pid:10628/13654 activeRequest: null callbackRequest: 874 [NetworkRequest [ REQUEST id=875, [ Capabilities: INTERNET&NOT_RESTRICTED&TRUSTED&NOT_VCN_MANAGED&NOT_BANDWIDTH_CONSTRAINED Uid: 10628 RequestorUid: 10628 RequestorPkg: com.instagram.android UnderlyingNetworks: Null] ]] callback flags: 0 order: 2147483647 isUidTracked: false declaredMethods: AVAIL
08-28 18:48:04.015 13654 13849 W IgMetaConfig: Could not obtain MC: not_user_session session=X.0xh@dac217f
08-28 18:48:04.015 13654 13849 W IgMetaConfig: java.lang.RuntimeException: Could not obtain MC, call-site will receive default values
08-28 18:48:04.015 13654 13849 W IgMetaConfig: 	at X.5ab.A06(:4)
08-28 18:48:04.015 13654 13849 W IgMetaConfig: 	at X.5ab.A05(:8)
