08-28 18:21:14.817  3291  3291 D WindowRootViewBlurInteractor: requestingBlurForShade for 3 false
08-28 18:21:14.818  3291  3291 D WindowRootViewBlurInteractor: requestingBlurForShade for 4 false
08-28 18:21:14.824   695   706 E DrmLibFs: file_unlink is done and returns 0
08-28 18:21:14.827  3291  3291 D WindowRootViewBlurInteractor: requestingBlurForShade for 4 false
08-28 18:21:14.830  2117 14751 W ServiceManagerCppClient: Waited one second for stats (is service started? Number of threads started in the threadpool: 17. Are binder threads started and available?)
08-28 18:21:14.835   682 31724 W libc    : Unable to set property "ctl.interface_start" to "aidl/stats": PROP_ERROR_HANDLE_CONTROL_MESSAGE (0x20)
08-28 18:21:14.836  2387  2963 I DisplayBrightnessStrategySelector: Changing the DisplayBrightnessStrategy from FallbackBrightnessStrategy to AutomaticBrightnessStrategy for display 0
08-28 18:21:14.837  2387  2963 V DisplayPowerController[0]: Brightness [0.027856966] reason changing to: 'automatic', previous reason: 'manual'.
08-28 18:21:14.837  2387  2963 I DisplayPowerController[0]: BrightnessEvent: brt=0.027856966 (29.0%), nits= 29.801254, lux=8.0, reason=automatic, strat=AutomaticBrightnessStrategy, state=ON, stateReason=DEFAULT_POLICY, policy=BRIGHT, flags=, initBrt=0.027856966, rcmdBrt=0.027856966, preBrt=NaN, preLux=NaN, wasShortTermModelActive=false, autoBrightness=true (default), unclampedBrt=0.027856966, hbmMax=1.0, hbmMode=off, thrmMax=1.0, rbcStrength=81, powerFactor=1.0, physDisp=Built-in Screen(local:4630946736638489730), logicalId=0, slowChange=false, rampSpeed=0.5
08-28 18:21:14.837  2205  3277 D libsensor-B2SNotifier: Backlight2SlpiNotifier brightness = 51
08-28 18:21:14.844  3291  3291 D WindowRootViewBlurInteractor: requestingBlurForShade for 4 false
08-28 18:21:14.845  3291  3291 D WindowRootViewBlurInteractor: requestingBlurForShade for 6 false
08-28 18:21:14.852  2205  3277 D libsensor-B2SNotifier: Backlight2SlpiNotifier brightness = 55
08-28 18:21:14.853  3291  3291 D WindowRootViewBlurInteractor: requestingBlurForShade for 6 false
08-28 18:21:14.862  3291  3291 D WindowRootViewBlurInteractor: requestingBlurForShade for 7 false
08-28 18:21:14.864  2205  3277 D libsensor-B2SNotifier: Backlight2SlpiNotifier brightness = 57
08-28 18:21:14.870  3291  3291 D WindowRootViewBlurInteractor: requestingBlurForShade for 8 false
08-28 18:21:14.875  3291  3291 D WindowRootViewBlurInteractor: requestingBlurForShade for 8 false
08-28 18:21:14.876  3291  3291 D WindowRootViewBlurInteractor: requestingBlurForShade for 8 false
08-28 18:21:14.884  3291  3291 D WindowRootViewBlurInteractor: requestingBlurForShade for 9 false
08-28 18:21:14.894  3291  3291 D WindowRootViewBlurInteractor: requestingBlurForShade for 9 false
08-28 18:21:14.903  3291  3291 D WindowRootViewBlurInteractor: requestingBlurForShade for 10 false
08-28 18:21:14.903  2387  2934 I UsbPortManager: USB HAL AIDL version: USB_HAL_V2_0
08-28 18:21:14.912  3291  3291 D WindowRootViewBlurInteractor: requestingBlurForShade for 10 false
08-28 18:21:14.918  2228  2792 D [GF_HAL][HalContext]: [invokeCommand] err = 0, errno = GF_SUCCESS
08-28 18:21:14.918  2228  2792 D [GF_HAL][CaEntry]: [sendCommand] request token: 187, target: 1000, cmd id: 12
08-28 18:21:14.918  2228  2792 D [GF_HAL][CaEntry]: [sendCommand] carveout_ion_handle_fd = 0,carveout_ion_handle_len = 0 
08-28 18:21:14.929  3291  3291 D WindowRootViewBlurInteractor: requestingBlurForShade for 11 false
08-28 18:21:14.937  3291  3291 D WindowRootViewBlurInteractor: requestingBlurForShade for 11 false
08-28 18:21:14.942  3291  3291 D WindowRootViewBlurInteractor: requestingBlurForShade for 11 false
08-28 18:21:14.959  3291  3291 D WindowRootViewBlurInteractor: requestingBlurForShade for 12 false
08-28 18:21:14.976  3291  3291 D WindowRootViewBlurInteractor: requestingBlurForShade for 13 false
08-28 18:21:14.993  3291  3291 D WindowRootViewBlurInteractor: requestingBlurForShade for 13 false
08-28 18:21:15.009  3291  3291 D WindowRootViewBlurInteractor: requestingBlurForShade for 13 false
08-28 18:21:15.018  2228  2792 D [GF_HAL][HalContext]: [invokeCommand] err = 0, errno = GF_SUCCESS
08-28 18:21:15.018  2228  2792 D [GF_HAL][CaEntry]: [sendCommand] request token: 188, target: 1000, cmd id: 12
08-28 18:21:15.018  2228  2792 D [GF_HAL][CaEntry]: [sendCommand] carveout_ion_handle_fd = 0,carveout_ion_handle_len = 0 
08-28 18:21:15.019  3291  3291 D WindowRootViewBlurInteractor: requestingBlurForShade for 14 false
08-28 18:21:15.021  2228  2792 D [GF_HAL][HalContext]: [invokeCommand] err = 0, errno = GF_SUCCESS
08-28 18:21:15.021  2228  2792 D [GF_HAL][CustomizedFingerprintCore]: [onAuthStop] finger down stop processing.
08-28 18:21:15.021  2228  2792 D [GF_HAL][CaEntry]: [sendCommand] request token: 189, target: 1002, cmd id: 8
08-28 18:21:15.021  2228  2792 D [GF_HAL][CaEntry]: [sendCommand] carveout_ion_handle_fd = 0,carveout_ion_handle_len = 0 
08-28 18:21:15.025  3291  3291 D WindowRootViewBlurInteractor: requestingBlurForShade for 14 false
08-28 18:21:15.025  3291  3291 D WindowRootViewBlurInteractor: requestingBlurForShade for 14 false
08-28 18:21:15.029  2228  2792 D [GF_HAL][HalContext]: [invokeCommand] err = 0, errno = GF_SUCCESS
08-28 18:21:15.029  2228  2792 D [GF_HAL][Sensor]: [doSleep] ### sleep ###
08-28 18:21:15.029  2228  2792 D [GF_HAL][CaEntry]: [sendCommand] request token: 190, target: 1001, cmd id: 23
08-28 18:21:15.029  2228  2792 D [GF_HAL][CaEntry]: [sendCommand] carveout_ion_handle_fd = 0,carveout_ion_handle_len = 0 
08-28 18:21:15.032  2228  2792 D [GF_HAL][HalContext]: [invokeCommand] err = 0, errno = GF_SUCCESS
08-28 18:21:15.032  2228  2792 D [GF_HAL][CustomizedSensor]: msg : 14
08-28 18:21:15.032  2228  2792 D [GF_HAL][DelmarHeartbeatRate]: [onMessage] onMessage msg:14
08-28 18:21:15.032  2228  2792 D [GF_HAL][CaEntry]: [sendCommand] request token: 191, target: 1001, cmd id: 26
08-28 18:21:15.032  2228  2792 D [GF_HAL][CaEntry]: [sendCommand] carveout_ion_handle_fd = 0,carveout_ion_handle_len = 0 
08-28 18:21:15.033  3291  3291 D WindowRootViewBlurInteractor: requestingBlurForShade for 14 false
08-28 18:21:15.034  2228  2792 D [GF_HAL][HalContext]: [invokeCommand] err = 0, errno = GF_SUCCESS
08-28 18:21:15.034  2228  2792 D [GF_HAL][EventCenter]: [threadLoop] Wait get event
08-28 18:21:15.034  2228  2792 D [GF_HAL][EventCenter]: [threadLoop] Get event 4 end
08-28 18:21:15.034  2228  2792 D [GF_HAL][EventCenter]: [threadLoop] Wait get event
08-28 18:21:15.041  3291  3291 D WindowRootViewBlurInteractor: requestingBlurForShade for 14 false
08-28 18:21:15.042  3291  3291 D WindowRootViewBlurInteractor: requestingBlurForShade for 14 false
08-28 18:21:15.050  3291  3291 D WindowRootViewBlurInteractor: requestingBlurForShade for 14 false
08-28 18:21:15.058  3291  3291 D WindowRootViewBlurInteractor: requestingBlurForShade for 14 false
08-28 18:21:15.066  3291  3291 D WindowRootViewBlurInteractor: requestingBlurForShade for 14 false
08-28 18:21:15.067  3291  3291 D WindowRootViewBlurInteractor: requestingBlurForShade for 14 false
08-28 18:21:15.074  3291  3291 D WindowRootViewBlurInteractor: requestingBlurForShade for 14 false
08-28 18:21:15.083  3291  3291 D WindowRootViewBlurInteractor: requestingBlurForShade for 14 false
08-28 18:21:15.091  3291  3291 D WindowRootViewBlurInteractor: requestingBlurForShade for 14 false
08-28 18:21:15.099  3291  3291 D WindowRootViewBlurInteractor: requestingBlurForShade for 14 false
08-28 18:21:15.107  3291  3291 D WindowRootViewBlurInteractor: requestingBlurForShade for 14 false
08-28 18:21:15.108  3291  3291 D WindowRootViewBlurInteractor: requestingBlurForShade for 14 false
08-28 18:21:15.109  3291  3291 D WindowRootViewBlurInteractor: requestingBlurForShade for 15 false
08-28 18:21:15.116  3291  3291 I KeyguardTransitionRepository: FINISHED transition: TransitionStep(from=DOZING, to=GONE, value=1.0, transitionState=FINISHED, ownerName=FromDozingTransitionInteractor(biometric wake and unlock))
08-28 18:21:15.117  3291  3429 D StatusBar##isHomeStatusBarAllowed: newValue: true
08-28 18:21:15.117  3291  3429 D ResourceTrimmer: Sending TRIM_MEMORY_UI_HIDDEN.
08-28 18:21:15.118  3291  3291 D WindowRootViewBlurInteractor: requestingBlurForShade for 15 false
08-28 18:21:15.118  3291  3291 D WindowRootViewBlurInteractor: requestingBlurForShade for 14 false
08-28 18:21:15.124  3291  3291 D WindowRootViewBlurInteractor: requestingBlurForShade for 14 false
08-28 18:21:15.124  3291  3291 D WindowRootViewBlurInteractor: requestingBlurForShade for 14 false
08-28 18:21:15.132  3291  3291 D WindowRootViewBlurInteractor: requestingBlurForShade for 14 false
08-28 18:21:15.132  3291  3291 D WindowRootViewBlurInteractor: requestingBlurForShade for 14 false
08-28 18:21:15.141  3291  3291 D WindowRootViewBlurInteractor: requestingBlurForShade for 14 false
08-28 18:21:15.141  3291  3291 D WindowRootViewBlurInteractor: requestingBlurForShade for 14 false
08-28 18:21:15.150  3291  3291 W BlurUtils: resetEarlyWakeup invoked when lastAppliedBlur 14 is non-zero, this means that the early wakeup signal was reset while blur was still active
08-28 18:21:15.150  3291  3291 D WindowRootViewBlurInteractor: requestingBlurForShade for 0 false
08-28 18:21:15.154  3291  3291 D WindowRootViewBlurInteractor: requestingBlurForShade for 0 false
08-28 18:21:15.163  3291  3291 D WindowRootViewBlurInteractor: requestingBlurForShade for 0 false
08-28 18:21:15.165  3291  3291 W WindowOnBackDispatcher: sendCancelIfRunning: isInProgress=false callback=com.android.systemui.back.domain.interactor.BackActionInteractor$callback$2@7cc0da3
08-28 18:21:15.165  3998  9540 I NearbyDiscovery: (REDACTED) FastPairHandler: Received action %s
08-28 18:21:15.165  3998  9540 I NearbyDiscovery: FastPairController: onSystemStateChanged: skip due to flag disabled [CONTEXT service_id=265 ]
08-28 18:21:15.172  3291  3291 D WindowRootViewBlurInteractor: requestingBlurForShade for 0 false
08-28 18:21:15.173  3998 29799 I NearbySharing: Screen is unlocked
08-28 18:21:15.174  3998 29799 I NearbySharing: Uwb feature is off.
08-28 18:21:15.174  3998 29799 I NearbySharing: Uwb feature is off.
08-28 18:21:15.174  3998 29799 I NearbySharing: Stopping scanning because Nearby Sharing is disabled.
08-28 18:21:15.175  3998 29799 I NearbySharing: Stopping Fast Init advertisement because we're not scanning in the foreground.
08-28 18:21:15.175  3998 29799 I NearbySharing: Stopping advertising because Nearby Sharing is disabled.
08-28 18:21:15.175  3998 29799 I NearbySharing: Stopping FastInitiation scanning because visibility is hidden.
08-28 18:21:15.176  3998 29799 I NearbySharing: Fast Initiation Scanning has stopped
08-28 18:21:15.176  3998 29799 I NearbySharing: Dismissing HUN as there's no device nearby.
08-28 18:21:15.177  3291  3291 D WindowRootViewBlurInteractor: requestingBlurForShade for 0 false
08-28 18:21:15.185  3291  3291 D WindowRootViewBlurInteractor: requestingBlurForShade for 0 false
08-28 18:21:15.185  2387  3162 I ImeTracker: ru.andr7e.deviceinfohw:f28f042b: onRequestHide at ORIGIN_SERVER reason HIDE_SAME_WINDOW_FOCUSED_WITHOUT_EDITOR fromUser false
08-28 18:21:15.186 29820 29820 D InsetsController: hide(ime(), fromIme=false)
08-28 18:21:15.186 29820 29820 I ImeTracker: ru.andr7e.deviceinfohw:f28f042b: onCancelled at PHASE_CLIENT_ALREADY_HIDDEN
08-28 18:21:15.187  5563  5563 I GoogleInputMethodService: GoogleInputMethodService.onFinishInput():2054 
08-28 18:21:15.189  5563  5563 I Module  : DeviceLockedStatusModuleProvider$Module.updateDeviceLockedStatus():100 repeatCheckTimes = 0, locked = false
08-28 18:21:15.189  5563  5563 I GoogleInputMethodService: GoogleInputMethodService.onStartInput():1315 onStartInput(EditorInfo{EditorInfo{packageName=ru.andr7e.deviceinfohw, inputType=0, inputTypeString=NULL, enableLearning=false, autoCorrection=false, autoComplete=false, imeOptions=0, privateImeOptions=null, actionName=UNSPECIFIED, actionLabel=null, initialSelStart=-1, initialSelEnd=-1, initialCapsMode=0, label=null, fieldId=0, fieldName=null, extras=null, hintText=null, hintLocales=[]}}, false)
08-28 18:21:15.189  3998 31734 I NearbyMediums: ModuleInitializer handles incoming intent android.intent.action.USER_PRESENT
08-28 18:21:15.190  3998 29799 I Nearby  : (REDACTED) Beginning attempt #%d out of %d for %s...
08-28 18:21:15.190  3291  3291 D WindowRootViewBlurInteractor: requestingBlurForShade for 0 false
08-28 18:21:15.192  3998 30953 I PersonalSafety: ConnectivityProtectionLockingIntentOperation: cancelled task [CONTEXT service_id=310 ]
08-28 18:21:15.193  5563  5563 I Module  : DeviceLockedStatusModuleProvider$Module.updateDeviceLockedStatus():100 repeatCheckTimes = 1, locked = false
08-28 18:21:15.187  2387  2387 W binder:2387_10: type=1400 audit(0.0:25015): avc:  denied  { read } for  name="661f16" dev="dm-41" ino=146483 scontext=u:r:system_server:s0 tcontext=u:object_r:system_data_root_file:s0 tclass=file permissive=0
08-28 18:21:15.194  3998 29799 I NearbyMediums: BluetoothAdapter's name was not set by Nearby Connections, ignoring call to restore default scan mode.
08-28 18:21:15.196  3998 29799 I NearbyMediums: BluetoothAdapter's name was not set by Nearby Connections, ignoring call to restore device name
08-28 18:21:15.198  3291  3291 D WindowRootViewBlurInteractor: requestingBlurForShade for 0 false
08-28 18:21:15.200  2387  4189 D BiometricService: canAuthenticate: User=0, Caller=0, Authenticators=255
08-28 18:21:15.201  2387  4189 D BiometricService/PreAuthInfo: Package: com.google.android.gms Sensor ID: 1008 Modality: 8 User id: 0 Status: 7
08-28 18:21:15.201  2387  4189 D BiometricService/PreAuthInfo: Package: com.google.android.gms Sensor ID: 0 Modality: 2 User id: 0 Status: 1
08-28 18:21:15.201  2387  4189 D BiometricService/PreAuthInfo: getCanAuthenticateInternal Modality: 2 AuthenticatorStatus: 1
08-28 18:21:15.201  2387  4189 D AuthService: canAuthenticate, userId: 0, callingUserId: 0, authenticators: 255, result: 0
08-28 18:21:15.201  3998  3998 I RCNIntentOperation: RCN is disabled on this network.
08-28 18:21:15.202  3998 31728 I Fido    : [FidoV2EnrollmentController] Execute registerFor API [CONTEXT service_id=287 ]
08-28 18:21:15.204  3998  3998 D BoundBrokerSvc: onRebind: Intent { act=com.google.android.gms.auth.aang.events.services.START dat=chimera-action:/... xflg=0x4 cmp=com.google.android.gms/.chimera.PersistentApiService }
08-28 18:21:15.204  3998 29397 I CryptauthV2: [HaveKeyWithKeyNameOperation] Have key with key name operation is called.
08-28 18:21:15.206  3998 31728 I Fido    : [FidoV2EnrollmentController] Execute registerFor API [CONTEXT service_id=287 ]
08-28 18:21:15.206  3291  3291 D WindowRootViewBlurInteractor: requestingBlurForShade for 0 false
08-28 18:21:15.207  3998 29397 I CryptauthV2: [HaveKeyWithKeyNameOperation] Have key with key name operation is called.
08-28 18:21:15.210  3291  3291 W FrameTracker: Missed App frame:JANK_APPLICATION, 1028959, 20741651, CUJ=J<NOTIFICATION_SHADE_EXPAND_COLLAPSE::Expand>
08-28 18:21:15.210  3291  3291 W FrameTracker: Missed App frame:JANK_APPLICATION, 1029309, 13184356, CUJ=J<NOTIFICATION_SHADE_EXPAND_COLLAPSE::Expand>
08-28 18:21:15.210  3291  3291 W FrameTracker: Missed App frame:JANK_APPLICATION, 1029366, 14886189, CUJ=J<NOTIFICATION_SHADE_EXPAND_COLLAPSE::Expand>
08-28 18:21:15.210  3291  3291 W FrameTracker: Missed App frame:JANK_APPLICATION, 1029416, 17481929, CUJ=J<NOTIFICATION_SHADE_EXPAND_COLLAPSE::Expand>
08-28 18:21:15.210  3291  3291 W FrameTracker: Missed App frame:JANK_APPLICATION, 1029466, 17890946, CUJ=J<NOTIFICATION_SHADE_EXPAND_COLLAPSE::Expand>
08-28 18:21:15.210  3291  3291 W FrameTracker: Missed App frame:JANK_APPLICATION, 1029809, 18365954, CUJ=J<NOTIFICATION_SHADE_EXPAND_COLLAPSE::Expand>
08-28 18:21:15.210  3291  3291 W FrameTracker: Missed App frame:JANK_APPLICATION, 1030146, 20107485, CUJ=J<NOTIFICATION_SHADE_EXPAND_COLLAPSE::Expand>
08-28 18:21:15.210  3291  3291 W FrameTracker: Missed App frame:JANK_APPLICATION, 1030182, 27428107, CUJ=J<NOTIFICATION_SHADE_EXPAND_COLLAPSE::Expand>
08-28 18:21:15.210  3291  3291 W FrameTracker: Missed App frame:JANK_APPLICATION, 1030233, 28178941, CUJ=J<NOTIFICATION_SHADE_EXPAND_COLLAPSE::Expand>
08-28 18:21:15.210  3291  3291 W FrameTracker: Missed App frame:JANK_APPLICATION, 1030291, 28179442, CUJ=J<NOTIFICATION_SHADE_EXPAND_COLLAPSE::Expand>
08-28 18:21:15.210  3291  3291 W FrameTracker: Missed App frame:JANK_APPLICATION, 1030349, 30292323, CUJ=J<NOTIFICATION_SHADE_EXPAND_COLLAPSE::Expand>
08-28 18:21:15.210  3291  3291 W FrameTracker: Missed App frame:JANK_APPLICATION, 1030450, 12989419, CUJ=J<NOTIFICATION_SHADE_EXPAND_COLLAPSE::Expand>
08-28 18:21:15.210  3291  3291 W FrameTracker: Missed App frame:JANK_APPLICATION, 1030486, 12187754, CUJ=J<NOTIFICATION_SHADE_EXPAND_COLLAPSE::Expand>
08-28 18:21:15.215  3291  3291 D WindowRootViewBlurInteractor: requestingBlurForShade for 0 false
08-28 18:21:15.223  3291  3291 D WindowRootViewBlurInteractor: requestingBlurForShade for 0 false
08-28 18:21:15.231  3291  3291 D WindowRootViewBlurInteractor: requestingBlurForShade for 0 false
08-28 18:21:15.240  3291  3291 D WindowRootViewBlurInteractor: requestingBlurForShade for 0 false
08-28 18:21:15.248  3291  3291 D WindowRootViewBlurInteractor: requestingBlurForShade for 0 false
08-28 18:21:15.262  3291  3291 D WindowRootViewBlurInteractor: requestingBlurForShade for 0 false
08-28 18:21:15.269  3291  3291 D WindowRootViewBlurInteractor: requestingBlurForShade for 0 false
08-28 18:21:15.273  3291  3291 D WindowRootViewBlurInteractor: requestingBlurForShade for 0 false
08-28 18:21:15.282  3291  3291 D WindowRootViewBlurInteractor: requestingBlurForShade for 0 false
08-28 18:21:15.290  3291  3291 D WindowRootViewBlurInteractor: requestingBlurForShade for 0 false
08-28 18:21:15.298  3291  3291 D WindowRootViewBlurInteractor: requestingBlurForShade for 0 false
08-28 18:21:15.307  3291  3291 D WindowRootViewBlurInteractor: requestingBlurForShade for 0 false
08-28 18:21:15.316  3291  3291 D WindowRootViewBlurInteractor: requestingBlurForShade for 0 false
08-28 18:21:15.322  3291  3327 W System  : A resource failed to call release. 
08-28 18:21:15.324  3291  3291 D WindowRootViewBlurInteractor: requestingBlurForShade for 0 false
08-28 18:21:15.328  3291  3327 W System  : A resource failed to call release. 
08-28 18:21:15.328  3291  3327 W System  : A resource failed to call release. 
08-28 18:21:15.328  3291  3327 W System  : A resource failed to call release. 
08-28 18:21:15.328  3291  3327 W System  : A resource failed to call release. 
08-28 18:21:15.328  3291  3327 W System  : A resource failed to call release. 
08-28 18:21:15.328  3291  3327 W System  : A resource failed to call release. 
08-28 18:21:15.329  3291  3327 W System  : A resource failed to call release. 
08-28 18:21:15.329  3291  3327 W System  : A resource failed to call release. 
08-28 18:21:15.329  3291  3327 W System  : A resource failed to call release. 
08-28 18:21:15.329  3291  3327 W System  : A resource failed to call release. 
08-28 18:21:15.329  3291  3327 W System  : A resource failed to call release. 
08-28 18:21:15.329  3291  3327 W System  : A resource failed to call release. 
08-28 18:21:15.329  3291  3327 W System  : A resource failed to call release. 
08-28 18:21:15.333  3291  3291 D WindowRootViewBlurInteractor: requestingBlurForShade for 0 false
08-28 18:21:15.338  3291  3327 W System  : A resource failed to call release. 
08-28 18:21:15.338  3291  3327 W System  : A resource failed to call release. 
08-28 18:21:15.338  3291  3327 W System  : A resource failed to call release. 
08-28 18:21:15.340  3291  3291 D WindowRootViewBlurInteractor: requestingBlurForShade for 0 false
08-28 18:21:15.348  3291  3291 D WindowRootViewBlurInteractor: requestingBlurForShade for 0 false
08-28 18:21:15.356  3291  3291 D WindowRootViewBlurInteractor: requestingBlurForShade for 0 false
08-28 18:21:15.365  3291  3291 D WindowRootViewBlurInteractor: requestingBlurForShade for 0 false
08-28 18:21:15.373  3291  3291 D WindowRootViewBlurInteractor: requestingBlurForShade for 0 false
08-28 18:21:15.381  3291  3291 D WindowRootViewBlurInteractor: requestingBlurForShade for 0 false
08-28 18:21:15.389  3291  3291 D WindowRootViewBlurInteractor: requestingBlurForShade for 0 false
08-28 18:21:15.398  3291  3291 D WindowRootViewBlurInteractor: requestingBlurForShade for 0 false
08-28 18:21:15.406  3291  3291 D WindowRootViewBlurInteractor: requestingBlurForShade for 0 false
08-28 18:21:15.416  3291  3291 D WindowRootViewBlurInteractor: requestingBlurForShade for 0 false
08-28 18:21:15.449  3291  3291 D WindowRootViewBlurInteractor: requestingBlurForShade for 0 false
08-28 18:21:15.456  3291  3291 D WindowRootViewBlurInteractor: requestingBlurForShade for 0 false
08-28 18:21:15.464  3291  3291 D WindowRootViewBlurInteractor: requestingBlurForShade for 0 false
08-28 18:21:15.465  2387  3412 W ServiceManagerCppClient: Waited one second for stats (is service started? Number of threads started in the threadpool: 32. Are binder threads started and available?)
08-28 18:21:15.466  1599  1692 W ServiceManagerCppClient: Waited one second for stats (is service started? Number of threads started in the threadpool: 6. Are binder threads started and available?)
08-28 18:21:15.466   682 31735 W libc    : Unable to set property "ctl.interface_start" to "aidl/stats": PROP_ERROR_HANDLE_CONTROL_MESSAGE (0x20)
08-28 18:21:15.467   682 31736 W libc    : Unable to set property "ctl.interface_start" to "aidl/stats": PROP_ERROR_HANDLE_CONTROL_MESSAGE (0x20)
08-28 18:21:15.472  3291  3291 D WindowRootViewBlurInteractor: requestingBlurForShade for 0 false
08-28 18:21:15.481  3291  3291 D WindowRootViewBlurInteractor: requestingBlurForShade for 0 false
08-28 18:21:15.489  3291  3291 D WindowRootViewBlurInteractor: requestingBlurForShade for 0 false
08-28 18:21:15.497  3291  3291 D WindowRootViewBlurInteractor: requestingBlurForShade for 0 false
08-28 18:21:15.505  3291  3291 D WindowRootViewBlurInteractor: requestingBlurForShade for 0 false
08-28 18:21:15.514  3291  3291 D WindowRootViewBlurInteractor: requestingBlurForShade for 0 false
08-28 18:21:15.522  3291  3291 D WindowRootViewBlurInteractor: requestingBlurForShade for 0 false
08-28 18:21:15.531  3291  3291 D WindowRootViewBlurInteractor: requestingBlurForShade for 0 false
08-28 18:21:15.539  3291  3291 D WindowRootViewBlurInteractor: requestingBlurForShade for 0 false
08-28 18:21:15.547  3291  3291 D WindowRootViewBlurInteractor: requestingBlurForShade for 0 false
08-28 18:21:15.555  3291  3291 D WindowRootViewBlurInteractor: requestingBlurForShade for 0 false
08-28 18:21:15.563  3291  3291 D WindowRootViewBlurInteractor: requestingBlurForShade for 0 false
08-28 18:21:15.572  3291  3291 D WindowRootViewBlurInteractor: requestingBlurForShade for 0 false
08-28 18:21:15.580  3291  3291 D WindowRootViewBlurInteractor: requestingBlurForShade for 0 false
08-28 18:21:15.589  3291  3291 D WindowRootViewBlurInteractor: requestingBlurForShade for 0 false
08-28 18:21:15.590  5606 11252 I ecqc    : (REDACTED) appOpsListener %s %s
08-28 18:21:15.591  5606 11252 I ecqc    : (REDACTED) Ignoring irrelevant audio permission changes for package %s
08-28 18:21:15.609  5606 11252 I ecqc    : (REDACTED) appOpsListener %s %s
08-28 18:21:15.609  5606 11252 I ecqc    : (REDACTED) Ignoring irrelevant audio permission changes for package %s
08-28 18:21:15.612  5606 11252 I ecqc    : (REDACTED) appOpsListener %s %s
08-28 18:21:15.612  5606 11252 I ecqc    : (REDACTED) Ignoring irrelevant audio permission changes for package %s
08-28 18:21:15.701  5606 11252 I ecqc    : (REDACTED) appOpsListener %s %s
08-28 18:21:15.701  5606 11252 I ecqc    : (REDACTED) Ignoring irrelevant audio permission changes for package %s
08-28 18:21:15.707  1493  4140 I vendor.qti.bluetooth@1.0-ibs_handler: DeviceSleep: TX Awake, Sending SLEEP_IND
08-28 18:21:15.707  1493  4140 D vendor.qti.bluetooth@1.0-ibs_handler: SerialClockVote: vote for UART CLK OFF
08-28 18:21:15.834  2117 14751 W ServiceManagerCppClient: Waited one second for stats (is service started? Number of threads started in the threadpool: 17. Are binder threads started and available?)
08-28 18:21:15.836   682 31737 W libc    : Unable to set property "ctl.interface_start" to "aidl/stats": PROP_ERROR_HANDLE_CONTROL_MESSAGE (0x20)
08-28 18:21:15.857  1493  3833 D vendor.qti.bluetooth@1.0-wake_lock: Release wakelock is released 
08-28 18:21:16.120  3583  4344 D SatelliteController: iisInCarrierRoamingNbIotNtn: satellite is disabled
08-28 18:21:16.466  2387  3412 W ServiceManagerCppClient: Waited one second for stats (is service started? Number of threads started in the threadpool: 32. Are binder threads started and available?)
08-28 18:21:16.466  1599  1692 W ServiceManagerCppClient: Waited one second for stats (is service started? Number of threads started in the threadpool: 6. Are binder threads started and available?)
08-28 18:21:16.468   682 31738 W libc    : Unable to set property "ctl.interface_start" to "aidl/stats": PROP_ERROR_HANDLE_CONTROL_MESSAGE (0x20)
08-28 18:21:16.468   682 31739 W libc    : Unable to set property "ctl.interface_start" to "aidl/stats": PROP_ERROR_HANDLE_CONTROL_MESSAGE (0x20)
08-28 18:21:16.835  2117 14751 W ServiceManagerCppClient: Waited one second for stats (is service started? Number of threads started in the threadpool: 17. Are binder threads started and available?)
08-28 18:21:16.837   682 31740 W libc    : Unable to set property "ctl.interface_start" to "aidl/stats": PROP_ERROR_HANDLE_CONTROL_MESSAGE (0x20)
08-28 18:21:17.333 22329 22329 D BatteryUsageBroadcastReceiver: onReceive:android.intent.action.BATTERY_LEVEL_CHANGED
08-28 18:21:17.334 22329 22329 D BatteryUsageBroadcastReceiver: fetch data because of event: ACTION_BATTERY_LEVEL_CHANGED
08-28 18:21:17.344  2387  3238 D BackgroundInstallControlService: Package event received: 0
08-28 18:21:17.344  2387  2387 D LoadedApk: Receiver not registered: com.android.server.UiModeManagerService$8@484eb0b
08-28 18:21:17.344  2387  2387 D Smart5gService: received intent: android.intent.action.BATTERY_CHANGED
08-28 18:21:17.344  2387  2387 D Smart5gService: subId 1 supports 5g EnhancedRadioCapability
08-28 18:21:17.345  2387  2387 D Smart5gService: shouldDisable5g: smart 5g is disabled for subId 1
08-28 18:21:17.345  2387  2387 D Smart5gService: update: subId=1 is5gAllowed=true shouldDisable=false
08-28 18:21:17.350 18850 18850 W JobInfo : Job 'com.google.android.apps.turbo/.deadline.library.BatteryFlagService#201' has a deadline with no functional constraints. The deadline won't improve job execution latency. Consider removing the deadline.
08-28 18:21:17.347  2387  2387 W binder:2387_11: type=1400 audit(0.0:25016): avc:  denied  { read } for  name="661f16" dev="dm-41" ino=146483 scontext=u:r:system_server:s0 tcontext=u:object_r:system_data_root_file:s0 tclass=file permissive=0
08-28 18:21:17.352  2387  4189 W JobInfo : Job 'com.google.android.apps.turbo/.deadline.library.BatteryFlagService#201' has a deadline with no functional constraints. The deadline won't improve job execution latency. Consider removing the deadline.
08-28 18:21:17.355 18850 18868 W Turbo.OnDeviceBatteryHistory: addEvents: loaded 1 battery events.
08-28 18:21:17.355 18850 18868 W Turbo.OnDeviceBatteryHistory: addEvents: loaded battery events completed.
08-28 18:21:17.359  2387  2387 W binder:2387_6: type=1400 audit(0.0:25017): avc:  denied  { read } for  name="661f16" dev="dm-41" ino=146483 scontext=u:r:system_server:s0 tcontext=u:object_r:system_data_root_file:s0 tclass=file permissive=0
08-28 18:21:17.365  2387  3361 W JobInfo : Job 'com.google.android.apps.turbo/.deadline.library.DeadlineUpdateJobService#200' has a deadline with no functional constraints. The deadline won't improve job execution latency. Consider removing the deadline.
08-28 18:21:17.367  2387  2387 W binder:2387_6: type=1400 audit(0.0:25018): avc:  denied  { read } for  name="661f16" dev="dm-41" ino=146483 scontext=u:r:system_server:s0 tcontext=u:object_r:system_data_root_file:s0 tclass=file permissive=0
08-28 18:21:17.383 18850 18850 W JobInfo : Job 'com.google.android.apps.turbo/.nudges.broadcasts.BatteryHistoryLoggerJobService#2' has a deadline with no functional constraints. The deadline won't improve job execution latency. Consider removing the deadline.
08-28 18:21:17.379  2387  2387 W binder:2387_6: type=1400 audit(0.0:25019): avc:  denied  { read } for  name="661f16" dev="dm-41" ino=146483 scontext=u:r:system_server:s0 tcontext=u:object_r:system_data_root_file:s0 tclass=file permissive=0
08-28 18:21:17.384  2387  3361 W JobInfo : Job 'com.google.android.apps.turbo/.nudges.broadcasts.BatteryHistoryLoggerJobService#2' has a deadline with no functional constraints. The deadline won't improve job execution latency. Consider removing the deadline.
08-28 18:21:17.386  2387  4189 W ActivityManager: Unable to start service Intent { xflg=0x4 cmp=com.google.android.turboadapter/.GoogleBatteryService } U=0: not found
08-28 18:21:17.391 18850 18868 W Turbo.EstimatedTimeRemainingProvider: queryTimeToDischarge: 5219758
08-28 18:21:17.400 18850 18850 E ActivityThread: Service com.google.android.apps.turbo.deadline.library.BatteryFlagService has leaked ServiceConnection ayw@6d55369 that was originally bound here
08-28 18:21:17.400 18850 18850 E ActivityThread: android.app.ServiceConnectionLeaked: Service com.google.android.apps.turbo.deadline.library.BatteryFlagService has leaked ServiceConnection ayw@6d55369 that was originally bound here
08-28 18:21:17.400 18850 18850 E ActivityThread: 	at android.app.LoadedApk$ServiceDispatcher.<init>(LoadedApk.java:2093)
08-28 18:21:17.400 18850 18850 E ActivityThread: 	at android.app.LoadedApk.getServiceDispatcherCommon(LoadedApk.java:1967)
08-28 18:21:17.400 18850 18850 E ActivityThread: 	at android.app.LoadedApk.getServiceDispatcher(LoadedApk.java:1946)
08-28 18:21:17.400 18850 18850 E ActivityThread: 	at android.app.ContextImpl.bindServiceCommon(ContextImpl.java:2217)
08-28 18:21:17.400 18850 18850 E ActivityThread: 	at android.app.ContextImpl.bindService(ContextImpl.java:2093)
08-28 18:21:17.400 18850 18850 E ActivityThread: 	at android.content.ContextWrapper.bindService(ContextWrapper.java:891)
08-28 18:21:17.400 18850 18850 E ActivityThread: 	at ayr.a(PG:199)
08-28 18:21:17.400 18850 18850 E ActivityThread: 	at ng.c(PG:19)
08-28 18:21:17.400 18850 18850 E ActivityThread: 	at com.google.android.apps.turbo.deadline.library.BatteryFlagService.c(PG:15)
08-28 18:21:17.400 18850 18850 E ActivityThread: 	at gn.run(PG:274)
08-28 18:21:17.400 18850 18850 E ActivityThread: 	at java.util.concurrent.Executors$RunnableAdapter.call(Executors.java:524)
08-28 18:21:17.400 18850 18850 E ActivityThread: 	at dzn.a(PG:3)
08-28 18:21:17.400 18850 18850 E ActivityThread: 	at dyu.run(PG:19)
08-28 18:21:17.400 18850 18850 E ActivityThread: 	at dzo.run(PG:5)
08-28 18:21:17.400 18850 18850 E ActivityThread: 	at java.util.concurrent.ThreadPoolExecutor.runWorker(ThreadPoolExecutor.java:1156)
08-28 18:21:17.400 18850 18850 E ActivityThread: 	at java.util.concurrent.ThreadPoolExecutor$Worker.run(ThreadPoolExecutor.java:651)
08-28 18:21:17.400 18850 18850 E ActivityThread: 	at java.lang.Thread.run(Thread.java:1119)
08-28 18:21:17.400  2387  6526 W ActivityManager: Unbind failed: could not find connection for android.os.BinderProxy@e5e741e
08-28 18:21:17.401  2387  6526 W ActivityManager: Unable to start service Intent { xflg=0x4 cmp=com.google.android.turboadapter/.GoogleBatteryService } U=0: not found
08-28 18:21:17.403 18850 18850 E ActivityThread: Service com.google.android.apps.turbo.deadline.library.DeadlineUpdateJobService has leaked ServiceConnection ayw@31ecab that was originally bound here
08-28 18:21:17.403 18850 18850 E ActivityThread: android.app.ServiceConnectionLeaked: Service com.google.android.apps.turbo.deadline.library.DeadlineUpdateJobService has leaked ServiceConnection ayw@31ecab that was originally bound here
08-28 18:21:17.403 18850 18850 E ActivityThread: 	at android.app.LoadedApk$ServiceDispatcher.<init>(LoadedApk.java:2093)
08-28 18:21:17.403 18850 18850 E ActivityThread: 	at android.app.LoadedApk.getServiceDispatcherCommon(LoadedApk.java:1967)
08-28 18:21:17.403 18850 18850 E ActivityThread: 	at android.app.LoadedApk.getServiceDispatcher(LoadedApk.java:1946)
08-28 18:21:17.403 18850 18850 E ActivityThread: 	at android.app.ContextImpl.bindServiceCommon(ContextImpl.java:2217)
08-28 18:21:17.403 18850 18850 E ActivityThread: 	at android.app.ContextImpl.bindService(ContextImpl.java:2093)
08-28 18:21:17.403 18850 18850 E ActivityThread: 	at android.content.ContextWrapper.bindService(ContextWrapper.java:891)
08-28 18:21:17.403 18850 18850 E ActivityThread: 	at ayr.a(PG:276)
08-28 18:21:17.403 18850 18850 E ActivityThread: 	at ng.c(PG:19)
08-28 18:21:17.403 18850 18850 E ActivityThread: 	at com.google.android.apps.turbo.deadline.library.DeadlineUpdateJobService.c(PG:17)
08-28 18:21:17.403 18850 18850 E ActivityThread: 	at gn.run(PG:135)
08-28 18:21:17.403 18850 18850 E ActivityThread: 	at java.util.concurrent.Executors$RunnableAdapter.call(Executors.java:524)
08-28 18:21:17.403 18850 18850 E ActivityThread: 	at dzn.a(PG:3)
08-28 18:21:17.403 18850 18850 E ActivityThread: 	at dyu.run(PG:19)
08-28 18:21:17.403 18850 18850 E ActivityThread: 	at dzo.run(PG:5)
08-28 18:21:17.403 18850 18850 E ActivityThread: 	at java.util.concurrent.ThreadPoolExecutor.runWorker(ThreadPoolExecutor.java:1156)
08-28 18:21:17.403 18850 18850 E ActivityThread: 	at java.util.concurrent.ThreadPoolExecutor$Worker.run(ThreadPoolExecutor.java:651)
08-28 18:21:17.403 18850 18850 E ActivityThread: 	at java.lang.Thread.run(Thread.java:1119)
08-28 18:21:17.404  2387  3957 W ActivityManager: Unbind failed: could not find connection for android.os.BinderProxy@2ccc4ff
08-28 18:21:17.409 18850 18881 W Turbo.EstimatedTimeRemainingProvider: queryTimeToDischarge: 5219555
08-28 18:21:17.467  2387  3412 W ServiceManagerCppClient: Waited one second for stats (is service started? Number of threads started in the threadpool: 32. Are binder threads started and available?)
08-28 18:21:17.468  1599  1692 W ServiceManagerCppClient: Waited one second for stats (is service started? Number of threads started in the threadpool: 6. Are binder threads started and available?)
08-28 18:21:17.469   682 31744 W libc    : Unable to set property "ctl.interface_start" to "aidl/stats": PROP_ERROR_HANDLE_CONTROL_MESSAGE (0x20)
08-28 18:21:17.469   682 31745 W libc    : Unable to set property "ctl.interface_start" to "aidl/stats": PROP_ERROR_HANDLE_CONTROL_MESSAGE (0x20)
08-28 18:21:17.556  2387  2937 D ColorDisplayService: ColorDisplayService$NightDisplayTintController Animation cancelled: false to matrix: 
08-28 18:21:17.556  2387  2937 D ColorDisplayService:        1.000000 0.000000 0.000000 0.000000 0.000000 0.728772 0.000000 0.000000 0.000000 0.000000 0.469764 0.000000 0.000000 0.000000 0.000000 1.000000 min matrix coefficients: 
08-28 18:21:17.556  2387  2937 D ColorDisplayService:        1.000000 0.000000 0.000000 0.000000 0.000000 0.728772 0.000000 0.000000 0.000000 0.000000 0.469764 0.000000 0.000000 0.000000 0.000000 1.000000 max matrix coefficients: 
08-28 18:21:17.556  2387  2937 D ColorDisplayService:        1.000000 0.000000 0.000000 0.000000 0.000000 1.000000 0.000000 0.000000 0.000000 0.000000 1.000000 0.000000 0.000000 0.000000 0.000000 1.000000
08-28 18:21:17.687 30088 30209 W RealtimeClientManager: Channel state: MqttChannelState{mConnectionState=CONNECTING, mDisconnectionReason=null, mLastConnectionMs=0, mLastDisconnectMs=1295061}
08-28 18:21:17.698  2387  2953 I LSPosed-Bridge: SimpleSpoofer: SoC-related request: events.cpu = 
08-28 18:21:17.698  2387  2953 I LSPosed-Bridge: SimpleSpoofer: SoC-related request: events.cpu = 
08-28 18:21:17.698  2387  2953 I LSPosed-Bridge: SimpleSpoofer: SoC-related request: events.cpu = 
08-28 18:21:17.698  2387  2953 I LSPosed-Bridge: SimpleSpoofer: SoC-related request: events.cpu = 
08-28 18:21:17.833  1491  2997 D audio_hw_primary: out_standby: enter: stream (0xe8ac0010) usecase(12: audio-ull-playback)
08-28 18:21:17.836  1505 29258 I libusbconfigfs: event=1 on fd=6
08-28 18:21:17.836  2117 14751 W ServiceManagerCppClient: Waited one second for stats (is service started? Number of threads started in the threadpool: 17. Are binder threads started and available?)
08-28 18:21:17.838   682 31752 W libc    : Unable to set property "ctl.interface_start" to "aidl/stats": PROP_ERROR_HANDLE_CONTROL_MESSAGE (0x20)
08-28 18:21:17.841  1491  2997 D audio_hw_primary: stop_output_stream: enter: usecase(12: audio-ull-playback)
08-28 18:21:17.841  1491  2997 V send_data_to_xlog: send_audio_bigdata_to_xlog
08-28 18:21:17.841  1491  2997 D audio_hw_primary: disable_audio_route: reset and update mixer path: audio-ull-playback speaker
08-28 18:21:17.842  1491  2997 D audio_hw_primary: [force reset] del audio-ull-playback speaker 1
08-28 18:21:17.842  1491  2997 D soundtrigger: audio_extn_sound_trigger_update_stream_status: uc_info->id 12 of type 0 for Event 2, with Raise=0
08-28 18:21:17.842  1491  2997 D soundtrigger: audio_extn_sound_trigger_update_stream_status: uc_info->id 12 of type 0 for Event 2, with Raise=0
08-28 18:21:17.842  1491  2997 D hardware_info: hw_info_append_hw_type : device_name = voice-speaker-stereo
08-28 18:21:17.843  1491  2997 D audio_hw_primary: disable_snd_device: device ref cnt is 2[41]
08-28 18:21:17.843  1491  2997 D audio_hw_primary: stop_output_stream: exit: status(0)
08-28 18:21:17.843  1491  2997 D audio_hw_primary: out_standby: exit
08-28 18:21:18.202 16713 16817 E AnalyticsService: Unable to create output stream
08-28 18:21:18.202 16713 16817 E CounterAnalytics: Unsuccessful upload. response code=-1
08-28 18:21:18.360  3583  4344 D SatelliteController: iisInCarrierRoamingNbIotNtn: satellite is disabled
08-28 18:21:18.468  2387  3412 W ServiceManagerCppClient: Waited one second for stats (is service started? Number of threads started in the threadpool: 32. Are binder threads started and available?)
08-28 18:21:18.468  1599  1692 W ServiceManagerCppClient: Waited one second for stats (is service started? Number of threads started in the threadpool: 6. Are binder threads started and available?)
08-28 18:21:18.470   682 31754 W libc    : Unable to set property "ctl.interface_start" to "aidl/stats": PROP_ERROR_HANDLE_CONTROL_MESSAGE (0x20)
08-28 18:21:18.470   682 31755 W libc    : Unable to set property "ctl.interface_start" to "aidl/stats": PROP_ERROR_HANDLE_CONTROL_MESSAGE (0x20)
08-28 18:21:18.837  2117 14751 W ServiceManagerCppClient: Waited one second for stats (is service started? Number of threads started in the threadpool: 17. Are binder threads started and available?)
08-28 18:21:18.840   682 31756 W libc    : Unable to set property "ctl.interface_start" to "aidl/stats": PROP_ERROR_HANDLE_CONTROL_MESSAGE (0x20)
08-28 18:21:19.158  3546  4182 I QcrilOemhookMsgTunnel: [0]processOemHookIndication length=21
08-28 18:21:19.172  3525  4233 W IWlanNetworkService: 74 > Response Processed
08-28 18:21:19.181  3583  3583 D SatelliteController: Satellite for carrier is not supported.
08-28 18:21:19.181  3583  3583 D SatelliteController: registerForSatelliteModemStateChanged: add Listeners for ModemState
08-28 18:21:19.181  3583  3583 E SatelliteController: registerForSatelliteModemStateChanged: mSatelliteSessionController is not initialized yet
08-28 18:21:19.187  3583  3583 D SatelliteController: registerForSatelliteModemStateChanged: add Listeners for ModemState
08-28 18:21:19.187  3583  3583 E SatelliteController: registerForSatelliteModemStateChanged: mSatelliteSessionController is not initialized yet
08-28 18:21:19.192  3583  4344 D SatelliteController: isCarrierRoamingNtnEligible: satellite access is not allowed
08-28 18:21:19.192  3583  4344 D SatelliteController: evaluateCarrierRoamingNtnEligibilityChange: isCarrierRoamingNtnEligible=false
08-28 18:21:19.192  3583  4344 D SatelliteController: getSelectedSatelliteSubId: subId=-1
08-28 18:21:19.192  3583  4344 D SatelliteController: notifyNtnEligibility: phoneId=0 currentNtnEligibility=false
08-28 18:21:19.192  3583  4344 V SatelliteController: getWwanIsInService: return true
08-28 18:21:19.193  3583  4344 D SatelliteController: updateLastNotifiedNtnModeAndNotify: subId=1 initialized=true lastNotifiedNtnMode=false currNtnMode=false
08-28 18:21:19.193  3583  4344 D SatelliteController: iisInCarrierRoamingNbIotNtn: satellite is disabled
08-28 18:21:19.195  3583  4344 V SatelliteController: getWwanIsInService: return true
08-28 18:21:19.197  3583  4344 D SatelliteController: updateLastNotifiedNtnModeAndNotify: subId=2 initialized=true lastNotifiedNtnMode=false currNtnMode=false
08-28 18:21:19.197  3583  4344 D SatelliteController: iisInCarrierRoamingNbIotNtn: satellite is disabled
08-28 18:21:19.203  3583  3583 D ServiceStateProvider: subId=1
08-28 18:21:19.206  3583  3583 D SatelliteController: iisInCarrierRoamingNbIotNtn: satellite is disabled
08-28 18:21:19.206 21863 21863 D CellBroadcastReceiver: onReceive Intent { act=android.intent.action.SERVICE_STATE flg=0x1000010 xflg=0x4 cmp=com.android.cellbroadcastreceiver.module/com.android.cellbroadcastreceiver.CellBroadcastReceiver (has extras) }
08-28 18:21:19.213 21863 21863 D CellBroadcastReceiver: onServiceStateChanged, ss: 0
08-28 18:21:19.213 21863 21863 D CellBroadcastReceiver: networkOperator: 65001
08-28 18:21:19.213 21863 21863 D CellBroadcastReceiver: update supported roaming operator as 
08-28 18:21:19.217  3583  3583 I Telephony: TelecomAccountRegistry$TelecomAccountTelephonyCallback: TelecomAccountRegistry: onServiceStateChanged: newState=0, mServiceState=0
08-28 18:21:19.225  3583  3583 I Telephony: isRttCurrentlySupported -- regular acct, hasVoiceAvailability: false
08-28 18:21:19.225  3583  3583 I Telephony:  isRttSupported: false
08-28 18:21:19.225  3583  3583 I Telephony:  alwaysAllowWhileRoaming: false
08-28 18:21:19.225  3583  3583 I Telephony:  isRoaming: false
08-28 18:21:19.225  3583  3583 I Telephony:  isOnWfc: false
08-28 18:21:19.227  3583  3583 I Telephony: isRttCurrentlySupported -- regular acct, hasVoiceAvailability: false
08-28 18:21:19.227  3583  3583 I Telephony:  isRttSupported: false
08-28 18:21:19.227  3583  3583 I Telephony:  alwaysAllowWhileRoaming: false
08-28 18:21:19.227  3583  3583 I Telephony:  isRoaming: false
08-28 18:21:19.227  3583  3583 I Telephony:  isOnWfc: false
08-28 18:21:19.341  2387  2953 D KernelCpuUidUserSysTimeReader: Removing uids 90000-90000
08-28 18:21:19.470  1599  1692 W ServiceManagerCppClient: Waited one second for stats (is service started? Number of threads started in the threadpool: 6. Are binder threads started and available?)
08-28 18:21:19.470  2387  3412 W ServiceManagerCppClient: Waited one second for stats (is service started? Number of threads started in the threadpool: 32. Are binder threads started and available?)
08-28 18:21:19.473   682 31760 W libc    : Unable to set property "ctl.interface_start" to "aidl/stats": PROP_ERROR_HANDLE_CONTROL_MESSAGE (0x20)
08-28 18:21:19.474   682 31759 W libc    : Unable to set property "ctl.interface_start" to "aidl/stats": PROP_ERROR_HANDLE_CONTROL_MESSAGE (0x20)
08-28 18:21:19.594  2387  3185 D InetDiagMessage: Destroyed 0 sockets, proto=IPPROTO_TCP, family=AF_INET, states=14
08-28 18:21:19.596  2387  3185 D InetDiagMessage: Destroyed 0 sockets, proto=IPPROTO_TCP, family=AF_INET6, states=14
08-28 18:21:19.597  2387  3185 D InetDiagMessage: Destroyed live tcp sockets for uids={10640} in 5ms
08-28 18:21:19.598  2387  3185 D InetDiagMessage: Destroyed 0 sockets, proto=IPPROTO_TCP, family=AF_INET, states=14
08-28 18:21:19.600  2387  3185 D InetDiagMessage: Destroyed 0 sockets, proto=IPPROTO_TCP, family=AF_INET6, states=14
08-28 18:21:19.600  2387  3185 D InetDiagMessage: Destroyed live tcp sockets for uids={20640} in 3ms
08-28 18:21:19.661  2387  3185 D InetDiagMessage: Destroyed 0 sockets, proto=IPPROTO_TCP, family=AF_INET, states=14
08-28 18:21:19.663  2387  3185 D InetDiagMessage: Destroyed 0 sockets, proto=IPPROTO_TCP, family=AF_INET6, states=14
08-28 18:21:19.663  2387  3185 D InetDiagMessage: Destroyed live tcp sockets for uids={10670} in 5ms
08-28 18:21:19.665  2387  3185 D InetDiagMessage: Destroyed 0 sockets, proto=IPPROTO_TCP, family=AF_INET, states=14
08-28 18:21:19.668  2387  3185 D InetDiagMessage: Destroyed 0 sockets, proto=IPPROTO_TCP, family=AF_INET6, states=14
08-28 18:21:19.668  2387  3185 D InetDiagMessage: Destroyed live tcp sockets for uids={20670} in 4ms
08-28 18:21:19.709  2387  3185 D InetDiagMessage: Destroyed 0 sockets, proto=IPPROTO_TCP, family=AF_INET, states=14
08-28 18:21:19.711  2387  3185 D InetDiagMessage: Destroyed 0 sockets, proto=IPPROTO_TCP, family=AF_INET6, states=14
08-28 18:21:19.711  2387  3185 D InetDiagMessage: Destroyed live tcp sockets for uids={10612} in 5ms
08-28 18:21:19.714  2387  3185 D InetDiagMessage: Destroyed 0 sockets, proto=IPPROTO_TCP, family=AF_INET, states=14
08-28 18:21:19.716  2387  3185 D InetDiagMessage: Destroyed 0 sockets, proto=IPPROTO_TCP, family=AF_INET6, states=14
08-28 18:21:19.716  2387  3185 D InetDiagMessage: Destroyed live tcp sockets for uids={20612} in 4ms
08-28 18:21:19.775  2387  3185 D InetDiagMessage: Destroyed 2 sockets, proto=IPPROTO_TCP, family=AF_INET, states=14
08-28 18:21:19.777 30088 30398 E msys    : E[N MQTT]onConnectError(562)=>Connect Error: folly::AsyncSocketException: AsyncSocketException: connect failed, type = Socket not open, errno = 103 (Software caused connection abort)
08-28 18:21:19.778  2387  3185 D InetDiagMessage: Destroyed 0 sockets, proto=IPPROTO_TCP, family=AF_INET6, states=14
08-28 18:21:19.778  2387  3185 D InetDiagMessage: Destroyed live tcp sockets for uids={10628} in 8ms
08-28 18:21:19.780 30088 30209 W RealtimeClientManager: Channel state: MqttChannelState{mConnectionState=DISCONNECTED, mDisconnectionReason=null, mLastConnectionMs=0, mLastDisconnectMs=1304157}
08-28 18:21:19.780  2387  3185 D InetDiagMessage: Destroyed 0 sockets, proto=IPPROTO_TCP, family=AF_INET, states=14
08-28 18:21:19.781  2387  3185 D InetDiagMessage: Destroyed 0 sockets, proto=IPPROTO_TCP, family=AF_INET6, states=14
08-28 18:21:19.781  2387  3185 D InetDiagMessage: Destroyed live tcp sockets for uids={20628} in 3ms
08-28 18:21:19.839  2117 14751 W ServiceManagerCppClient: Waited one second for stats (is service started? Number of threads started in the threadpool: 17. Are binder threads started and available?)
08-28 18:21:19.842   682 31761 W libc    : Unable to set property "ctl.interface_start" to "aidl/stats": PROP_ERROR_HANDLE_CONTROL_MESSAGE (0x20)
08-28 18:21:20.213  1607  2080 D DisplayModeController: setDesiredMode 4630946736638489730 {mode={fps=60.00 Hz, modePtr={id=1, vsyncRate=60.00 Hz, peakRefreshRate=60.00 Hz}}, emitEvent=false, force=false}
08-28 18:21:20.218  1525  1925 I SDM     : HWDeviceDRM::UpdateMixerAttributes: Mixer WxH 1440x3200-1 for Peripheral
08-28 18:21:20.219  1525  1925 I SDM     : HWCDisplay::SubmitDisplayConfig: Active configuration changed to: 1
08-28 18:21:20.244  2205  3278 D libsensor-F2SNotifier: DisplayFreq2SlpiNotifier display_freq = 60
08-28 18:21:20.472  2387  3412 W ServiceManagerCppClient: Waited one second for stats (is service started? Number of threads started in the threadpool: 32. Are binder threads started and available?)
08-28 18:21:20.472  1599  1692 W ServiceManagerCppClient: Waited one second for stats (is service started? Number of threads started in the threadpool: 6. Are binder threads started and available?)
08-28 18:21:20.476   682 31764 W libc    : Unable to set property "ctl.interface_start" to "aidl/stats": PROP_ERROR_HANDLE_CONTROL_MESSAGE (0x20)
08-28 18:21:20.477   682 31763 W libc    : Unable to set property "ctl.interface_start" to "aidl/stats": PROP_ERROR_HANDLE_CONTROL_MESSAGE (0x20)
08-28 18:21:20.701 30088 30260 E msys    : E[N mns]_OnDiskCacheGetData(561)=>Start post callback cache refresh DNS resolution
08-28 18:21:20.702 30088 30260 W LibevQuicAsyncUDPSocket.h: setTosOrTrafficClass not implemented in LibevQuicAsyncUDPSocket
08-28 18:21:20.714 30088 30260 E MvfstCallbacks.cpp: onConnectionSetupError: error=TransportError: Internal Error, Error on socket write Operation not permitted, 
08-28 18:21:20.715 30088 30260 E msys    : E[N mns]_LogError(205)=>Failed to resolve using system DNS resolver, getaddrinfo(): No address associated with hostname
08-28 18:21:20.715 30088 30260 E msys    : E[N mns]_OnDiskCacheGetData(561)=>Start post callback cache refresh DNS resolution
08-28 18:21:20.718 30088 30260 E msys    : E[N mns]_LogError(205)=>Failed to resolve using system DNS resolver, getaddrinfo(): No address associated with hostname
08-28 18:21:20.841  2117 14751 W ServiceManagerCppClient: Waited one second for stats (is service started? Number of threads started in the threadpool: 17. Are binder threads started and available?)
08-28 18:21:20.844   682 31767 W libc    : Unable to set property "ctl.interface_start" to "aidl/stats": PROP_ERROR_HANDLE_CONTROL_MESSAGE (0x20)
08-28 18:21:21.123  3583  3583 D TelephonyManager: requestModemActivityInfo: Sending result to app: ModemActivityInfo{ mTimestamp=1305499 mSleepTimeMs=8718 mIdleTimeMs=24745 mActivityStatsTechSpecificInfo=[{mRat=UNKNOWN,mFrequencyRange=UNKNOWN,mTxTimeMs[]=[77600, 2634, 215211, 60226, 83425],mRxTimeMs=820810}]}
08-28 18:21:21.475  2387  3412 W ServiceManagerCppClient: Waited one second for stats (is service started? Number of threads started in the threadpool: 32. Are binder threads started and available?)
08-28 18:21:21.475  1599  1692 W ServiceManagerCppClient: Waited one second for stats (is service started? Number of threads started in the threadpool: 6. Are binder threads started and available?)
