08-28 18:53:15.350 16353 16568 I .apps.wellbeing: AssetManager2(0xb40000721b84d5f8) locale list changing from [] to [en-US]
08-28 18:53:15.351  2387  3238 D BackgroundInstallControlService: Package event received: 0
08-28 18:53:15.353 16353 16568 I .apps.wellbeing: AssetManager2(0xb40000721b8504d8) locale list changing from [] to [en-US]
08-28 18:53:15.353  5606  6482 I dsuk    : (REDACTED) Clearing context input '%s'. %s
08-28 18:53:15.353 16364 16364 I ContentProtectionServic: CP service created
08-28 18:53:15.354  2387  3238 D BackgroundInstallControlService: Package event received: 0
08-28 18:53:15.354  5606  6418 I dsuk    : (REDACTED) Clearing context input '%s'. %s
08-28 18:53:15.354  5606  6418 I dsue    : (REDACTED) Sending speech biasing context update to SODA with locale %s. %s
08-28 18:53:15.355  5606  6482 I dsue    : (REDACTED) Sending speech biasing context update to SODA with locale %s. %s
08-28 18:53:15.355 16353 16568 I .apps.wellbeing: AssetManager2(0xb40000721b851dd8) locale list changing from [] to [en-US]
08-28 18:53:15.355  5606  6419 I ecmt    : (REDACTED) #getSodaAsrUpdateRequest inserting app domain: %s
08-28 18:53:15.356  5606  6323 I edey    : #updateAndGetSnapshot
08-28 18:53:15.357 16353 16568 I .apps.wellbeing: AssetManager2(0xb40000721b84d918) locale list changing from [] to [en-US]
08-28 18:53:15.358 16353 16568 I .apps.wellbeing: AssetManager2(0xb40000721b84f538) locale list changing from [] to [en-US]
08-28 18:53:15.359  2387  2387 I RemoteContentProtectionService: Connection status for: ComponentInfo{com.google.android.odad/com.google.android.apps.miphone.odad.contentprotection.ContentProtectionService} changed to: connected
08-28 18:53:15.359  5606  6411 I edey    : (REDACTED) Listening for responses for locale %s
08-28 18:53:15.360 16353 16568 I .apps.wellbeing: AssetManager2(0xb40000721b84c978) locale list changing from [] to [en-US]
08-28 18:53:15.361  5606  6482 I ecmt    : (REDACTED) #getSodaAsrUpdateRequest inserting app domain: %s
08-28 18:53:15.362 16353 16568 I .apps.wellbeing: AssetManager2(0xb40000721b84fe98) locale list changing from [] to [en-US]
08-28 18:53:15.362 16353 16568 I .apps.wellbeing: AssetManager2(0xb40000721b8533b8) locale list changing from [] to [en-US]
08-28 18:53:15.363 16353 16568 I .apps.wellbeing: AssetManager2(0xb40000721b8507f8) locale list changing from [] to [en-US]
08-28 18:53:15.364 16364 16364 I ContentProtectionServic: CP service onConnected
08-28 18:53:15.365 16364 16571 I bne     : Starting to build the allowlist
08-28 18:53:15.365  2387  3238 D BackgroundInstallControlService: Package event received: 0
08-28 18:53:15.366 16353 16568 I .apps.wellbeing: AssetManager2(0xb40000721b8484b8) locale list changing from [] to [en-US]
08-28 18:53:15.368 16353 16568 I .apps.wellbeing: AssetManager2(0xb40000721b84e598) locale list changing from [] to [en-US]
08-28 18:53:15.370  2387  2942 I system_server: AssetManager2(0xb40000721b82ee78) locale list changing from [] to [en-US]
08-28 18:53:15.370 16353 16568 I .apps.wellbeing: AssetManager2(0xb40000721b849778) locale list changing from [] to [en-US]
08-28 18:53:15.371 16353 16568 I .apps.wellbeing: AssetManager2(0xb40000721b849a98) locale list changing from [] to [en-US]
08-28 18:53:15.373 16353 16568 I .apps.wellbeing: AssetManager2(0xb40000721b849138) locale list changing from [] to [en-US]
08-28 18:53:15.373 16453 16645 I edhs    : SRM: AccountScoped session starting on service-side.
08-28 18:53:15.373  5606  6413 I edey    : (REDACTED) >>> [%s] Emitting request locale: %s, secondaryLocales: %s, resources: %s, requestClient: %s
08-28 18:53:15.374 16453 16646 I edfk    : (REDACTED) <<< [%s] Received request for primary locale %s. Secondary locales: '%s'
08-28 18:53:15.374 16453 16646 I edfk    : (REDACTED) <<< [%s] Requested resources IDs: %s. Note that this is a noop because we currently return all resource for each request.
08-28 18:53:15.375 16453 16646 I edej    : (REDACTED) [%s] #getImmediateResourceStates with locale %s. Secondary locales: %s
08-28 18:53:15.375 16453 16646 I edej    : (REDACTED) [%s] SRM initial state enabled (for hotword).
08-28 18:53:15.375 16453 16645 I edej    : (REDACTED) [%s] #getAndUpdateSodaResourceCollection
08-28 18:53:15.375 16453 16646 I DefaultLPManager: #getAvailablePackages
08-28 18:53:15.375 16453 16647 I DefaultLPManager: #getRequestedPackages
08-28 18:53:15.375 16453 16647 I ZipLPPopulator: #addNewFileGroups
08-28 18:53:15.375 16453 16647 I efkq    : #getDownloadableLanguagePacks
08-28 18:53:15.375 16453 16636 I DefaultLPManager: #getAvailablePackages
08-28 18:53:15.376  5606  6411 I edey    : (REDACTED) <<< [%s] Reading SodaResourceManager message with initial resourceIds: '%s.'
08-28 18:53:15.375 16453 16647 I eflj    : (REDACTED) Loaded languagepack (LP) flag value from latest config %s: %s
08-28 18:53:15.377 16453 16647 W SystemLPSourceImpl: #getRequestedPackages: There is not reason to call this method, as the result is always empty.
08-28 18:53:15.377 16453 16646 I efkq    : #getDownloadableLanguagePacks
08-28 18:53:15.377 16453 16647 W LegacyLPSourceImpl: #getRequestedPackages: There is no reason to call this method, as the result is always empty.
08-28 18:53:15.377 16453 16625 I cpjg    : Getting hotwordModelConfig
08-28 18:53:15.377 16453 16647 I edej    : Skipping Nes download due to disablement by flag.
08-28 18:53:15.378 16453 16645 I edej    : Skipping stopword download due to disablement by flag.
08-28 18:53:15.378 16453 16625 I cpjg    : Getting hotwordModelConfig
08-28 18:53:15.378 16453 16647 I LPRequestState: (REDACTED) [%s] #resolveDesiredLanguagePacks
08-28 18:53:15.378 16453 16647 I edbk    : (REDACTED) [%s] #updateResource begin
08-28 18:53:15.378 16453 16647 I edbk    : (REDACTED) [%s] #updateResource end
08-28 18:53:15.378 16453 16646 I eflj    : (REDACTED) Loaded languagepack (LP) flag value from latest config %s: %s
08-28 18:53:15.378 16453 16646 W SystemLPSourceImpl: #getAvailablePackages: Note there is not reason to call this method, as getInstalledPackages() returns the same LanguagePacks for this impl.
08-28 18:53:15.378 16453 16646 W LegacyLPSourceImpl: #getAvailablePackages: Note there is no reason to call this method, as getInstalledPackages() returns the same LanguagePacks for this impl.
08-28 18:53:15.378 16453 16647 I ZipLPPopulator: #addNewFileGroups complete
08-28 18:53:15.378 16453 16647 I efkq    : #getPendingPackages from MDD
08-28 18:53:15.378 16453 16647 I efkq    : #GetLanguagePackList
08-28 18:53:15.378 16453 16647 I efkq    : MDD.getFileGroupsByFilter(langpack-domain_xx-XX_ver_zipfile)
08-28 18:53:15.378 16453 16630 I edej    : (REDACTED) [%s] #getInstalledLanguagePacks
08-28 18:53:15.379 16353 16568 I .apps.wellbeing: AssetManager2(0xb40000721b846898) locale list changing from [] to [en-US]
08-28 18:53:15.379 16453 16620 I SystemLPSourceImpl: (REDACTED) Parsed system partition LanguagePack metadata file: %s
08-28 18:53:15.379 16453 16634 I efgj    : (REDACTED) MDD.getFileGroup(%s)
08-28 18:53:15.379 16453 16636 I efkq    : #getDownloadableLanguagePacks
08-28 18:53:15.379 16453 16636 I eflj    : (REDACTED) Loaded languagepack (LP) flag value from latest config %s: %s
08-28 18:53:15.379 16453 16636 W SystemLPSourceImpl: #getAvailablePackages: Note there is not reason to call this method, as getInstalledPackages() returns the same LanguagePacks for this impl.
08-28 18:53:15.379 16453 16636 W LegacyLPSourceImpl: #getAvailablePackages: Note there is no reason to call this method, as getInstalledPackages() returns the same LanguagePacks for this impl.
08-28 18:53:15.379 16453 16636 I DefaultLPManager: #getInstalledPackages
08-28 18:53:15.379 16453 16636 I efkq    : #getInstalledPackages from MDD
08-28 18:53:15.379 16453 16636 I efkq    : #GetLanguagePackList
08-28 18:53:15.379 16453 16636 I efkq    : MDD.getFileGroupsByFilter(langpack-domain_xx-XX_ver_zipfile)
08-28 18:53:15.380 16453 16638 I cpjg    : MDD.refreshFileGroups(hotwordFileGroupPopulator)
08-28 18:53:15.380 16453 16638 I cpis    : (REDACTED) MDD.addFileGroup(%s)
08-28 18:53:15.381  5606  6413 I edey    : (REDACTED) <<< [%s] Reading SodaResourceManager message with updated resourceIds: %s. Total set: %s
08-28 18:53:15.381  5606  6413 I edey    : (REDACTED) <<< [%s] Reading SodaResourceManager message with updated resourceIds: %s. Total set: %s
08-28 18:53:15.381 16453 16611 I SystemLPSourceImpl: (REDACTED) Parsed system partition LanguagePack metadata file: %s
08-28 18:53:15.381 16453 16638 I SystemLPSourceImpl: (REDACTED) Parsed system partition LanguagePack metadata file: %s
08-28 18:53:15.383 16353 16568 I .apps.wellbeing: AssetManager2(0xb40000721b8487d8) locale list changing from [] to [en-US]
08-28 18:53:15.385 16353 16568 I .apps.wellbeing: AssetManager2(0xb40000721b845c18) locale list changing from [] to [en-US]
08-28 18:53:15.387 16453 16625 I cpjg    : MDD.refreshFileGroups(hotwordFileGroupPopulator)
08-28 18:53:15.388 16453 16625 I cpis    : (REDACTED) MDD.addFileGroup(%s)
08-28 18:53:15.388 16353 16568 I .apps.wellbeing: AssetManager2(0xb40000721b846bb8) locale list changing from [] to [en-US]
08-28 18:53:15.390 16353 16568 I .apps.wellbeing: AssetManager2(0xb40000721b846578) locale list changing from [] to [en-US]
08-28 18:53:15.392 16353 16568 I .apps.wellbeing: AssetManager2(0xb40000721b848198) locale list changing from [] to [en-US]
08-28 18:53:15.393 16353 16568 I .apps.wellbeing: AssetManager2(0xb40000721b84bcf8) locale list changing from [] to [en-US]
08-28 18:53:15.394 16353 16568 I .apps.wellbeing: AssetManager2(0xb40000721b84b9d8) locale list changing from [] to [en-US]
08-28 18:53:15.398 16353 16568 I .apps.wellbeing: AssetManager2(0xb40000721b847518) locale list changing from [] to [en-US]
08-28 18:53:15.398  2387  2942 I system_server: AssetManager2(0xb40000721b822998) locale list changing from [] to [en-US]
08-28 18:53:15.399 16364 16571 I bne     : Potential packages: 84, blocklist size: 5976, allowlist size: 44, latency: PT0.018S
08-28 18:53:15.399 16353 16568 I .apps.wellbeing: AssetManager2(0xb40000721b8471f8) locale list changing from [] to [en-US]
08-28 18:53:15.400 16364 16364 I bhd     : Starting work type: HANDLE_PACKAGES_CHANGED using foreground service, isShort: false
08-28 18:53:15.401 16353 16568 I .apps.wellbeing: AssetManager2(0xb40000721b848e18) locale list changing from [] to [en-US]
08-28 18:53:15.401  2387  3411 I ActivityManager: Background started FGS: Allowed [callingPackage: com.google.android.odad; callingUid: 10463; uidState: IMPF; uidBFSL: n/a; intent: Intent { xflg=0x4 cmp=com.google.android.odad/com.google.android.apps.miphone.odad.backgroundwork.impl.WorkService (has extras) }; code:BACKGROUND_ACTIVITY_PERMISSION; tempAllowListReason:<null>; allowWiu:58; targetSdkVersion:35; callerTargetSdkVersion:35; startForegroundCount:0; bindFromPackage:null: isBindService:false]
08-28 18:53:15.403 16353 16568 I .apps.wellbeing: AssetManager2(0xb40000721b84a718) locale list changing from [] to [en-US]
08-28 18:53:15.403  2387  2942 I system_server: AssetManager2(0xb40000721b8083b8) locale list changing from [] to [en-US]
08-28 18:53:15.404 16353 16568 I .apps.wellbeing: AssetManager2(0xb40000721b845f38) locale list changing from [] to [en-US]
08-28 18:53:15.406 16364 16364 I WorkService: Work service created
08-28 18:53:15.407 16364 16581 I bvy     : Started coroutine watchdog: work-service, duration: PT3M
08-28 18:53:15.410  2387  3411 W ForegroundServiceTypeLoggerModule: Foreground service start for UID: 10463 does not have any types
08-28 18:53:15.411 16364 16364 I WorkService: Moved work service to foreground
08-28 18:53:15.411  2387  3238 D BackgroundInstallControlService: Package event received: 0
08-28 18:53:15.411 16364 16364 I bhd     : Starting the handler for work type: HANDLE_PACKAGES_CHANGED
08-28 18:53:15.411  2387  2942 I system_server: AssetManager2(0xb40000721b8ce158) locale list changing from [] to [en-US]
08-28 18:53:15.412 16364 16364 I WorkService: Work service returning from onStartCommand, work count: 1
08-28 18:53:15.415 16353 16568 I .apps.wellbeing: AssetManager2(0xb40000721b844c78) locale list changing from [] to [en-US]
08-28 18:53:15.417 16353 16568 I .apps.wellbeing: AssetManager2(0xb40000721b847b58) locale list changing from [] to [en-US]
08-28 18:53:15.417 16364 18782 I bgr     : No reboot detected, boot count: 138
08-28 18:53:15.418 16353 16568 I .apps.wellbeing: AssetManager2(0xb40000721b84a0d8) locale list changing from [] to [en-US]
08-28 18:53:15.419 16353 16568 I .apps.wellbeing: AssetManager2(0xb40000721b8452b8) locale list changing from [] to [en-US]
08-28 18:53:15.421 16364 18782 I bgr     : Found: 1 changed packages for sequence number: 35, new sequence number: 36
08-28 18:53:15.422 16353 16568 I .apps.wellbeing: AssetManager2(0xb40000721b84ad58) locale list changing from [] to [en-US]
08-28 18:53:15.423 16353 16568 I .apps.wellbeing: AssetManager2(0xb40000721b846258) locale list changing from [] to [en-US]
08-28 18:53:15.425 16353 16568 I .apps.wellbeing: AssetManager2(0xb40000721b83dbf8) locale list changing from [] to [en-US]
08-28 18:53:15.427 16353 16568 I .apps.wellbeing: AssetManager2(0xb40000721b83cc58) locale list changing from [] to [en-US]
08-28 18:53:15.427 16453 18781 I cpis    : (REDACTED) MDD.addFileGroup(%s) returned %b
08-28 18:53:15.427 16453 18781 I cpjg    : MDD refresh completed.
08-28 18:53:15.427 16453 16638 W efgj    : No downloaded contextual models.
08-28 18:53:15.427 16453 16647 I cpjg    : Trying to get last downloaded model for current locale.
08-28 18:53:15.428 16453 16647 I cpjg    : (REDACTED) MDD.getFileGroup(%s)
08-28 18:53:15.428 16453 18781 I cpis    : (REDACTED) MDD.addFileGroup(%s) returned %b
08-28 18:53:15.428 16453 18781 I cpjg    : MDD refresh completed.
08-28 18:53:15.428 16453 16646 I cpjg    : Trying to get last downloaded model for current locale.
08-28 18:53:15.428 16453 16636 I DefaultLPManager: #getPackage
08-28 18:53:15.428 16453 16646 I cpjg    : (REDACTED) MDD.getFileGroup(%s)
08-28 18:53:15.428 16453 16630 I edej    : (REDACTED) [%s] Installed LanguagePacks: %s
08-28 18:53:15.428 16453 16630 I edej    : (REDACTED) [%s] Pending pack: %s
08-28 18:53:15.429 16453 16611 I cpjg    : (REDACTED) MDD get/download %s returned successful.
08-28 18:53:15.429 16453 16611 I cpjg    : (REDACTED) MDD returned hotwordModelSpec %s
08-28 18:53:15.429 16453 16620 I cpjg    : (REDACTED) MDD get/download %s returned successful.
08-28 18:53:15.429 16453 16620 I cpjg    : (REDACTED) MDD returned hotwordModelSpec %s
08-28 18:53:15.429 16353 16568 I .apps.wellbeing: AssetManager2(0xb40000721b83f818) locale list changing from [] to [en-US]
08-28 18:53:15.431 16353 16568 I .apps.wellbeing: AssetManager2(0xb40000721b83e878) locale list changing from [] to [en-US]
08-28 18:53:15.432 16353 16568 I .apps.wellbeing: AssetManager2(0xb40000721b842a18) locale list changing from [] to [en-US]
08-28 18:53:15.433 16353 16568 I .apps.wellbeing: AssetManager2(0xb40000721b83c938) locale list changing from [] to [en-US]
08-28 18:53:15.434 16353 16568 I .apps.wellbeing: AssetManager2(0xb40000721b8426f8) locale list changing from [] to [en-US]
08-28 18:53:15.436 16353 16568 I .apps.wellbeing: AssetManager2(0xb40000721b844638) locale list changing from [] to [en-US]
08-28 18:53:15.437 16353 16568 I .apps.wellbeing: AssetManager2(0xb40000721b83d298) locale list changing from [] to [en-US]
08-28 18:53:15.437  5606  6411 I edey    : (REDACTED) <<< [%s] Reading SodaResourceManager message with updated resourceIds: %s. Total set: %s
08-28 18:53:15.438  5606  6411 I edey    : (REDACTED) <<< [%s] SodaResourceManager session emitted all requested resources: %s. Ok to terminate.
08-28 18:53:15.440 16353 16568 I .apps.wellbeing: AssetManager2(0xb40000721b83eeb8) locale list changing from [] to [en-US]
08-28 18:53:15.440 16453 16634 I cpjg    : (REDACTED) HotwordModel returned with path: %s
08-28 18:53:15.441 16453 16636 I cpjg    : (REDACTED) HotwordModel returned with path: %s
08-28 18:53:15.442 16453 16634 I cpjg    : (REDACTED) Scraping model ID for model of size %d
08-28 18:53:15.442 16453 16634 I cpjg    : (REDACTED) Scraped model ID: %s
08-28 18:53:15.442 16453 16611 I edjk    : (REDACTED) Returning hotword model with ID: %s
08-28 18:53:15.443 16353 16568 I .apps.wellbeing: AssetManager2(0xb40000721b83e238) locale list changing from [] to [en-US]
08-28 18:53:15.445 16353 16568 I .apps.wellbeing: AssetManager2(0xb40000721b83d8d8) locale list changing from [] to [en-US]
08-28 18:53:15.446 16453 16634 I edej    : (REDACTED) [%s] SRM initial state for hotword: '%s'
08-28 18:53:15.447 16353 16568 I .apps.wellbeing: AssetManager2(0xb40000721b841438) locale list changing from [] to [en-US]
08-28 18:53:15.447 16453 16611 I cpjg    : Getting hotwordModelConfig
08-28 18:53:15.448  5606  6411 I edey    : (REDACTED) <<< [%s] Reading SodaResourceManager message with initial resourceIds: '%s.'
08-28 18:53:15.448  5606  6411 I edey    : (REDACTED) <<< [%s] SodaResourceManager session emitted all requested resources: %s. Ok to terminate.
08-28 18:53:15.448 16453 16636 I cpjg    : (REDACTED) Scraping model ID for model of size %d
08-28 18:53:15.448 16453 16636 I cpjg    : (REDACTED) Scraped model ID: %s
08-28 18:53:15.448 16453 16611 I cpjg    : MDD.refreshFileGroups(hotwordFileGroupPopulator)
08-28 18:53:15.449 16453 16620 I edjk    : (REDACTED) Returning hotword model with ID: %s
08-28 18:53:15.449 16453 16611 I cpis    : (REDACTED) MDD.addFileGroup(%s)
08-28 18:53:15.449 16353 16568 I .apps.wellbeing: AssetManager2(0xb40000721b843378) locale list changing from [] to [en-US]
08-28 18:53:15.450 16453 18781 I cpis    : (REDACTED) MDD.addFileGroup(%s) returned %b
08-28 18:53:15.450 16453 18781 I cpjg    : MDD refresh completed.
08-28 18:53:15.450 16453 16634 I cpjg    : (REDACTED) Trying to get latest model with timeout: %dms.
08-28 18:53:15.450 16453 16634 I cpjg    : Trying to get latest model bytes.
08-28 18:53:15.450 16453 16634 I cpjg    : (REDACTED) Trying to get preloaded model for matching URL. (locale=%s)
08-28 18:53:15.450 16453 16634 I cpjg    : Preloaded model not available. Attempting download.
08-28 18:53:15.450 16453 16634 I cpjg    : Trying to get latest MDD Model bytes.
08-28 18:53:15.451 16353 16568 I .apps.wellbeing: AssetManager2(0xb40000721b8407b8) locale list changing from [] to [en-US]
08-28 18:53:15.451 16453 16634 I cpjg    : (REDACTED) MDD.getFileGroup(%s)
08-28 18:53:15.452 16453 16634 I cpjg    : (REDACTED) MDD.downloadFileGroup(%s)
08-28 18:53:15.453  3502  3635 I s.nexuslauncher: AssetManager2(0xb40000721b827178) locale list changing from [] to [en-US]
08-28 18:53:15.454 16453 16634 I cplk    : #getTdsidModel
08-28 18:53:15.454 16453 16646 I cplk    : #getTisidModel
08-28 18:53:15.454 16453 16636 I edej    : (REDACTED) [%s] #getLatestServerTisidVoiceprint: %s
08-28 18:53:15.454 16453 16636 I edej    : (REDACTED) [%s] Server Tisid voiceprint queries skipped because ServerTisid-specific flag is disabled.
08-28 18:53:15.454 16453 16634 I cplk    : #initialize
08-28 18:53:15.459 16353 16568 I .apps.wellbeing: AssetManager2(0xb40000721b842d38) locale list changing from [] to [en-US]
08-28 18:53:15.460 16353 16568 I .apps.wellbeing: AssetManager2(0xb40000721b843cd8) locale list changing from [] to [en-US]
08-28 18:53:15.463 16453 16620 I cpjg    : (REDACTED) MDD get/download %s returned successful.
08-28 18:53:15.463 16453 16620 I cpjg    : (REDACTED) MDD returned hotwordModelSpec %s
08-28 18:53:15.470 16453 16645 I cpjg    : (REDACTED) HotwordModel returned with path: %s
08-28 18:53:15.471  5606  6411 I edey    : (REDACTED) <<< [%s] Reading SodaResourceManager message with updated resourceIds: %s. Total set: %s
08-28 18:53:15.471  5606  6411 I edey    : (REDACTED) <<< [%s] SodaResourceManager session emitted all requested resources: %s. Ok to terminate.
08-28 18:53:15.473 16453 16645 I cpjg    : (REDACTED) Scraping model ID for model of size %d
08-28 18:53:15.473 16453 16645 I cpjg    : (REDACTED) Scraped model ID: %s
08-28 18:53:15.473 16453 16611 I edjk    : (REDACTED) Returning hotword model with ID: %s
08-28 18:53:15.475 16353 16568 I .apps.wellbeing: AssetManager2(0xb40000721b83d5b8) locale list changing from [] to [en-US]
08-28 18:53:15.476 16353 16568 I .apps.wellbeing: AssetManager2(0xb40000721b83cf78) locale list changing from [] to [en-US]
08-28 18:53:15.476  3583  3583 D TelephonyManager: requestModemActivityInfo: Sending result to app: ModemActivityInfo{ mTimestamp=3219853 mSleepTimeMs=113506 mIdleTimeMs=32650 mActivityStatsTechSpecificInfo=[{mRat=UNKNOWN,mFrequencyRange=UNKNOWN,mTxTimeMs[]=[101620, 3068, 241440, 76950, 113683],mRxTimeMs=2524811}]}
08-28 18:53:15.482 16364 18782 I bgr     : Handling installed or updated package: com.kashi.caimanspoof
08-28 18:53:15.482 16364 18782 I bvs     : Attempting to classify package: com.kashi.caimanspoof using model: bll_1
08-28 18:53:15.482  3502  3635 D AlphabeticIndexCompat: computeSectionName: cs: PixelSpoof Settings sectionName: P
08-28 18:53:15.483  3502  3502 D AllAppsStore: setApps: apps.length=101
08-28 18:53:15.483  3502  3502 D AllAppsStore: notifyUpdate: notifying listeners
08-28 18:53:15.483  3502  3502 D ActivityAllAppsContainerView: onAppsUpdated; number of apps: 101
08-28 18:53:15.483  3502  3502 D ActivityAllAppsContainerView: rebindAdapters: force: false
08-28 18:53:15.483  3502  3502 D ActivityAllAppsContainerView: rebindAdapters: Not needed.
08-28 18:53:15.483  3502  3502 D StatsLog: LAUNCHER_ALLAPPS_COUNT
08-28 18:53:15.484 16364 18782 I bvs     : Skipping package: com.kashi.caimanspoof, it was already classified as: NOT_HARMFUL, and rescan was disabled
08-28 18:53:15.484  3502  3502 D AlphabeticalAppsList: Clearing FastScrollerSections.
08-28 18:53:15.484  3502  3502 D AlphabeticalAppsList: Adding apps with sections. HasPrivateApps: false
08-28 18:53:15.484  3502  3502 D AlphabeticalAppsList: addAppsWithSections: adding sectionName:  with appInfoTitle: 1DM+
08-28 18:53:15.484  3502  3502 D AlphabeticalAppsList: addAppsWithSections: adding sectionName: A with appInfoTitle: AI Life
08-28 18:53:15.484  3502  3502 D AlphabeticalAppsList: addAppsWithSections: adding sectionName: B with appInfoTitle: BCR
08-28 18:53:15.484  3502  3502 D AlphabeticalAppsList: addAppsWithSections: adding sectionName: C with appInfoTitle: Calculator
08-28 18:53:15.484  3502  3502 D AlphabeticalAppsList: addAppsWithSections: adding sectionName: D with appInfoTitle: DataBackup
08-28 18:53:15.484  3502  3502 D AlphabeticalAppsList: addAppsWithSections: adding sectionName: E with appInfoTitle: Edge Gallery
08-28 18:53:15.484  3502  3502 D AlphabeticalAppsList: addAppsWithSections: adding sectionName: F with appInfoTitle: Facebook
08-28 18:53:15.484  3502  3502 D AlphabeticalAppsList: addAppsWithSections: adding sectionName: G with appInfoTitle: Geeky Medics
08-28 18:53:15.484  3502  3502 D AlphabeticalAppsList: addAppsWithSections: adding sectionName: I with appInfoTitle: Instagram
08-28 18:53:15.484  3502  3502 D AlphabeticalAppsList: addAppsWithSections: adding sectionName: J with appInfoTitle: Journal
08-28 18:53:15.484  3502  3502 D AlphabeticalAppsList: addAppsWithSections: adding sectionName: K with appInfoTitle: Kashipatch
08-28 18:53:15.484  3502  3502 D AlphabeticalAppsList: addAppsWithSections: adding sectionName: L with appInfoTitle: Lens
08-28 18:53:15.484  3502  3502 D AlphabeticalAppsList: addAppsWithSections: adding sectionName: M with appInfoTitle: M365 Copilot
08-28 18:53:15.484  3502  3502 D AlphabeticalAppsList: addAppsWithSections: adding sectionName: N with appInfoTitle: Native Detector
08-28 18:53:15.484  3502  3502 D AlphabeticalAppsList: addAppsWithSections: adding sectionName: O with appInfoTitle: OpenLMS
08-28 18:53:15.484  3502  3502 D AlphabeticalAppsList: addAppsWithSections: adding sectionName: P with appInfoTitle: Perfect IPTV
08-28 18:53:15.484  3502  3502 D AlphabeticalAppsList: addAppsWithSections: adding sectionName: R with appInfoTitle: Recorder
08-28 18:53:15.484  3502  3502 D AlphabeticalAppsList: addAppsWithSections: adding sectionName: S with appInfoTitle: Safety
08-28 18:53:15.485  3502  3502 D AlphabeticalAppsList: addAppsWithSections: adding sectionName: T with appInfoTitle: Telegram
08-28 18:53:15.485  3502  3502 D AlphabeticalAppsList: addAppsWithSections: adding sectionName: W with appInfoTitle: WA Business
08-28 18:53:15.485  3502  3502 D AlphabeticalAppsList: addAppsWithSections: adding sectionName: X with appInfoTitle: X
08-28 18:53:15.485  3502  3502 D AlphabeticalAppsList: addAppsWithSections: adding sectionName: Y with appInfoTitle: YouTube
08-28 18:53:15.485  3502  3502 D AlphabeticalAppsList: addAppsWithSections: adding sectionName: Z with appInfoTitle: Zoho Meeting
08-28 18:53:15.485  3502  3502 D AlphabeticalAppsList: Adding FastScrollSection duplicate to scroll to the bottom.
08-28 18:53:15.486  3502  3502 D AlphabeticalAppsList: Clearing FastScrollerSections.
08-28 18:53:15.486  3502  3502 D AlphabeticalAppsList: Adding apps with sections. HasPrivateApps: false
08-28 18:53:15.486  3502  3502 D AlphabeticalAppsList: addAppsWithSections: adding sectionName:  with appInfoTitle: 1DM+
08-28 18:53:15.486  3502  3502 D AlphabeticalAppsList: addAppsWithSections: adding sectionName: A with appInfoTitle: AI Life
08-28 18:53:15.486  3502  3502 D AlphabeticalAppsList: addAppsWithSections: adding sectionName: B with appInfoTitle: BCR
08-28 18:53:15.486  3502  3502 D AlphabeticalAppsList: addAppsWithSections: adding sectionName: C with appInfoTitle: Calculator
08-28 18:53:15.486  3502  3502 D AlphabeticalAppsList: addAppsWithSections: adding sectionName: D with appInfoTitle: DataBackup
08-28 18:53:15.486  3502  3502 D AlphabeticalAppsList: addAppsWithSections: adding sectionName: E with appInfoTitle: Edge Gallery
08-28 18:53:15.486  3502  3502 D AlphabeticalAppsList: addAppsWithSections: adding sectionName: F with appInfoTitle: Facebook
08-28 18:53:15.486  3502  3502 D AlphabeticalAppsList: addAppsWithSections: adding sectionName: G with appInfoTitle: Geeky Medics
08-28 18:53:15.487 16353 16568 I .apps.wellbeing: AssetManager2(0xb40000721b83df18) locale list changing from [] to [en-US]
08-28 18:53:15.487 16364 18782 I bgr     : Work finished, result: Result(successCount=1, failureCount=0), latency: PT0.071S
08-28 18:53:15.488  3502  3502 D AlphabeticalAppsList: addAppsWithSections: adding sectionName: I with appInfoTitle: Instagram
08-28 18:53:15.488  3502  3502 D AlphabeticalAppsList: addAppsWithSections: adding sectionName: J with appInfoTitle: Journal
08-28 18:53:15.488  3502  3502 D AlphabeticalAppsList: addAppsWithSections: adding sectionName: K with appInfoTitle: Kashipatch
08-28 18:53:15.488  3502  3502 D AlphabeticalAppsList: addAppsWithSections: adding sectionName: L with appInfoTitle: Lens
08-28 18:53:15.488  3502  3502 D AlphabeticalAppsList: addAppsWithSections: adding sectionName: M with appInfoTitle: M365 Copilot
08-28 18:53:15.488  3502  3502 D AlphabeticalAppsList: addAppsWithSections: adding sectionName: N with appInfoTitle: Native Detector
08-28 18:53:15.488  3502  3502 D AlphabeticalAppsList: addAppsWithSections: adding sectionName: O with appInfoTitle: OpenLMS
08-28 18:53:15.488  3502  3502 D AlphabeticalAppsList: addAppsWithSections: adding sectionName: P with appInfoTitle: Perfect IPTV
08-28 18:53:15.488  3502  3502 D AlphabeticalAppsList: addAppsWithSections: adding sectionName: R with appInfoTitle: Recorder
08-28 18:53:15.488  3502  3502 D AlphabeticalAppsList: addAppsWithSections: adding sectionName: S with appInfoTitle: Safety
08-28 18:53:15.488  3502  3502 D AlphabeticalAppsList: addAppsWithSections: adding sectionName: T with appInfoTitle: Telegram
08-28 18:53:15.488  3502  3502 D AlphabeticalAppsList: addAppsWithSections: adding sectionName: W with appInfoTitle: WA Business
08-28 18:53:15.488  3502  3502 D AlphabeticalAppsList: addAppsWithSections: adding sectionName: X with appInfoTitle: X
08-28 18:53:15.488  3502  3502 D AlphabeticalAppsList: addAppsWithSections: adding sectionName: Y with appInfoTitle: YouTube
08-28 18:53:15.488  3502  3502 D AlphabeticalAppsList: addAppsWithSections: adding sectionName: Z with appInfoTitle: Zoho Meeting
08-28 18:53:15.488  3502  3502 D AlphabeticalAppsList: Adding FastScrollSection duplicate to scroll to the bottom.
08-28 18:53:15.491 16353 16568 I .apps.wellbeing: AssetManager2(0xb40000721b83fb38) locale list changing from [] to [en-US]
08-28 18:53:15.494 16364 16643 I bhd     : Finished work type: HANDLE_PACKAGES_CHANGED, success: true, latency: PT0.076S
08-28 18:53:15.494 16364 16364 I WorkService: Stopping the work service
08-28 18:53:15.495 16353 16568 I .apps.wellbeing: AssetManager2(0xb40000721b83f1d8) locale list changing from [] to [en-US]
08-28 18:53:15.496  2387  3411 W ForegroundServiceTypeLoggerModule: FGS stop call for: 10463 has no types!
08-28 18:53:15.496 16453 16645 I cplk    : #getTdsidModel
08-28 18:53:15.497 16353 16568 I .apps.wellbeing: AssetManager2(0xb40000721b8423d8) locale list changing from [] to [en-US]
08-28 18:53:15.497  2387  3238 D BackgroundInstallControlService: Package event received: 0
08-28 18:53:15.498  2387  3238 D BackgroundInstallControlService: Package event received: 0
08-28 18:53:15.498 16364 16364 I WorkService: Work service moved out of the foreground
08-28 18:53:15.498 16453 16638 I cplk    : Didn't find an initialized EnrollmentManager. Updating config.
08-28 18:53:15.498 16453 16638 I A       : (REDACTED) updateConfig: Hotword present: %b, LP directory: %s
08-28 18:53:15.500 16353 16568 I .apps.wellbeing: AssetManager2(0xb40000721b83e558) locale list changing from [] to [en-US]
08-28 18:53:15.500 16453 16647 I native  : I0000 00:00:1756399995.500541   16647 enrollment_manager_impl.cc:455] UpdateConfigRequest with timeout: 0
08-28 18:53:15.501 16364 16364 I WorkService: Work service destroyed
08-28 18:53:15.501 16364 16364 I bvy     : Stopping watchdog: work-service, completed in time
08-28 18:53:15.502 16353 16568 I .apps.wellbeing: AssetManager2(0xb40000721b841758) locale list changing from [] to [en-US]
08-28 18:53:15.504 16353 16568 I .apps.wellbeing: AssetManager2(0xb40000721b843698) locale list changing from [] to [en-US]
08-28 18:53:15.505 16353 16568 I .apps.wellbeing: AssetManager2(0xb40000721b843ff8) locale list changing from [] to [en-US]
08-28 18:53:15.506 16353 16568 I .apps.wellbeing: AssetManager2(0xb40000721b840178) locale list changing from [] to [en-US]
08-28 18:53:15.507 16353 16568 I .apps.wellbeing: AssetManager2(0xb40000721b843058) locale list changing from [] to [en-US]
08-28 18:53:15.508 16353 16568 I .apps.wellbeing: AssetManager2(0xb40000721b844318) locale list changing from [] to [en-US]
08-28 18:53:15.512 16353 16568 I .apps.wellbeing: AssetManager2(0xb40000721b840df8) locale list changing from [] to [en-US]
08-28 18:53:15.512 16453 16657 E SpeechMicro: Hotword model is single-channel neuralnet.
08-28 18:53:15.513 16353 16568 I .apps.wellbeing: AssetManager2(0xb40000721b83eb98) locale list changing from [] to [en-US]
08-28 18:53:15.513 16453 16657 I native  : I0000 00:00:1756399995.513750   16657 enrollment_manager_impl.cc:1313] A valid TD-SID creator already exists. No need to re-create.
08-28 18:53:15.513 16453 16657 I native  : I0000 00:00:1756399995.513904   16657 enrollment_manager_impl_utils.cc:81] Using standalone TI-SID pipeline config:/product/usr/srec/en-US/configs/ONDEVICE_MEDIUM_VOICE_MATCH.config
08-28 18:53:15.514 16453 16657 I native  : I0000 00:00:1756399995.514028   16657 enrollment_manager_impl.cc:1333] A valid TI-SID creator already exists. No need to re-create.
08-28 18:53:15.514 16453 16657 I native  : I0000 00:00:1756399995.514070   16657 enrollment_manager_impl_utils.cc:81] Using standalone TI-SID pipeline config:/product/usr/srec/en-US/configs/ONDEVICE_MEDIUM_VOICE_MATCH.config
08-28 18:53:15.514 16453 16657 I native  : I0000 00:00:1756399995.514092   16657 enrollment_manager_impl.cc:1056] Attempting to insert stored TD-SID profiles into config.
08-28 18:53:15.515 16453 16657 I native  : I0000 00:00:1756399995.515134   16657 enrollment_manager_impl.cc:1080] Found 1 speakers with existing TDSID models.
08-28 18:53:15.518 16353 16568 I .apps.wellbeing: AssetManager2(0xb40000721b840498) locale list changing from [] to [en-US]
08-28 18:53:15.520 16353 16568 I .apps.wellbeing: AssetManager2(0xb40000721b83fe58) locale list changing from [] to [en-US]
08-28 18:53:15.521 16353 16568 I .apps.wellbeing: AssetManager2(0xb40000721b8420b8) locale list changing from [] to [en-US]
08-28 18:53:15.522 16353 16568 I .apps.wellbeing: AssetManager2(0xb40000721b838478) locale list changing from [] to [en-US]
08-28 18:53:15.523 16353 16568 I .apps.wellbeing: AssetManager2(0xb40000721b83b678) locale list changing from [] to [en-US]
08-28 18:53:15.523 16453 16657 E SpeechMicro: Hotword model is single-channel neuralnet.
08-28 18:53:15.523 16453 16657 I native  : I0000 00:00:1756399995.523946   16657 enrollment_manager_impl.cc:1096] Found valid TDSID profile for user: 0
08-28 18:53:15.525 16353 16568 I .apps.wellbeing: AssetManager2(0xb40000721b8377f8) locale list changing from [] to [en-US]
08-28 18:53:15.526 16353 16568 I .apps.wellbeing: AssetManager2(0xb40000721b837e38) locale list changing from [] to [en-US]
08-28 18:53:15.528 16353 16568 I .apps.wellbeing: AssetManager2(0xb40000721b83bcb8) locale list changing from [] to [en-US]
08-28 18:53:15.529 16353 16568 I .apps.wellbeing: AssetManager2(0xb40000721b83b358) locale list changing from [] to [en-US]
08-28 18:53:15.530 16353 16568 I .apps.wellbeing: AssetManager2(0xb40000721b83a9f8) locale list changing from [] to [en-US]
08-28 18:53:15.530 16353 16568 I .apps.wellbeing: AssetManager2(0xb40000721b838ab8) locale list changing from [] to [en-US]
08-28 18:53:15.531 16453 16657 I native  : I0000 00:00:1756399995.531555   16657 enrollment_manager_impl.cc:1418] Retrieved stored TDSID models. Speakers requiring re-training:0
08-28 18:53:15.531 16453 16657 I native  : I0000 00:00:1756399995.531625   16657 enrollment_manager_impl.cc:1129] Attempting to insert stored TI-SID profiles into config.
08-28 18:53:15.531 16453 16657 E native  : E0000 00:00:1756399995.531726   16657 enrollment_storage.cc:177] Failed to read model:NOT_FOUND: Speaker does not have TISID model [type.googleapis.com/speech.soda.speaker_id.ReadModelStatus='\x08\x12']
08-28 18:53:15.531 16453 16657 E native  : === Source Location Trace: ===
08-28 18:53:15.531 16453 16657 E native  : speech/soda/speaker_id/enrollment/enrollment_storage.cc:228
08-28 18:53:15.531 16453 16657 I native  : I0000 00:00:1756399995.531753   16657 enrollment_manager_impl.cc:1154] Found 0 speakers with existing TI-SID models.
08-28 18:53:15.531 16453 16657 W native  : W0000 00:00:1756399995.531956   16657 enrollment_manager_impl.cc:1186] No valid TI-SID models found.
08-28 18:53:15.531 16453 16657 I native  : I0000 00:00:1756399995.531977   16657 enrollment_manager_impl.cc:1431] Retrieved stored TISID models. Speakers requiring re-training:0
08-28 18:53:15.532 16453 16657 E native  : E0000 00:00:1756399995.532024   16657 enrollment_storage.cc:177] Failed to read model:NOT_FOUND: Speaker does not have Server TISID voiceprint [type.googleapis.com/speech.soda.speaker_id.ReadModelStatus='\x08\x14']
08-28 18:53:15.532 16453 16657 E native  : === Source Location Trace: ===
08-28 18:53:15.532 16453 16657 E native  : speech/soda/speaker_id/enrollment/enrollment_storage.cc:228
08-28 18:53:15.532 16453 16657 I native  : I0000 00:00:1756399995.532048   16657 enrollment_manager_impl.cc:1441] Retrieved Server TISID models. 
08-28 18:53:15.532 16453 16647 I A       : (REDACTED) handleResponse for  %s user(s)
08-28 18:53:15.533 16453 16657 I native  : I0000 00:00:1756399995.533115   16657 enrollment_manager_impl.cc:468] Invoking listeners with updated speaker profiles.
08-28 18:53:15.533 16453 16647 I A       : (REDACTED) Found SodaVmmmClassicWriter. Preparing to propagate model update for status: %s
08-28 18:53:15.533 16453 16647 I A       : Skipping model update propagation to SodaVmmmClassicWriter since speaker model did not change.
08-28 18:53:15.533 16353 16568 I .apps.wellbeing: AssetManager2(0xb40000721b83ad18) locale list changing from [] to [en-US]
08-28 18:53:15.533 16453 16647 I A       : #handleModelUpdate
08-28 18:53:15.533 16453 16647 I A       : (REDACTED) # of TDSID models received: %s
08-28 18:53:15.533 16453 16647 I A       : (REDACTED) Size of TI-SID model bytestring received: %s
08-28 18:53:15.533 16453 16647 I A       : (REDACTED) # of Server TI-SID voiceprints received: %s
08-28 18:53:15.533 16453 16647 I A       : getHotwordSpeakerIdModels
08-28 18:53:15.533 16453 16647 I cplk    : (REDACTED) Returning SpeakerIdModel: %s bytes
08-28 18:53:15.534 16453 16645 I cplk    : #initialize
08-28 18:53:15.534 16453 16647 I cplk    : #getTdsidModel
08-28 18:53:15.535 16353 16568 I .apps.wellbeing: AssetManager2(0xb40000721b835598) locale list changing from [] to [en-US]
08-28 18:53:15.537 16353 16568 I .apps.wellbeing: AssetManager2(0xb40000721b835ef8) locale list changing from [] to [en-US]
08-28 18:53:15.537 16453 16620 I cplk    : Already has an initialized EnrollmentManager.
08-28 18:53:15.537 16453 16630 I A       : getTextIndependentSpeakerIdModels
08-28 18:53:15.538 16453 16647 I cplk    : #initialize
08-28 18:53:15.538 16353 16568 I .apps.wellbeing: AssetManager2(0xb40000721b83bfd8) locale list changing from [] to [en-US]
08-28 18:53:15.539 16353 16568 I .apps.wellbeing: AssetManager2(0xb40000721b8358b8) locale list changing from [] to [en-US]
08-28 18:53:15.544 16353 16568 I .apps.wellbeing: AssetManager2(0xb40000721b839a58) locale list changing from [] to [en-US]
08-28 18:53:15.546 16353 16568 I .apps.wellbeing: AssetManager2(0xb40000721b8374d8) locale list changing from [] to [en-US]
08-28 18:53:15.548 16353 16568 I .apps.wellbeing: AssetManager2(0xb40000721b83b998) locale list changing from [] to [en-US]
08-28 18:53:15.549 16353 16568 I .apps.wellbeing: AssetManager2(0xb40000721b8371b8) locale list changing from [] to [en-US]
08-28 18:53:15.551 16353 16568 I .apps.wellbeing: AssetManager2(0xb40000721b838158) locale list changing from [] to [en-US]
08-28 18:53:15.552 16353 16568 I .apps.wellbeing: AssetManager2(0xb40000721b839d78) locale list changing from [] to [en-US]
08-28 18:53:15.553 16353 16568 I .apps.wellbeing: AssetManager2(0xb40000721b836858) locale list changing from [] to [en-US]
08-28 18:53:15.555 16353 16568 I .apps.wellbeing: AssetManager2(0xb40000721b83c618) locale list changing from [] to [en-US]
08-28 18:53:15.556 16353 16568 I .apps.wellbeing: AssetManager2(0xb40000721b8390f8) locale list changing from [] to [en-US]
08-28 18:53:15.558 16353 16568 I .apps.wellbeing: AssetManager2(0xb40000721b838798) locale list changing from [] to [en-US]
08-28 18:53:15.560 16353 16568 I .apps.wellbeing: AssetManager2(0xb40000721b835bd8) locale list changing from [] to [en-US]
08-28 18:53:15.562 16353 16568 I .apps.wellbeing: AssetManager2(0xb40000721b83a6d8) locale list changing from [] to [en-US]
08-28 18:53:15.564  5606  6482 I edey    : (REDACTED) <<< [%s] Reading SodaResourceManager message with updated resourceIds: %s. Total set: %s
08-28 18:53:15.564  5606  6482 I edey    : (REDACTED) <<< [%s] SodaResourceManager session emitted all requested resources: %s. Ok to terminate.
08-28 18:53:15.566 16353 16568 I .apps.wellbeing: AssetManager2(0xb40000721b836e98) locale list changing from [] to [en-US]
08-28 18:53:15.568 16353 16568 I .apps.wellbeing: AssetManager2(0xb40000721b832398) locale list changing from [] to [en-US]
08-28 18:53:15.569 16353 16568 I .apps.wellbeing: AssetManager2(0xb40000721b82d258) locale list changing from [] to [en-US]
08-28 18:53:15.572 16453 16625 I cplk    : Didn't find an initialized EnrollmentManager. Updating config.
08-28 18:53:15.572 16453 16625 I A       : (REDACTED) updateConfig: Hotword present: %b, LP directory: %s
08-28 18:53:15.577 16353 16568 I .apps.wellbeing: AssetManager2(0xb40000721b838dd8) locale list changing from [] to [en-US]
08-28 18:53:15.581 16353 16568 I .apps.wellbeing: AssetManager2(0xb40000721b82eb58) locale list changing from [] to [en-US]
08-28 18:53:15.581 16453 16645 I native  : I0000 00:00:1756399995.581434   16645 enrollment_manager_impl.cc:455] UpdateConfigRequest with timeout: 0
08-28 18:53:15.583 16353 16568 I .apps.wellbeing: AssetManager2(0xb40000721b8326b8) locale list changing from [] to [en-US]
08-28 18:53:15.584 16353 16568 I .apps.wellbeing: AssetManager2(0xb40000721b82f198) locale list changing from [] to [en-US]
08-28 18:53:15.585 16353 16568 I .apps.wellbeing: AssetManager2(0xb40000721b82d898) locale list changing from [] to [en-US]
08-28 18:53:15.590 16453 16657 E SpeechMicro: Hotword model is single-channel neuralnet.
08-28 18:53:15.591 16453 16657 I native  : I0000 00:00:1756399995.591736   16657 enrollment_manager_impl.cc:1313] A valid TD-SID creator already exists. No need to re-create.
08-28 18:53:15.591 16453 16657 W native  : W0000 00:00:1756399995.591788   16657 language_pack_utils.cc:222] Neither language pack directory nor config file path is set.
08-28 18:53:15.591 16353 16568 I .apps.wellbeing: AssetManager2(0xb40000721b8310d8) locale list changing from [] to [en-US]
08-28 18:53:15.593 16353 16568 I .apps.wellbeing: AssetManager2(0xb40000721b82e518) locale list changing from [] to [en-US]
08-28 18:53:15.593 16453 16657 W native  : W0000 00:00:1756399995.591800   16657 enrollment_manager_impl_utils.cc:85] No standalone TI-SID pipeline config found:INVALID_ARGUMENT: Could not determine LP directory.
08-28 18:53:15.593 16453 16657 W native  : === Source Location Trace: ===
08-28 18:53:15.593 16453 16657 W native  : speech/soda/utils/language_pack_utils.cc:391
08-28 18:53:15.593 16453 16657 W native  : W0000 00:00:1756399995.593344   16657 enrollment_manager_impl.cc:1330] Could not determine TI-SID version:INVALID_ARGUMENT: No provided LP directory.
08-28 18:53:15.593 16453 16657 W native  : === Source Location Trace: ===
08-28 18:53:15.593 16453 16657 W native  : speech/soda/utils/language_pack_utils.cc:310
08-28 18:53:15.593 16453 16657 W native  : speech/soda/speaker_id/enrollment/enrollment_manager_impl_utils.cc:98
08-28 18:53:15.593 16453 16657 W native  : W0000 00:00:1756399995.593376   16657 language_pack_utils.cc:222] Neither language pack directory nor config file path is set.
08-28 18:53:15.593 16453 16657 W native  : W0000 00:00:1756399995.593384   16657 enrollment_manager_impl_utils.cc:85] No standalone TI-SID pipeline config found:INVALID_ARGUMENT: Could not determine LP directory.
08-28 18:53:15.593 16453 16657 W native  : === Source Location Trace: ===
08-28 18:53:15.593 16453 16657 W native  : speech/soda/utils/language_pack_utils.cc:391
08-28 18:53:15.593 16453 16657 W native  : W0000 00:00:1756399995.593392   16657 enrollment_manager_impl.cc:1349] Unable to select ASR config path: INVALID_ARGUMENT: No provided LP directory.
08-28 18:53:15.593 16453 16657 W native  : === Source Location Trace: ===
08-28 18:53:15.593 16453 16657 W native  : speech/soda/utils/language_pack_utils.cc:310
08-28 18:53:15.593 16453 16657 I native  : I0000 00:00:1756399995.593412   16657 enrollment_manager_impl.cc:1056] Attempting to insert stored TD-SID profiles into config.
08-28 18:53:15.593 16453 16657 I native  : I0000 00:00:1756399995.593534   16657 enrollment_manager_impl.cc:1080] Found 1 speakers with existing TDSID models.
08-28 18:53:15.594 16353 16568 I .apps.wellbeing: AssetManager2(0xb40000721b82faf8) locale list changing from [] to [en-US]
08-28 18:53:15.595 16353 16568 I .apps.wellbeing: AssetManager2(0xb40000721b831d58) locale list changing from [] to [en-US]
08-28 18:53:15.596 16353 16568 I .apps.wellbeing: AssetManager2(0xb40000721b82e1f8) locale list changing from [] to [en-US]
08-28 18:53:15.597 16353 16568 I .apps.wellbeing: AssetManager2(0xb40000721b82fe18) locale list changing from [] to [en-US]
08-28 18:53:15.598 16353 16568 I .apps.wellbeing: AssetManager2(0xb40000721b834918) locale list changing from [] to [en-US]
08-28 18:53:15.599 16353 16568 I .apps.wellbeing: AssetManager2(0xb40000721b82f4b8) locale list changing from [] to [en-US]
08-28 18:53:15.600 16353 16568 I .apps.wellbeing: AssetManager2(0xb40000721b830138) locale list changing from [] to [en-US]
08-28 18:53:15.600  1599  1692 W ServiceManagerCppClient: Waited one second for stats (is service started? Number of threads started in the threadpool: 6. Are binder threads started and available?)
08-28 18:53:15.601 16453 16657 E SpeechMicro: Hotword model is single-channel neuralnet.
08-28 18:53:15.601 16453 16657 I native  : I0000 00:00:1756399995.601905   16657 enrollment_manager_impl.cc:1096] Found valid TDSID profile for user: 0
08-28 18:53:15.601 16353 16568 I .apps.wellbeing: AssetManager2(0xb40000721b82dbb8) locale list changing from [] to [en-US]
08-28 18:53:15.602  2387  3412 W ServiceManagerCppClient: Waited one second for stats (is service started? Number of threads started in the threadpool: 32. Are binder threads started and available?)
08-28 18:53:15.602 16453 16657 I native  : I0000 00:00:1756399995.602277   16657 enrollment_manager_impl.cc:1418] Retrieved stored TDSID models. Speakers requiring re-training:0
08-28 18:53:15.602 16453 16657 I native  : I0000 00:00:1756399995.602310   16657 enrollment_manager_impl.cc:1129] Attempting to insert stored TI-SID profiles into config.
08-28 18:53:15.602 16453 16657 E native  : E0000 00:00:1756399995.602368   16657 enrollment_storage.cc:177] Failed to read model:NOT_FOUND: Speaker does not have TISID model [type.googleapis.com/speech.soda.speaker_id.ReadModelStatus='\x08\x12']
08-28 18:53:15.602 16453 16657 E native  : === Source Location Trace: ===
08-28 18:53:15.602 16453 16657 E native  : speech/soda/speaker_id/enrollment/enrollment_storage.cc:228
08-28 18:53:15.602 16453 16657 I native  : I0000 00:00:1756399995.602386   16657 enrollment_manager_impl.cc:1154] Found 0 speakers with existing TI-SID models.
08-28 18:53:15.602 16453 16657 W native  : W0000 00:00:1756399995.602571   16657 enrollment_manager_impl.cc:1186] No valid TI-SID models found.
08-28 18:53:15.602 16453 16657 I native  : I0000 00:00:1756399995.602585   16657 enrollment_manager_impl.cc:1431] Retrieved stored TISID models. Speakers requiring re-training:0
08-28 18:53:15.602 16453 16657 E native  : E0000 00:00:1756399995.602626   16657 enrollment_storage.cc:177] Failed to read model:NOT_FOUND: Speaker does not have Server TISID voiceprint [type.googleapis.com/speech.soda.speaker_id.ReadModelStatus='\x08\x14']
08-28 18:53:15.602 16453 16657 E native  : === Source Location Trace: ===
08-28 18:53:15.602 16453 16657 E native  : speech/soda/speaker_id/enrollment/enrollment_storage.cc:228
08-28 18:53:15.602 16453 16657 I native  : I0000 00:00:1756399995.602646   16657 enrollment_manager_impl.cc:1441] Retrieved Server TISID models. 
08-28 18:53:15.602   682 18783 W libc    : Unable to set property "ctl.interface_start" to "aidl/stats": PROP_ERROR_HANDLE_CONTROL_MESSAGE (0x20)
08-28 18:53:15.603 16453 16657 I native  : I0000 00:00:1756399995.603676   16657 enrollment_manager_impl.cc:468] Invoking listeners with updated speaker profiles.
08-28 18:53:15.603  2117 14751 W ServiceManagerCppClient: Waited one second for stats (is service started? Number of threads started in the threadpool: 17. Are binder threads started and available?)
08-28 18:53:15.604 16353 16568 I .apps.wellbeing: AssetManager2(0xb40000721b833018) locale list changing from [] to [en-US]
08-28 18:53:15.604 16453 16645 I A       : (REDACTED) handleResponse for  %s user(s)
08-28 18:53:15.604   682 18784 W libc    : Unable to set property "ctl.interface_start" to "aidl/stats": PROP_ERROR_HANDLE_CONTROL_MESSAGE (0x20)
08-28 18:53:15.604 16453 16645 I A       : (REDACTED) Found SodaVmmmClassicWriter. Preparing to propagate model update for status: %s
08-28 18:53:15.604 16453 16645 I A       : Skipping model update propagation to SodaVmmmClassicWriter since speaker model did not change.
08-28 18:53:15.605 16453 16645 I A       : #handleModelUpdate
08-28 18:53:15.605 16453 16645 I A       : (REDACTED) # of TDSID models received: %s
08-28 18:53:15.605 16453 16645 I A       : (REDACTED) Size of TI-SID model bytestring received: %s
08-28 18:53:15.605 16453 16645 I A       : (REDACTED) # of Server TI-SID voiceprints received: %s
08-28 18:53:15.605 16453 16645 I A       : getHotwordSpeakerIdModels
08-28 18:53:15.605 16453 16645 I cplk    : (REDACTED) Returning SpeakerIdModel: %s bytes
08-28 18:53:15.605 16453 16630 I cplk    : #initialize
08-28 18:53:15.605 16453 16645 I edej    : (REDACTED) [%s] SRM initial state for TD-SID: '%s'
08-28 18:53:15.605 16353 16568 I .apps.wellbeing: AssetManager2(0xb40000721b833658) locale list changing from [] to [en-US]
08-28 18:53:15.606  5606  6411 I edey    : (REDACTED) <<< [%s] Reading SodaResourceManager message with initial resourceIds: '%s.'
08-28 18:53:15.606  5606  6411 I edey    : (REDACTED) <<< [%s] SodaResourceManager session emitted all requested resources: %s. Ok to terminate.
08-28 18:53:15.606  5606  6411 I edey    : (REDACTED) <<< [%s] Reading SodaResourceManager message with initial resourceIds: '%s.'
08-28 18:53:15.607  5606  6411 I edey    : (REDACTED) <<< [%s] SodaResourceManager session emitted all requested resources: %s. Ok to terminate.
08-28 18:53:15.607  5606  6411 I edey    : (REDACTED) <<< [%s] Reading SodaResourceManager message with initial resourceIds: '%s.'
08-28 18:53:15.607  5606  6411 I edey    : (REDACTED) <<< [%s] SodaResourceManager session emitted all requested resources: %s. Ok to terminate.
08-28 18:53:15.607  5606  6411 I edey    : (REDACTED) <<< [%s] Reading SodaResourceManager message with initial resourceIds: '%s.'
