08-28 18:53:15.607  5606  6411 I edey    : (REDACTED) <<< [%s] SodaResourceManager session emitted all requested resources: %s. Ok to terminate.
08-28 18:53:15.608 16353 16568 I .apps.wellbeing: AssetManager2(0xb40000721b832cf8) locale list changing from [] to [en-US]
08-28 18:53:15.608   682 18785 W libc    : Unable to set property "ctl.interface_start" to "aidl/stats": PROP_ERROR_HANDLE_CONTROL_MESSAGE (0x20)
08-28 18:53:15.610 16353 16568 I .apps.wellbeing: AssetManager2(0xb40000721b82cf38) locale list changing from [] to [en-US]
08-28 18:53:15.611  5606  6411 I edey    : (REDACTED) <<< [%s] Reading SodaResourceManager message with initial resourceIds: '%s.'
08-28 18:53:15.611 16353 16568 I .apps.wellbeing: AssetManager2(0xb40000721b82ee78) locale list changing from [] to [en-US]
08-28 18:53:15.611  5606  6411 I edey    : (REDACTED) <<< [%s] SodaResourceManager session emitted all requested resources: %s. Ok to terminate.
08-28 18:53:15.613 16353 16568 I .apps.wellbeing: AssetManager2(0xb40000721b82aff8) locale list changing from [] to [en-US]
08-28 18:53:15.617 16353 16568 I .apps.wellbeing: AssetManager2(0xb40000721b82e838) locale list changing from [] to [en-US]
08-28 18:53:15.618 16353 16568 I .apps.wellbeing: AssetManager2(0xb40000721b833c98) locale list changing from [] to [en-US]
08-28 18:53:15.621 16353 16568 I .apps.wellbeing: AssetManager2(0xb40000721b830a98) locale list changing from [] to [en-US]
08-28 18:53:15.623 16353 16568 I .apps.wellbeing: AssetManager2(0xb40000721b82a058) locale list changing from [] to [en-US]
08-28 18:53:15.625 16353 16568 I .apps.wellbeing: AssetManager2(0xb40000721b828d98) locale list changing from [] to [en-US]
08-28 18:53:15.627 16353 16568 I .apps.wellbeing: AssetManager2(0xb40000721b827178) locale list changing from [] to [en-US]
08-28 18:53:15.628 16353 16568 I .apps.wellbeing: AssetManager2(0xb40000721b8293d8) locale list changing from [] to [en-US]
08-28 18:53:15.630 16353 16568 I .apps.wellbeing: AssetManager2(0xb40000721b82a698) locale list changing from [] to [en-US]
08-28 18:53:15.631 16353 16568 I .apps.wellbeing: AssetManager2(0xb40000721b828118) locale list changing from [] to [en-US]
08-28 18:53:15.634 16453 16620 I cplk    : Didn't find an initialized EnrollmentManager. Updating config.
08-28 18:53:15.634 16453 16620 I A       : (REDACTED) updateConfig: Hotword present: %b, LP directory: %s
08-28 18:53:15.636 16453 16646 I native  : I0000 00:00:1756399995.636785   16646 enrollment_manager_impl.cc:455] UpdateConfigRequest with timeout: 0
08-28 18:53:15.643 16353 16568 I .apps.wellbeing: AssetManager2(0xb40000721b82b958) locale list changing from [] to [en-US]
08-28 18:53:15.649 16453 16657 E SpeechMicro: Hotword model is single-channel neuralnet.
08-28 18:53:15.650 16453 16657 I native  : I0000 00:00:1756399995.650224   16657 enrollment_manager_impl.cc:1313] A valid TD-SID creator already exists. No need to re-create.
08-28 18:53:15.650 16453 16657 I native  : I0000 00:00:1756399995.650340   16657 enrollment_manager_impl_utils.cc:81] Using standalone TI-SID pipeline config:/product/usr/srec/en-US/configs/ONDEVICE_MEDIUM_VOICE_MATCH.config
08-28 18:53:15.650 16453 16657 I native  : I0000 00:00:1756399995.650449   16657 enrollment_manager_impl.cc:1333] A valid TI-SID creator already exists. No need to re-create.
08-28 18:53:15.650 16453 16657 I native  : I0000 00:00:1756399995.650488   16657 enrollment_manager_impl_utils.cc:81] Using standalone TI-SID pipeline config:/product/usr/srec/en-US/configs/ONDEVICE_MEDIUM_VOICE_MATCH.config
08-28 18:53:15.650 16453 16657 I native  : I0000 00:00:1756399995.650506   16657 enrollment_manager_impl.cc:1056] Attempting to insert stored TD-SID profiles into config.
08-28 18:53:15.650 16453 16657 I native  : I0000 00:00:1756399995.650583   16657 enrollment_manager_impl.cc:1080] Found 1 speakers with existing TDSID models.
08-28 18:53:15.656 16353 16568 I .apps.wellbeing: AssetManager2(0xb40000721b826b38) locale list changing from [] to [en-US]
08-28 18:53:15.658 16453 16657 E SpeechMicro: Hotword model is single-channel neuralnet.
08-28 18:53:15.658 16453 16657 I native  : I0000 00:00:1756399995.658726   16657 enrollment_manager_impl.cc:1096] Found valid TDSID profile for user: 0
08-28 18:53:15.659 16453 16657 I native  : I0000 00:00:1756399995.659110   16657 enrollment_manager_impl.cc:1418] Retrieved stored TDSID models. Speakers requiring re-training:0
08-28 18:53:15.659 16453 16657 I native  : I0000 00:00:1756399995.659140   16657 enrollment_manager_impl.cc:1129] Attempting to insert stored TI-SID profiles into config.
08-28 18:53:15.659 16453 16657 E native  : E0000 00:00:1756399995.659203   16657 enrollment_storage.cc:177] Failed to read model:NOT_FOUND: Speaker does not have TISID model [type.googleapis.com/speech.soda.speaker_id.ReadModelStatus='\x08\x12']
08-28 18:53:15.659 16453 16657 E native  : === Source Location Trace: ===
08-28 18:53:15.659 16453 16657 E native  : speech/soda/speaker_id/enrollment/enrollment_storage.cc:228
08-28 18:53:15.659 16453 16657 I native  : I0000 00:00:1756399995.659220   16657 enrollment_manager_impl.cc:1154] Found 0 speakers with existing TI-SID models.
08-28 18:53:15.659 16453 16657 W native  : W0000 00:00:1756399995.659415   16657 enrollment_manager_impl.cc:1186] No valid TI-SID models found.
08-28 18:53:15.659 16453 16657 I native  : I0000 00:00:1756399995.659428   16657 enrollment_manager_impl.cc:1431] Retrieved stored TISID models. Speakers requiring re-training:0
08-28 18:53:15.659 16453 16657 E native  : E0000 00:00:1756399995.659469   16657 enrollment_storage.cc:177] Failed to read model:NOT_FOUND: Speaker does not have Server TISID voiceprint [type.googleapis.com/speech.soda.speaker_id.ReadModelStatus='\x08\x14']
08-28 18:53:15.659 16453 16657 E native  : === Source Location Trace: ===
08-28 18:53:15.659 16453 16657 E native  : speech/soda/speaker_id/enrollment/enrollment_storage.cc:228
08-28 18:53:15.659 16453 16657 I native  : I0000 00:00:1756399995.659481   16657 enrollment_manager_impl.cc:1441] Retrieved Server TISID models. 
08-28 18:53:15.660 16453 16657 I native  : I0000 00:00:1756399995.660429   16657 enrollment_manager_impl.cc:468] Invoking listeners with updated speaker profiles.
08-28 18:53:15.661 16453 16646 I A       : (REDACTED) handleResponse for  %s user(s)
08-28 18:53:15.661 16453 16646 I A       : (REDACTED) Found SodaVmmmClassicWriter. Preparing to propagate model update for status: %s
08-28 18:53:15.661 16453 16646 I A       : Skipping model update propagation to SodaVmmmClassicWriter since speaker model did not change.
08-28 18:53:15.661 16453 16646 I A       : #handleModelUpdate
08-28 18:53:15.661 16453 16646 I A       : (REDACTED) # of TDSID models received: %s
08-28 18:53:15.661 16453 16646 I A       : (REDACTED) Size of TI-SID model bytestring received: %s
08-28 18:53:15.661 16453 16646 I A       : (REDACTED) # of Server TI-SID voiceprints received: %s
08-28 18:53:15.661 16453 16646 I A       : getHotwordSpeakerIdModels
08-28 18:53:15.661 16453 16646 I cplk    : (REDACTED) Returning SpeakerIdModel: %s bytes
08-28 18:53:15.662 16453 16630 I edbk    : (REDACTED) [%s] Writing SpeakerId model with size %d
08-28 18:53:15.662 16453 16645 I cplk    : #getTdsidModel
08-28 18:53:15.662 16453 16645 I cplk    : #initialize
08-28 18:53:15.667 16453 16625 I cplk    : Didn't find an initialized EnrollmentManager. Updating config.
08-28 18:53:15.667 16453 16625 I A       : (REDACTED) updateConfig: Hotword present: %b, LP directory: %s
08-28 18:53:15.670 16453 16645 I native  : I0000 00:00:1756399995.670401   16645 enrollment_manager_impl.cc:455] UpdateConfigRequest with timeout: 0
08-28 18:53:15.673  5606  6419 I edey    : (REDACTED) <<< [%s] Reading SodaResourceManager message with updated resourceIds: %s. Total set: %s
08-28 18:53:15.673  5606  6419 I edey    : (REDACTED) <<< [%s] SodaResourceManager session emitted all requested resources: %s. Ok to terminate.
08-28 18:53:15.675 16353 16568 I .apps.wellbeing: AssetManager2(0xb40000721b825eb8) locale list changing from [] to [en-US]
08-28 18:53:15.693 16453 16645 I edbk    : (REDACTED) [%s] All resources wrote to PDS and notified client.
08-28 18:53:15.693 16453 16645 I edbk    : (REDACTED) [%s] hotwordLatency: %d, tdsidLatency: %d, All resources latency: %d
08-28 18:53:15.694 16453 16638 I edfk    : (REDACTED) [%s] Returning ResourceResponse.
08-28 18:53:15.695 16453 16657 E SpeechMicro: Hotword model is single-channel neuralnet.
08-28 18:53:15.696  5606  6418 I edey    : (REDACTED) [%s] SRM session terminated after all resources accounted for: %s.
08-28 18:53:15.698 16453 16657 I native  : I0000 00:00:1756399995.698576   16657 enrollment_manager_impl.cc:1313] A valid TD-SID creator already exists. No need to re-create.
08-28 18:53:15.698 16453 16657 I native  : I0000 00:00:1756399995.698805   16657 enrollment_manager_impl_utils.cc:81] Using standalone TI-SID pipeline config:/product/usr/srec/en-US/configs/ONDEVICE_MEDIUM_VOICE_MATCH.config
08-28 18:53:15.699 16453 16657 I native  : I0000 00:00:1756399995.699058   16657 enrollment_manager_impl.cc:1333] A valid TI-SID creator already exists. No need to re-create.
08-28 18:53:15.699 16453 16657 I native  : I0000 00:00:1756399995.699121   16657 enrollment_manager_impl_utils.cc:81] Using standalone TI-SID pipeline config:/product/usr/srec/en-US/configs/ONDEVICE_MEDIUM_VOICE_MATCH.config
08-28 18:53:15.699 16453 16657 I native  : I0000 00:00:1756399995.699144   16657 enrollment_manager_impl.cc:1056] Attempting to insert stored TD-SID profiles into config.
08-28 18:53:15.699 16453 16657 I native  : I0000 00:00:1756399995.699238   16657 enrollment_manager_impl.cc:1080] Found 1 speakers with existing TDSID models.
08-28 18:53:15.700  5606  6303 I eclt    : #updateSodaResourcesWithoutReload
08-28 18:53:15.700  5606  6482 I eclt    : #updateSodaResourcesWithoutReload inside sequencer
08-28 18:53:15.703  5606  6412 I eclt    : #checkAsrCompatibility inside sequencer
08-28 18:53:15.703  5606  6412 I eclt    : (REDACTED) #checkAsrCompatibility initializing Soda. Locale: %s. Expected LP version: %d
08-28 18:53:15.703  5606  6412 I eclt    : (REDACTED) Soda cache directory: %s
08-28 18:53:15.703  5606  6412 I eclt    : Hotmatch disabled: flag not enabled
08-28 18:53:15.703  5606  6412 I eczg    : SODA instance exists and matches params. Updating callbacks and returning preloaded instance.
08-28 18:53:15.703  5606  6412 I eclt    : #checkAsrCompatibility successful!
08-28 18:53:15.703  5606  6412 I ecmt    : Compatcheck success for background update.
08-28 18:53:15.703  5606  6412 I eclt    : #backgroundUpdate
08-28 18:53:15.703  5606  6303 I eclt    : #backgroundUpdate inside sequencer
08-28 18:53:15.703  5606  6483 I eclt    : #backgroundUpdate using the existing ASR soda instance.
08-28 18:53:15.704  5606  6483 I native  : I0000 00:00:1756399995.704465    6483 context-module-impl.cc:801] Update context input. (Proto:MessageLite at 0xb4000072fbae1e40)
08-28 18:53:15.704  5606  6483 I native  : I0000 00:00:1756399995.704575    6483 context-module-impl.cc:808] Update context input for public scope. (Proto:MessageLite at 0xb4000072fbae1e40)
08-28 18:53:15.704  5606  6483 I ecmt    : #backgroundBiasingUpdate succeeded.
08-28 18:53:15.705  5606  6412 I dyhw    : (REDACTED) AppFlow %s is about to be transmitted
08-28 18:53:15.705  5606  6419 I dsue    : (REDACTED) Sending speech biasing context update to SODA with locale %s. %s
08-28 18:53:15.705  5606  6412 I eclt    : #checkAsrCompatibility inside sequencer
08-28 18:53:15.705  5606  6412 I eclt    : (REDACTED) #checkAsrCompatibility initializing Soda. Locale: %s. Expected LP version: %d
08-28 18:53:15.705  5606  6412 I eclt    : (REDACTED) Soda cache directory: %s
08-28 18:53:15.705  5606  6412 I eclt    : Hotmatch disabled: flag not enabled
08-28 18:53:15.705  5606  6412 I eczg    : SODA instance exists and matches params. Updating callbacks and returning preloaded instance.
08-28 18:53:15.705  5606  6412 I eclt    : #checkAsrCompatibility successful!
08-28 18:53:15.706  5606  6413 I arho    : #getOobeStatus: OptedIn [CONTEXT ratelimit_period="10 SECONDS" skipped=5 ]
08-28 18:53:15.706  5606  6483 I ecmt    : Compatcheck success for background update.
08-28 18:53:15.706  5606  6483 I eclt    : #backgroundUpdate
08-28 18:53:15.706  5606  6482 I ecmt    : (REDACTED) #getSodaAsrUpdateRequest inserting app domain: %s
08-28 18:53:15.706  5606  6483 I eclt    : #backgroundUpdate inside sequencer
08-28 18:53:15.706  5606  6483 I eclt    : #backgroundUpdate using the existing ASR soda instance.
08-28 18:53:15.706  5606  6483 I native  : I0000 00:00:1756399995.706686    6483 context-module-impl.cc:801] Update context input. (Proto:MessageLite at 0xb4000072fbae2380)
08-28 18:53:15.706  5606  6483 I native  : I0000 00:00:1756399995.706788    6483 context-module-impl.cc:808] Update context input for public scope. (Proto:MessageLite at 0xb4000072fbae2380)
08-28 18:53:15.706  5606  6483 I ecmt    : #backgroundBiasingUpdate succeeded.
08-28 18:53:15.707 16453 16657 E SpeechMicro: Hotword model is single-channel neuralnet.
08-28 18:53:15.707  5606  6412 I eclt    : #checkAsrCompatibility inside sequencer
08-28 18:53:15.707 16453 16657 I native  : I0000 00:00:1756399995.707798   16657 enrollment_manager_impl.cc:1096] Found valid TDSID profile for user: 0
08-28 18:53:15.707  5606  6412 I eclt    : (REDACTED) #checkAsrCompatibility initializing Soda. Locale: %s. Expected LP version: %d
08-28 18:53:15.707  5606  6412 I eclt    : (REDACTED) Soda cache directory: %s
08-28 18:53:15.707  5606  6411 I dsue    : (REDACTED) Sending speech biasing context update to SODA with locale %s. %s
08-28 18:53:15.707  5606  6412 I eclt    : Hotmatch disabled: flag not enabled
08-28 18:53:15.707  5606  6412 I eczg    : SODA instance exists and matches params. Updating callbacks and returning preloaded instance.
08-28 18:53:15.708  5606  6412 I eclt    : #checkAsrCompatibility successful!
08-28 18:53:15.708 16453 16657 I native  : I0000 00:00:1756399995.708191   16657 enrollment_manager_impl.cc:1418] Retrieved stored TDSID models. Speakers requiring re-training:0
08-28 18:53:15.708 16453 16657 I native  : I0000 00:00:1756399995.708220   16657 enrollment_manager_impl.cc:1129] Attempting to insert stored TI-SID profiles into config.
08-28 18:53:15.708 16453 16657 E native  : E0000 00:00:1756399995.708286   16657 enrollment_storage.cc:177] Failed to read model:NOT_FOUND: Speaker does not have TISID model [type.googleapis.com/speech.soda.speaker_id.ReadModelStatus='\x08\x12']
08-28 18:53:15.708 16453 16657 E native  : === Source Location Trace: ===
08-28 18:53:15.708 16453 16657 E native  : speech/soda/speaker_id/enrollment/enrollment_storage.cc:228
08-28 18:53:15.708 16453 16657 I native  : I0000 00:00:1756399995.708304   16657 enrollment_manager_impl.cc:1154] Found 0 speakers with existing TI-SID models.
08-28 18:53:15.708 16453 16657 W native  : W0000 00:00:1756399995.708504   16657 enrollment_manager_impl.cc:1186] No valid TI-SID models found.
08-28 18:53:15.708 16453 16657 I native  : I0000 00:00:1756399995.708517   16657 enrollment_manager_impl.cc:1431] Retrieved stored TISID models. Speakers requiring re-training:0
08-28 18:53:15.708 16453 16657 E native  : E0000 00:00:1756399995.708559   16657 enrollment_storage.cc:177] Failed to read model:NOT_FOUND: Speaker does not have Server TISID voiceprint [type.googleapis.com/speech.soda.speaker_id.ReadModelStatus='\x08\x14']
08-28 18:53:15.708 16453 16657 E native  : === Source Location Trace: ===
08-28 18:53:15.708 16453 16657 E native  : speech/soda/speaker_id/enrollment/enrollment_storage.cc:228
08-28 18:53:15.708 16453 16657 I native  : I0000 00:00:1756399995.708570   16657 enrollment_manager_impl.cc:1441] Retrieved Server TISID models. 
08-28 18:53:15.709 16453 16657 I native  : I0000 00:00:1756399995.709675   16657 enrollment_manager_impl.cc:468] Invoking listeners with updated speaker profiles.
08-28 18:53:15.710  5606  6323 I ecmt    : Compatcheck success for background update.
08-28 18:53:15.710  5606  6323 I eclt    : #backgroundUpdate
08-28 18:53:15.710  5606  6412 I eclt    : #backgroundUpdate inside sequencer
08-28 18:53:15.710  5606  6323 I eclt    : #backgroundUpdate using the existing ASR soda instance.
08-28 18:53:15.710 16453 16630 I A       : (REDACTED) handleResponse for  %s user(s)
08-28 18:53:15.710 16453 16630 I A       : (REDACTED) Found SodaVmmmClassicWriter. Preparing to propagate model update for status: %s
08-28 18:53:15.710 16453 16630 I A       : Skipping model update propagation to SodaVmmmClassicWriter since speaker model did not change.
08-28 18:53:15.710  5606  6323 I ecmt    : #backgroundBiasingUpdate succeeded.
08-28 18:53:15.710 16453 16630 I A       : #handleModelUpdate
08-28 18:53:15.711 16453 16630 I A       : (REDACTED) # of TDSID models received: %s
08-28 18:53:15.711 16453 16630 I A       : (REDACTED) Size of TI-SID model bytestring received: %s
08-28 18:53:15.711 16453 16630 I A       : (REDACTED) # of Server TI-SID voiceprints received: %s
08-28 18:53:15.711 16453 16630 I A       : getHotwordSpeakerIdModels
08-28 18:53:15.711 16453 16630 I cplk    : (REDACTED) Returning SpeakerIdModel: %s bytes
08-28 18:53:15.711  5606  6419 I dsue    : (REDACTED) SODA speech biasing context update for %s is complete. %s
08-28 18:53:15.711 16453 16630 I cplk    : #getTdsidModel
08-28 18:53:15.711 16453 16630 I cplk    : #initialize
08-28 18:53:15.712 16453 16638 I cplk    : Didn't find an initialized EnrollmentManager. Updating config.
08-28 18:53:15.712 16453 16638 I A       : (REDACTED) updateConfig: Hotword present: %b, LP directory: %s
08-28 18:53:15.712  5606  6419 I dstp    : (REDACTED) Successfully scheduled context update for key: %s for %s.
08-28 18:53:15.715 16353 16568 I .apps.wellbeing: AssetManager2(0xb40000721b826b38) locale list changing from [] to [en-US]
08-28 18:53:15.715 16453 16634 I native  : I0000 00:00:1756399995.715830   16634 enrollment_manager_impl.cc:455] UpdateConfigRequest with timeout: 0
08-28 18:53:15.719  5606  6482 I ecmt    : (REDACTED) #getSodaAsrUpdateRequest inserting app domain: %s
08-28 18:53:15.720  5606  6323 I eclt    : #checkAsrCompatibility inside sequencer
08-28 18:53:15.720  5606  6323 I eclt    : (REDACTED) #checkAsrCompatibility initializing Soda. Locale: %s. Expected LP version: %d
08-28 18:53:15.720  5606  6323 I eclt    : (REDACTED) Soda cache directory: %s
08-28 18:53:15.720  5606  6323 I eclt    : Hotmatch disabled: flag not enabled
08-28 18:53:15.720  5606  6323 I eczg    : SODA instance exists and matches params. Updating callbacks and returning preloaded instance.
08-28 18:53:15.720  5606  6323 I eclt    : #checkAsrCompatibility successful!
08-28 18:53:15.721  5606  6323 I ecmt    : Compatcheck success for background update.
08-28 18:53:15.721  5606  6323 I eclt    : #backgroundUpdate
08-28 18:53:15.721  5606  6323 I eclt    : #backgroundUpdate inside sequencer
08-28 18:53:15.721  5606  6412 I eclt    : #backgroundUpdate using the existing ASR soda instance.
08-28 18:53:15.721  5606  6412 I ecmt    : #backgroundBiasingUpdate succeeded.
08-28 18:53:15.722  5606  6482 I dsue    : (REDACTED) SODA speech biasing context update for %s is complete. %s
08-28 18:53:15.722  5606  6482 I dstp    : (REDACTED) Successfully scheduled context update for key: %s for %s.
08-28 18:53:15.723 16353 16568 I .apps.wellbeing: AssetManager2(0xb40000721b82b958) locale list changing from [] to [en-US]
08-28 18:53:15.724 16353 16568 I .apps.wellbeing: AssetManager2(0xb40000721b82c8f8) locale list changing from [] to [en-US]
08-28 18:53:15.725 16353 16568 I .apps.wellbeing: AssetManager2(0xb40000721b828118) locale list changing from [] to [en-US]
08-28 18:53:15.727 16353 16568 I .apps.wellbeing: AssetManager2(0xb40000721b82a698) locale list changing from [] to [en-US]
08-28 18:53:15.729 16353 16568 I .apps.wellbeing: AssetManager2(0xb40000721b8261d8) locale list changing from [] to [en-US]
08-28 18:53:15.731 16353 16568 I .apps.wellbeing: AssetManager2(0xb40000721b827178) locale list changing from [] to [en-US]
08-28 18:53:15.731 16453 16657 E SpeechMicro: Hotword model is single-channel neuralnet.
08-28 18:53:15.732 16453 16657 I native  : I0000 00:00:1756399995.732111   16657 enrollment_manager_impl.cc:1313] A valid TD-SID creator already exists. No need to re-create.
08-28 18:53:15.732 16453 16657 I native  : I0000 00:00:1756399995.732201   16657 enrollment_manager_impl_utils.cc:81] Using standalone TI-SID pipeline config:/product/usr/srec/en-US/configs/ONDEVICE_MEDIUM_VOICE_MATCH.config
08-28 18:53:15.732 16453 16657 I native  : I0000 00:00:1756399995.732297   16657 enrollment_manager_impl.cc:1333] A valid TI-SID creator already exists. No need to re-create.
08-28 18:53:15.732 16453 16657 I native  : I0000 00:00:1756399995.732330   16657 enrollment_manager_impl_utils.cc:81] Using standalone TI-SID pipeline config:/product/usr/srec/en-US/configs/ONDEVICE_MEDIUM_VOICE_MATCH.config
08-28 18:53:15.732 16453 16657 I native  : I0000 00:00:1756399995.732346   16657 enrollment_manager_impl.cc:1056] Attempting to insert stored TD-SID profiles into config.
08-28 18:53:15.732 16453 16657 I native  : I0000 00:00:1756399995.732415   16657 enrollment_manager_impl.cc:1080] Found 1 speakers with existing TDSID models.
08-28 18:53:15.732 16353 16568 I .apps.wellbeing: AssetManager2(0xb40000721b8290b8) locale list changing from [] to [en-US]
08-28 18:53:15.733 16353 16568 I .apps.wellbeing: AssetManager2(0xb40000721b828d98) locale list changing from [] to [en-US]
08-28 18:53:15.734  5606  6303 I dyhw    : (REDACTED) AppFlow %s is about to be transmitted
08-28 18:53:15.736 16353 16568 I .apps.wellbeing: AssetManager2(0xb40000721b82a058) locale list changing from [] to [en-US]
08-28 18:53:15.737  5606  6303 I dyhw    : (REDACTED) AppFlow %s is about to be transmitted
08-28 18:53:15.737  5606  6303 I dyhw    : (REDACTED) AppFlow %s is about to be transmitted
08-28 18:53:15.737  5606  6303 I dyhw    : (REDACTED) AppFlow %s is about to be transmitted
08-28 18:53:15.737  5606  6303 I dyhw    : (REDACTED) AppFlow %s is about to be transmitted
08-28 18:53:15.740 16453 16657 E SpeechMicro: Hotword model is single-channel neuralnet.
08-28 18:53:15.740 16453 16657 I native  : I0000 00:00:1756399995.740428   16657 enrollment_manager_impl.cc:1096] Found valid TDSID profile for user: 0
08-28 18:53:15.740 16453 16657 I native  : I0000 00:00:1756399995.740781   16657 enrollment_manager_impl.cc:1418] Retrieved stored TDSID models. Speakers requiring re-training:0
08-28 18:53:15.740 16453 16657 I native  : I0000 00:00:1756399995.740810   16657 enrollment_manager_impl.cc:1129] Attempting to insert stored TI-SID profiles into config.
08-28 18:53:15.740 16453 16657 E native  : E0000 00:00:1756399995.740904   16657 enrollment_storage.cc:177] Failed to read model:NOT_FOUND: Speaker does not have TISID model [type.googleapis.com/speech.soda.speaker_id.ReadModelStatus='\x08\x12']
08-28 18:53:15.740 16453 16657 E native  : === Source Location Trace: ===
08-28 18:53:15.740 16453 16657 E native  : speech/soda/speaker_id/enrollment/enrollment_storage.cc:228
08-28 18:53:15.740 16453 16657 I native  : I0000 00:00:1756399995.740926   16657 enrollment_manager_impl.cc:1154] Found 0 speakers with existing TI-SID models.
08-28 18:53:15.741 16453 16657 W native  : W0000 00:00:1756399995.741120   16657 enrollment_manager_impl.cc:1186] No valid TI-SID models found.
08-28 18:53:15.741 16453 16657 I native  : I0000 00:00:1756399995.741134   16657 enrollment_manager_impl.cc:1431] Retrieved stored TISID models. Speakers requiring re-training:0
08-28 18:53:15.741 16453 16657 E native  : E0000 00:00:1756399995.741175   16657 enrollment_storage.cc:177] Failed to read model:NOT_FOUND: Speaker does not have Server TISID voiceprint [type.googleapis.com/speech.soda.speaker_id.ReadModelStatus='\x08\x14']
08-28 18:53:15.741 16453 16657 E native  : === Source Location Trace: ===
08-28 18:53:15.741 16453 16657 E native  : speech/soda/speaker_id/enrollment/enrollment_storage.cc:228
08-28 18:53:15.741 16453 16657 I native  : I0000 00:00:1756399995.741187   16657 enrollment_manager_impl.cc:1441] Retrieved Server TISID models. 
08-28 18:53:15.742 16453 16657 I native  : I0000 00:00:1756399995.742159   16657 enrollment_manager_impl.cc:468] Invoking listeners with updated speaker profiles.
08-28 18:53:15.742 16353 16568 I .apps.wellbeing: AssetManager2(0xb40000721b827df8) locale list changing from [] to [en-US]
08-28 18:53:15.743 16453 16634 I A       : (REDACTED) handleResponse for  %s user(s)
08-28 18:53:15.744 16453 16634 I A       : (REDACTED) Found SodaVmmmClassicWriter. Preparing to propagate model update for status: %s
08-28 18:53:15.744 16453 16634 I A       : Skipping model update propagation to SodaVmmmClassicWriter since speaker model did not change.
08-28 18:53:15.744 16453 16634 I A       : #handleModelUpdate
08-28 18:53:15.744 16453 16634 I A       : (REDACTED) # of TDSID models received: %s
08-28 18:53:15.744 16453 16634 I A       : (REDACTED) Size of TI-SID model bytestring received: %s
08-28 18:53:15.744 16453 16634 I A       : (REDACTED) # of Server TI-SID voiceprints received: %s
08-28 18:53:15.744 16453 16634 I A       : getHotwordSpeakerIdModels
08-28 18:53:15.744 16453 16634 I cplk    : (REDACTED) Returning SpeakerIdModel: %s bytes
08-28 18:53:15.744 16453 16634 I edej    : (REDACTED) [%s] Tdsid model remains the same. Skipping callback(s).
08-28 18:53:15.746 16353 16568 I .apps.wellbeing: AssetManager2(0xb40000721b832078) locale list changing from [] to [en-US]
08-28 18:53:15.748 16353 16568 I .apps.wellbeing: AssetManager2(0xb40000721b830778) locale list changing from [] to [en-US]
08-28 18:53:15.749 16353 16568 I .apps.wellbeing: AssetManager2(0xb40000721b830a98) locale list changing from [] to [en-US]
08-28 18:53:15.750 16353 16568 I .apps.wellbeing: AssetManager2(0xb40000721b82f7d8) locale list changing from [] to [en-US]
08-28 18:53:15.751 16353 16568 I .apps.wellbeing: AssetManager2(0xb40000721b833fb8) locale list changing from [] to [en-US]
08-28 18:53:15.752 16353 16568 I .apps.wellbeing: AssetManager2(0xb40000721b833c98) locale list changing from [] to [en-US]
08-28 18:53:15.754 16353 16568 I .apps.wellbeing: AssetManager2(0xb40000721b82e838) locale list changing from [] to [en-US]
08-28 18:53:15.755 16353 16568 I .apps.wellbeing: AssetManager2(0xb40000721b828438) locale list changing from [] to [en-US]
08-28 18:53:15.756 16353 16568 I .apps.wellbeing: AssetManager2(0xb40000721b82ee78) locale list changing from [] to [en-US]
08-28 18:53:15.760 16353 16568 I .apps.wellbeing: AssetManager2(0xb40000721b82ded8) locale list changing from [] to [en-US]
08-28 18:53:15.761 16353 16568 I .apps.wellbeing: AssetManager2(0xb40000721b831a38) locale list changing from [] to [en-US]
08-28 18:53:15.762 16353 16568 I .apps.wellbeing: AssetManager2(0xb40000721b831718) locale list changing from [] to [en-US]
08-28 18:53:15.763 16353 16568 I .apps.wellbeing: AssetManager2(0xb40000721b833658) locale list changing from [] to [en-US]
08-28 18:53:15.765 16353 16568 I .apps.wellbeing: AssetManager2(0xb40000721b82d578) locale list changing from [] to [en-US]
08-28 18:53:15.766 16353 16568 I .apps.wellbeing: AssetManager2(0xb40000721b830138) locale list changing from [] to [en-US]
08-28 18:53:15.767 16353 16568 I .apps.wellbeing: AssetManager2(0xb40000721b82f4b8) locale list changing from [] to [en-US]
08-28 18:53:15.768 16353 16568 I .apps.wellbeing: AssetManager2(0xb40000721b82fe18) locale list changing from [] to [en-US]
08-28 18:53:15.769 16353 16568 I .apps.wellbeing: AssetManager2(0xb40000721b82e1f8) locale list changing from [] to [en-US]
08-28 18:53:15.770 16353 16568 I .apps.wellbeing: AssetManager2(0xb40000721b831d58) locale list changing from [] to [en-US]
08-28 18:53:15.773 16353 16568 I .apps.wellbeing: AssetManager2(0xb40000721b8342d8) locale list changing from [] to [en-US]
08-28 18:53:15.775 16353 16568 I .apps.wellbeing: AssetManager2(0xb40000721b82e518) locale list changing from [] to [en-US]
08-28 18:53:15.776 16353 16568 I .apps.wellbeing: AssetManager2(0xb40000721b82d898) locale list changing from [] to [en-US]
08-28 18:53:15.777 16353 16568 I .apps.wellbeing: AssetManager2(0xb40000721b8326b8) locale list changing from [] to [en-US]
08-28 18:53:15.778 16353 16568 I .apps.wellbeing: AssetManager2(0xb40000721b8313f8) locale list changing from [] to [en-US]
08-28 18:53:15.779 16353 16568 I .apps.wellbeing: AssetManager2(0xb40000721b832398) locale list changing from [] to [en-US]
08-28 18:53:15.782 16353 16568 I .apps.wellbeing: AssetManager2(0xb40000721b836218) locale list changing from [] to [en-US]
08-28 18:53:15.784 16353 16568 I .apps.wellbeing: AssetManager2(0xb40000721b836e98) locale list changing from [] to [en-US]
08-28 18:53:15.785 16353 16568 I .apps.wellbeing: AssetManager2(0xb40000721b83b038) locale list changing from [] to [en-US]
08-28 18:53:15.786 16353 16568 I .apps.wellbeing: AssetManager2(0xb40000721b835bd8) locale list changing from [] to [en-US]
08-28 18:53:15.787 16353 16568 I .apps.wellbeing: AssetManager2(0xb40000721b838798) locale list changing from [] to [en-US]
08-28 18:53:15.788 16353 16568 I .apps.wellbeing: AssetManager2(0xb40000721b83a3b8) locale list changing from [] to [en-US]
08-28 18:53:15.789 16353 16568 I .apps.wellbeing: AssetManager2(0xb40000721b835278) locale list changing from [] to [en-US]
08-28 18:53:15.790 16353 16568 I .apps.wellbeing: AssetManager2(0xb40000721b83a098) locale list changing from [] to [en-US]
08-28 18:53:15.791 16353 16568 I .apps.wellbeing: AssetManager2(0xb40000721b839418) locale list changing from [] to [en-US]
08-28 18:53:15.791 16353 16568 I .apps.wellbeing: AssetManager2(0xb40000721b83c618) locale list changing from [] to [en-US]
08-28 18:53:15.792 16353 16568 I .apps.wellbeing: AssetManager2(0xb40000721b836858) locale list changing from [] to [en-US]
08-28 18:53:15.794 16353 16568 I .apps.wellbeing: AssetManager2(0xb40000721b8371b8) locale list changing from [] to [en-US]
08-28 18:53:15.796 16353 16568 I .apps.wellbeing: AssetManager2(0xb40000721b8374d8) locale list changing from [] to [en-US]
08-28 18:53:15.796  3583  4344 D SatelliteController: iisInCarrierRoamingNbIotNtn: satellite is disabled
08-28 18:53:15.798 16353 16568 I .apps.wellbeing: AssetManager2(0xb40000721b83b998) locale list changing from [] to [en-US]
08-28 18:53:15.799 16353 16568 I .apps.wellbeing: AssetManager2(0xb40000721b83bfd8) locale list changing from [] to [en-US]
08-28 18:53:15.800 16353 16568 I .apps.wellbeing: AssetManager2(0xb40000721b836538) locale list changing from [] to [en-US]
08-28 18:53:15.802 16353 16568 I .apps.wellbeing: AssetManager2(0xb40000721b83c2f8) locale list changing from [] to [en-US]
08-28 18:53:15.804 16353 16568 I .apps.wellbeing: AssetManager2(0xb40000721b835ef8) locale list changing from [] to [en-US]
08-28 18:53:15.807 16353 16568 I .apps.wellbeing: AssetManager2(0xb40000721b836b78) locale list changing from [] to [en-US]
08-28 18:53:15.808 16353 16568 I .apps.wellbeing: AssetManager2(0xb40000721b83a9f8) locale list changing from [] to [en-US]
08-28 18:53:15.809 16353 16568 I .apps.wellbeing: AssetManager2(0xb40000721b837e38) locale list changing from [] to [en-US]
08-28 18:53:15.811 16353 16568 I .apps.wellbeing: AssetManager2(0xb40000721b838478) locale list changing from [] to [en-US]
08-28 18:53:15.812 16353 16568 I .apps.wellbeing: AssetManager2(0xb40000721b837b18) locale list changing from [] to [en-US]
08-28 18:53:15.814 16353 16568 I .apps.wellbeing: AssetManager2(0xb40000721b8420b8) locale list changing from [] to [en-US]
08-28 18:53:15.815 16353 16568 I .apps.wellbeing: AssetManager2(0xb40000721b83fe58) locale list changing from [] to [en-US]
08-28 18:53:15.816 16353 16568 I .apps.wellbeing: AssetManager2(0xb40000721b840498) locale list changing from [] to [en-US]
08-28 18:53:15.818 16353 16568 I .apps.wellbeing: AssetManager2(0xb40000721b83eb98) locale list changing from [] to [en-US]
08-28 18:53:15.819 16353 16568 I .apps.wellbeing: AssetManager2(0xb40000721b840df8) locale list changing from [] to [en-US]
08-28 18:53:15.820 16353 16568 I .apps.wellbeing: AssetManager2(0xb40000721b844318) locale list changing from [] to [en-US]
08-28 18:53:15.842 16353 16568 I .apps.wellbeing: AssetManager2(0xb40000721b840ad8) locale list changing from [] to [en-US]
08-28 18:53:15.849 16353 16568 I .apps.wellbeing: AssetManager2(0xb40000721b843ff8) locale list changing from [] to [en-US]
08-28 18:53:15.853 16353 16568 I .apps.wellbeing: AssetManager2(0xb40000721b841758) locale list changing from [] to [en-US]
08-28 18:53:15.859 16353 16568 I .apps.wellbeing: AssetManager2(0xb40000721b8423d8) locale list changing from [] to [en-US]
08-28 18:53:15.860 16353 16568 I .apps.wellbeing: AssetManager2(0xb40000721b83f1d8) locale list changing from [] to [en-US]
08-28 18:53:15.863 16353 16568 I .apps.wellbeing: AssetManager2(0xb40000721b83fb38) locale list changing from [] to [en-US]
08-28 18:53:15.864 16353 16568 I .apps.wellbeing: AssetManager2(0xb40000721b83df18) locale list changing from [] to [en-US]
08-28 18:53:15.865 16353 16568 I .apps.wellbeing: AssetManager2(0xb40000721b83cf78) locale list changing from [] to [en-US]
08-28 18:53:15.868 16353 16568 I .apps.wellbeing: AssetManager2(0xb40000721b83d5b8) locale list changing from [] to [en-US]
08-28 18:53:15.872 16353 16568 I .apps.wellbeing: AssetManager2(0xb40000721b843cd8) locale list changing from [] to [en-US]
08-28 18:53:15.889 16353 16568 I .apps.wellbeing: AssetManager2(0xb40000721b842d38) locale list changing from [] to [en-US]
08-28 18:53:15.893 16353 16568 I .apps.wellbeing: AssetManager2(0xb40000721b8407b8) locale list changing from [] to [en-US]
08-28 18:53:15.894 16353 16568 I .apps.wellbeing: AssetManager2(0xb40000721b8439b8) locale list changing from [] to [en-US]
08-28 18:53:15.895 16353 16568 I .apps.wellbeing: AssetManager2(0xb40000721b843378) locale list changing from [] to [en-US]
08-28 18:53:15.897 16353 16568 I .apps.wellbeing: AssetManager2(0xb40000721b83e558) locale list changing from [] to [en-US]
08-28 18:53:15.898 16353 16568 I .apps.wellbeing: AssetManager2(0xb40000721b83e238) locale list changing from [] to [en-US]
08-28 18:53:15.904 16353 16568 I .apps.wellbeing: AssetManager2(0xb40000721b841118) locale list changing from [] to [en-US]
08-28 18:53:15.907 16353 16568 I .apps.wellbeing: AssetManager2(0xb40000721b83eeb8) locale list changing from [] to [en-US]
08-28 18:53:15.908 16353 16568 I .apps.wellbeing: AssetManager2(0xb40000721b83d298) locale list changing from [] to [en-US]
08-28 18:53:15.909 16353 16568 I .apps.wellbeing: AssetManager2(0xb40000721b844638) locale list changing from [] to [en-US]
08-28 18:53:15.910 16353 16568 I .apps.wellbeing: AssetManager2(0xb40000721b83f4f8) locale list changing from [] to [en-US]
08-28 18:53:15.911 16353 16568 I .apps.wellbeing: AssetManager2(0xb40000721b8426f8) locale list changing from [] to [en-US]
08-28 18:53:15.912 16353 16568 I .apps.wellbeing: AssetManager2(0xb40000721b83c938) locale list changing from [] to [en-US]
08-28 18:53:15.915 16353 16568 I .apps.wellbeing: AssetManager2(0xb40000721b842a18) locale list changing from [] to [en-US]
08-28 18:53:15.918 16353 16568 I .apps.wellbeing: AssetManager2(0xb40000721b83e878) locale list changing from [] to [en-US]
08-28 18:53:15.919 16353 16568 I .apps.wellbeing: AssetManager2(0xb40000721b83f818) locale list changing from [] to [en-US]
08-28 18:53:15.920 16353 16568 I .apps.wellbeing: AssetManager2(0xb40000721b83cc58) locale list changing from [] to [en-US]
08-28 18:53:15.921 16353 16568 I .apps.wellbeing: AssetManager2(0xb40000721b83dbf8) locale list changing from [] to [en-US]
08-28 18:53:15.922 16353 16568 I .apps.wellbeing: AssetManager2(0xb40000721b846258) locale list changing from [] to [en-US]
08-28 18:53:15.922 16353 16568 I .apps.wellbeing: AssetManager2(0xb40000721b84ad58) locale list changing from [] to [en-US]
08-28 18:53:15.926 16353 16568 I .apps.wellbeing: AssetManager2(0xb40000721b83d8d8) locale list changing from [] to [en-US]
08-28 18:53:15.927 16353 16568 I .apps.wellbeing: AssetManager2(0xb40000721b8455d8) locale list changing from [] to [en-US]
08-28 18:53:15.931 16353 16568 I .apps.wellbeing: AssetManager2(0xb40000721b8452b8) locale list changing from [] to [en-US]
08-28 18:53:15.932 16353 16568 I .apps.wellbeing: AssetManager2(0xb40000721b844c78) locale list changing from [] to [en-US]
08-28 18:53:15.934 16353 16568 I .apps.wellbeing: AssetManager2(0xb40000721b84a718) locale list changing from [] to [en-US]
08-28 18:53:15.934 16353 16568 I .apps.wellbeing: AssetManager2(0xb40000721b848e18) locale list changing from [] to [en-US]
08-28 18:53:15.935 16353 16568 I .apps.wellbeing: AssetManager2(0xb40000721b84b078) locale list changing from [] to [en-US]
08-28 18:53:15.945 16353 16568 I .apps.wellbeing: AssetManager2(0xb40000721b8458f8) locale list changing from [] to [en-US]
08-28 18:53:15.949 16353 16568 I .apps.wellbeing: AssetManager2(0xb40000721b8471f8) locale list changing from [] to [en-US]
08-28 18:53:15.950 16353 16568 I .apps.wellbeing: AssetManager2(0xb40000721b845f38) locale list changing from [] to [en-US]
08-28 18:53:15.954 16353 16568 I .apps.wellbeing: AssetManager2(0xb40000721b84b9d8) locale list changing from [] to [en-US]
08-28 18:53:15.955 16353 16568 I .apps.wellbeing: AssetManager2(0xb40000721b84bcf8) locale list changing from [] to [en-US]
08-28 18:53:15.965 16353 16568 I .apps.wellbeing: AssetManager2(0xb40000721b848198) locale list changing from [] to [en-US]
08-28 18:53:15.969 16353 16568 I .apps.wellbeing: AssetManager2(0xb40000721b846ed8) locale list changing from [] to [en-US]
08-28 18:53:15.970 16353 16568 I .apps.wellbeing: AssetManager2(0xb40000721b846578) locale list changing from [] to [en-US]
08-28 18:53:15.971 16353 16568 I .apps.wellbeing: AssetManager2(0xb40000721b847838) locale list changing from [] to [en-US]
08-28 18:53:15.972 16353 16568 I .apps.wellbeing: AssetManager2(0xb40000721b84a3f8) locale list changing from [] to [en-US]
08-28 18:53:15.974 16353 16568 I .apps.wellbeing: AssetManager2(0xb40000721b848af8) locale list changing from [] to [en-US]
08-28 18:53:15.975 16353 16568 I .apps.wellbeing: AssetManager2(0xb40000721b845c18) locale list changing from [] to [en-US]
08-28 18:53:15.976  1491 24189 D DlbDap2Process: process() called [37500] times with input channel mask 0x3 (ProcessingMode=1)
08-28 18:53:15.976 16353 16568 I .apps.wellbeing: AssetManager2(0xb40000721b844958) locale list changing from [] to [en-US]
08-28 18:53:15.978 16353 16568 I .apps.wellbeing: AssetManager2(0xb40000721b849458) locale list changing from [] to [en-US]
08-28 18:53:15.979 16353 16568 I .apps.wellbeing: AssetManager2(0xb40000721b8487d8) locale list changing from [] to [en-US]
08-28 18:53:15.982 16353 16568 I .apps.wellbeing: AssetManager2(0xb40000721b846898) locale list changing from [] to [en-US]
08-28 18:53:15.996 16353 16568 I .apps.wellbeing: AssetManager2(0xb40000721b849778) locale list changing from [] to [en-US]
08-28 18:53:16.001 16353 16568 I .apps.wellbeing: AssetManager2(0xb40000721b84e598) locale list changing from [] to [en-US]
08-28 18:53:16.002 16353 16568 I .apps.wellbeing: AssetManager2(0xb40000721b84d2d8) locale list changing from [] to [en-US]
08-28 18:53:16.003 16353 16568 I .apps.wellbeing: AssetManager2(0xb40000721b8484b8) locale list changing from [] to [en-US]
08-28 18:53:16.004 16353 16568 I .apps.wellbeing: AssetManager2(0xb40000721b8507f8) locale list changing from [] to [en-US]
08-28 18:53:16.013 16353 16568 I .apps.wellbeing: AssetManager2(0xb40000721b84b6b8) locale list changing from [] to [en-US]
08-28 18:53:16.014 16353 16568 I .apps.wellbeing: AssetManager2(0xb40000721b84c978) locale list changing from [] to [en-US]
08-28 18:53:16.050 16353 16568 I .apps.wellbeing: AssetManager2(0xb40000721b84fe98) locale list changing from [] to [en-US]
08-28 18:53:16.052 16353 16568 I .apps.wellbeing: AssetManager2(0xb40000721b851798) locale list changing from [] to [en-US]
08-28 18:53:16.054 16353 16568 I .apps.wellbeing: AssetManager2(0xb40000721b84ebd8) locale list changing from [] to [en-US]
08-28 18:53:16.055 16353 16568 I .apps.wellbeing: AssetManager2(0xb40000721b8504d8) locale list changing from [] to [en-US]
08-28 18:53:16.056 16353 16568 I .apps.wellbeing: AssetManager2(0xb40000721b851158) locale list changing from [] to [en-US]
08-28 18:53:16.059 16353 16568 I .apps.wellbeing: AssetManager2(0xb40000721b851dd8) locale list changing from [] to [en-US]
08-28 18:53:16.061 16353 16568 I .apps.wellbeing: AssetManager2(0xb40000721b84d5f8) locale list changing from [] to [en-US]
08-28 18:53:16.062 16353 16568 I .apps.wellbeing: AssetManager2(0xb40000721b84c658) locale list changing from [] to [en-US]
08-28 18:53:16.064 16353 16568 I .apps.wellbeing: AssetManager2(0xb40000721b853098) locale list changing from [] to [en-US]
08-28 18:53:16.065 16353 16568 I .apps.wellbeing: AssetManager2(0xb40000721b850e38) locale list changing from [] to [en-US]
08-28 18:53:16.067 16353 16568 I .apps.wellbeing: AssetManager2(0xb40000721b84fb78) locale list changing from [] to [en-US]
08-28 18:53:16.067 16353 16568 I .apps.wellbeing: AssetManager2(0xb40000721b8501b8) locale list changing from [] to [en-US]
08-28 18:53:16.068 16353 16568 I .apps.wellbeing: AssetManager2(0xb40000721b84f858) locale list changing from [] to [en-US]
08-28 18:53:16.070 16353 16568 I .apps.wellbeing: AssetManager2(0xb40000721b84e8b8) locale list changing from [] to [en-US]
08-28 18:53:16.071 16353 16568 I .apps.wellbeing: AssetManager2(0xb40000721b84eef8) locale list changing from [] to [en-US]
08-28 18:53:16.072 16353 16568 I .apps.wellbeing: AssetManager2(0xb40000721b852a58) locale list changing from [] to [en-US]
08-28 18:53:16.073 16353 16568 I .apps.wellbeing: AssetManager2(0xb40000721b84cfb8) locale list changing from [] to [en-US]
08-28 18:53:16.074 16353 16568 I .apps.wellbeing: AssetManager2(0xb40000721b84dc38) locale list changing from [] to [en-US]
08-28 18:53:16.076 16353 16568 I .apps.wellbeing: AssetManager2(0xb40000721b851478) locale list changing from [] to [en-US]
08-28 18:53:16.080 16353 16568 I .apps.wellbeing: AssetManager2(0xb40000721b853d18) locale list changing from [] to [en-US]
08-28 18:53:16.082 16353 16568 I .apps.wellbeing: AssetManager2(0xb40000721b852738) locale list changing from [] to [en-US]
08-28 18:53:16.083 16353 16568 I .apps.wellbeing: AssetManager2(0xb40000721b84f218) locale list changing from [] to [en-US]
08-28 18:53:16.084 16353 16568 I .apps.wellbeing: AssetManager2(0xb40000721b8552f8) locale list changing from [] to [en-US]
08-28 18:53:16.101 16353 16568 I .apps.wellbeing: AssetManager2(0xb40000721b854678) locale list changing from [] to [en-US]
08-28 18:53:16.112  2387  3411 W ActivityTaskManager: callingPackage for (uid=2000, pid=18790) has no WPC
08-28 18:53:16.115  2387  3411 V GrammaticalInflectionUtils: AttributionSource: android.content.AttributionSource@2345c8c2 does not have READ_SYSTEM_GRAMMATICAL_GENDER permission.
08-28 18:53:16.127  3291  3389 I ndroid.systemui: AssetManager2(0xb40000721b8bf3d8) locale list changing from [] to [en-US]
08-28 18:53:16.132 16353 16568 I .apps.wellbeing: AssetManager2(0xb40000721b7e8018) locale list changing from [] to [en-US]
08-28 18:53:16.133 16353 16568 I .apps.wellbeing: AssetManager2(0xb40000721b7ef6d8) locale list changing from [] to [en-US]
08-28 18:53:16.135 16353 16568 I .apps.wellbeing: AssetManager2(0xb40000721b7f3238) locale list changing from [] to [en-US]
08-28 18:53:16.138  3291  3340 V WindowManagerShell: Transition requested (#235): android.os.BinderProxy@aabf245 TransitionRequestInfo { type = OPEN, triggerTask = TaskInfo{userId=0 taskId=115 effectiveUid=10631 displayId=0 isRunning=true baseIntent=Intent { flg=0x10000000 cmp=ru.andr7e.deviceinfohw/.MainActivity } baseActivity=ComponentInfo{ru.andr7e.deviceinfohw/ru.andr7e.deviceinfohw.MainActivity} topActivity=ComponentInfo{ru.andr7e.deviceinfohw/ru.andr7e.deviceinfohw.MainActivity} origActivity=null realActivity=ComponentInfo{ru.andr7e.deviceinfohw/ru.andr7e.deviceinfohw.MainActivity} numActivities=1 lastActiveTime=3220514 supportsMultiWindow=true resizeMode=1 isResizeable=true minWidth=-1 minHeight=-1 defaultMinSize=220 token=WCT{android.window.IWindowContainerToken$Stub$Proxy@5655d9a} topActivityType=1 pictureInPictureParams=null shouldDockBigOverlays=false launchIntoPipHostTaskId=-1 lastParentTaskIdBeforePip=-1 displayCutoutSafeInsets=Rect(0, 137 - 0, 0) topActivityInfo=ActivityInfo{dc9f6cb ru.andr7e.deviceinfohw.MainActivity} launchCookies=[] positionInParent=Point(0, 0) parentTaskId=-1 isFocused=false isVisible=false isVisibleRequested=false isTopActivityNoDisplay=false isSleeping=false locusId=null displayAreaFeatureId=1 isTopActivityTransparent=false isActivityStackTransparent=false lastNonFullscreenBounds=Rect(373, 908 - 1068, 2348) capturedLink=null capturedLinkTimestamp=0 requestedVisibleTypes=-9 topActivityRequestOpenInBrowserEducationTimestamp=0 appCompatTaskInfo=AppCompatTaskInfo { topActivityInSizeCompat=false eligibleForLetterboxEducation= false isLetterboxEducationEnabled= false isLetterboxDoubleTapEnabled= false eligibleForUserAspectRatioButton= false topActivityBoundsLetterboxed= false isFromLetterboxDoubleTap= false topActivityLetterboxVerticalPosition= -1 topActivityLetterboxHorizontalPosition= -1 topActivityLetterboxWidth=-1 topActivityLetterboxHeight=-1 topActivityAppBounds=Rect(0, 137 - 1440, 3120) isUserFullscreenOverrideEnabled=false isSystemFullscreenOverrideEnabled=false hasMinAspectRatioOverride=false topActivityLetterboxBounds=null cameraCompatTaskInfo=CameraCompatTaskInfo { freeformCameraCompatMode=inactive}} topActivityMainWindowFrame=null}, pipChange = null, remoteTransition = null, displayChange = null, flags = 0, debugId = 235 }
08-28 18:53:16.138  3291  3340 D ShellSplitScreen: logExit: no-op, mLoggerSessionId is null
08-28 18:53:16.138  2387  3411 I ActivityTaskManager: START u0 {flg=0x10000000 xflg=0x5 cmp=ru.andr7e.deviceinfohw/.MainActivity} with LAUNCH_MULTIPLE from uid 2000 (BAL_ALLOW_PERMISSION) result code=0
08-28 18:53:16.143  2387  2937 V GrammaticalInflectionUtils: AttributionSource: android.content.AttributionSource@2345c8c2 does not have READ_SYSTEM_GRAMMATICAL_GENDER permission.
08-28 18:53:16.150  5589  7455 I AiAiAdaptiveAudio: (REDACTED) updateState: enabledInSettings=%b, playbackState=%s
08-28 18:53:16.150  2387  3411 I AppsFilter: interaction: PackageSetting{ca5dba6 com.kashi.caimanspoof/10674} -> PackageSetting{b23a27d ru.andr7e.deviceinfohw/10631} BLOCKED
08-28 18:53:16.151  1317  1317 D Zygote  : Forked child process 18793
08-28 18:53:16.152  2387  3238 D BackgroundInstallControlService: Package event received: 0
08-28 18:53:16.152  5589  7455 I AiAiAdaptiveAudio: (REDACTED) Stopping calibration, EQ: %s
08-28 18:53:16.153 16353 16568 I .apps.wellbeing: AssetManager2(0xb40000721b7f57b8) locale list changing from [] to [en-US]
08-28 18:53:16.154  2387  2944 I ActivityManager: Start proc 18793:ru.andr7e.deviceinfohw/u0a631 for next-top-activity {ru.andr7e.deviceinfohw/ru.andr7e.deviceinfohw.MainActivity}
08-28 18:53:16.156  2387  2944 I ActivityManager: ProcessObserver broadcast disabled
08-28 18:53:16.159 16353 16568 I .apps.wellbeing: AssetManager2(0xb40000721b7f5df8) locale list changing from [] to [en-US]
08-28 18:53:16.160 16353 16568 I .apps.wellbeing: AssetManager2(0xb40000721b7f5ad8) locale list changing from [] to [en-US]
08-28 18:53:16.155  2387  2387 W android.bg: type=1400 audit(0.0:42888): avc:  denied  { read } for  name="661f16" dev="dm-41" ino=146483 scontext=u:r:system_server:s0 tcontext=u:object_r:system_data_root_file:s0 tclass=file permissive=0
08-28 18:53:16.155  2387  2387 W android.bg: type=1400 audit(0.0:42889): avc:  denied  { read } for  name="661f16" dev="dm-41" ino=146483 scontext=u:r:system_server:s0 tcontext=u:object_r:system_data_root_file:s0 tclass=file permissive=0
08-28 18:53:16.165  5589 24197 I AiAiAdaptiveAudio: RecorderController is stopped, stopping recorder
08-28 18:53:16.167 16353 16568 I .apps.wellbeing: AssetManager2(0xb40000721b7f28d8) locale list changing from [] to [en-US]
08-28 18:53:16.169 16353 16568 I .apps.wellbeing: AssetManager2(0xb40000721b7f0cb8) locale list changing from [] to [en-US]
08-28 18:53:16.174 18793 18793 I 7e.deviceinfohw: Using CollectorTypeCMC GC.
08-28 18:53:16.177 18793 18793 E 7e.deviceinfohw: Not starting debugger since process cannot load the jdwp agent.
08-28 18:53:16.178 18793 18793 W 7e.deviceinfohw: Thread Pool max thread count is 0. Cannot cache binder as linkToDeath cannot be implemented. serviceName: activity
08-28 18:53:16.184  1491 24552 D audio_hw_primary: in_standby: enter: stream (0xeb585410) usecase(23: audio-record)
08-28 18:53:16.187  3291  3334 V WindowManagerShell: onTransitionReady(transaction=10252086946143)
08-28 18:53:16.187  3291  3340 V WindowManagerShell: onTransitionReady (#235) android.os.BinderProxy@aabf245: {id=235 t=OPEN f=0x0 trk=0 r=[0@Point(0, 0)] c=[
08-28 18:53:16.187  3291  3340 V WindowManagerShell:         {m=OPEN f=NONE leash=Surface(name=Task=115)/@0xdc213f9 sb=Rect(0, 0 - 1440, 3200) eb=Rect(0, 0 - 1440, 3200) epz=Point(1440, 3200) d=0 taskParent=-1},
08-28 18:53:16.187  3291  3340 V WindowManagerShell:         {m=TO_BACK f=TRANSLUCENT|IN_TASK_WITH_EMBEDDED_ACTIVITY|FILLS_TASK p=WCT{android.window.IWindowContainerToken$Stub$Proxy@e06f6b5} leash=Surface(name=TaskFragment{8fe4184 mode=fullscreen})/@0x94e8f3e sb=Rect(0, 0 - 1440, 3200) eb=Rect(0, 0 - 1440, 3200) epz=Point(1440, 3200) d=0 bc=ff303030 taskFragmentToken=android.os.BinderProxy@5e6b353},
