08-28 18:49:49.166  3291 16520 D RingtonePlayer: notification will be delayed by 500ms
08-28 18:49:49.166 16453 16453 W earchbox:search: Failed to find entry 'classes.dex': Entry not found
08-28 18:49:49.167 16453 16453 D nativeloader: Configuring clns-10 for other apk /data/app/~~ACbICYtkYuFHDdzqibT6iw==/com.google.android.googlequicksearchbox-GhSOx7aI8EYydUtrkja06Q==/base.apk:/data/app/~~ACbICYtkYuFHDdzqibT6iw==/com.google.android.googlequicksearchbox-GhSOx7aI8EYydUtrkja06Q==/split_config.xxxhdpi.apk:/data/app/~~ACbICYtkYuFHDdzqibT6iw==/com.google.android.googlequicksearchbox-GhSOx7aI8EYydUtrkja06Q==/split_lens_ondevice_engine_play_ml_module.apk:/data/app/~~ACbICYtkYuFHDdzqibT6iw==/com.google.android.googlequicksearchbox-GhSOx7aI8EYydUtrkja06Q==/split_sound_search_fingerprinter_split.apk:/data/app/~~ACbICYtkYuFHDdzqibT6iw==/com.google.android.googlequicksearchbox-GhSOx7aI8EYydUtrkja06Q==/split_tclib_native_feature_module.apk. target_sdk_version=36, uses_libraries=, library_path=/data/app/~~ACbICYtkYuFHDdzqibT6iw==/com.google.android.googlequicksearchbox-GhSOx7aI8EYydUtrkja06Q==/lib/arm64:/data/app/~~ACbICYtkYuFHDdzqibT6iw==/com.google.android.googlequicksearchbox-GhSOx7aI8EYydUtrkja06Q==/base.apk!/lib/arm64-v8a:/data/app/~~ACbICYtkYuFHDd
08-28 18:49:49.169  2107  6915 I AttributionAndPermissionUtils: checkPermission (forDataDelivery 0 startDataDelivery 0): Permission hard denied for client attribution [uid 10631, pid 16462, packageName "<unknown>"]
08-28 18:49:49.163 16462 16462 W pool-4-thread-2: type=1400 audit(0.0:39752): avc:  denied  { read } for  name="interrupts" dev="proc" ino=4026532109 scontext=u:r:untrusted_app:s0:c119,c258,c512,c768 tcontext=u:object_r:proc_interrupts:s0 tclass=file permissive=0 app=ru.andr7e.deviceinfohw
08-28 18:49:49.170 16364 16364 I LSPosed-Bridge: SimpleSpoofer: Spoofed ro.product.model = Pixel 10 Pro XL
08-28 18:49:49.167 16462 16462 W pool-4-thread-1: type=1400 audit(0.0:39753): avc:  denied  { read } for  name="drivers" dev="sysfs" ino=29857 scontext=u:r:untrusted_app:s0:c119,c258,c512,c768 tcontext=u:object_r:sysfs:s0 tclass=dir permissive=0 app=ru.andr7e.deviceinfohw
08-28 18:49:49.173 16462 16462 E ashmem  : Pinning is deprecated since Android Q. Please use trim or other methods.
08-28 18:49:49.173 16364 16364 I LSPosed-Bridge: SimpleSpoofer: Spoofed ro.product.model = Pixel 10 Pro XL
08-28 18:49:49.173 16364 16364 I LSPosed-Bridge: SimpleSpoofer: Spoofed ro.product.model = Pixel 10 Pro XL
08-28 18:49:49.173 16364 16364 I LSPosed-Bridge: SimpleSpoofer: Spoofed ro.soc.manufacturer = Google
08-28 18:49:49.173 16364 16364 I LSPosed-Bridge: SimpleSpoofer: SoC-related request: ro.soc.manufacturer = Google
08-28 18:49:49.174 16462 16462 D DesktopModeFlags: Toggle override initialized to: OVERRIDE_UNSET
08-28 18:49:49.174  2107  6915 I AttributionAndPermissionUtils: checkPermission (forDataDelivery 0 startDataDelivery 0): Permission hard denied for client attribution [uid 10631, pid 16462, packageName "<unknown>"]
08-28 18:49:49.175 16323 16323 I LSPosed-Bridge: SimpleSpoofer: Hooking package com.android.keychain
08-28 18:49:49.176 16323 16323 I LSPosed-Bridge: SimpleSpoofer: Build fields set to Pixel 10 Pro XL for com.android.keychain
08-28 18:49:49.177  3291  3291 D DeviceEntryIconViewBinder: Initializing device entry fgIconView
08-28 18:49:49.178 16323 16323 I LSPosed-Bridge: SimpleSpoofer: SystemProperties hooks installed for com.android.keychain
08-28 18:49:49.179 16323 16323 I LSPosed-Bridge: SimpleSpoofer: PackageManager.hasSystemFeature hook installed for com.android.keychain
08-28 18:49:49.179 16453 16453 I LSPosed-Bridge: SimpleSpoofer: Hooking package com.google.android.googlequicksearchbox
08-28 18:49:49.180 16453 16453 I LSPosed-Bridge: SimpleSpoofer: Build fields set to Pixel 10 Pro XL for com.google.android.googlequicksearchbox
08-28 18:49:49.183 16453 16453 I LSPosed-Bridge: SimpleSpoofer: SystemProperties hooks installed for com.google.android.googlequicksearchbox
08-28 18:49:49.183 16453 16453 I LSPosed-Bridge: SimpleSpoofer: PackageManager.hasSystemFeature hook installed for com.google.android.googlequicksearchbox
08-28 18:49:49.184 16323 16323 I ndroid.keychain: AssetManager2(0xb40000721b7e5778) locale list changing from [] to [en-US]
08-28 18:49:49.184 16462 16462 I Q       : SCALER_STREAM_CONFIGURATION_MAP ok
08-28 18:49:49.189  2107  6915 I AttributionAndPermissionUtils: checkPermission (forDataDelivery 0 startDataDelivery 0): Permission hard denied for client attribution [uid 10631, pid 16462, packageName "<unknown>"]
08-28 18:49:49.190 16462 16462 I Q       : SCALER_STREAM_CONFIGURATION_MAP ok
08-28 18:49:49.191  2387  3238 D BackgroundInstallControlService: Package event received: 0
08-28 18:49:49.193  2107  6915 I AttributionAndPermissionUtils: checkPermission (forDataDelivery 0 startDataDelivery 0): Permission hard denied for client attribution [uid 10631, pid 16462, packageName "<unknown>"]
08-28 18:49:49.194  2117 14751 W ServiceManagerCppClient: Waited one second for stats (is service started? Number of threads started in the threadpool: 17. Are binder threads started and available?)
08-28 18:49:49.194 16323 16323 V GraphicsEnvironment: Currently set values for:
08-28 18:49:49.194 16323 16323 V GraphicsEnvironment:   angle_gl_driver_selection_pkgs=[com.android.angle, com.linecorp.b612.android, com.campmobile.snow, com.google.android.apps.tachyon]
08-28 18:49:49.194 16323 16323 V GraphicsEnvironment:   angle_gl_driver_selection_values=[angle, native, native, native]
08-28 18:49:49.194 16323 16323 V GraphicsEnvironment: com.android.keychain is not listed in per-application setting
08-28 18:49:49.194 16323 16323 V GraphicsEnvironment: ANGLE allowlist from config: 
08-28 18:49:49.194 16323 16323 V GraphicsEnvironment: com.android.keychain is not listed in ANGLE allowlist or settings, returning default
08-28 18:49:49.194 16323 16323 V GraphicsEnvironment: Neither updatable production driver nor prerelease driver is supported.
08-28 18:49:49.194  2387  3412 W ServiceManagerCppClient: Waited one second for stats (is service started? Number of threads started in the threadpool: 32. Are binder threads started and available?)
08-28 18:49:49.194 16462 16462 I Q       : SCALER_STREAM_CONFIGURATION_MAP ok
08-28 18:49:49.194  1599  1692 W ServiceManagerCppClient: Waited one second for stats (is service started? Number of threads started in the threadpool: 6. Are binder threads started and available?)
08-28 18:49:49.197   682 16563 W libc    : Unable to set property "ctl.interface_start" to "aidl/stats": PROP_ERROR_HANDLE_CONTROL_MESSAGE (0x20)
08-28 18:49:49.198  2107  6915 I AttributionAndPermissionUtils: checkPermission (forDataDelivery 0 startDataDelivery 0): Permission hard denied for client attribution [uid 10631, pid 16462, packageName "<unknown>"]
08-28 18:49:49.198 16462 16462 I Q       : SCALER_STREAM_CONFIGURATION_MAP ok
08-28 18:49:49.200 16364 16364 I ContentProtectionServic: CP service created
08-28 18:49:49.200 16364 16364 E ashmem  : Pinning is deprecated since Android Q. Please use trim or other methods.
08-28 18:49:49.200   682 16564 W libc    : Unable to set property "ctl.interface_start" to "aidl/stats": PROP_ERROR_HANDLE_CONTROL_MESSAGE (0x20)
08-28 18:49:49.201  2387  2387 I RemoteContentProtectionService: Connection status for: ComponentInfo{com.google.android.odad/com.google.android.apps.miphone.odad.contentprotection.ContentProtectionService} changed to: connected
08-28 18:49:49.201   682 16565 W libc    : Unable to set property "ctl.interface_start" to "aidl/stats": PROP_ERROR_HANDLE_CONTROL_MESSAGE (0x20)
08-28 18:49:49.202 16353 16353 W Primes  : Primes not initialized, returning default (no-op) Primes instance which will ignore all calls. Please call Primes.initialize(...) before using any Primes API.
08-28 18:49:49.202 16364 16364 I ContentProtectionServic: CP service onConnected
08-28 18:49:49.203  2107  6915 I AttributionAndPermissionUtils: checkPermission (forDataDelivery 0 startDataDelivery 0): Permission hard denied for client attribution [uid 10631, pid 16462, packageName "<unknown>"]
08-28 18:49:49.203 16323 16323 I LSPosed-Bridge: SimpleSpoofer: Spoofed ro.product.model = Pixel 10 Pro XL
08-28 18:49:49.203 16364 16571 I bne     : Starting to build the allowlist
08-28 18:49:49.204 16462 16462 I Q       : SCALER_STREAM_CONFIGURATION_MAP ok
08-28 18:49:49.205 16323 16323 I LSPosed-Bridge: SimpleSpoofer: Spoofed ro.product.model = Pixel 10 Pro XL
08-28 18:49:49.206 16323 16323 I LSPosed-Bridge: SimpleSpoofer: Spoofed ro.product.model = Pixel 10 Pro XL
08-28 18:49:49.206 16323 16323 I LSPosed-Bridge: SimpleSpoofer: Spoofed ro.soc.manufacturer = Google
08-28 18:49:49.206 16323 16323 I LSPosed-Bridge: SimpleSpoofer: SoC-related request: ro.soc.manufacturer = Google
08-28 18:49:49.207  2107  6915 I AttributionAndPermissionUtils: checkPermission (forDataDelivery 0 startDataDelivery 0): Permission hard denied for client attribution [uid 10631, pid 16462, packageName "<unknown>"]
08-28 18:49:49.212  2387  6673 D SystemServerTiming: getUserSwitchability-0
08-28 18:49:49.212 16462 16462 I Q       : SCALER_STREAM_CONFIGURATION_MAP ok
08-28 18:49:49.212  2387  6673 D SystemServerTiming: TM.isInCall
08-28 18:49:49.212  2387  6742 D SystemServerTiming: getUserSwitchability-0
08-28 18:49:49.213  2387  6742 D SystemServerTiming: TM.isInCall
08-28 18:49:49.213  2387  6742 D SystemServerTiming: hasUserRestriction-DISALLOW_USER_SWITCH
08-28 18:49:49.213  2387  6742 D SystemServerTiming: getInt-ALLOW_USER_SWITCHING_WHEN_SYSTEM_USER_LOCKED
08-28 18:49:49.213  2387  6742 D SystemServerTiming: isUserUnlocked-USER_SYSTEM
08-28 18:49:49.214  2387  6673 D SystemServerTiming: hasUserRestriction-DISALLOW_USER_SWITCH
08-28 18:49:49.214  2387  6673 D SystemServerTiming: getInt-ALLOW_USER_SWITCHING_WHEN_SYSTEM_USER_LOCKED
08-28 18:49:49.214  2387  6673 D SystemServerTiming: isUserUnlocked-USER_SYSTEM
08-28 18:49:49.214 16323 16573 E ashmem  : Pinning is deprecated since Android Q. Please use trim or other methods.
08-28 18:49:49.215  3291  3291 D BiometricsRepositoryImpl: currentUser authFlags changed, new value: AuthenticationFlags(userId=0, flag=0)
08-28 18:49:49.215  3291  3291 D BiometricsRepositoryImpl: currentUser authFlags changed, new value: AuthenticationFlags(userId=0, flag=0)
08-28 18:49:49.216  3291  3291 D BiometricsRepositoryImpl: currentUser authFlags changed, new value: AuthenticationFlags(userId=0, flag=0)
08-28 18:49:49.216  3291  3291 D BiometricsRepositoryImpl: currentUser authFlags changed, new value: AuthenticationFlags(userId=0, flag=0)
08-28 18:49:49.216  2107  3778 I AttributionAndPermissionUtils: checkPermission (forDataDelivery 0 startDataDelivery 0): Permission hard denied for client attribution [uid 10631, pid 16462, packageName "<unknown>"]
08-28 18:49:49.216  3291  3291 D BiometricsRepositoryImpl: currentUser authFlags changed, new value: AuthenticationFlags(userId=0, flag=0)
08-28 18:49:49.216  3291  3291 D BiometricsRepositoryImpl: currentUser authFlags changed, new value: AuthenticationFlags(userId=0, flag=0)
08-28 18:49:49.216 16462 16462 I Q       : SCALER_STREAM_CONFIGURATION_MAP ok
08-28 18:49:49.218  2107  3778 I AttributionAndPermissionUtils: checkPermission (forDataDelivery 0 startDataDelivery 0): Permission hard denied for client attribution [uid 10631, pid 16462, packageName "<unknown>"]
08-28 18:49:49.219 16462 16462 I Q       : SCALER_STREAM_CONFIGURATION_MAP ok
08-28 18:49:49.221  2107  6915 I AttributionAndPermissionUtils: checkPermission (forDataDelivery 0 startDataDelivery 0): Permission hard denied for client attribution [uid 10631, pid 16462, packageName "<unknown>"]
08-28 18:49:49.222 16462 16462 I Q       : SCALER_STREAM_CONFIGURATION_MAP ok
08-28 18:49:49.224  2107  3778 I AttributionAndPermissionUtils: checkPermission (forDataDelivery 0 startDataDelivery 0): Permission hard denied for client attribution [uid 10631, pid 16462, packageName "<unknown>"]
08-28 18:49:49.224 16462 16462 I Q       : SCALER_STREAM_CONFIGURATION_MAP ok
08-28 18:49:49.226 16364 16576 D CompatChangeReporter: Compat change id reported: 312399441; UID 10463; state: ENABLED
08-28 18:49:49.226  2107  3778 I AttributionAndPermissionUtils: checkPermission (forDataDelivery 0 startDataDelivery 0): Permission hard denied for client attribution [uid 10631, pid 16462, packageName "<unknown>"]
08-28 18:49:49.227 16462 16462 I Q       : SCALER_STREAM_CONFIGURATION_MAP ok
08-28 18:49:49.227 16353 16353 I lce     : SslGuard completed installation.
08-28 18:49:49.229  2107  3778 I AttributionAndPermissionUtils: checkPermission (forDataDelivery 0 startDataDelivery 0): Permission hard denied for client attribution [uid 10631, pid 16462, packageName "<unknown>"]
08-28 18:49:49.230  2387  3238 D BackgroundInstallControlService: Package event received: 0
08-28 18:49:49.231 16353 16509 E ashmem  : Pinning is deprecated since Android Q. Please use trim or other methods.
08-28 18:49:49.231 16462 16462 I Q       : SCALER_STREAM_CONFIGURATION_MAP ok
08-28 18:49:49.233  2107  3778 I AttributionAndPermissionUtils: checkPermission (forDataDelivery 0 startDataDelivery 0): Permission hard denied for client attribution [uid 10631, pid 16462, packageName "<unknown>"]
08-28 18:49:49.234 16462 16462 I Q       : SCALER_STREAM_CONFIGURATION_MAP ok
08-28 18:49:49.235  2107  3778 I AttributionAndPermissionUtils: checkPermission (forDataDelivery 0 startDataDelivery 0): Permission hard denied for client attribution [uid 10631, pid 16462, packageName "<unknown>"]
08-28 18:49:49.235 16462 16462 I Q       : SCALER_STREAM_CONFIGURATION_MAP ok
08-28 18:49:49.236  2107  3778 I AttributionAndPermissionUtils: checkPermission (forDataDelivery 0 startDataDelivery 0): Permission hard denied for client attribution [uid 10631, pid 16462, packageName "<unknown>"]
08-28 18:49:49.237 16462 16462 I Q       : SCALER_STREAM_CONFIGURATION_MAP ok
08-28 18:49:49.238 16453 16453 I earchbox:search: AssetManager2(0xb40000721b7da558) locale list changing from [] to [en-US]
08-28 18:49:49.239  2107  3778 I AttributionAndPermissionUtils: checkPermission (forDataDelivery 0 startDataDelivery 0): Permission hard denied for client attribution [uid 10631, pid 16462, packageName "<unknown>"]
08-28 18:49:49.240 16462 16462 I Q       : SCALER_STREAM_CONFIGURATION_MAP ok
08-28 18:49:49.241 16453 16453 V GraphicsEnvironment: Currently set values for:
08-28 18:49:49.241 16453 16453 V GraphicsEnvironment:   angle_gl_driver_selection_pkgs=[com.android.angle, com.linecorp.b612.android, com.campmobile.snow, com.google.android.apps.tachyon]
08-28 18:49:49.241 16453 16453 V GraphicsEnvironment:   angle_gl_driver_selection_values=[angle, native, native, native]
08-28 18:49:49.241 16453 16453 V GraphicsEnvironment: com.google.android.googlequicksearchbox is not listed in per-application setting
08-28 18:49:49.241 16453 16453 V GraphicsEnvironment: ANGLE allowlist from config: 
08-28 18:49:49.241 16453 16453 V GraphicsEnvironment: com.google.android.googlequicksearchbox is not listed in ANGLE allowlist or settings, returning default
08-28 18:49:49.241 16453 16453 V GraphicsEnvironment: Neither updatable production driver nor prerelease driver is supported.
08-28 18:49:49.242 16364 16571 I bne     : Potential packages: 84, blocklist size: 5976, allowlist size: 44, latency: PT0.02S
08-28 18:49:49.242  2107  3778 I AttributionAndPermissionUtils: checkPermission (forDataDelivery 0 startDataDelivery 0): Permission hard denied for client attribution [uid 10631, pid 16462, packageName "<unknown>"]
08-28 18:49:49.243 16364 16364 I bmv     : Max lightweight executor threads: 5
08-28 18:49:49.245 16462 16462 I Q       : SCALER_STREAM_CONFIGURATION_MAP ok
08-28 18:49:49.247 16364 16364 I bhd     : Starting work type: HANDLE_PACKAGES_CHANGED using foreground service, isShort: false
08-28 18:49:49.247  2387  6673 D CompatChangeReporter: Compat change id reported: 311208749; UID 10463; state: ENABLED
08-28 18:49:49.247  2387  6673 I ActivityManager: Background started FGS: Allowed [callingPackage: com.google.android.odad; callingUid: 10463; uidState: IMPF; uidBFSL: n/a; intent: Intent { xflg=0x4 cmp=com.google.android.odad/com.google.android.apps.miphone.odad.backgroundwork.impl.WorkService (has extras) }; code:BACKGROUND_ACTIVITY_PERMISSION; tempAllowListReason:<null>; allowWiu:58; targetSdkVersion:35; callerTargetSdkVersion:35; startForegroundCount:0; bindFromPackage:null: isBindService:false]
08-28 18:49:49.247  2387  6673 D CompatChangeReporter: Compat change id reported: 311208629; UID 10463; state: ENABLED
08-28 18:49:49.250 16364 16364 I WorkService: Work service created
08-28 18:49:49.251 16364 16581 I bvy     : Started coroutine watchdog: work-service, duration: PT3M
08-28 18:49:49.252  2387  6607 D CompatChangeReporter: Compat change id reported: 296558535; UID 10463; state: ENABLED
08-28 18:49:49.252  2387  6607 D CompatChangeReporter: Compat change id reported: 317799821; UID 10463; state: ENABLED
08-28 18:49:49.252  2387  6607 D CompatChangeReporter: Compat change id reported: 313677553; UID 10463; state: ENABLED
08-28 18:49:49.252 16462 16462 I Y       : camera2
08-28 18:49:49.253  2387  6607 W ForegroundServiceTypeLoggerModule: Foreground service start for UID: 10463 does not have any types
08-28 18:49:49.253  2387  3238 D BackgroundInstallControlService: Package event received: 0
08-28 18:49:49.253 16364 16364 I WorkService: Moved work service to foreground
08-28 18:49:49.253 16364 16364 I bhd     : Starting the handler for work type: HANDLE_PACKAGES_CHANGED
08-28 18:49:49.253 16364 16364 I WorkService: Work service returning from onStartCommand, work count: 1
08-28 18:49:49.259 16364 16583 I bgr     : No reboot detected, boot count: 138
08-28 18:49:49.264  2387  3238 D BackgroundInstallControlService: Package event received: 0
08-28 18:49:49.264  2387  3238 D BackgroundInstallControlService: Package event received: 0
08-28 18:49:49.268 16462 16462 I 7e.deviceinfohw: AssetManager2(0xb40000721b7d9298) locale list changing from [] to [en-US]
08-28 18:49:49.268 16364 16583 I bgr     : Found: 2 changed packages for sequence number: 32, new sequence number: 35
08-28 18:49:49.270 16462 16584 I AdrenoGLES-0: QUALCOMM build                   : 329cf4c2a7, I63533b1e29
08-28 18:49:49.270 16462 16584 I AdrenoGLES-0: Build Date                       : 01/31/23
08-28 18:49:49.270 16462 16584 I AdrenoGLES-0: OpenGL ES Shader Compiler Version: EV031.35.01.12
08-28 18:49:49.270 16462 16584 I AdrenoGLES-0: Local Branch                     : 
08-28 18:49:49.270 16462 16584 I AdrenoGLES-0: Remote Branch                    : refs/tags/AU_LINUX_ANDROID_LA.UM.9.14.11.00.00.571.148
08-28 18:49:49.270 16462 16584 I AdrenoGLES-0: Remote Branch                    : NONE
08-28 18:49:49.270 16462 16584 I AdrenoGLES-0: Reconstruct Branch               : NOTHING
08-28 18:49:49.270 16462 16584 I AdrenoGLES-0: Build Config                     : S P 10.0.7 AArch64
08-28 18:49:49.270 16462 16584 I AdrenoGLES-0: Driver Path                      : /vendor/lib64/egl/libGLESv2_adreno.so
08-28 18:49:49.272 16462 16462 I MainActivity: GLES Version: 196610
08-28 18:49:49.274 16462 16582 I LSPosed-Bridge: SimpleSpoofer: Spoofed ro.build.description = mustang_beta-user 16 BP41.250725.006 12701944 release-keys
08-28 18:49:49.279 16462 16584 I AdrenoGLES-0: PFP: 0x016dc094, ME: 0x00000000
08-28 18:49:49.283 16453 16453 I MultiDex: VM with version 2.1.0 has multidex support
08-28 18:49:49.283 16453 16453 I MultiDex: Installing application
08-28 18:49:49.283 16453 16453 I MultiDex: VM has multidex support, MultiDex support library is disabled.
08-28 18:49:49.283 16462 16462 I MainActivity: Device EGL Version: 1.0
08-28 18:49:49.284 16462 16462 I MainActivity: GLES Major version is: 3
08-28 18:49:49.289 16462 16462 I ContentCaptureHelper: Setting logging level to OFF
08-28 18:49:49.290 16353 16509 W DynamiteModule: Local module descriptor class for com.google.android.gms.googlecertificates not found.
08-28 18:49:49.294 16453 16453 I LSPosed-Bridge: SimpleSpoofer: Spoofed ro.product.model = Pixel 10 Pro XL
08-28 18:49:49.298 16453 16453 I LSPosed-Bridge: SimpleSpoofer: Spoofed ro.product.model = Pixel 10 Pro XL
08-28 18:49:49.298 16453 16453 I LSPosed-Bridge: SimpleSpoofer: Spoofed ro.product.model = Pixel 10 Pro XL
08-28 18:49:49.298 16453 16453 I LSPosed-Bridge: SimpleSpoofer: Spoofed ro.soc.manufacturer = Google
08-28 18:49:49.298 16453 16453 I LSPosed-Bridge: SimpleSpoofer: SoC-related request: ro.soc.manufacturer = Google
08-28 18:49:49.301 16462 16582 W ModemPowerProfile: getAverageBatteryDrainMaH called with unexpected key: 0x0, drain:SLEEP,RAT:DEFAULT
08-28 18:49:49.301 16462 16582 W ModemPowerProfile: getAverageBatteryDrainMaH called with unexpected key: 0x10000000, drain:IDLE,RAT:DEFAULT
08-28 18:49:49.301 16462 16582 W ModemPowerProfile: getAverageBatteryDrainMaH called with unexpected key: 0x20000000, drain:RX,RAT:DEFAULT
08-28 18:49:49.301 16462 16582 W ModemPowerProfile: getAverageBatteryDrainMaH called with unexpected key: 0x30000000, drain:TX,level:0,RAT:DEFAULT
08-28 18:49:49.301 16462 16582 W ModemPowerProfile: getAverageBatteryDrainMaH called with unexpected key: 0x31000000, drain:TX,level:1,RAT:DEFAULT
08-28 18:49:49.301 16462 16582 W ModemPowerProfile: getAverageBatteryDrainMaH called with unexpected key: 0x32000000, drain:TX,level:2,RAT:DEFAULT
08-28 18:49:49.301 16462 16582 W ModemPowerProfile: getAverageBatteryDrainMaH called with unexpected key: 0x33000000, drain:TX,level:3,RAT:DEFAULT
08-28 18:49:49.301 16462 16582 W ModemPowerProfile: getAverageBatteryDrainMaH called with unexpected key: 0x34000000, drain:TX,level:4,RAT:DEFAULT
08-28 18:49:49.301 16364 16583 I bgr     : Handling installed or updated package: com.google.android.settings.intelligence
08-28 18:49:49.301 16364 16583 I bvs     : Attempting to classify package: com.google.android.settings.intelligence using model: bll_1
08-28 18:49:49.304 16353 16509 W .apps.wellbeing: ClassLoaderContext classpath size mismatch. expected=1, found=0 (DLC[];PCL[base.apk*1811612869]{PCL[/system/framework/org.apache.http.legacy.jar*109050521]#PCL[/system/framework/com.android.media.remotedisplay.jar*2597751076]#PCL[/system/framework/com.android.location.provider.jar*1567259612]#PCL[/system_ext/framework/androidx.window.extensions.jar*2326151982]#PCL[/system_ext/framework/androidx.window.sidecar.jar*1750604274]} | DLC[];PCL[])
08-28 18:49:49.307 16353 16509 I DynamiteModule: Considering local module com.google.android.gms.googlecertificates:0 and remote module com.google.android.gms.googlecertificates:7
08-28 18:49:49.307 16353 16509 I DynamiteModule: Selected remote version of com.google.android.gms.googlecertificates, version >= 7
08-28 18:49:49.309 16364 16583 I bvs     : Skipping package: com.google.android.settings.intelligence, it was already classified as: NOT_HARMFUL, and rescan was disabled
08-28 18:49:49.313 16353 16509 W System  : ClassLoader referenced unknown path: 
08-28 18:49:49.314 16353 16509 D nativeloader: Configuring clns-11 for other apk . target_sdk_version=36, uses_libraries=, library_path=/data/app/~~vPtb61twppyOdNHX7DVvyg==/com.google.android.gms-AiBQiASDk4Zoekl2_Gmyqw==/lib/arm64:/data/app/~~vPtb61twppyOdNHX7DVvyg==/com.google.android.gms-AiBQiASDk4Zoekl2_Gmyqw==/base.apk!/lib/arm64-v8a, permitted_path=/data:/mnt/expand:/data/user/0/com.google.android.gms
08-28 18:49:49.314  3291  3291 D DeviceEntryIconViewBinder: Updating device entry icon image state ForegroundIconViewModel(type=UNLOCK, useAodVariant=false, tint=-1907998, padding=71)
08-28 18:49:49.315 16462 16584 I Gralloc4: Adding additional valid usage bits: 0x8202000
08-28 18:49:49.317 16353 16509 I .apps.wellbeing: AssetManager2(0xb40000721b7e5778) locale list changing from [] to [en-US]
08-28 18:49:49.322  2387  6607 V GrammaticalInflectionUtils: AttributionSource: android.content.AttributionSource@2345c8c2 does not have READ_SYSTEM_GRAMMATICAL_GENDER permission.
08-28 18:49:49.326  2387  6607 I ActivityTaskManager: START u0 {xflg=0x4 cmp=ru.andr7e.deviceinfohw/.DeviceInfoActivity} with LAUNCH_MULTIPLE from uid 10631 (sr=249920996) (BAL_ALLOW_VISIBLE_WINDOW) result code=0
08-28 18:49:49.327 16364 16583 D nativeloader: Load /data/app/~~FcMD0fDKdbbg_dcJP8kBnQ==/com.google.android.odad-SGSbUueEWaCyn9W6w79Y4A==/lib/arm64/libincfs_checker.so using class loader ns clns-9 (caller=/data/app/~~FcMD0fDKdbbg_dcJP8kBnQ==/com.google.android.odad-SGSbUueEWaCyn9W6w79Y4A==/base.apk): ok
08-28 18:49:49.327  3291  3340 V WindowManagerShell: Transition requested (#212): android.os.BinderProxy@56cdc96 TransitionRequestInfo { type = OPEN, triggerTask = TaskInfo{userId=0 taskId=111 effectiveUid=10631 displayId=0 isRunning=true baseIntent=Intent { flg=0x10000000 cmp=ru.andr7e.deviceinfohw/.MainActivity } baseActivity=ComponentInfo{ru.andr7e.deviceinfohw/ru.andr7e.deviceinfohw.MainActivity} topActivity=ComponentInfo{ru.andr7e.deviceinfohw/ru.andr7e.deviceinfohw.DeviceInfoActivity} origActivity=null realActivity=ComponentInfo{ru.andr7e.deviceinfohw/ru.andr7e.deviceinfohw.MainActivity} numActivities=2 lastActiveTime=3013703 supportsMultiWindow=true resizeMode=1 isResizeable=true minWidth=-1 minHeight=-1 defaultMinSize=220 token=WCT{android.window.IWindowContainerToken$Stub$Proxy@c93d017} topActivityType=1 pictureInPictureParams=null shouldDockBigOverlays=false launchIntoPipHostTaskId=-1 lastParentTaskIdBeforePip=-1 displayCutoutSafeInsets=Rect(0, 0 - 0, 0) topActivityInfo=ActivityInfo{d20cc04 ru.andr7e.deviceinfohw.DeviceInfoActivity} launchCookies=[] positionInParent=Point(0, 0) parentTaskId=-1 isFocused=true isVisible=true isVisibleRequested=true isTopActivityNoDisplay=false isSleeping=false locusId=null displayAreaFeatureId=1 isTopActivityTransparent=false isActivityStackTransparent=false lastNonFullscreenBounds=Rect(373, 908 - 1068, 2348) capturedLink=null capturedLinkTimestamp=0 requestedVisibleTypes=-9 topActivityRequestOpenInBrowserEducationTimestamp=0 appCompatTaskInfo=AppCompatTaskInfo { topActivityInSizeCompat=false eligibleForLetterboxEducation= false isLetterboxEducationEnabled= false isLetterboxDoubleTapEnabled= false eligibleForUserAspectRatioButton= false topActivityBoundsLetterboxed= false isFromLetterboxDoubleTap= false topActivityLetterboxVerticalPosition= -1 topActivityLetterboxHorizontalPosition= -1 topActivityLetterboxWidth=-1 topActivityLetterboxHeight=-1 topActivityAppBounds=Rect(0, 137 - 1440, 3120) isUserFullscreenOverrideEnabled=false isSystemFullscreenOverrideEnabled=false hasMinAspectRatioOverride=false topActivityLetterboxBounds=null cameraCompatTaskInfo=CameraCompatTaskInfo { freeformCameraCompatMode=inactive}} topActivityMainWindowFrame=null}, pipChange = null, remoteTransition = null, displayChange = null, flags = 0, debugId = 212 }
08-28 18:49:49.327  3291  3340 D ShellSplitScreen: logExit: no-op, mLoggerSessionId is null
08-28 18:49:49.330 16353 16509 W .apps.wellbeing: ClassLoaderContext classpath element checksum mismatch. expected=1811612869, found=2741909810 (DLC[];PCL[base.apk*1811612869]{PCL[/system/framework/org.apache.http.legacy.jar*109050521]#PCL[/system/framework/com.android.media.remotedisplay.jar*2597751076]#PCL[/system/framework/com.android.location.provider.jar*1567259612]#PCL[/system_ext/framework/androidx.window.extensions.jar*2326151982]#PCL[/system_ext/framework/androidx.window.sidecar.jar*1750604274]} | DLC[];PCL[/data/app/~~eQELYLQUWQKHGMKGn8Z_LA==/com.google.android.apps.wellbeing-bupfTlBKPpZqqnrTL9zFNg==/base.apk*2741909810]{PCL[/system/framework/org.apache.http.legacy.jar*109050521]#PCL[/system_ext/framework/com.android.extensions.appfunctions.jar*431325822]#PCL[/system_ext/framework/androidx.window.extensions.jar*2326151982]#PCL[/system_ext/framework/androidx.window.sidecar.jar*1750604274]})
08-28 18:49:49.333  2387  3238 D BackgroundInstallControlService: Package event received: 0
08-28 18:49:49.334  2387  3238 D BackgroundInstallControlService: Package event received: 0
08-28 18:49:49.334  2387  3238 D BackgroundInstallControlService: Package event received: 0
08-28 18:49:49.335  2387  2934 V WindowManager: Sent Transition (#212) createdAt=08-28 18:49:49.323 via request=TransitionRequestInfo { type = OPEN, triggerTask = TaskInfo{userId=0 taskId=111 effectiveUid=10631 displayId=0 isRunning=true baseIntent=Intent { flg=0x10000000 cmp=ru.andr7e.deviceinfohw/.MainActivity } baseActivity=ComponentInfo{ru.andr7e.deviceinfohw/ru.andr7e.deviceinfohw.MainActivity} topActivity=ComponentInfo{ru.andr7e.deviceinfohw/ru.andr7e.deviceinfohw.DeviceInfoActivity} origActivity=null realActivity=ComponentInfo{ru.andr7e.deviceinfohw/ru.andr7e.deviceinfohw.MainActivity} numActivities=2 lastActiveTime=3013703 supportsMultiWindow=true resizeMode=1 isResizeable=true minWidth=-1 minHeight=-1 defaultMinSize=220 token=WCT{RemoteToken{45574d6 Task{66a424d #111 type=standard A=10631:ru.andr7e.deviceinfohw}}} topActivityType=1 pictureInPictureParams=null shouldDockBigOverlays=false launchIntoPipHostTaskId=-1 lastParentTaskIdBeforePip=-1 displayCutoutSafeInsets=Rect(0, 0 - 0, 0) topActivityInfo=ActivityInfo{ec86f85 ru.andr7e.deviceinfohw.DeviceInfoActivity} launchCookies=[] positionInParent=Point(0, 0) parentTaskId=-1 isFocused=true isVisible=true isVisibleRequested=true isTopActivityNoDisplay=false isSleeping=false locusId=null displayAreaFeatureId=1 isTopActivityTransparent=false isActivityStackTransparent=false lastNonFullscreenBounds=Rect(373, 908 - 1068, 2348) capturedLink=null capturedLinkTimestamp=0 requestedVisibleTypes=-9 topActivityRequestOpenInBrowserEducationTimestamp=0 appCompatTaskInfo=AppCompatTaskInfo { topActivityInSizeCompat=false eligibleForLetterboxEducation= false isLetterboxEducationEnabled= false isLetterboxDoubleTapEnabled= false eligibleForUserAspectRatioButton= false topActivityBoundsLetterboxed= false isFromLetterboxDoubleTap= false topActivityLetterboxVerticalPosition= -1 topActivityLetterboxHorizontalPosition= -1 topActivityLetterboxWidth=-1 topActivityLetterboxHeight=-1 topActivityAppBounds=Rect(0, 137 - 1440, 3120) isUserFullscreenOverrideEnabled=false isSystemFullscreenOverrideEnabled=false hasMinAspectRatioOverride=false topActivityLetterboxBounds=null cameraCompatTaskInfo=CameraCompatTaskInfo { freeformCameraCompatMode=inactive}} topActivityMainWindowFrame=null}, pipChange = null, remoteTransition = null, displayChange = null, flags = 0, debugId = 212 }
08-28 18:49:49.335  2387  2934 V WindowManager:     startWCT=WindowContainerTransaction { changes= {} hops= [] errorCallbackToken=null taskFragmentOrganizer=null }
08-28 18:49:49.335  2387  2934 V WindowManager:     info={id=212 t=OPEN f=0x0 trk=0 r=[0@Point(0, 0)] c=[
08-28 18:49:49.335  2387  2934 V WindowManager:         {m=OPEN f=STARTING_WINDOW_TRANSFER|FILLS_TASK|IS_BEHIND_STARTING_WINDOW leash=Surface(name=ActivityRecord{119481700 u0 ru.andr7e.deviceinfohw/.DeviceInfoActivity)/@0x51c89ef sb=Rect(0, 0 - 0, 0) eb=Rect(0, 0 - 1440, 3200) epz=Point(1440, 3200) d=-1->0 r=-1->0:-1 bc=fffafafa component=ru.andr7e.deviceinfohw/.DeviceInfoActivity},
08-28 18:49:49.335  2387  2934 V WindowManager:         {m=CLOSE f=FILLS_TASK|IS_BEHIND_STARTING_WINDOW leash=Surface(name=ActivityRecord{249920996 u0 ru.andr7e.deviceinfohw/.MainActivity)/@0x30f76ce sb=Rect(0, 0 - 1440, 3200) eb=Rect(0, 0 - 1440, 3200) epz=Point(1440, 3200) d=0 bc=fffafafa component=ru.andr7e.deviceinfohw/.MainActivity}
08-28 18:49:49.335  2387  2934 V WindowManager:     ]}
08-28 18:49:49.336  3291  3496 V WindowManagerShell: onTransitionReady(transaction=10252086945368)
08-28 18:49:49.336  3291  3340 V WindowManagerShell: onTransitionReady (#212) android.os.BinderProxy@56cdc96: {id=212 t=OPEN f=0x0 trk=0 r=[0@Point(0, 0)] c=[
08-28 18:49:49.336  3291  3340 V WindowManagerShell:         {m=OPEN f=STARTING_WINDOW_TRANSFER|FILLS_TASK|IS_BEHIND_STARTING_WINDOW leash=Surface(name=ActivityRecord{119481700 u0 ru.andr7e.deviceinfohw/.DeviceInfoActivity)/@0x43845ed sb=Rect(0, 0 - 0, 0) eb=Rect(0, 0 - 1440, 3200) epz=Point(1440, 3200) d=-1->0 r=-1->0:-1 bc=fffafafa component=ru.andr7e.deviceinfohw/.DeviceInfoActivity},
08-28 18:49:49.336  3291  3340 V WindowManagerShell:         {m=CLOSE f=FILLS_TASK|IS_BEHIND_STARTING_WINDOW leash=Surface(name=ActivityRecord{249920996 u0 ru.andr7e.deviceinfohw/.MainActivity)/@0x3922c22 sb=Rect(0, 0 - 1440, 3200) eb=Rect(0, 0 - 1440, 3200) epz=Point(1440, 3200) d=0 bc=fffafafa component=ru.andr7e.deviceinfohw/.MainActivity}
08-28 18:49:49.336  3291  3340 V WindowManagerShell:     ]}
08-28 18:49:49.336  3291  3340 V WindowManagerShell: Non-visible anim so abort: (#212) android.os.BinderProxy@56cdc96@0
08-28 18:49:49.336  3291  3340 V WindowManagerShell: Transition animation finished (aborted=true), notifying core (#212) android.os.BinderProxy@56cdc96@0
08-28 18:49:49.338  2387  2934 V WindowManager: Finish Transition (#212): created at 08-28 18:49:49.323 collect-started=0.089ms request-sent=2.928ms started=5.141ms ready=9.48ms sent=11.645ms finished=14.432ms
08-28 18:49:49.339  3291  3340 V WindowManagerShell: Track 0 became idle
08-28 18:49:49.339  3291  3340 V WindowManagerShell: All active transition animations finished
08-28 18:49:49.341 16462 16462 I 7e.deviceinfohw: AssetManager2(0xb40000721b7e2bb8) locale list changing from [] to [en-US]
08-28 18:49:49.341 16353 16509 I .apps.wellbeing: AssetManager2(0xb40000721b7e2898) locale list changing from [] to [en-US]
08-28 18:49:49.342 16353 16509 I .apps.wellbeing: AssetManager2(0xb40000721b7e18f8) locale list changing from [] to [en-US]
08-28 18:49:49.344  2387  4189 D ConnectivityService: requestNetwork for uid/pid:10555/3291 asUid: 10631 activeRequest: null callbackRequest: 919 [NetworkRequest [ REQUEST id=920, [ Capabilities: INTERNET&NOT_RESTRICTED&TRUSTED&NOT_VCN_MANAGED&NOT_BANDWIDTH_CONSTRAINED Uid: 10631 RequestorUid: 10555 RequestorPkg: com.android.systemui UnderlyingNetworks: Null] ]] callback flags: 0 order: 2147483647 isUidTracked: false declaredMethods: AVAIL|BLK
08-28 18:49:49.345 16462 16462 V Configuration: Updating configuration, locales updated from [en_US_#u-mu-celsius] to [en]
08-28 18:49:49.345 16462 16462 I 7e.deviceinfohw: AssetManager2(0xb40000721b7e2bb8) locale list changing from [en-US] to [en]
08-28 18:49:49.351  2387  3178 D OemPaidWifiNetworkFactory: got request NetworkRequest [ REQUEST id=920, [ Capabilities: INTERNET&NOT_RESTRICTED&TRUSTED&NOT_VCN_MANAGED&NOT_BANDWIDTH_CONSTRAINED Uid: 10631 RequestorUid: 10555 RequestorPkg: com.android.systemui UnderlyingNetworks: Null] ]
08-28 18:49:49.351  2387  3178 D MultiInternetWifiNetworkFactory: got request NetworkRequest [ REQUEST id=920, [ Capabilities: INTERNET&NOT_RESTRICTED&TRUSTED&NOT_VCN_MANAGED&NOT_BANDWIDTH_CONSTRAINED Uid: 10631 RequestorUid: 10555 RequestorPkg: com.android.systemui UnderlyingNetworks: Null] ]
08-28 18:49:49.351  2387  3178 D WifiNetworkFactory: got request NetworkRequest [ REQUEST id=920, [ Capabilities: INTERNET&NOT_RESTRICTED&TRUSTED&NOT_VCN_MANAGED&NOT_BANDWIDTH_CONSTRAINED Uid: 10631 RequestorUid: 10555 RequestorPkg: com.android.systemui UnderlyingNetworks: Null] ]
08-28 18:49:49.351  2387  3178 D UntrustedWifiNetworkFactory: got request NetworkRequest [ REQUEST id=920, [ Capabilities: INTERNET&NOT_RESTRICTED&TRUSTED&NOT_VCN_MANAGED&NOT_BANDWIDTH_CONSTRAINED Uid: 10631 RequestorUid: 10555 RequestorPkg: com.android.systemui UnderlyingNetworks: Null] ]
08-28 18:49:49.351  2387  3185 D ConnectivityService: NetReassign [920 : null  100] [c 0] [a 0] [i 1]
08-28 18:49:49.354 16462 16462 W TabLayout: MODE_SCROLLABLE + GRAVITY_FILL is not supported, GRAVITY_START will be used instead
08-28 18:49:49.403   681   681 I lowmemorykiller: Kill 'com.google.android.marvin.talkback' (13087), uid 10519, oom_score_adj 975 to free 108920kB rss, 26712kB swap; reason: low watermark is breached
08-28 18:49:49.416 16462 16462 I ContentCaptureHelper: Setting logging level to OFF
08-28 18:49:49.416 16453 16613 D nativeloader: Load /data/app/~~ACbICYtkYuFHDdzqibT6iw==/com.google.android.googlequicksearchbox-GhSOx7aI8EYydUtrkja06Q==/base.apk!/lib/arm64-v8a/libnative_crash_handler_jni.so using class loader ns clns-10 (caller=/data/app/~~ACbICYtkYuFHDdzqibT6iw==/com.google.android.googlequicksearchbox-GhSOx7aI8EYydUtrkja06Q==/base.apk!classes3.dex): ok
08-28 18:49:49.418 16364 16583 I bgr     : Handling installed or updated package: com.kashi.caimanspoof
08-28 18:49:49.418 16364 16583 I bvs     : Attempting to classify package: com.kashi.caimanspoof using model: bll_1
08-28 18:49:49.420 16462 16462 D VRI[MainActivity]: visibilityChanged oldVisibility=true newVisibility=false
08-28 18:49:49.429 16462 16462 I LSPosed-Bridge: SimpleSpoofer: Spoofed ro.board.platform = mustang
08-28 18:49:49.431  2387  6607 W ParceledListSlice: Element #52 is 21716 bytes.
08-28 18:49:49.431  2387  6607 W ParceledListSlice: Element #53 is 22700 bytes.
08-28 18:49:49.431  2387  6607 W ParceledListSlice: Element #64 is 30528 bytes.
08-28 18:49:49.436  2387  6742 I ActivityManager: Process com.google.android.marvin.talkback (pid 13087) has died: cch+75 CEM 
08-28 18:49:49.437  2387  3838 W ParceledListSlice: Element #149 is 19388 bytes.
08-28 18:49:49.439 16364 16583 I le.android.odad: AssetManager2(0xb40000721b7df058) locale list changing from [] to [en-US]
08-28 18:49:49.439   681   681 I lowmemorykiller: Kill 'com.whatsapp.w4b' (12199), uid 10667, oom_score_adj 965 to free 151552kB rss, 202008kB swap; reason: low watermark is breached
08-28 18:49:49.440  1317  1317 I Zygote  : Process 13087 exited due to signal 9 (Killed)
08-28 18:49:49.441  2387  2945 I libprocessgroup: Removed cgroup /sys/fs/cgroup/apps/uid_10519/pid_13087
08-28 18:49:49.448 16453 16453 I ctfr    : Initializing GMS Compliance Client Library...
08-28 18:49:49.448 16453 16453 I ctfr    : Checking for device compliance...
08-28 18:49:49.448 16453 16453 I ctfr    : Completed library init.
08-28 18:49:49.450  2387  3238 D BackgroundInstallControlService: Package event received: 0
08-28 18:49:49.461 16453 16453 I fbvo    : (REDACTED) Scoped context discovery schemas: %s.
08-28 18:49:49.461 16453 16453 I exem    : (REDACTED) Created gRPC endpoint for service %s
08-28 18:49:49.486 16364 16583 D CompatChangeReporter: Compat change id reported: 279646685; UID 10463; state: ENABLED
08-28 18:49:49.490  5606  6482 I edey    : (REDACTED) >>> [%s] Emitting request locale: %s, secondaryLocales: %s, resources: %s, requestClient: %s
08-28 18:49:49.516 16364 16583 I KeyProviderManager: Loaded keybox from XML setting
08-28 18:49:49.551 16453 16625 I ctfr    : (REDACTED) Device Compliance Fetch time taken = %sms
08-28 18:49:49.551 16453 16625 I ctfr    : Device is compliant!
08-28 18:49:49.552 16453 16625 I ctfr    : Invoking "compliant" action...
08-28 18:49:49.554  3998  3998 D BoundBrokerSvc: onBind: Intent { act=com.google.android.mobstore.service.START xflg=0x4 pkg=com.google.android.gms }
08-28 18:49:49.555  3998  3998 D BoundBrokerSvc: Loading bound service for intent: Intent { act=com.google.android.mobstore.service.START xflg=0x4 pkg=com.google.android.gms }
08-28 18:49:49.568  2387  6742 I ActivityManager: Process com.whatsapp.w4b (pid 12199) has died: cch+65 CEM 
08-28 18:49:49.569  2387  3185 D ConnectivityService: releasing NetworkRequest [ REQUEST id=848, [ Capabilities: INTERNET&NOT_RESTRICTED&TRUSTED&NOT_VCN_MANAGED&NOT_BANDWIDTH_CONSTRAINED Uid: 10667 RequestorUid: 10667 RequestorPkg: com.whatsapp.w4b UnderlyingNetworks: Null] ] (release request)
08-28 18:49:49.571  1317  1317 I Zygote  : Process 12199 exited due to signal 9 (Killed)
08-28 18:49:49.571  2387  2945 I libprocessgroup: Removed cgroup /sys/fs/cgroup/apps/uid_10667/pid_12199
08-28 18:49:49.582  2387  2934 I ActivityTaskManager: Displayed ru.andr7e.deviceinfohw/.DeviceInfoActivity for user 0: +1s418ms
08-28 18:49:49.585  2387  3238 D BackgroundInstallControlService: Package event received: 0
08-28 18:49:49.585 16364 16583 I bhv     : BLL finished for package: com.kashi.caimanspoof, score: 6.0, verdict: NOT_HARMFUL
08-28 18:49:49.585  3998  3998 D BoundBrokerSvc: onBind: Intent { act=com.google.android.gms.chimera.container.moduleinstall.ModuleInstallService.START dat=chimera-action:/... xflg=0x4 cmp=com.google.android.gms/.chimera.GmsApiService }
08-28 18:49:49.585  3998  3998 D BoundBrokerSvc: Loading bound service for intent: Intent { act=com.google.android.gms.chimera.container.moduleinstall.ModuleInstallService.START dat=chimera-action:/... xflg=0x4 cmp=com.google.android.gms/.chimera.GmsApiService }
08-28 18:49:49.585 16364 16583 I bvs     : Finished new classification for package: com.kashi.caimanspoof, model: bll_1, verdict: NOT_HARMFUL, score: 6.0
08-28 18:49:49.590 16364 16583 I bgr     : Work finished, result: Result(successCount=2, failureCount=0), latency: PT0.331S
08-28 18:49:49.594 16364 16643 I bhd     : Finished work type: HANDLE_PACKAGES_CHANGED, success: true, latency: PT0.338S
08-28 18:49:49.594 16364 16364 I WorkService: Stopping the work service
08-28 18:49:49.594  3998  3998 D BoundBrokerSvc: onBind: Intent { act=com.google.android.gms.audit.service.START xflg=0x4 pkg=com.google.android.gms }
08-28 18:49:49.594  3998  3998 D BoundBrokerSvc: Loading bound service for intent: Intent { act=com.google.android.gms.audit.service.START xflg=0x4 pkg=com.google.android.gms }
08-28 18:49:49.595  2387  6673 W ForegroundServiceTypeLoggerModule: FGS stop call for: 10463 has no types!
08-28 18:49:49.596 16364 16364 I WorkService: Work service moved out of the foreground
08-28 18:49:49.597 16364 16364 I WorkService: Work service destroyed
08-28 18:49:49.598 16364 16364 I bvy     : Stopping watchdog: work-service, completed in time
08-28 18:49:49.598  2387  3238 D BackgroundInstallControlService: Package event received: 0
08-28 18:49:49.598  2387  3238 D BackgroundInstallControlService: Package event received: 0
08-28 18:49:49.601  1491 25131 D audio_hw_primary: out_standby: enter: stream (0xe8ac0010) usecase(12: audio-ull-playback)
08-28 18:49:49.611 16453 16634 W bjlk    : No value provided for the places model index flag.
08-28 18:49:49.611 16453 16634 W bjlk    : No value provided for the places model index flag.
08-28 18:49:49.619  2387  3238 D BackgroundInstallControlService: Package event received: 0
08-28 18:49:49.625 16453 16634 I eler    : Validating WorkManager process
08-28 18:49:49.626 16453 16634 D WM-PackageManagerHelper: Skipping component enablement for androidx.work.impl.background.systemjob.SystemJobService
08-28 18:49:49.626 16453 16634 D WM-Schedulers: Created SystemJobScheduler and enabled SystemJobService
08-28 18:49:49.627 16453 16638 D WM-ForceStopRunnable: Is default app process = true
08-28 18:49:49.628 16453 16611 I eler    : (REDACTED) Processes: %s, %s, %s, %s
08-28 18:49:49.628 16453 16611 I efqa    : #initializeLanguages
08-28 18:49:49.630  2387  3162 I ImeTracker: ru.andr7e.deviceinfohw:a4bb1422: onRequestHide at ORIGIN_SERVER reason HIDE_UNSPECIFIED_WINDOW fromUser false
08-28 18:49:49.630 16453 16636 I edha    : #getHotwordModelConfig
08-28 18:49:49.631 16453 16636 I cpjp    : (REDACTED) MDD.getFileGroup(%s)
08-28 18:49:49.633 16462 16462 D InsetsController: hide(ime(), fromIme=false)
08-28 18:49:49.633 16462 16462 I ImeTracker: ru.andr7e.deviceinfohw:a4bb1422: onCancelled at PHASE_CLIENT_ALREADY_HIDDEN
08-28 18:49:49.636  5563  5563 I GoogleInputMethodService: GoogleInputMethodService.onFinishInput():2054 
08-28 18:49:49.637  5563  5563 I Module  : DeviceLockedStatusModuleProvider$Module.updateDeviceLockedStatus():100 repeatCheckTimes = 0, locked = false
08-28 18:49:49.637  2387  3669 I ImeTracker: system_server:c33aa446: onRequestHide at ORIGIN_SERVER reason IME_REQUESTED_CHANGED_LISTENER fromUser false
08-28 18:49:49.637  5563  5563 I GoogleInputMethodService: GoogleInputMethodService.onStartInput():1315 onStartInput(EditorInfo{EditorInfo{packageName=ru.andr7e.deviceinfohw, inputType=0, inputTypeString=NULL, enableLearning=false, autoCorrection=false, autoComplete=false, imeOptions=0, privateImeOptions=null, actionName=UNSPECIFIED, actionLabel=null, initialSelStart=-1, initialSelEnd=-1, initialCapsMode=0, label=null, fieldId=0, fieldName=null, extras=null, hintText=null, hintLocales=[]}}, false)
08-28 18:49:49.637  5563  5563 I Module  : DeviceLockedStatusModuleProvider$Module.updateDeviceLockedStatus():100 repeatCheckTimes = 1, locked = false
08-28 18:49:49.638  2387  2937 I ImeTracker: system_server:c33aa446: onCancelled at PHASE_SERVER_SHOULD_HIDE
08-28 18:49:49.641 16453 16634 I edhs    : SRM: AccountScoped session starting on service-side.
08-28 18:49:49.642 16453 16634 I edfk    : (REDACTED) <<< [%s] Received request for primary locale %s. Secondary locales: '%s'
08-28 18:49:49.642 16453 16634 I edfk    : (REDACTED) <<< [%s] Requested resources IDs: %s. Note that this is a noop because we currently return all resource for each request.
08-28 18:49:49.642 16453 16636 I edej    : (REDACTED) [%s] #getImmediateResourceStates with locale %s. Secondary locales: %s
08-28 18:49:49.642 16453 16636 I edej    : (REDACTED) [%s] SRM initial state enabled (for hotword).
08-28 18:49:49.643 16453 16638 D WM-ForceStopRunnable: Performing cleanup operations.
08-28 18:49:49.643 16453 16634 I edej    : (REDACTED) [%s] #getAndUpdateSodaResourceCollection
08-28 18:49:49.643 16453 16625 I cpjg    : Getting hotwordModelConfig
08-28 18:49:49.643 16453 16636 I DefaultLPManager: #getAvailablePackages
08-28 18:49:49.643 16453 16634 I DefaultLPManager: #getRequestedPackages
08-28 18:49:49.644 16453 16630 I DefaultLPManager: #getAvailablePackages
08-28 18:49:49.644  5606  6411 I edey    : (REDACTED) <<< [%s] Reading SodaResourceManager message with initial resourceIds: '%s.'
08-28 18:49:49.644 16453 16647 I edej    : (REDACTED) [%s] #getInstalledLanguagePacks
08-28 18:49:49.644 16453 16647 I edej    : Skipping stopword download due to disablement by flag.
08-28 18:49:49.644 16453 16647 I edej    : Skipping Nes download due to disablement by flag.
08-28 18:49:49.645 16453 16630 I efkq    : #getDownloadableLanguagePacks
08-28 18:49:49.645 16453 16636 I efkq    : #getDownloadableLanguagePacks
08-28 18:49:49.645 16453 16634 I ZipLPPopulator: #addNewFileGroups
08-28 18:49:49.645 16453 16634 I efkq    : #getDownloadableLanguagePacks
08-28 18:49:49.645 16453 16647 I efgj    : (REDACTED) MDD.getFileGroup(%s)
08-28 18:49:49.645 16453 16625 I cpjg    : Getting hotwordModelConfig
08-28 18:49:49.646 16453 16647 I edbk    : (REDACTED) [%s] #updateResource begin
08-28 18:49:49.646 16453 16647 I edbk    : (REDACTED) [%s] #updateResource end
08-28 18:49:49.648 16453 16634 I eflj    : (REDACTED) Loaded languagepack (LP) flag value from latest config %s: %s
08-28 18:49:49.648 16453 16634 W SystemLPSourceImpl: #getRequestedPackages: There is not reason to call this method, as the result is always empty.
08-28 18:49:49.648 16453 16634 W LegacyLPSourceImpl: #getRequestedPackages: There is no reason to call this method, as the result is always empty.
08-28 18:49:49.648  5606  6411 I edey    : (REDACTED) <<< [%s] Reading SodaResourceManager message with updated resourceIds: %s. Total set: %s
08-28 18:49:49.648 16453 16630 I eflj    : (REDACTED) Loaded languagepack (LP) flag value from latest config %s: %s
08-28 18:49:49.648  5606  6411 I edey    : (REDACTED) <<< [%s] Reading SodaResourceManager message with updated resourceIds: %s. Total set: %s
08-28 18:49:49.649 16453 16636 I eflj    : (REDACTED) Loaded languagepack (LP) flag value from latest config %s: %s
08-28 18:49:49.649 16453 16636 W SystemLPSourceImpl: #getAvailablePackages: Note there is not reason to call this method, as getInstalledPackages() returns the same LanguagePacks for this impl.
08-28 18:49:49.649 16453 16636 W LegacyLPSourceImpl: #getAvailablePackages: Note there is no reason to call this method, as getInstalledPackages() returns the same LanguagePacks for this impl.
08-28 18:49:49.649 16453 16630 W SystemLPSourceImpl: #getAvailablePackages: Note there is not reason to call this method, as getInstalledPackages() returns the same LanguagePacks for this impl.
08-28 18:49:49.649 16453 16630 W LegacyLPSourceImpl: #getAvailablePackages: Note there is no reason to call this method, as getInstalledPackages() returns the same LanguagePacks for this impl.
08-28 18:49:49.649 16453 16630 I DefaultLPManager: #getInstalledPackages
08-28 18:49:49.649 16453 16630 I efkq    : #getInstalledPackages from MDD
08-28 18:49:49.649 16453 16630 I efkq    : #GetLanguagePackList
08-28 18:49:49.649 16453 16630 I efkq    : MDD.getFileGroupsByFilter(langpack-domain_xx-XX_ver_zipfile)
08-28 18:49:49.650 16453 16634 I LPRequestState: (REDACTED) [%s] #resolveDesiredLanguagePacks
08-28 18:49:49.652 16453 16611 I SystemLPSourceImpl: (REDACTED) Parsed system partition LanguagePack metadata file: %s
08-28 18:49:49.654 16453 16620 I SystemLPSourceImpl: (REDACTED) Parsed system partition LanguagePack metadata file: %s
08-28 18:49:49.654 16453 16638 E ashmem  : Pinning is deprecated since Android Q. Please use trim or other methods.
08-28 18:49:49.654  1494  2447 E CamX    : [ERROR][NCS    ] camxncsintfqsee.cpp:2148 SensorCallback() Invalid sensor index -1
08-28 18:49:49.655 16453 16625 I SystemLPSourceImpl: (REDACTED) Parsed system partition LanguagePack metadata file: %s
08-28 18:49:49.655 16453 16645 I ZipLPPopulator: #addNewFileGroups complete
08-28 18:49:49.655 16453 16645 I efkq    : #getPendingPackages from MDD
08-28 18:49:49.655 16453 16645 I efkq    : #GetLanguagePackList
08-28 18:49:49.655 16453 16645 I efkq    : MDD.getFileGroupsByFilter(langpack-domain_xx-XX_ver_zipfile)
08-28 18:49:49.667  3291  3291 D MediaRouter: onRestoreRoute() : route=RouteInfo{ name=Phone, description=null, status=null, category=RouteCategory{ name=System types=ROUTE_TYPE_LIVE_AUDIO ROUTE_TYPE_LIVE_VIDEO  groupable=false }, supportedTypes=ROUTE_TYPE_LIVE_AUDIO ROUTE_TYPE_LIVE_VIDEO , presentationDisplay=null }
