--------- beginning of main
08-28 18:21:53.028 32258 32258 W ndroid.keychain: Thread Pool max thread count is 0. Cannot cache binder as linkToDeath cannot be implemented. serviceName: activity
08-28 18:21:53.029 14075 14183 I Finsky  : [61] AIM: Got app ownership map. App counts: . Unique apps: 0
08-28 18:21:53.030 14075 14183 E Finsky  : [61] [Counters] attempted to use a non-positive increment for: 4752
08-28 18:21:53.033 29741 29873 I PermissionControllerServiceImpl: Updating user sensitive for uid 10674
08-28 18:21:53.038 14075 14171 E Finsky  : [54] [Counters] attempted to use a non-positive increment for: 4753
08-28 18:21:53.038 29944 29944 I Finsky:background: [2] aets - Deduping intent android.intent.action.PACKAGE_ADDED
08-28 18:21:53.038  2387  3054 I RoleService: Granting default roles...
08-28 18:21:53.039 14075 14171 I Finsky  : [54] AIM: AppInfoManager-Perf > OnDeviceAppInfo > cacheHitCount=1, cacheMissCount=0. Missed  in cache (limit 10) : []
08-28 18:21:53.039 14075 14183 I android.vending: AssetManager2(0xb40000721b7ed798) locale list changing from [] to [en-US]
08-28 18:21:53.039 29944 29944 I Finsky:background: [2] aets - Received: android.intent.action.PACKAGE_ADDED, [KlDbtpFtM9w9wCizcLWac75NIbZ37oObuvEH9HyPPYU]
08-28 18:21:53.041 14075 32263 I Finsky  : [169] SCH: Received scheduling request: Id: 12-1, Constraints: [{ L: 15000, D: 86400000, C: CHARGING_NONE, I: IDLE_NONE, N: NET_ANY, B: BATTERY_ANY }]
08-28 18:21:53.045 29944 32255 I Finsky:background: [102] Wrote row to frosting DB: 3164
08-28 18:21:53.045  2387  3422 E RoleControllerServiceImpl: Default/fallback role holder package doesn't qualify for the role, package: com.google.android.gms.supervision, role: android.app.role.SYSTEM_SUPERVISION
08-28 18:21:53.049 14075 14075 I Finsky  : [2] aeuc - Received: android.intent.action.PACKAGE_ADDED, [KlDbtpFtM9w9wCizcLWac75NIbZ37oObuvEH9HyPPYU]
08-28 18:21:53.049 14075 14183 I Finsky  : [61] AIM: Got app ownership map. App counts: . Unique apps: 0
08-28 18:21:53.049 14075 14183 E Finsky  : [61] [Counters] attempted to use a non-positive increment for: 4752
08-28 18:21:53.051 29944 29944 I Finsky:background: [2] aets - Deduping intent android.intent.action.PACKAGE_ADDED
08-28 18:21:53.051 14075 14183 E Finsky  : [61] [Counters] attempted to use a non-positive increment for: 4753
08-28 18:21:53.052 29944 29986 I Finsky:background: [66] RECEIVER_PACKAGE_MONITOR_BACKGROUND#logWorkEndAndFinishGoAsync: SUCCESS
08-28 18:21:53.054 14075 14075 I Finsky  : [2] AIM: AppInfoCacheUpdater -> invalidating apps: [com.kashi.caimanspoof]
08-28 18:21:53.054 14075 14075 I Finsky  : [2] AIM: AppInfoManager-Perf > getApps > called for 1 apps
08-28 18:21:53.056 14075 14174 I Finsky  : [57] AIM: AppInfoManager-Perf > OnDeviceAppInfo > cacheHitCount=0, cacheMissCount=1. Missed  in cache (limit 10) : [com.kashi.caimanspoof]
08-28 18:21:53.056 14075 14174 I Finsky  : [57] AIM: Got app ownership map. App counts: . Unique apps: 0
08-28 18:21:53.056 14075 14174 E Finsky  : [57] [Counters] attempted to use a non-positive increment for: 4752
08-28 18:21:53.058 14075 32263 I Finsky  : [169] SCH: Received scheduling request: Id: 12-1, Constraints: [{ L: 15000, D: 86400000, C: CHARGING_NONE, I: IDLE_NONE, N: NET_ANY, B: BATTERY_ANY }]
08-28 18:21:53.058 14075 14174 E Finsky  : [57] [Counters] attempted to use a non-positive increment for: 4753
08-28 18:21:53.059 14075 14174 I Finsky  : [57] AIM: AppInfoManager-Perf > OnDeviceAppInfo > cacheHitCount=1, cacheMissCount=0. Missed  in cache (limit 10) : []
08-28 18:21:53.059 14075 14174 I Finsky  : [57] AIM: Got app ownership map. App counts: . Unique apps: 0
08-28 18:21:53.059 14075 14174 E Finsky  : [57] [Counters] attempted to use a non-positive increment for: 4752
08-28 18:21:53.059 14075 14174 E Finsky  : [57] [Counters] attempted to use a non-positive increment for: 4753
08-28 18:21:53.060  2387  3166 I system_server: AssetManager2(0xb40000721b964798) locale list changing from [] to [en-US]
08-28 18:21:53.062  2387  2942 I system_server: AssetManager2(0xb40000721b961ef8) locale list changing from [] to [en-US]
08-28 18:21:53.069 14075 14075 I Finsky  : [2] DTU: Received onPackageAdded, replacing: true
08-28 18:21:53.083 14075 14075 I Finsky  : [2] aeuc - Received: android.intent.action.PACKAGE_ADDED, [KlDbtpFtM9w9wCizcLWac75NIbZ37oObuvEH9HyPPYU]
08-28 18:21:53.086 14075 14075 I Finsky  : [2] aeuc - Deduping intent android.intent.action.PACKAGE_ADDED
08-28 18:21:53.088 14075 14075 I Finsky  : [2] aeuc - Received: android.intent.action.PACKAGE_ADDED, [KlDbtpFtM9w9wCizcLWac75NIbZ37oObuvEH9HyPPYU]
08-28 18:21:53.091 14075 14075 I Finsky  : [2] aeuc - Deduping intent android.intent.action.PACKAGE_ADDED
08-28 18:21:53.092 14075 14148 I Finsky  : [43] RECEIVER_PACKAGE_MONITOR#logWorkEndAndFinishGoAsync: SUCCESS
08-28 18:21:53.093  2387  2387 D AppSearchAppsIndexerManagerS: userid in package receiver: 10674
--------- beginning of system
08-28 18:21:53.095  2387  2387 W AlarmManager: Package com.kashi.caimanspoof, uid 10674 lost permission to set exact alarms!
08-28 18:21:53.098  2387  3166 I system_server: AssetManager2(0xb40000721b963b18) locale list changing from [] to [en-US]
08-28 18:21:53.098  2387  5612 I system_server: AssetManager2(0xb40000721b960f58) locale list changing from [] to [en-US]
08-28 18:21:53.099  2387  8941 V Configuration: Updating configuration, locales updated from [] to [en_US]
08-28 18:21:53.100  2387  8941 V Configuration: Updating configuration, locales updated from [] to [en_US]
08-28 18:21:53.100  2387  8941 V Configuration: Updating configuration, locales updated from [] to [en_US]
08-28 18:21:53.100  2387  8941 V Configuration: Updating configuration, locales updated from [] to [en_US]
08-28 18:21:53.100  2387  8941 V Configuration: Updating configuration, locales updated from [] to [en_US]
08-28 18:21:53.100  2387  8941 V Configuration: Updating configuration, locales updated from [] to [en_US]
08-28 18:21:53.100  2387  8941 V Configuration: Updating configuration, locales updated from [] to [en_US]
08-28 18:21:53.100  2387  8941 V Configuration: Updating configuration, locales updated from [] to [en_US]
08-28 18:21:53.100  2387  8941 V Configuration: Updating configuration, locales updated from [] to [en_US]
08-28 18:21:53.100  2387  8941 V Configuration: Updating configuration, locales updated from [] to [en_US]
08-28 18:21:53.101  2387  8941 D IntervalStats: Unable to parse usage stats packages: [650, 677]
08-28 18:21:53.101 14075 14183 I Finsky  : [61] AIM: AppInfoManager-Perf > ItemModel > CacheSize=119, cacheHitCount=0, cacheMissCount=0, total appsWithNoServerDataCount=5. Missed  in cache (limit 10) : []
08-28 18:21:53.102  2387  8941 V Configuration: Updating configuration, locales updated from [] to [en_US_#u-mu-celsius]
08-28 18:21:53.102  2387  8941 V Configuration: Updating configuration, locales updated from [] to [en_US]
08-28 18:21:53.102  2387  8941 V Configuration: Updating configuration, locales updated from [] to [en_US_#u-mu-celsius]
08-28 18:21:53.102  2387  8941 V Configuration: Updating configuration, locales updated from [] to [en_US_#u-mu-celsius]
08-28 18:21:53.102  2387  8941 V Configuration: Updating configuration, locales updated from [] to [en_US]
08-28 18:21:53.102  2387  8941 V Configuration: Updating configuration, locales updated from [] to [en_US]
08-28 18:21:53.103  2387  8941 V Configuration: Updating configuration, locales updated from [] to [en_US]
08-28 18:21:53.103  2387  8941 V Configuration: Updating configuration, locales updated from [] to [en_US_#u-mu-celsius]
08-28 18:21:53.103  2387  8941 V Configuration: Updating configuration, locales updated from [] to [en_US]
08-28 18:21:53.103  2387  8941 V Configuration: Updating configuration, locales updated from [] to [en_US_#u-mu-celsius]
08-28 18:21:53.103  2387  8941 V Configuration: Updating configuration, locales updated from [] to [en_US]
08-28 18:21:53.103  2387  8941 V Configuration: Updating configuration, locales updated from [] to [en_US]
08-28 18:21:53.103  2387  8941 V Configuration: Updating configuration, locales updated from [] to [en_US_#u-mu-celsius]
08-28 18:21:53.103  2387  8941 V Configuration: Updating configuration, locales updated from [] to [en_US]
08-28 18:21:53.103  2387  8941 V Configuration: Updating configuration, locales updated from [] to [en_US_#u-mu-celsius]
08-28 18:21:53.103  2387  8941 V Configuration: Updating configuration, locales updated from [] to [en_US_#u-mu-celsius]
08-28 18:21:53.103  2387  8941 V Configuration: Updating configuration, locales updated from [] to [en_US]
08-28 18:21:53.103  2387  8941 V Configuration: Updating configuration, locales updated from [] to [en_US_#u-mu-celsius]
08-28 18:21:53.103  2387  8941 V Configuration: Updating configuration, locales updated from [] to [en_US_#u-mu-celsius]
08-28 18:21:53.103  2387  8941 V Configuration: Updating configuration, locales updated from [] to [en_US]
08-28 18:21:53.103  2387  8941 V Configuration: Updating configuration, locales updated from [] to [en_US_#u-mu-celsius]
08-28 18:21:53.103  2387  8941 V Configuration: Updating configuration, locales updated from [] to [en_US_#u-mu-celsius]
08-28 18:21:53.105  2387  8941 D IntervalStats: Unable to parse usage stats packages: [646, 650, 658, 659, 660, 677, 683, 685]
08-28 18:21:53.106  2387  8941 V Configuration: Updating configuration, locales updated from [] to [en_US_#u-mu-celsius]
08-28 18:21:53.106  2387  8941 V Configuration: Updating configuration, locales updated from [] to [en_US_#u-mu-celsius]
08-28 18:21:53.106  2387  8941 V Configuration: Updating configuration, locales updated from [] to [en_US_#u-mu-celsius]
08-28 18:21:53.106  2387  8941 V Configuration: Updating configuration, locales updated from [] to [en_US_#u-mu-celsius]
08-28 18:21:53.106  2387  8941 V Configuration: Updating configuration, locales updated from [] to [en_US_#u-mu-celsius]
08-28 18:21:53.106  2387  8941 V Configuration: Updating configuration, locales updated from [] to [en_US_#u-mu-celsius]
08-28 18:21:53.106  2387  8941 V Configuration: Updating configuration, locales updated from [] to [en_US_#u-mu-celsius]
08-28 18:21:53.106  2387  8941 V Configuration: Updating configuration, locales updated from [] to [en_US_#u-mu-celsius]
08-28 18:21:53.106  2387  8941 V Configuration: Updating configuration, locales updated from [] to [en_US_#u-mu-celsius]
08-28 18:21:53.106  2387  8941 V Configuration: Updating configuration, locales updated from [] to [en_US_#u-mu-celsius]
08-28 18:21:53.108  2387  8941 D IntervalStats: Unable to parse usage stats packages: [646, 677, 690, 691, 695, 696]
08-28 18:21:53.109  2387  8941 V Configuration: Updating configuration, locales updated from [] to [en_US_#u-mu-celsius]
08-28 18:21:53.109  2387  8941 V Configuration: Updating configuration, locales updated from [] to [en_US_#u-mu-celsius]
08-28 18:21:53.109  2387  8941 V Configuration: Updating configuration, locales updated from [] to [en_US_#u-mu-celsius]
08-28 18:21:53.109  2387  8941 V Configuration: Updating configuration, locales updated from [] to [en_US_#u-mu-celsius]
08-28 18:21:53.109  2387  8941 V Configuration: Updating configuration, locales updated from [] to [en_US_#u-mu-celsius]
08-28 18:21:53.109  2387  8941 V Configuration: Updating configuration, locales updated from [] to [en_US_#u-mu-celsius]
08-28 18:21:53.109  2387  8941 V Configuration: Updating configuration, locales updated from [] to [en_US_#u-mu-celsius]
08-28 18:21:53.109  2387  8941 V Configuration: Updating configuration, locales updated from [] to [en_US_#u-mu-celsius]
08-28 18:21:53.109  2387  8941 V Configuration: Updating configuration, locales updated from [] to [en_US_#u-mu-celsius]
08-28 18:21:53.109  2387  8941 V Configuration: Updating configuration, locales updated from [] to [en_US_#u-mu-celsius]
08-28 18:21:53.109  2387  8941 V Configuration: Updating configuration, locales updated from [] to [en_US_#u-mu-celsius]
08-28 18:21:53.112 14075 14171 I Finsky  : [54] AIM: AppInfoManager-Perf > ItemModel > CacheSize=119, cacheHitCount=0, cacheMissCount=0, total appsWithNoServerDataCount=5. Missed  in cache (limit 10) : []
08-28 18:21:53.114  3502  3635 I s.nexuslauncher: AssetManager2(0xb40000721b810d38) locale list changing from [] to [en-US]
08-28 18:21:53.118  2387  8941 D IntervalStats: Unable to parse usage stats packages: [677, 695, 696, 700, 701]
08-28 18:21:53.119  2387  8941 V Configuration: Updating configuration, locales updated from [] to [en_US_#u-mu-celsius]
08-28 18:21:53.119  2387  8941 V Configuration: Updating configuration, locales updated from [] to [en_US_#u-mu-celsius]
08-28 18:21:53.119  2387  8941 V Configuration: Updating configuration, locales updated from [] to [en_US_#u-mu-celsius]
08-28 18:21:53.119  2387  8941 V Configuration: Updating configuration, locales updated from [] to [en_US_#u-mu-celsius]
08-28 18:21:53.120  2387  8941 V Configuration: Updating configuration, locales updated from [] to [en_US_#u-mu-celsius]
08-28 18:21:53.120  2387  8941 V Configuration: Updating configuration, locales updated from [] to [en_US_#u-mu-celsius]
08-28 18:21:53.120  2387  8941 V Configuration: Updating configuration, locales updated from [] to [en_US_#u-mu-celsius]
08-28 18:21:53.120  2387  8941 V Configuration: Updating configuration, locales updated from [] to [en_US_#u-mu-celsius]
08-28 18:21:53.120  2387  8941 V Configuration: Updating configuration, locales updated from [] to [en_US_#u-mu-celsius]
08-28 18:21:53.120  2387  8941 V Configuration: Updating configuration, locales updated from [] to [en_US_#u-mu-celsius]
08-28 18:21:53.120  2387  8941 V Configuration: Updating configuration, locales updated from [] to [en_US_#u-mu-celsius]
08-28 18:21:53.125  2387  8941 D IntervalStats: Unable to parse usage stats packages: [691, 716, 717, 720]
08-28 18:21:53.127  2387  8941 V Configuration: Updating configuration, locales updated from [] to [en_US_#u-mu-celsius]
08-28 18:21:53.127  2387  8941 V Configuration: Updating configuration, locales updated from [] to [en_US_#u-mu-celsius]
08-28 18:21:53.127  2387  8941 V Configuration: Updating configuration, locales updated from [] to [en_US_#u-mu-celsius]
08-28 18:21:53.127  2387  8941 V Configuration: Updating configuration, locales updated from [] to [en_US_#u-mu-celsius]
08-28 18:21:53.127  2387  8941 V Configuration: Updating configuration, locales updated from [] to [en_US_#u-mu-celsius]
08-28 18:21:53.127  2387  8941 V Configuration: Updating configuration, locales updated from [] to [en_US_#u-mu-celsius]
08-28 18:21:53.128  2387  8941 V Configuration: Updating configuration, locales updated from [] to [en_US_#u-mu-celsius]
08-28 18:21:53.128  2387  8941 V Configuration: Updating configuration, locales updated from [] to [en_US_#u-mu-celsius]
08-28 18:21:53.128  2387  8941 V Configuration: Updating configuration, locales updated from [] to [en_US_#u-mu-celsius]
08-28 18:21:53.128  2387  8941 V Configuration: Updating configuration, locales updated from [] to [en_US_#u-mu-celsius]
08-28 18:21:53.128  2387  8941 V Configuration: Updating configuration, locales updated from [] to [en_US_#u-mu-celsius]
08-28 18:21:53.128  2387  8941 V Configuration: Updating configuration, locales updated from [] to [en_US_#u-mu-celsius]
08-28 18:21:53.128  2387  8941 V Configuration: Updating configuration, locales updated from [] to [en_US_#u-mu-celsius]
08-28 18:21:53.128  2387  8941 V Configuration: Updating configuration, locales updated from [] to [en_US_#u-mu-celsius]
08-28 18:21:53.128  2387  8941 V Configuration: Updating configuration, locales updated from [] to [en_US_#u-mu-celsius]
08-28 18:21:53.128  2387  8941 V Configuration: Updating configuration, locales updated from [] to [en_US_#u-mu-celsius]
08-28 18:21:53.128  2387  8941 V Configuration: Updating configuration, locales updated from [] to [en_US_#u-mu-celsius]
08-28 18:21:53.128  2387  8941 V Configuration: Updating configuration, locales updated from [] to [en_US_#u-mu-celsius]
08-28 18:21:53.129  2387  8941 D IntervalStats: Unable to parse usage stats packages: [717, 724]
08-28 18:21:53.134  3502  3635 D AlphabeticIndexCompat: computeSectionName: cs: PixelSpoof Settings sectionName: P
08-28 18:21:53.134  3502  3502 D AllAppsStore: setApps: apps.length=101
08-28 18:21:53.134  3502  3502 D AllAppsStore: notifyUpdate: notifying listeners
08-28 18:21:53.134  3502  3502 D ActivityAllAppsContainerView: onAppsUpdated; number of apps: 101
08-28 18:21:53.134 14075 14171 I Finsky  : [54] AIM: AppInfoManager-Perf > getApps > data collection finished
08-28 18:21:53.134 14075 14171 I Finsky  : [54] AIM: AppInfoManager-Perf > maybeDestroyAppInfoManager is called. actives = 1
08-28 18:21:53.135  3502  3502 D ActivityAllAppsContainerView: rebindAdapters: force: false
08-28 18:21:53.135  3502  3502 D ActivityAllAppsContainerView: rebindAdapters: Not needed.
08-28 18:21:53.135  3502  3502 D StatsLog: LAUNCHER_ALLAPPS_COUNT
08-28 18:21:53.136  3502  3502 D AlphabeticalAppsList: Clearing FastScrollerSections.
08-28 18:21:53.136  3502  3502 D AlphabeticalAppsList: Adding apps with sections. HasPrivateApps: false
08-28 18:21:53.136  3502  3502 D AlphabeticalAppsList: addAppsWithSections: adding sectionName: … with appInfoTitle: 1DM+
08-28 18:21:53.136  3502  3502 D AlphabeticalAppsList: addAppsWithSections: adding sectionName: A with appInfoTitle: AI Life
08-28 18:21:53.136  3502  3502 D AlphabeticalAppsList: addAppsWithSections: adding sectionName: B with appInfoTitle: BCR
08-28 18:21:53.136  3502  3502 D AlphabeticalAppsList: addAppsWithSections: adding sectionName: C with appInfoTitle: Calculator
08-28 18:21:53.136  3502  3502 D AlphabeticalAppsList: addAppsWithSections: adding sectionName: D with appInfoTitle: DataBackup
08-28 18:21:53.136  3502  3502 D AlphabeticalAppsList: addAppsWithSections: adding sectionName: E with appInfoTitle: Edge Gallery
08-28 18:21:53.136  3502  3502 D AlphabeticalAppsList: addAppsWithSections: adding sectionName: F with appInfoTitle: Facebook
08-28 18:21:53.136  3502  3502 D AlphabeticalAppsList: addAppsWithSections: adding sectionName: G with appInfoTitle: Geeky Medics
08-28 18:21:53.136  3502  3502 D AlphabeticalAppsList: addAppsWithSections: adding sectionName: I with appInfoTitle: Instagram
08-28 18:21:53.136  3502  3502 D AlphabeticalAppsList: addAppsWithSections: adding sectionName: J with appInfoTitle: Journal
08-28 18:21:53.136  3502  3502 D AlphabeticalAppsList: addAppsWithSections: adding sectionName: K with appInfoTitle: Kashipatch
08-28 18:21:53.136  3502  3502 D AlphabeticalAppsList: addAppsWithSections: adding sectionName: L with appInfoTitle: Lens
08-28 18:21:53.136  3502  3502 D AlphabeticalAppsList: addAppsWithSections: adding sectionName: M with appInfoTitle: M365 Copilot
08-28 18:21:53.136  3502  3502 D AlphabeticalAppsList: addAppsWithSections: adding sectionName: N with appInfoTitle: Native Detector
08-28 18:21:53.136  3502  3502 D AlphabeticalAppsList: addAppsWithSections: adding sectionName: O with appInfoTitle: OpenLMS
08-28 18:21:53.136  3502  3502 D AlphabeticalAppsList: addAppsWithSections: adding sectionName: P with appInfoTitle: Perfect IPTV
08-28 18:21:53.136  3502  3502 D AlphabeticalAppsList: addAppsWithSections: adding sectionName: R with appInfoTitle: Recorder
08-28 18:21:53.136  3502  3502 D AlphabeticalAppsList: addAppsWithSections: adding sectionName: S with appInfoTitle: Safety
08-28 18:21:53.136  3502  3502 D AlphabeticalAppsList: addAppsWithSections: adding sectionName: T with appInfoTitle: Telegram
08-28 18:21:53.136  3502  3502 D AlphabeticalAppsList: addAppsWithSections: adding sectionName: W with appInfoTitle: WA Business
08-28 18:21:53.136  3502  3502 D AlphabeticalAppsList: addAppsWithSections: adding sectionName: X with appInfoTitle: X
08-28 18:21:53.136  3502  3502 D AlphabeticalAppsList: addAppsWithSections: adding sectionName: Y with appInfoTitle: YouTube
08-28 18:21:53.136  3502  3502 D AlphabeticalAppsList: addAppsWithSections: adding sectionName: Z with appInfoTitle: Zoho Meeting
08-28 18:21:53.136  3502  3502 D AlphabeticalAppsList: Adding FastScrollSection duplicate to scroll to the bottom.
08-28 18:21:53.137  3502  3502 D AlphabeticalAppsList: Clearing FastScrollerSections.
08-28 18:21:53.137  3502  3502 D AlphabeticalAppsList: Adding apps with sections. HasPrivateApps: false
08-28 18:21:53.138  3502  3502 D AlphabeticalAppsList: addAppsWithSections: adding sectionName: … with appInfoTitle: 1DM+
08-28 18:21:53.138  3502  3502 D AlphabeticalAppsList: addAppsWithSections: adding sectionName: A with appInfoTitle: AI Life
08-28 18:21:53.138  3502  3502 D AlphabeticalAppsList: addAppsWithSections: adding sectionName: B with appInfoTitle: BCR
08-28 18:21:53.138  3502  3502 D AlphabeticalAppsList: addAppsWithSections: adding sectionName: C with appInfoTitle: Calculator
08-28 18:21:53.138  3502  3502 D AlphabeticalAppsList: addAppsWithSections: adding sectionName: D with appInfoTitle: DataBackup
08-28 18:21:53.138  3502  3502 D AlphabeticalAppsList: addAppsWithSections: adding sectionName: E with appInfoTitle: Edge Gallery
08-28 18:21:53.138  3502  3502 D AlphabeticalAppsList: addAppsWithSections: adding sectionName: F with appInfoTitle: Facebook
08-28 18:21:53.138  3502  3502 D AlphabeticalAppsList: addAppsWithSections: adding sectionName: G with appInfoTitle: Geeky Medics
08-28 18:21:53.138  3502  3502 D AlphabeticalAppsList: addAppsWithSections: adding sectionName: I with appInfoTitle: Instagram
08-28 18:21:53.138  3502  3502 D AlphabeticalAppsList: addAppsWithSections: adding sectionName: J with appInfoTitle: Journal
08-28 18:21:53.138  3502  3502 D AlphabeticalAppsList: addAppsWithSections: adding sectionName: K with appInfoTitle: Kashipatch
08-28 18:21:53.138  3502  3502 D AlphabeticalAppsList: addAppsWithSections: adding sectionName: L with appInfoTitle: Lens
08-28 18:21:53.138  3502  3502 D AlphabeticalAppsList: addAppsWithSections: adding sectionName: M with appInfoTitle: M365 Copilot
08-28 18:21:53.138  3502  3502 D AlphabeticalAppsList: addAppsWithSections: adding sectionName: N with appInfoTitle: Native Detector
08-28 18:21:53.138  3502  3502 D AlphabeticalAppsList: addAppsWithSections: adding sectionName: O with appInfoTitle: OpenLMS
08-28 18:21:53.138  3502  3502 D AlphabeticalAppsList: addAppsWithSections: adding sectionName: P with appInfoTitle: Perfect IPTV
08-28 18:21:53.138  3502  3502 D AlphabeticalAppsList: addAppsWithSections: adding sectionName: R with appInfoTitle: Recorder
08-28 18:21:53.138  3502  3502 D AlphabeticalAppsList: addAppsWithSections: adding sectionName: S with appInfoTitle: Safety
08-28 18:21:53.138  3502  3502 D AlphabeticalAppsList: addAppsWithSections: adding sectionName: T with appInfoTitle: Telegram
08-28 18:21:53.138  3502  3502 D AlphabeticalAppsList: addAppsWithSections: adding sectionName: W with appInfoTitle: WA Business
08-28 18:21:53.138  3502  3502 D AlphabeticalAppsList: addAppsWithSections: adding sectionName: X with appInfoTitle: X
08-28 18:21:53.138  3502  3502 D AlphabeticalAppsList: addAppsWithSections: adding sectionName: Y with appInfoTitle: YouTube
08-28 18:21:53.138 14075 14171 I Finsky  : [54] AIM: AppInfoManager-Perf > ItemModel > CacheSize=119, cacheHitCount=0, cacheMissCount=0, total appsWithNoServerDataCount=5. Missed  in cache (limit 10) : []
08-28 18:21:53.138  3502  3502 D AlphabeticalAppsList: addAppsWithSections: adding sectionName: Z with appInfoTitle: Zoho Meeting
08-28 18:21:53.138  3502  3502 D AlphabeticalAppsList: Adding FastScrollSection duplicate to scroll to the bottom.
08-28 18:21:53.139 14075 14171 I Finsky  : [54] AIM: AppInfoManager-Perf > ItemModel > CacheSize=119, cacheHitCount=0, cacheMissCount=0, total appsWithNoServerDataCount=5. Missed  in cache (limit 10) : []
08-28 18:21:53.147  2387  3166 I system_server: AssetManager2(0xb40000721b96e0b8) locale list changing from [] to [en-US]
08-28 18:21:53.157  3291  3487 D KeyguardViewMediator: updateActivityLockScreenState(true, true, handleShowInner)
08-28 18:21:53.158  2387  3238 D BackgroundInstallControlService: Package event received: 0
08-28 18:21:53.159  3549  3549 D NfcService: applyScreenState: screenState = OFF_LOCKED
08-28 18:21:53.159  3549  3549 D NfcService: applyScreenState: screenState != mScreenState=1
08-28 18:21:53.159  3549  3549 D NfcService: handleMessage: MSG_APPLY_SCREEN_STATEOFF_LOCKED
08-28 18:21:53.159  3549  3549 D libnfc_nci: nfcManager_doSetScreenState: state = 2 prevScreenState= 1, discovry_param = 1
08-28 18:21:53.159  3291  3291 D CentralSurfaces: occluded=false
08-28 18:21:53.159  3291  3291 D OngoingActionProgressController: setForceHidden true
08-28 18:21:53.159  3291  3291 D OngoingActionProgressController: setForceHidden true
08-28 18:21:53.160  3549 18058 D NfcService: applyRouting
08-28 18:21:53.161  2387  2387 D BiometricService: Sensor ID(1008), oemStrength: 255, updatedStrength: 255, modality 8, state: 0, cookie: 0, sensorId 1008, hasEnrollments: false cannot participate in Keystore operations
08-28 18:21:53.161  3998  3998 I ActiveUnlock: onDeviceLocked [CONTEXT service_id=327 ]
08-28 18:21:53.162 14075 14174 I Finsky  : [57] AIM: AppInfoManager-Perf > getApps > data collection finished
08-28 18:21:53.162 14075 14174 I Finsky  : [57] AIM: AppInfoManager-Perf > maybeDestroyAppInfoManager is called. actives = 0
08-28 18:21:53.162   719   719 I keystore2: system/security/keystore2/src/authorization.rs:153 - on_device_locked(user_id=0, unlocking_sids=[3867092742996155449], weak_unlock_enabled=false)
08-28 18:21:53.163   695   705 D DrmLibTime: got the req here! ret=0
08-28 18:21:53.163   695   705 D DrmLibTime: command id, time_cmd_id = 770
08-28 18:21:53.163   695   705 D DrmLibTime: time_getutcsec starts!
08-28 18:21:53.163   695   705 D DrmLibTime: QSEE Time Listener: time_getutcsec
08-28 18:21:53.163   695   705 D DrmLibTime: QSEE Time Listener: get_utc_seconds
08-28 18:21:53.163   695   705 D DrmLibTime: QSEE Time Listener: time_get_modem_time
08-28 18:21:53.163   695   705 D DrmLibTime: QSEE Time Listener: Checking if ATS_MODEM is set or not.
08-28 18:21:53.163   695   705 D QC-time-services: Lib:time_genoff_operation: pargs->base = 13
08-28 18:21:53.163   695   705 D QC-time-services: Lib:time_genoff_operation: pargs->operation = 2
08-28 18:21:53.163   695   705 D QC-time-services: Lib:time_genoff_operation: pargs->ts_val = 0
08-28 18:21:53.163   695   705 E QC-time-services: Lib:time_genoff_operation: Connection failed !!
08-28 18:21:53.163   695   705 D DrmLibTime: QSEE Time Listener: ATS_MODEM is not set. Fallback to Android system time.
08-28 18:21:53.163   695   705 D DrmLibTime: QSEE Time Listener: Retrieved Android system time: 1756398113
08-28 18:21:53.163   695   705 D DrmLibTime: time_getutcsec returns 0, sec = 1756398113; nsec = 0
08-28 18:21:53.163   695   705 D DrmLibTime: time_getutcsec finished! 
08-28 18:21:53.164   695   705 D DrmLibTime: iotcl_continue_command finished! and return 0 
08-28 18:21:53.164   695   705 D DrmLibTime: before calling ioctl to read the next time_cmd
08-28 18:21:53.164  3291  3291 I KeyguardDisplayManager: Do not show KeyguardPresentation on the default display
08-28 18:21:53.164  3291  3291 D KeyguardViewMediator: KeyguardViewMediator queue processing message: SHOW
08-28 18:21:53.165  2387  6578 D SystemServerTiming: getUserSwitchability-0
08-28 18:21:53.165  3291  3291 D DeviceEntryIconViewBinder: Updating device entry icon image state ForegroundIconViewModel(type=FINGERPRINT, useAodVariant=true, tint=-1, padding=71)
08-28 18:21:53.165  2387  6578 D SystemServerTiming: TM.isInCall
08-28 18:21:53.166  2387  6578 D SystemServerTiming: hasUserRestriction-DISALLOW_USER_SWITCH
08-28 18:21:53.166  2387  6578 D SystemServerTiming: getInt-ALLOW_USER_SWITCHING_WHEN_SYSTEM_USER_LOCKED
08-28 18:21:53.166  2387  6578 D SystemServerTiming: isUserUnlocked-USER_SYSTEM
08-28 18:21:53.171  2387  3166 I system_server: AssetManager2(0xb40000721b96d438) locale list changing from [] to [en-US]
08-28 18:21:53.174  2387  2942 I system_server: AssetManager2(0xb40000721b96a558) locale list changing from [] to [en-US]
08-28 18:21:53.175   719   719 I keystore2: system/security/keystore2/src/super_key.rs:973 - UnlockedDeviceRequired super keys for user 0 are biometric-encrypted.
08-28 18:21:53.183  2387  3422 I system_server: AssetManager2(0xb40000721b96e3d8) locale list changing from [] to [en-US]
08-28 18:21:53.187  2387  3166 I system_server: AssetManager2(0xb40000721b95fc98) locale list changing from [] to [en-US]
08-28 18:21:53.187  2387  8941 W BpBinder: Large outgoing transaction of 662176 bytes, interface descriptor , code 1 was sent
08-28 18:21:53.187  2387  8941 W ActivityManager: pid 2387 system sent binder code 1 with flags 1 to frozen apps and got error -2147483646
08-28 18:21:53.187  2387  8941 E JavaBinder: !!! FAILED BINDER TRANSACTION !!!  (parcel size = 662176)
08-28 18:21:53.187  2387  8941 W CacheQuotaStrategy: Remote exception occurred while trying to get cache quota
08-28 18:21:53.187  2387  8941 W CacheQuotaStrategy: android.os.TransactionTooLargeException: data parcel size 662176 bytes
08-28 18:21:53.187  2387  8941 W CacheQuotaStrategy: 	at android.os.BinderProxy.transactNative(Native Method)
08-28 18:21:53.187  2387  8941 W CacheQuotaStrategy: 	at android.os.BinderProxy.transact(BinderProxy.java:592)
08-28 18:21:53.187  2387  8941 W CacheQuotaStrategy: 	at android.app.usage.ICacheQuotaService$Stub$Proxy.computeCacheQuotaHints(ICacheQuotaService.java:123)
08-28 18:21:53.187  2387  8941 W CacheQuotaStrategy: 	at com.android.server.storage.CacheQuotaStrategy$1$1.run(CacheQuotaStrategy.java:140)
08-28 18:21:53.187  2387  8941 W CacheQuotaStrategy: 	at android.os.AsyncTask$SerialExecutor$1.run(AsyncTask.java:305)
08-28 18:21:53.187  2387  8941 W CacheQuotaStrategy: 	at java.util.concurrent.ThreadPoolExecutor.runWorker(ThreadPoolExecutor.java:1156)
08-28 18:21:53.187  2387  8941 W CacheQuotaStrategy: 	at java.util.concurrent.ThreadPoolExecutor$Worker.run(ThreadPoolExecutor.java:651)
08-28 18:21:53.187  2387  8941 W CacheQuotaStrategy: 	at java.lang.Thread.run(Thread.java:1119)
08-28 18:21:53.188  2387  3422 W SignedPackage: Cannot get ApplicationInfo for package: com.google.android.devicelockcontroller
08-28 18:21:53.191  1315 29383 W resolv  : SSL_connect ssl error =5, mark 0xf0064: Connection timed out
08-28 18:21:53.191  1315 28546 W resolv  : SSL_connect ssl error =5, mark 0xf0064: Connection timed out
08-28 18:21:53.191  1315 29383 W resolv  : TLS Handshake failed
08-28 18:21:53.191  1315 28546 W resolv  : TLS Handshake failed
08-28 18:21:53.191  2387  2942 I system_server: AssetManager2(0xb40000721b961bd8) locale list changing from [] to [en-US]
08-28 18:21:53.194  2387  3166 I system_server: AssetManager2(0xb40000721b96ab98) locale list changing from [] to [en-US]
08-28 18:21:53.200  2387  2942 I system_server: AssetManager2(0xb40000721b967358) locale list changing from [] to [en-US]
08-28 18:21:53.201  2387  3166 I system_server: AssetManager2(0xb40000721b96b818) locale list changing from [] to [en-US]
08-28 18:21:53.211  2387  3166 I system_server: AssetManager2(0xb40000721b967fd8) locale list changing from [] to [en-US]
08-28 18:21:53.214  2387  3166 V AccessibilityManagerService: onUserStateChangedLocked for userId: 0, forceUpdate: false
08-28 18:21:53.214  2387  3166 W MagnificationConnectionManager: requestConnection duplicated request: connect=false, mConnectionState=DISCONNECTED
08-28 18:21:53.216  2387  3166 V AccessibilityManagerService: onUserStateChangedLocked for userId: 0, forceUpdate: false
08-28 18:21:53.216  2387  3166 W MagnificationConnectionManager: requestConnection duplicated request: connect=false, mConnectionState=DISCONNECTED
08-28 18:21:53.224  2387  2942 I system_server: AssetManager2(0xb40000721b96d118) locale list changing from [] to [en-US]
08-28 18:21:53.235  2387  2942 I system_server: AssetManager2(0xb40000721b967678) locale list changing from [] to [en-US]
08-28 18:21:53.235  2387  6618 W ActivityTaskManager: callingPackage for (uid=2000, pid=32282) has no WPC
08-28 18:21:53.237  2387  6618 V GrammaticalInflectionUtils: AttributionSource: android.content.AttributionSource@2345c8c2 does not have READ_SYSTEM_GRAMMATICAL_GENDER permission.
08-28 18:21:53.241  2387  6618 D ActivityTaskManager: Temporarily retain top process state for launching app
08-28 18:21:53.246  2387  2942 I system_server: AssetManager2(0xb40000721b967cb8) locale list changing from [] to [en-US]
08-28 18:21:53.246  2387  6618 I ActivityTaskManager: START u0 {flg=0x10000000 xflg=0x5 cmp=ru.andr7e.deviceinfohw/.MainActivity} with LAUNCH_MULTIPLE from uid 2000 (BAL_ALLOW_PERMISSION) result code=0
08-28 18:21:53.247  2387  3238 D BackgroundInstallControlService: Package event received: 0
08-28 18:21:53.247  3291  3340 V WindowManagerShell: Transition requested (#128): android.os.BinderProxy@b307725 TransitionRequestInfo { type = OPEN, triggerTask = TaskInfo{userId=0 taskId=92 effectiveUid=10631 displayId=0 isRunning=true baseIntent=Intent { act=android.intent.action.MAIN cat=[android.intent.category.LAUNCHER] flg=0x10200000 pkg=ru.andr7e.deviceinfohw cmp=ru.andr7e.deviceinfohw/.MainActivity } baseActivity=ComponentInfo{ru.andr7e.deviceinfohw/ru.andr7e.deviceinfohw.DeviceInfoActivity} topActivity=ComponentInfo{ru.andr7e.deviceinfohw/ru.andr7e.deviceinfohw.MainActivity} origActivity=null realActivity=ComponentInfo{ru.andr7e.deviceinfohw/ru.andr7e.deviceinfohw.MainActivity} numActivities=2 lastActiveTime=1337622 supportsMultiWindow=true resizeMode=1 isResizeable=true minWidth=-1 minHeight=-1 defaultMinSize=220 token=WCT{android.window.IWindowContainerToken$Stub$Proxy@38e30fa} topActivityType=1 pictureInPictureParams=null shouldDockBigOverlays=false launchIntoPipHostTaskId=-1 lastParentTaskIdBeforePip=-1 displayCutoutSafeInsets=Rect(0, 137 - 0, 0) topActivityInfo=ActivityInfo{1d336ab ru.andr7e.deviceinfohw.MainActivity} launchCookies=[android.os.BinderProxy@9ec3705] positionInParent=Point(0, 0) parentTaskId=-1 isFocused=true isVisible=false isVisibleRequested=false isTopActivityNoDisplay=false isSleeping=true locusId=null displayAreaFeatureId=1 isTopActivityTransparent=false isActivityStackTransparent=false lastNonFullscreenBounds=Rect(373, 908 - 1068, 2348) capturedLink=null capturedLinkTimestamp=0 requestedVisibleTypes=-9 topActivityRequestOpenInBrowserEducationTimestamp=0 appCompatTaskInfo=AppCompatTaskInfo { topActivityInSizeCompat=false eligibleForLetterboxEducation= false isLetterboxEducationEnabled= false isLetterboxDoubleTapEnabled= false eligibleForUserAspectRatioButton= false topActivityBoundsLetterboxed= false isFromLetterboxDoubleTap= false topActivityLetterboxVerticalPosition= -1 topActivityLetterboxHorizontalPosition= -1 topActivityLetterboxWidth=-1 topActivityLetterboxHeight=-1 topActivityAppBounds=Rect(0, 137 - 1440, 3120) isUserFullscreenOverrideEnabled=false isSystemFullscreenOverrideEnabled=false hasMinAspectRatioOverride=false topActivityLetterboxBounds=null cameraCompatTaskInfo=CameraCompatTaskInfo { freeformCameraCompatMode=inactive}} topActivityMainWindowFrame=null}, pipChange = null, remoteTransition = null, displayChange = null, flags = 0, debugId = 128 }
08-28 18:21:53.247  3291  3340 D ShellSplitScreen: logExit: no-op, mLoggerSessionId is null
08-28 18:21:53.250  2387  3238 D BackgroundInstallControlService: Package event received: 0
08-28 18:21:53.250  2387  3238 D BackgroundInstallControlService: Package event received: 0
08-28 18:21:53.251  2387  2942 I system_server: AssetManager2(0xb40000721b96da78) locale list changing from [] to [en-US]
08-28 18:21:53.252 29820 29820 I MainActivity: GLES Version: 196610
08-28 18:21:53.252 29820 29820 I MainActivity: Device EGL Version: 1.0
08-28 18:21:53.252 29820 29820 I MainActivity: GLES Major version is: 3
08-28 18:21:53.255 29820 29820 I ContentCaptureHelper: Setting logging level to OFF
08-28 18:21:53.259  2387  3238 D BackgroundInstallControlService: Package event received: 0
08-28 18:21:53.275  3291  3890 V WindowManagerShell: onTransitionReady(transaction=10252086941700)
08-28 18:21:53.275  2387  2934 V WindowManager: Sent Transition (#128) createdAt=08-28 18:21:53.239 via request=TransitionRequestInfo { type = OPEN, triggerTask = TaskInfo{userId=0 taskId=92 effectiveUid=10631 displayId=0 isRunning=true baseIntent=Intent { act=android.intent.action.MAIN cat=[android.intent.category.LAUNCHER] flg=0x10200000 pkg=ru.andr7e.deviceinfohw cmp=ru.andr7e.deviceinfohw/.MainActivity } baseActivity=ComponentInfo{ru.andr7e.deviceinfohw/ru.andr7e.deviceinfohw.DeviceInfoActivity} topActivity=ComponentInfo{ru.andr7e.deviceinfohw/ru.andr7e.deviceinfohw.MainActivity} origActivity=null realActivity=ComponentInfo{ru.andr7e.deviceinfohw/ru.andr7e.deviceinfohw.MainActivity} numActivities=2 lastActiveTime=1337622 supportsMultiWindow=true resizeMode=1 isResizeable=true minWidth=-1 minHeight=-1 defaultMinSize=220 token=WCT{RemoteToken{fbc2658 Task{9e211e6 #92 type=standard A=10631:ru.andr7e.deviceinfohw}}} topActivityType=1 pictureInPictureParams=null shouldDockBigOverlays=false launchIntoPipHostTaskId=-1 lastParentTaskIdBeforePip=-1 displayCutoutSafeInsets=Rect(0, 137 - 0, 0) topActivityInfo=ActivityInfo{e3b110b ru.andr7e.deviceinfohw.MainActivity} launchCookies=[android.os.BinderProxy@45b7ed8] positionInParent=Point(0, 0) parentTaskId=-1 isFocused=true isVisible=false isVisibleRequested=false isTopActivityNoDisplay=false isSleeping=true locusId=null displayAreaFeatureId=1 isTopActivityTransparent=false isActivityStackTransparent=false lastNonFullscreenBounds=Rect(373, 908 - 1068, 2348) capturedLink=null capturedLinkTimestamp=0 requestedVisibleTypes=-9 topActivityRequestOpenInBrowserEducationTimestamp=0 appCompatTaskInfo=AppCompatTaskInfo { topActivityInSizeCompat=false eligibleForLetterboxEducation= false isLetterboxEducationEnabled= false isLetterboxDoubleTapEnabled= false eligibleForUserAspectRatioButton= false topActivityBoundsLetterboxed= false isFromLetterboxDoubleTap= false topActivityLetterboxVerticalPosition= -1 topActivityLetterboxHorizontalPosition= -1 topActivityLetterboxWidth=-1 topActivityLetterboxHeight=-1 topActivityAppBounds=Rect(0, 137 - 1440, 3120) isUserFullscreenOverrideEnabled=false isSystemFullscreenOverrideEnabled=false hasMinAspectRatioOverride=false topActivityLetterboxBounds=null cameraCompatTaskInfo=CameraCompatTaskInfo { freeformCameraCompatMode=inactive}} topActivityMainWindowFrame=null}, pipChange = null, remoteTransition = null, displayChange = null, flags = 0, debugId = 128 }
08-28 18:21:53.275  2387  2934 V WindowManager:     startWCT=WindowContainerTransaction { changes= {} hops= [] errorCallbackToken=null taskFragmentOrganizer=null }
08-28 18:21:53.276  2387  2934 V WindowManager:     info={id=128 t=OPEN f=0x40 trk=0 r=[] c=[]}
08-28 18:21:53.276  3291  3340 V WindowManagerShell: onTransitionReady (#128) android.os.BinderProxy@b307725: {id=128 t=OPEN f=0x40 trk=0 r=[] c=[]}
08-28 18:21:53.276  3291  3340 V WindowManagerShell: No transition roots in (#128) android.os.BinderProxy@b307725@0 so abort
08-28 18:21:53.277  2387  3225 I MR2ServiceImpl: Updating composite discovery preference | preference: RouteDiscoveryRequest{ preferredFeatures={}, activeScan=false }, active routers: []
08-28 18:21:53.277  3291  3340 V WindowManagerShell: Transition animation finished (aborted=true), notifying core (#128) android.os.BinderProxy@b307725@0
08-28 18:21:53.278  2387  2942 I system_server: AssetManager2(0xb40000721b968c58) locale list changing from [] to [en-US]
08-28 18:21:53.278  3291  3340 V WindowManagerShell: Track 0 became idle
08-28 18:21:53.278  3291  3340 V WindowManagerShell: All active transition animations finished
08-28 18:21:53.278  2387  2934 V WindowManager: Finish Transition (#128): created at 08-28 18:21:53.239 collect-started=0.095ms request-sent=6.525ms started=10.259ms ready=10.244ms sent=35.783ms finished=38.688ms
08-28 18:21:53.280  2387  3225 I MR2ServiceImpl: Updating composite discovery preference | preference: RouteDiscoveryRequest{ preferredFeatures={}, activeScan=false }, active routers: []
08-28 18:21:53.289  2387  6618 V GrammaticalInflectionUtils: AttributionSource: android.content.AttributionSource@2345c8c2 does not have READ_SYSTEM_GRAMMATICAL_GENDER permission.
08-28 18:21:53.293  2387  6618 D ActivityTaskManager: Temporarily retain top process state for launching app
08-28 18:21:53.304  2387  2942 I system_server: AssetManager2(0xb40000721b9669f8) locale list changing from [] to [en-US]
08-28 18:21:53.309  2387  3238 D BackgroundInstallControlService: Package event received: 0
08-28 18:21:53.309  2387  3238 D BackgroundInstallControlService: Package event received: 0
08-28 18:21:53.309  2387  6618 I ActivityTaskManager: START u0 {xflg=0x4 cmp=ru.andr7e.deviceinfohw/.DeviceInfoActivity} with LAUNCH_MULTIPLE from uid 10631 (sr=10122742) (BAL_ALLOW_GRACE_PERIOD) result code=0
08-28 18:21:53.310  3291  3340 V WindowManagerShell: Transition requested (#129): android.os.BinderProxy@4d89108 TransitionRequestInfo { type = OPEN, triggerTask = TaskInfo{userId=0 taskId=92 effectiveUid=10631 displayId=0 isRunning=true baseIntent=Intent { act=android.intent.action.MAIN cat=[android.intent.category.LAUNCHER] flg=0x10200000 pkg=ru.andr7e.deviceinfohw cmp=ru.andr7e.deviceinfohw/.MainActivity } baseActivity=ComponentInfo{ru.andr7e.deviceinfohw/ru.andr7e.deviceinfohw.DeviceInfoActivity} topActivity=ComponentInfo{ru.andr7e.deviceinfohw/ru.andr7e.deviceinfohw.DeviceInfoActivity} origActivity=null realActivity=ComponentInfo{ru.andr7e.deviceinfohw/ru.andr7e.deviceinfohw.MainActivity} numActivities=3 lastActiveTime=1337685 supportsMultiWindow=true resizeMode=1 isResizeable=true minWidth=-1 minHeight=-1 defaultMinSize=220 token=WCT{android.window.IWindowContainerToken$Stub$Proxy@9660a1} topActivityType=1 pictureInPictureParams=null shouldDockBigOverlays=false launchIntoPipHostTaskId=-1 lastParentTaskIdBeforePip=-1 displayCutoutSafeInsets=Rect(0, 137 - 0, 0) topActivityInfo=ActivityInfo{efe62c6 ru.andr7e.deviceinfohw.DeviceInfoActivity} launchCookies=[android.os.BinderProxy@9ec3705] positionInParent=Point(0, 0) parentTaskId=-1 isFocused=true isVisible=false isVisibleRequested=false isTopActivityNoDisplay=false isSleeping=true locusId=null displayAreaFeatureId=1 isTopActivityTransparent=false isActivityStackTransparent=false lastNonFullscreenBounds=Rect(373, 908 - 1068, 2348) capturedLink=null capturedLinkTimestamp=0 requestedVisibleTypes=-9 topActivityRequestOpenInBrowserEducationTimestamp=0 appCompatTaskInfo=AppCompatTaskInfo { topActivityInSizeCompat=false eligibleForLetterboxEducation= false isLetterboxEducationEnabled= false isLetterboxDoubleTapEnabled= false eligibleForUserAspectRatioButton= false topActivityBoundsLetterboxed= false isFromLetterboxDoubleTap= false topActivityLetterboxVerticalPosition= -1 topActivityLetterboxHorizontalPosition= -1 topActivityLetterboxWidth=-1 topActivityLetterboxHeight=-1 topActivityAppBounds=Rect(0, 137 - 1440, 3120) isUserFullscreenOverrideEnabled=false isSystemFullscreenOverrideEnabled=false hasMinAspectRatioOverride=false topActivityLetterboxBounds=null cameraCompatTaskInfo=CameraCompatTaskInfo { freeformCameraCompatMode=inactive}} topActivityMainWindowFrame=null}, pipChange = null, remoteTransition = null, displayChange = null, flags = 0, debugId = 129 }
08-28 18:21:53.310  3291  3340 D ShellSplitScreen: logExit: no-op, mLoggerSessionId is null
08-28 18:21:53.318 29820 29820 W TabLayout: MODE_SCROLLABLE + GRAVITY_FILL is not supported, GRAVITY_START will be used instead
08-28 18:21:53.325  3546  4182 I QcrilOemhookMsgTunnel: [1]processOemHookIndication length=21
08-28 18:21:53.325  3583  3583 D PhoneUtils: displayMMIComplete: state=COMPLETE
08-28 18:21:53.327  3583  3583 D PhoneUtils: displayMMIComplete (failed): using text from MMI message: 'Get TNM Mixit Mixit bundles & choose your mix of Voice, Data & SMS from as low as K200 to K10,000. Dial *202# to mix it. TNM'
08-28 18:21:53.327  3583  3583 D PhoneUtils: displayMMIComplete: MMI code has finished running.
08-28 18:21:53.327  3583  3583 D PhoneUtils: displayMMIComplete: Extended NW displayMMIInitiate (Get TNM Mixit Mixit bundles & choose your mix of Voice, Data & SMS from as low as K200 to K10,000. Dial *202# to mix it. TNM)
08-28 18:21:53.331  3583  3583 D CompatChangeReporter: Compat change id reported: 379365266; UID 1001; state: ENABLED
08-28 18:21:53.331  3546  4182 D AudioController: setParameters with: vsid=297816064;call_state=1;call_type=UNKNOWN
08-28 18:21:53.332 29820 29820 I ContentCaptureHelper: Setting logging level to OFF
08-28 18:21:53.332  2387  2942 I system_server: AssetManager2(0xb40000721b9695b8) locale list changing from [] to [en-US]
08-28 18:21:53.333  1491  2997 D audio_hw_primary: adev_set_parameters: enter: call_state=1;call_type=UNKNOWN;vsid=297816064
08-28 18:21:53.333  1491  2997 D voice_extn: update_call_states is_call_active:1 in_call:1, mode:2
08-28 18:21:53.333  1491  2997 D voice_extn: update_calls: enter:
08-28 18:21:53.333  1491  2997 D voice_extn: update_calls: cur_state=1 new_state=1 vsid=10c01000
08-28 18:21:53.333  1491  2997 D voice_extn: update_calls: cur_state=1 new_state=1 vsid=10dc1000
08-28 18:21:53.333  1491  2997 D voice_extn: update_calls: cur_state=1 new_state=1 vsid=10c02000
08-28 18:21:53.333  1491  2997 D voice_extn: update_calls: cur_state=1 new_state=1 vsid=10803000
08-28 18:21:53.333  1491  2997 D voice_extn: update_calls: cur_state=1 new_state=1 vsid=10002000
08-28 18:21:53.333  1491  2997 D voice_extn: update_calls: cur_state=2 new_state=1 vsid=11c05000
08-28 18:21:53.333  1491  2997 D voice_extn: update_calls: ACTIVE/HOLD/LOCAL_HOLD -> INACTIVE vsid:11c05000
08-28 18:21:53.333  1491  2997 D voice   : voice_stop_usecase: enter usecase:voicemmode1-call
08-28 18:21:53.333  1491  2997 V send_data_to_xlog: send_audio_bigdata_to_xlog
08-28 18:21:53.333  1491  2997 I send_data_to_xlog: get_phone_output_device_type the type is speaker
08-28 18:21:53.333  1491  2997 E send_data_to_xlog: send_audio_bigdata_to_xlog, the headset type is speaker
08-28 18:21:53.333  1491  2997 D android.hardware.audio.service:  xlog_send 
08-28 18:21:53.333  1491  2997 D voice   : voice_set_sidetone: disable, out_snd_device: 41
08-28 18:21:53.333  1491  2997 W voice   : voice_is_sidetone_device: 41 is not a sidetone device
08-28 18:21:53.337  2387  3238 D BackgroundInstallControlService: Package event received: 0
08-28 18:21:53.339  3583  3583 D CompatChangeReporter: Compat change id reported: 377864165; UID 1001; state: ENABLED
08-28 18:21:53.339  3583  3583 D DesktopModeFlags: Toggle override initialized to: OVERRIDE_UNSET
08-28 18:21:53.342  3583  3583 D CompatChangeReporter: Compat change id reported: 376561342; UID 1001; state: ENABLED
08-28 18:21:53.348  3583  3583 I DisplayManager: Implicitly registering for refresh rate
08-28 18:21:53.351 29820 29820 W WindowOnBackDispatcher: sendCancelIfRunning: isInProgress=false callback=android.view.ViewRootImpl$$ExternalSyntheticLambda13@dcd9d57
08-28 18:21:53.355 29820 29820 D ViewRootImpl: Skipping stats log for color mode
08-28 18:21:53.356  1491  2997 D msm8974_platform: platform_get_island_cfg_on_device:island cfg status on snd_device = (voice-speaker-dmic-ef 0)
08-28 18:21:53.356  1491  2997 D msm8974_platform: platform_get_island_cfg_on_device:island cfg status on snd_device = (voice-speaker-stereo 0)
08-28 18:21:53.356  1491  2997 D audio_hw_primary: disable_audio_route: reset and update mixer path: voicemmode1-call speaker
08-28 18:21:53.357  1491  2997 D audio_hw_primary: [force reset] del voicemmode1-call speaker 1
08-28 18:21:53.357  1491  2997 D soundtrigger: audio HAL using same device 214 as ST
08-28 18:21:53.357  1491  2997 D soundtrigger: audio_extn_sound_trigger_update_stream_status: uc_info->id 41 of type 2 for Event 2, with Raise=1
08-28 18:21:53.357  1491  2997 D soundtrigger: audio_extn_sound_trigger_update_stream_status: send event 12: usecase id 41, type 2
08-28 18:21:53.357  1491  2997 I sound_trigger_platform: platform_stdev_check_and_update_concurrency: Received STREAM event, event type 12, usecase type 2
08-28 18:21:53.357  1491  2997 D sound_trigger_platform: platform_stdev_get_capture_device: Device = 0x80000004
08-28 18:21:53.357  1491  2997 D sound_trigger_platform: platform_stdev_get_capture_device: Available device = 0x80000004
08-28 18:21:53.357  1491  2997 D sound_trigger_platform: platform_stdev_check_and_update_concurrency: dedicated path 0, reset backend 1, tx 1, rx 0, concurrency session not allowed
08-28 18:21:53.357  1491  2997 D sound_trigger_platform: platform_stdev_get_capture_device: Device = 0x80000004
08-28 18:21:53.357  1491  2997 D sound_trigger_platform: platform_stdev_get_capture_device: Available device = 0x80000004
08-28 18:21:53.357  1491  2997 D sound_trigger_hw: loaded_state_fn:[c1-1] handle event id 11
08-28 18:21:53.357  1491  2997 D soundtrigger: audio HAL using same device 214 as ST
08-28 18:21:53.357  1491  2997 D soundtrigger: audio_extn_sound_trigger_update_stream_status: uc_info->id 41 of type 2 for Event 2, with Raise=1
08-28 18:21:53.357  1491  2997 D soundtrigger: audio_extn_sound_trigger_update_stream_status: send event 12: usecase id 41, type 2
08-28 18:21:53.357  1491  2997 I sound_trigger_platform: platform_stdev_check_and_update_concurrency: Received STREAM event, event type 12, usecase type 2
08-28 18:21:53.357  1491  2997 D sound_trigger_platform: platform_stdev_get_capture_device: Device = 0x80000004
08-28 18:21:53.357  1491  2997 D sound_trigger_platform: platform_stdev_get_capture_device: Available device = 0x80000004
08-28 18:21:53.357  1491  2997 D sound_trigger_platform: platform_stdev_check_and_update_concurrency: dedicated path 0, reset backend 1, tx 1, rx 0, concurrency session not allowed
