08-28 18:49:50.074 16453 16657 I native  : I0000 00:00:1756399790.074229   16657 enrollment_manager_impl_utils.cc:81] Using standalone TI-SID pipeline config:/product/usr/srec/en-US/configs/ONDEVICE_MEDIUM_VOICE_MATCH.config
08-28 18:49:50.074 16453 16657 I native  : I0000 00:00:1756399790.074341   16657 enrollment_manager_impl.cc:1333] A valid TI-SID creator already exists. No need to re-create.
08-28 18:49:50.074 16453 16657 I native  : I0000 00:00:1756399790.074379   16657 enrollment_manager_impl_utils.cc:81] Using standalone TI-SID pipeline config:/product/usr/srec/en-US/configs/ONDEVICE_MEDIUM_VOICE_MATCH.config
08-28 18:49:50.074 16453 16657 I native  : I0000 00:00:1756399790.074397   16657 enrollment_manager_impl.cc:1056] Attempting to insert stored TD-SID profiles into config.
08-28 18:49:50.074 16453 16657 I native  : I0000 00:00:1756399790.074470   16657 enrollment_manager_impl.cc:1080] Found 1 speakers with existing TDSID models.
08-28 18:49:50.082 16453 16657 E SpeechMicro: Hotword model is single-channel neuralnet.
08-28 18:49:50.082 16453 16657 I native  : I0000 00:00:1756399790.082407   16657 enrollment_manager_impl.cc:1096] Found valid TDSID profile for user: 0
08-28 18:49:50.082 16453 16657 I native  : I0000 00:00:1756399790.082785   16657 enrollment_manager_impl.cc:1418] Retrieved stored TDSID models. Speakers requiring re-training:0
08-28 18:49:50.082 16453 16657 I native  : I0000 00:00:1756399790.082818   16657 enrollment_manager_impl.cc:1129] Attempting to insert stored TI-SID profiles into config.
08-28 18:49:50.082 16453 16657 E native  : E0000 00:00:1756399790.082887   16657 enrollment_storage.cc:177] Failed to read model:NOT_FOUND: Speaker does not have TISID model [type.googleapis.com/speech.soda.speaker_id.ReadModelStatus='\x08\x12']
08-28 18:49:50.082 16453 16657 E native  : === Source Location Trace: ===
08-28 18:49:50.082 16453 16657 E native  : speech/soda/speaker_id/enrollment/enrollment_storage.cc:228
08-28 18:49:50.082 16453 16657 I native  : I0000 00:00:1756399790.082912   16657 enrollment_manager_impl.cc:1154] Found 0 speakers with existing TI-SID models.
08-28 18:49:50.083 16453 16657 W native  : W0000 00:00:1756399790.083126   16657 enrollment_manager_impl.cc:1186] No valid TI-SID models found.
08-28 18:49:50.083 16453 16657 I native  : I0000 00:00:1756399790.083152   16657 enrollment_manager_impl.cc:1431] Retrieved stored TISID models. Speakers requiring re-training:0
08-28 18:49:50.083 16453 16657 E native  : E0000 00:00:1756399790.083196   16657 enrollment_storage.cc:177] Failed to read model:NOT_FOUND: Speaker does not have Server TISID voiceprint [type.googleapis.com/speech.soda.speaker_id.ReadModelStatus='\x08\x14']
08-28 18:49:50.083 16453 16657 E native  : === Source Location Trace: ===
08-28 18:49:50.083 16453 16657 E native  : speech/soda/speaker_id/enrollment/enrollment_storage.cc:228
08-28 18:49:50.083 16453 16657 I native  : I0000 00:00:1756399790.083208   16657 enrollment_manager_impl.cc:1441] Retrieved Server TISID models. 
08-28 18:49:50.084 16453 16657 I native  : I0000 00:00:1756399790.084161   16657 enrollment_manager_impl.cc:468] Invoking listeners with updated speaker profiles.
08-28 18:49:50.084 16453 16646 I A       : (REDACTED) handleResponse for  %s user(s)
08-28 18:49:50.084 16453 16646 I A       : (REDACTED) Found SodaVmmmClassicWriter. Preparing to propagate model update for status: %s
08-28 18:49:50.084 16453 16646 I A       : Skipping model update propagation to SodaVmmmClassicWriter since speaker model did not change.
08-28 18:49:50.084 16453 16646 I A       : #handleModelUpdate
08-28 18:49:50.084 16453 16646 I A       : (REDACTED) # of TDSID models received: %s
08-28 18:49:50.084 16453 16646 I A       : (REDACTED) Size of TI-SID model bytestring received: %s
08-28 18:49:50.084 16453 16646 I A       : (REDACTED) # of Server TI-SID voiceprints received: %s
08-28 18:49:50.084 16453 16646 I A       : getHotwordSpeakerIdModels
08-28 18:49:50.084 16453 16646 I cplk    : (REDACTED) Returning SpeakerIdModel: %s bytes
08-28 18:49:50.085 16453 16636 I edbk    : (REDACTED) [%s] Writing SpeakerId model with size %d
08-28 18:49:50.085 16453 16634 I cplk    : #getTdsidModel
08-28 18:49:50.085 16453 16634 I cplk    : #initialize
08-28 18:49:50.086 16453 16620 I cplk    : Didn't find an initialized EnrollmentManager. Updating config.
08-28 18:49:50.086 16453 16620 I A       : (REDACTED) updateConfig: Hotword present: %b, LP directory: %s
08-28 18:49:50.089 16453 16647 I native  : I0000 00:00:1756399790.089568   16647 enrollment_manager_impl.cc:455] UpdateConfigRequest with timeout: 0
08-28 18:49:50.093  5606  6482 I edey    : (REDACTED) <<< [%s] Reading SodaResourceManager message with updated resourceIds: %s. Total set: %s
08-28 18:49:50.093  5606  6482 I edey    : (REDACTED) <<< [%s] SodaResourceManager session emitted all requested resources: %s. Ok to terminate.
08-28 18:49:50.100 16453 16657 E SpeechMicro: Hotword model is single-channel neuralnet.
08-28 18:49:50.101 16453 16657 I native  : I0000 00:00:1756399790.101240   16657 enrollment_manager_impl.cc:1313] A valid TD-SID creator already exists. No need to re-create.
08-28 18:49:50.101 16453 16657 I native  : I0000 00:00:1756399790.101339   16657 enrollment_manager_impl_utils.cc:81] Using standalone TI-SID pipeline config:/product/usr/srec/en-US/configs/ONDEVICE_MEDIUM_VOICE_MATCH.config
08-28 18:49:50.101 16453 16657 I native  : I0000 00:00:1756399790.101443   16657 enrollment_manager_impl.cc:1333] A valid TI-SID creator already exists. No need to re-create.
08-28 18:49:50.101 16453 16657 I native  : I0000 00:00:1756399790.101473   16657 enrollment_manager_impl_utils.cc:81] Using standalone TI-SID pipeline config:/product/usr/srec/en-US/configs/ONDEVICE_MEDIUM_VOICE_MATCH.config
08-28 18:49:50.101 16453 16657 I native  : I0000 00:00:1756399790.101491   16657 enrollment_manager_impl.cc:1056] Attempting to insert stored TD-SID profiles into config.
08-28 18:49:50.101 16453 16657 I native  : I0000 00:00:1756399790.101555   16657 enrollment_manager_impl.cc:1080] Found 1 speakers with existing TDSID models.
08-28 18:49:50.102 16353 16570 I .apps.wellbeing: AssetManager2(0xb40000721b7e0638) locale list changing from [] to [en-US]
08-28 18:49:50.103 16453 16647 I edbk    : (REDACTED) [%s] All resources wrote to PDS and notified client.
08-28 18:49:50.103 16453 16647 I edbk    : (REDACTED) [%s] hotwordLatency: %d, tdsidLatency: %d, All resources latency: %d
08-28 18:49:50.103 16453 16620 I edfk    : (REDACTED) [%s] Returning ResourceResponse.
08-28 18:49:50.104  5606  6411 I edey    : (REDACTED) [%s] SRM session terminated after all resources accounted for: %s.
08-28 18:49:50.106 16353 16570 I .apps.wellbeing: AssetManager2(0xb40000721b7e0318) locale list changing from [] to [en-US]
08-28 18:49:50.106  5606  6483 I eclt    : #updateSodaResourcesWithoutReload
08-28 18:49:50.106  5606  6482 I eclt    : #updateSodaResourcesWithoutReload inside sequencer
08-28 18:49:50.108  5606  6323 I eclt    : #checkAsrCompatibility inside sequencer
08-28 18:49:50.108  5606  6323 I eclt    : (REDACTED) #checkAsrCompatibility initializing Soda. Locale: %s. Expected LP version: %d
08-28 18:49:50.108  5606  6323 I eclt    : (REDACTED) Soda cache directory: %s
08-28 18:49:50.108  5606  6323 I eclt    : Hotmatch disabled: flag not enabled
08-28 18:49:50.109  5606  6323 I eczg    : SODA instance exists and matches params. Updating callbacks and returning preloaded instance.
08-28 18:49:50.109 16453 16657 E SpeechMicro: Hotword model is single-channel neuralnet.
08-28 18:49:50.109 16453 16657 I native  : I0000 00:00:1756399790.109260   16657 enrollment_manager_impl.cc:1096] Found valid TDSID profile for user: 0
08-28 18:49:50.109 16353 16570 I .apps.wellbeing: AssetManager2(0xb40000721b7e3518) locale list changing from [] to [en-US]
08-28 18:49:50.109  5606  6323 I eclt    : #checkAsrCompatibility successful!
08-28 18:49:50.109 16453 16657 I native  : I0000 00:00:1756399790.109606   16657 enrollment_manager_impl.cc:1418] Retrieved stored TDSID models. Speakers requiring re-training:0
08-28 18:49:50.109 16453 16657 I native  : I0000 00:00:1756399790.109666   16657 enrollment_manager_impl.cc:1129] Attempting to insert stored TI-SID profiles into config.
08-28 18:49:50.109 16453 16657 E native  : E0000 00:00:1756399790.109732   16657 enrollment_storage.cc:177] Failed to read model:NOT_FOUND: Speaker does not have TISID model [type.googleapis.com/speech.soda.speaker_id.ReadModelStatus='\x08\x12']
08-28 18:49:50.109 16453 16657 E native  : === Source Location Trace: ===
08-28 18:49:50.109 16453 16657 E native  : speech/soda/speaker_id/enrollment/enrollment_storage.cc:228
08-28 18:49:50.109 16453 16657 I native  : I0000 00:00:1756399790.109749   16657 enrollment_manager_impl.cc:1154] Found 0 speakers with existing TI-SID models.
08-28 18:49:50.109 16453 16657 W native  : W0000 00:00:1756399790.109941   16657 enrollment_manager_impl.cc:1186] No valid TI-SID models found.
08-28 18:49:50.109 16453 16657 I native  : I0000 00:00:1756399790.109970   16657 enrollment_manager_impl.cc:1431] Retrieved stored TISID models. Speakers requiring re-training:0
08-28 18:49:50.110 16453 16657 E native  : E0000 00:00:1756399790.110015   16657 enrollment_storage.cc:177] Failed to read model:NOT_FOUND: Speaker does not have Server TISID voiceprint [type.googleapis.com/speech.soda.speaker_id.ReadModelStatus='\x08\x14']
08-28 18:49:50.110 16453 16657 E native  : === Source Location Trace: ===
08-28 18:49:50.110 16453 16657 E native  : speech/soda/speaker_id/enrollment/enrollment_storage.cc:228
08-28 18:49:50.110 16453 16657 I native  : I0000 00:00:1756399790.110036   16657 enrollment_manager_impl.cc:1441] Retrieved Server TISID models. 
08-28 18:49:50.110  5606  6323 I ecmt    : Compatcheck success for background update.
08-28 18:49:50.110  5606  6323 I eclt    : #backgroundUpdate
08-28 18:49:50.110  5606  6323 I eclt    : #backgroundUpdate inside sequencer
08-28 18:49:50.110  5606  6323 I eclt    : #backgroundUpdate using the existing ASR soda instance.
08-28 18:49:50.110 16453 16630 I A       : (REDACTED) handleResponse for  %s user(s)
08-28 18:49:50.110 16453 16630 I A       : (REDACTED) Found SodaVmmmClassicWriter. Preparing to propagate model update for status: %s
08-28 18:49:50.110 16453 16630 I A       : Skipping model update propagation to SodaVmmmClassicWriter since speaker model did not change.
08-28 18:49:50.111 16453 16657 I native  : I0000 00:00:1756399790.111134   16657 enrollment_manager_impl.cc:468] Invoking listeners with updated speaker profiles.
08-28 18:49:50.111 16453 16630 I A       : getHotwordSpeakerIdModels
08-28 18:49:50.111 16453 16630 I cplk    : (REDACTED) Returning SpeakerIdModel: %s bytes
08-28 18:49:50.111 16453 16646 I A       : #handleModelUpdate
08-28 18:49:50.111 16453 16646 I A       : (REDACTED) # of TDSID models received: %s
08-28 18:49:50.111 16453 16646 I A       : (REDACTED) Size of TI-SID model bytestring received: %s
08-28 18:49:50.111 16453 16646 I A       : (REDACTED) # of Server TI-SID voiceprints received: %s
08-28 18:49:50.111 16453 16630 I cplk    : #getTdsidModel
08-28 18:49:50.111 16453 16636 I cplk    : #initialize
08-28 18:49:50.113  5606  6323 I native  : I0000 00:00:1756399790.113039    6323 context-module-impl.cc:801] Update context input. (Proto:MessageLite at 0xb4000072fbab1ed0)
08-28 18:49:50.113  5606  6323 I native  : I0000 00:00:1756399790.113342    6323 context-module-impl.cc:808] Update context input for public scope. (Proto:MessageLite at 0xb4000072fbab1ed0)
08-28 18:49:50.113 16453 16620 I cplk    : Didn't find an initialized EnrollmentManager. Updating config.
08-28 18:49:50.113 16453 16620 I A       : (REDACTED) updateConfig: Hotword present: %b, LP directory: %s
08-28 18:49:50.113  5606  6323 I ecmt    : #backgroundBiasingUpdate succeeded.
08-28 18:49:50.114  5606  6482 I dsue    : (REDACTED) Sending speech biasing context update to SODA with locale %s. %s
08-28 18:49:50.114  5606  6303 I eclt    : #checkAsrCompatibility inside sequencer
08-28 18:49:50.115 16353 16570 I .apps.wellbeing: AssetManager2(0xb40000721b7ebb78) locale list changing from [] to [en-US]
08-28 18:49:50.114  5606  6303 I eclt    : (REDACTED) #checkAsrCompatibility initializing Soda. Locale: %s. Expected LP version: %d
08-28 18:49:50.115  5606  6303 I eclt    : (REDACTED) Soda cache directory: %s
08-28 18:49:50.115  5606  6303 I eclt    : Hotmatch disabled: flag not enabled
08-28 18:49:50.115  5606  6303 I eczg    : SODA instance exists and matches params. Updating callbacks and returning preloaded instance.
08-28 18:49:50.115  5606  6303 I eclt    : #checkAsrCompatibility successful!
08-28 18:49:50.115  5606  6303 I ecmt    : Compatcheck success for background update.
08-28 18:49:50.115  5606  6303 I eclt    : #backgroundUpdate
08-28 18:49:50.116  5606  6419 I ecmt    : (REDACTED) #getSodaAsrUpdateRequest inserting app domain: %s
08-28 18:49:50.116  5606  6323 I eclt    : #backgroundUpdate inside sequencer
08-28 18:49:50.116  5606  6323 I eclt    : #backgroundUpdate using the existing ASR soda instance.
08-28 18:49:50.116  5606  6412 I dyhw    : (REDACTED) AppFlow %s is about to be transmitted
08-28 18:49:50.117 16453 16634 I native  : I0000 00:00:1756399790.116953   16634 enrollment_manager_impl.cc:455] UpdateConfigRequest with timeout: 0
08-28 18:49:50.117  5606  6323 I native  : I0000 00:00:1756399790.117668    6323 context-module-impl.cc:801] Update context input. (Proto:MessageLite at 0xb4000072fbaca890)
08-28 18:49:50.117 16353 16570 I .apps.wellbeing: AssetManager2(0xb40000721b7ebe98) locale list changing from [] to [en-US]
08-28 18:49:50.118  5606  6323 I native  : I0000 00:00:1756399790.117978    6323 context-module-impl.cc:808] Update context input for public scope. (Proto:MessageLite at 0xb4000072fbaca890)
08-28 18:49:50.118  5606  6419 I arho    : #getOobeStatus: OptedIn [CONTEXT ratelimit_period="10 SECONDS" skipped=5 ]
08-28 18:49:50.119  5606  6323 I ecmt    : #backgroundBiasingUpdate succeeded.
08-28 18:49:50.119 16353 16570 I .apps.wellbeing: AssetManager2(0xb40000721b7e7078) locale list changing from [] to [en-US]
08-28 18:49:50.119  5606  6418 I dsue    : (REDACTED) Sending speech biasing context update to SODA with locale %s. %s
08-28 18:49:50.120  5606  6303 I eclt    : #checkAsrCompatibility inside sequencer
08-28 18:49:50.120  5606  6303 I eclt    : (REDACTED) #checkAsrCompatibility initializing Soda. Locale: %s. Expected LP version: %d
08-28 18:49:50.120  5606  6483 I dyhw    : (REDACTED) AppFlow %s is about to be transmitted
08-28 18:49:50.120  5606  6419 I ecmt    : (REDACTED) #getSodaAsrUpdateRequest inserting app domain: %s
08-28 18:49:50.120  5606  6303 I eclt    : (REDACTED) Soda cache directory: %s
08-28 18:49:50.120  5606  6303 I eclt    : Hotmatch disabled: flag not enabled
08-28 18:49:50.121  5606  6303 I eczg    : SODA instance exists and matches params. Updating callbacks and returning preloaded instance.
08-28 18:49:50.121 16353 16570 I .apps.wellbeing: AssetManager2(0xb40000721b7e8338) locale list changing from [] to [en-US]
08-28 18:49:50.121  5606  6303 I eclt    : #checkAsrCompatibility successful!
08-28 18:49:50.121  5606  6323 I ecmt    : Compatcheck success for background update.
08-28 18:49:50.121  5606  6323 I eclt    : #backgroundUpdate
08-28 18:49:50.121  5606  6323 I eclt    : #backgroundUpdate inside sequencer
08-28 18:49:50.121  5606  6323 I eclt    : #backgroundUpdate using the existing ASR soda instance.
08-28 18:49:50.122  5606  6323 I ecmt    : #backgroundBiasingUpdate succeeded.
08-28 18:49:50.123 16353 16570 I .apps.wellbeing: AssetManager2(0xb40000721b7ec4d8) locale list changing from [] to [en-US]
08-28 18:49:50.123  5606  6323 I eclt    : #checkAsrCompatibility inside sequencer
08-28 18:49:50.123  5606  6323 I eclt    : (REDACTED) #checkAsrCompatibility initializing Soda. Locale: %s. Expected LP version: %d
08-28 18:49:50.123  5606  6323 I eclt    : (REDACTED) Soda cache directory: %s
08-28 18:49:50.123  5606  6419 I dsue    : (REDACTED) SODA speech biasing context update for %s is complete. %s
08-28 18:49:50.123  5606  6412 I dyhw    : (REDACTED) AppFlow %s is about to be transmitted
08-28 18:49:50.124  5606  6323 I eclt    : Hotmatch disabled: flag not enabled
08-28 18:49:50.124  5606  6323 I eczg    : SODA instance exists and matches params. Updating callbacks and returning preloaded instance.
08-28 18:49:50.124  5606  6323 I eclt    : #checkAsrCompatibility successful!
08-28 18:49:50.125  5606  6323 I ecmt    : Compatcheck success for background update.
08-28 18:49:50.125  5606  6323 I eclt    : #backgroundUpdate
08-28 18:49:50.125  5606  6419 I dstp    : (REDACTED) Successfully scheduled context update for key: %s for %s.
08-28 18:49:50.125  5606  6323 I eclt    : #backgroundUpdate inside sequencer
08-28 18:49:50.125  5606  6483 I eclt    : #backgroundUpdate using the existing ASR soda instance.
08-28 18:49:50.125 16353 16570 I .apps.wellbeing: AssetManager2(0xb40000721b7e8fb8) locale list changing from [] to [en-US]
08-28 18:49:50.126  5606  6323 I ecmt    : #backgroundBiasingUpdate succeeded.
08-28 18:49:50.126 16453 16657 E SpeechMicro: Hotword model is single-channel neuralnet.
08-28 18:49:50.127 16453 16657 I native  : I0000 00:00:1756399790.127240   16657 enrollment_manager_impl.cc:1313] A valid TD-SID creator already exists. No need to re-create.
08-28 18:49:50.127 16453 16657 I native  : I0000 00:00:1756399790.127345   16657 enrollment_manager_impl_utils.cc:81] Using standalone TI-SID pipeline config:/product/usr/srec/en-US/configs/ONDEVICE_MEDIUM_VOICE_MATCH.config
08-28 18:49:50.127 16453 16657 I native  : I0000 00:00:1756399790.127450   16657 enrollment_manager_impl.cc:1333] A valid TI-SID creator already exists. No need to re-create.
08-28 18:49:50.127 16453 16657 I native  : I0000 00:00:1756399790.127490   16657 enrollment_manager_impl_utils.cc:81] Using standalone TI-SID pipeline config:/product/usr/srec/en-US/configs/ONDEVICE_MEDIUM_VOICE_MATCH.config
08-28 18:49:50.127  5606  6419 I dsue    : (REDACTED) SODA speech biasing context update for %s is complete. %s
08-28 18:49:50.127 16453 16657 I native  : I0000 00:00:1756399790.127509   16657 enrollment_manager_impl.cc:1056] Attempting to insert stored TD-SID profiles into config.
08-28 18:49:50.127 16453 16657 I native  : I0000 00:00:1756399790.127583   16657 enrollment_manager_impl.cc:1080] Found 1 speakers with existing TDSID models.
08-28 18:49:50.127  5606  6483 I dyhw    : (REDACTED) AppFlow %s is about to be transmitted
08-28 18:49:50.127  5606  6419 I dstp    : (REDACTED) Successfully scheduled context update for key: %s for %s.
08-28 18:49:50.128  5606  6483 I dyhw    : (REDACTED) AppFlow %s is about to be transmitted
08-28 18:49:50.129  5606  6483 I dyhw    : (REDACTED) AppFlow %s is about to be transmitted
08-28 18:49:50.129 16353 16570 I .apps.wellbeing: AssetManager2(0xb40000721b7e8978) locale list changing from [] to [en-US]
08-28 18:49:50.131 16353 16570 I .apps.wellbeing: AssetManager2(0xb40000721b7edab8) locale list changing from [] to [en-US]
08-28 18:49:50.133 16353 16570 I .apps.wellbeing: AssetManager2(0xb40000721b7ed478) locale list changing from [] to [en-US]
08-28 18:49:50.133 16353 16570 I .apps.wellbeing: AssetManager2(0xb40000721b7ea598) locale list changing from [] to [en-US]
08-28 18:49:50.135 16353 16570 I .apps.wellbeing: AssetManager2(0xb40000721b7e9f58) locale list changing from [] to [en-US]
08-28 18:49:50.135 16453 16657 E SpeechMicro: Hotword model is single-channel neuralnet.
08-28 18:49:50.135 16453 16657 I native  : I0000 00:00:1756399790.135360   16657 enrollment_manager_impl.cc:1096] Found valid TDSID profile for user: 0
08-28 18:49:50.135 16453 16657 I native  : I0000 00:00:1756399790.135725   16657 enrollment_manager_impl.cc:1418] Retrieved stored TDSID models. Speakers requiring re-training:0
08-28 18:49:50.135 16453 16657 I native  : I0000 00:00:1756399790.135756   16657 enrollment_manager_impl.cc:1129] Attempting to insert stored TI-SID profiles into config.
08-28 18:49:50.135 16453 16657 E native  : E0000 00:00:1756399790.135817   16657 enrollment_storage.cc:177] Failed to read model:NOT_FOUND: Speaker does not have TISID model [type.googleapis.com/speech.soda.speaker_id.ReadModelStatus='\x08\x12']
08-28 18:49:50.135 16453 16657 E native  : === Source Location Trace: ===
08-28 18:49:50.135 16453 16657 E native  : speech/soda/speaker_id/enrollment/enrollment_storage.cc:228
08-28 18:49:50.135 16453 16657 I native  : I0000 00:00:1756399790.135837   16657 enrollment_manager_impl.cc:1154] Found 0 speakers with existing TI-SID models.
08-28 18:49:50.136 16453 16657 W native  : W0000 00:00:1756399790.136030   16657 enrollment_manager_impl.cc:1186] No valid TI-SID models found.
08-28 18:49:50.136 16453 16657 I native  : I0000 00:00:1756399790.136051   16657 enrollment_manager_impl.cc:1431] Retrieved stored TISID models. Speakers requiring re-training:0
08-28 18:49:50.136 16453 16657 E native  : E0000 00:00:1756399790.136092   16657 enrollment_storage.cc:177] Failed to read model:NOT_FOUND: Speaker does not have Server TISID voiceprint [type.googleapis.com/speech.soda.speaker_id.ReadModelStatus='\x08\x14']
08-28 18:49:50.136 16453 16657 E native  : === Source Location Trace: ===
08-28 18:49:50.136 16453 16657 E native  : speech/soda/speaker_id/enrollment/enrollment_storage.cc:228
08-28 18:49:50.136 16453 16657 I native  : I0000 00:00:1756399790.136103   16657 enrollment_manager_impl.cc:1441] Retrieved Server TISID models. 
08-28 18:49:50.137 16453 16657 I native  : I0000 00:00:1756399790.137002   16657 enrollment_manager_impl.cc:468] Invoking listeners with updated speaker profiles.
08-28 18:49:50.137 16453 16634 I A       : (REDACTED) handleResponse for  %s user(s)
08-28 18:49:50.137 16453 16634 I A       : (REDACTED) Found SodaVmmmClassicWriter. Preparing to propagate model update for status: %s
08-28 18:49:50.137 16453 16634 I A       : Skipping model update propagation to SodaVmmmClassicWriter since speaker model did not change.
08-28 18:49:50.137 16453 16634 I A       : #handleModelUpdate
08-28 18:49:50.137 16453 16634 I A       : (REDACTED) # of TDSID models received: %s
08-28 18:49:50.137 16453 16634 I A       : (REDACTED) Size of TI-SID model bytestring received: %s
08-28 18:49:50.137 16453 16634 I A       : (REDACTED) # of Server TI-SID voiceprints received: %s
08-28 18:49:50.137 16453 16634 I A       : getHotwordSpeakerIdModels
08-28 18:49:50.137 16453 16634 I cplk    : (REDACTED) Returning SpeakerIdModel: %s bytes
08-28 18:49:50.138 16453 16634 I edej    : (REDACTED) [%s] Tdsid model remains the same. Skipping callback(s).
08-28 18:49:50.142 16353 16570 I .apps.wellbeing: AssetManager2(0xb40000721b7e76b8) locale list changing from [] to [en-US]
08-28 18:49:50.145 16353 16570 I .apps.wellbeing: AssetManager2(0xb40000721b7e92d8) locale list changing from [] to [en-US]
08-28 18:49:50.147 16353 16570 I .apps.wellbeing: AssetManager2(0xb40000721b7ea278) locale list changing from [] to [en-US]
08-28 18:49:50.150 16353 16570 I .apps.wellbeing: AssetManager2(0xb40000721b7e95f8) locale list changing from [] to [en-US]
08-28 18:49:50.152 16353 16570 I .apps.wellbeing: AssetManager2(0xb40000721b7ee418) locale list changing from [] to [en-US]
08-28 18:49:50.153 16353 16570 I .apps.wellbeing: AssetManager2(0xb40000721b7ed158) locale list changing from [] to [en-US]
08-28 18:49:50.155 16353 16570 I .apps.wellbeing: AssetManager2(0xb40000721b7eabd8) locale list changing from [] to [en-US]
08-28 18:49:50.157 16353 16570 I .apps.wellbeing: AssetManager2(0xb40000721b7e9918) locale list changing from [] to [en-US]
08-28 18:49:50.158 16353 16570 I .apps.wellbeing: AssetManager2(0xb40000721b7eb858) locale list changing from [] to [en-US]
08-28 18:49:50.159 16353 16570 I .apps.wellbeing: AssetManager2(0xb40000721b7e6d58) locale list changing from [] to [en-US]
08-28 18:49:50.159 16353 16570 I .apps.wellbeing: AssetManager2(0xb40000721b7ea8b8) locale list changing from [] to [en-US]
08-28 18:49:50.164 16353 16570 I .apps.wellbeing: AssetManager2(0xb40000721b7eb218) locale list changing from [] to [en-US]
08-28 18:49:50.167 16353 16570 I .apps.wellbeing: AssetManager2(0xb40000721b7e8658) locale list changing from [] to [en-US]
08-28 18:49:50.169 16353 16570 I .apps.wellbeing: AssetManager2(0xb40000721b7e8c98) locale list changing from [] to [en-US]
08-28 18:49:50.170 16353 16570 I .apps.wellbeing: AssetManager2(0xb40000721b7ed798) locale list changing from [] to [en-US]
08-28 18:49:50.171 16353 16570 I .apps.wellbeing: AssetManager2(0xb40000721b7e9c38) locale list changing from [] to [en-US]
08-28 18:49:50.173 16353 16570 I .apps.wellbeing: AssetManager2(0xb40000721b7ec1b8) locale list changing from [] to [en-US]
08-28 18:49:50.175 16353 16570 I .apps.wellbeing: AssetManager2(0xb40000721b7e7cf8) locale list changing from [] to [en-US]
08-28 18:49:50.177 16353 16570 I .apps.wellbeing: AssetManager2(0xb40000721b7f2bf8) locale list changing from [] to [en-US]
08-28 18:49:50.183 16353 16570 I .apps.wellbeing: AssetManager2(0xb40000721b7f57b8) locale list changing from [] to [en-US]
08-28 18:49:50.186 16353 16570 I .apps.wellbeing: AssetManager2(0xb40000721b7f28d8) locale list changing from [] to [en-US]
08-28 18:49:50.188 16353 16570 I .apps.wellbeing: AssetManager2(0xb40000721b7f1c58) locale list changing from [] to [en-US]
08-28 18:49:50.189 16353 16570 I .apps.wellbeing: AssetManager2(0xb40000721b7ee738) locale list changing from [] to [en-US]
08-28 18:49:50.190 16353 16570 I .apps.wellbeing: AssetManager2(0xb40000721b7f4b38) locale list changing from [] to [en-US]
08-28 18:49:50.194  2117 14751 W ServiceManagerCppClient: Waited one second for stats (is service started? Number of threads started in the threadpool: 17. Are binder threads started and available?)
08-28 18:49:50.196   682 16658 W libc    : Unable to set property "ctl.interface_start" to "aidl/stats": PROP_ERROR_HANDLE_CONTROL_MESSAGE (0x20)
08-28 18:49:50.197  2387  3412 W ServiceManagerCppClient: Waited one second for stats (is service started? Number of threads started in the threadpool: 32. Are binder threads started and available?)
08-28 18:49:50.197 16353 16570 I .apps.wellbeing: AssetManager2(0xb40000721b7f44f8) locale list changing from [] to [en-US]
08-28 18:49:50.198   682 16659 W libc    : Unable to set property "ctl.interface_start" to "aidl/stats": PROP_ERROR_HANDLE_CONTROL_MESSAGE (0x20)
08-28 18:49:50.199  1599  1692 W ServiceManagerCppClient: Waited one second for stats (is service started? Number of threads started in the threadpool: 6. Are binder threads started and available?)
08-28 18:49:50.199 16353 16570 I .apps.wellbeing: AssetManager2(0xb40000721b7f1f78) locale list changing from [] to [en-US]
08-28 18:49:50.200   682 16660 W libc    : Unable to set property "ctl.interface_start" to "aidl/stats": PROP_ERROR_HANDLE_CONTROL_MESSAGE (0x20)
08-28 18:49:50.201 16353 16570 I .apps.wellbeing: AssetManager2(0xb40000721b7f3b98) locale list changing from [] to [en-US]
08-28 18:49:50.202 16353 16570 I .apps.wellbeing: AssetManager2(0xb40000721b7f4818) locale list changing from [] to [en-US]
08-28 18:49:50.204 16353 16570 I .apps.wellbeing: AssetManager2(0xb40000721b7f2f18) locale list changing from [] to [en-US]
08-28 18:49:50.205 16353 16570 I .apps.wellbeing: AssetManager2(0xb40000721b7f6118) locale list changing from [] to [en-US]
08-28 18:49:50.207 16353 16570 I .apps.wellbeing: AssetManager2(0xb40000721b7eea58) locale list changing from [] to [en-US]
08-28 18:49:50.208 16353 16570 I .apps.wellbeing: AssetManager2(0xb40000721b7f3558) locale list changing from [] to [en-US]
08-28 18:49:50.209 16353 16570 I .apps.wellbeing: AssetManager2(0xb40000721b7ef9f8) locale list changing from [] to [en-US]
08-28 18:49:50.214 16353 16570 I .apps.wellbeing: AssetManager2(0xb40000721b7f1618) locale list changing from [] to [en-US]
08-28 18:49:50.217 16353 16570 I .apps.wellbeing: AssetManager2(0xb40000721b7f0998) locale list changing from [] to [en-US]
08-28 18:49:50.218 16353 16570 I .apps.wellbeing: AssetManager2(0xb40000721b7f0358) locale list changing from [] to [en-US]
08-28 18:49:50.219 16353 16570 I .apps.wellbeing: AssetManager2(0xb40000721b7f4e58) locale list changing from [] to [en-US]
08-28 18:49:50.220 16353 16570 I .apps.wellbeing: AssetManager2(0xb40000721b7f0678) locale list changing from [] to [en-US]
08-28 18:49:50.221 16353 16570 I .apps.wellbeing: AssetManager2(0xb40000721b7f5498) locale list changing from [] to [en-US]
08-28 18:49:50.223 16353 16570 I .apps.wellbeing: AssetManager2(0xb40000721b7f5178) locale list changing from [] to [en-US]
08-28 18:49:50.223 16353 16570 I .apps.wellbeing: AssetManager2(0xb40000721b7ef098) locale list changing from [] to [en-US]
08-28 18:49:50.225 16353 16570 I .apps.wellbeing: AssetManager2(0xb40000721b7efd18) locale list changing from [] to [en-US]
08-28 18:49:50.229 16353 16570 I .apps.wellbeing: AssetManager2(0xb40000721b7f12f8) locale list changing from [] to [en-US]
08-28 18:49:50.230 16353 16570 I .apps.wellbeing: AssetManager2(0xb40000721b7f70b8) locale list changing from [] to [en-US]
08-28 18:49:50.231 16353 16570 I .apps.wellbeing: AssetManager2(0xb40000721b7fc1f8) locale list changing from [] to [en-US]
08-28 18:49:50.236 16353 16570 I .apps.wellbeing: AssetManager2(0xb40000721b7f76f8) locale list changing from [] to [en-US]
08-28 18:49:50.239 16353 16570 I .apps.wellbeing: AssetManager2(0xb40000721b7f73d8) locale list changing from [] to [en-US]
08-28 18:49:50.241 16353 16570 I .apps.wellbeing: AssetManager2(0xb40000721b7f6758) locale list changing from [] to [en-US]
08-28 18:49:50.241 16353 16570 I .apps.wellbeing: AssetManager2(0xb40000721b7f8698) locale list changing from [] to [en-US]
08-28 18:49:50.242 16353 16570 I .apps.wellbeing: AssetManager2(0xb40000721b7fd7d8) locale list changing from [] to [en-US]
08-28 18:49:50.244 16353 16570 I .apps.wellbeing: AssetManager2(0xb40000721b7fb898) locale list changing from [] to [en-US]
08-28 18:49:50.245 16353 16570 I .apps.wellbeing: AssetManager2(0xb40000721b7fc838) locale list changing from [] to [en-US]
08-28 18:49:50.246 16353 16570 I .apps.wellbeing: AssetManager2(0xb40000721b7f9c78) locale list changing from [] to [en-US]
08-28 18:49:50.247 16353 16570 I .apps.wellbeing: AssetManager2(0xb40000721b7f89b8) locale list changing from [] to [en-US]
08-28 18:49:50.251 16353 16570 I .apps.wellbeing: AssetManager2(0xb40000721b7fcb58) locale list changing from [] to [en-US]
08-28 18:49:50.252 16353 16570 I .apps.wellbeing: AssetManager2(0xb40000721b7f6d98) locale list changing from [] to [en-US]
08-28 18:49:50.255 16353 16570 I .apps.wellbeing: AssetManager2(0xb40000721b7fb578) locale list changing from [] to [en-US]
08-28 18:49:50.256 16353 16570 I .apps.wellbeing: AssetManager2(0xb40000721b7fb258) locale list changing from [] to [en-US]
08-28 18:49:50.258 16353 16570 I .apps.wellbeing: AssetManager2(0xb40000721b7fac18) locale list changing from [] to [en-US]
08-28 18:49:50.260 16353 16570 I .apps.wellbeing: AssetManager2(0xb40000721b7f8cd8) locale list changing from [] to [en-US]
08-28 18:49:50.261 16353 16570 I .apps.wellbeing: AssetManager2(0xb40000721b7fde18) locale list changing from [] to [en-US]
08-28 18:49:50.264 16353 16570 I .apps.wellbeing: AssetManager2(0xb40000721b7fbbb8) locale list changing from [] to [en-US]
08-28 18:49:50.266 16353 16570 I .apps.wellbeing: AssetManager2(0xb40000721b7f9f98) locale list changing from [] to [en-US]
08-28 18:49:50.267 16353 16570 I .apps.wellbeing: AssetManager2(0xb40000721b7fa8f8) locale list changing from [] to [en-US]
08-28 18:49:50.268 16353 16570 I .apps.wellbeing: AssetManager2(0xb40000721b7f6a78) locale list changing from [] to [en-US]
08-28 18:49:50.275 16353 16570 I .apps.wellbeing: AssetManager2(0xb40000721b7faf38) locale list changing from [] to [en-US]
08-28 18:49:50.276 16353 16570 I .apps.wellbeing: AssetManager2(0xb40000721b7fbed8) locale list changing from [] to [en-US]
08-28 18:49:50.287 16353 16570 I .apps.wellbeing: AssetManager2(0xb40000721b7f9318) locale list changing from [] to [en-US]
08-28 18:49:50.294 16353 16570 I .apps.wellbeing: AssetManager2(0xb40000721b7fc518) locale list changing from [] to [en-US]
08-28 18:49:50.297 16353 16570 I .apps.wellbeing: AssetManager2(0xb40000721b7f6438) locale list changing from [] to [en-US]
08-28 18:49:50.299 16353 16570 I .apps.wellbeing: AssetManager2(0xb40000721b7fdaf8) locale list changing from [] to [en-US]
08-28 18:49:50.302 16353 16570 I .apps.wellbeing: AssetManager2(0xb40000721b7f8ff8) locale list changing from [] to [en-US]
08-28 18:49:50.305 16353 16570 I .apps.wellbeing: AssetManager2(0xb40000721b7f8378) locale list changing from [] to [en-US]
08-28 18:49:50.306 16353 16570 I .apps.wellbeing: AssetManager2(0xb40000721b7f9958) locale list changing from [] to [en-US]
08-28 18:49:50.309 16353 16570 I .apps.wellbeing: AssetManager2(0xb40000721b7fd198) locale list changing from [] to [en-US]
08-28 18:49:50.310 16353 16570 I .apps.wellbeing: AssetManager2(0xb40000721b7fd4b8) locale list changing from [] to [en-US]
08-28 18:49:50.311 16353 16570 I .apps.wellbeing: AssetManager2(0xb40000721b802c38) locale list changing from [] to [en-US]
08-28 18:49:50.312 16353 16570 I .apps.wellbeing: AssetManager2(0xb40000721b803bd8) locale list changing from [] to [en-US]
08-28 18:49:50.315 16353 16570 I .apps.wellbeing: AssetManager2(0xb40000721b803ef8) locale list changing from [] to [en-US]
08-28 18:49:50.316 16353 16570 I .apps.wellbeing: AssetManager2(0xb40000721b804858) locale list changing from [] to [en-US]
08-28 18:49:50.318 16353 16570 I .apps.wellbeing: AssetManager2(0xb40000721b7f7d38) locale list changing from [] to [en-US]
08-28 18:49:50.323 16353 16570 I .apps.wellbeing: AssetManager2(0xb40000721b8006b8) locale list changing from [] to [en-US]
08-28 18:49:50.324 16353 16570 I .apps.wellbeing: AssetManager2(0xb40000721b804538) locale list changing from [] to [en-US]
08-28 18:49:50.325 16353 16570 I .apps.wellbeing: AssetManager2(0xb40000721b800cf8) locale list changing from [] to [en-US]
08-28 18:49:50.326 16353 16570 I .apps.wellbeing: AssetManager2(0xb40000721b802918) locale list changing from [] to [en-US]
08-28 18:49:50.327 16353 16570 I .apps.wellbeing: AssetManager2(0xb40000721b8025f8) locale list changing from [] to [en-US]
08-28 18:49:50.328 16353 16570 I .apps.wellbeing: AssetManager2(0xb40000721b801658) locale list changing from [] to [en-US]
08-28 18:49:50.329 16353 16570 I .apps.wellbeing: AssetManager2(0xb40000721b7fea98) locale list changing from [] to [en-US]
08-28 18:49:50.330 16353 16570 I .apps.wellbeing: AssetManager2(0xb40000721b8051b8) locale list changing from [] to [en-US]
08-28 18:49:50.331 16353 16570 I .apps.wellbeing: AssetManager2(0xb40000721b7ff718) locale list changing from [] to [en-US]
08-28 18:49:50.334 16353 16570 I .apps.wellbeing: AssetManager2(0xb40000721b801c98) locale list changing from [] to [en-US]
08-28 18:49:50.339 16353 16570 I .apps.wellbeing: AssetManager2(0xb40000721b7fedb8) locale list changing from [] to [en-US]
08-28 18:49:50.343 16353 16570 I .apps.wellbeing: AssetManager2(0xb40000721b7fe778) locale list changing from [] to [en-US]
08-28 18:49:50.345 16353 16570 I .apps.wellbeing: AssetManager2(0xb40000721b8038b8) locale list changing from [] to [en-US]
08-28 18:49:50.347 16353 16570 I .apps.wellbeing: AssetManager2(0xb40000721b7ff3f8) locale list changing from [] to [en-US]
08-28 18:49:50.352 16353 16570 I .apps.wellbeing: AssetManager2(0xb40000721b7ff0d8) locale list changing from [] to [en-US]
08-28 18:49:50.353 16353 16570 I .apps.wellbeing: AssetManager2(0xb40000721b7ffd58) locale list changing from [] to [en-US]
08-28 18:49:50.354 16353 16570 I .apps.wellbeing: AssetManager2(0xb40000721b805b18) locale list changing from [] to [en-US]
08-28 18:49:50.364 16353 16570 I .apps.wellbeing: AssetManager2(0xb40000721b8057f8) locale list changing from [] to [en-US]
08-28 18:49:50.373 16353 16570 I .apps.wellbeing: AssetManager2(0xb40000721b800078) locale list changing from [] to [en-US]
08-28 18:49:50.375 16353 16570 I .apps.wellbeing: AssetManager2(0xb40000721b802f58) locale list changing from [] to [en-US]
08-28 18:49:50.376 16353 16570 I .apps.wellbeing: AssetManager2(0xb40000721b803278) locale list changing from [] to [en-US]
08-28 18:49:50.378 16353 16570 I .apps.wellbeing: AssetManager2(0xb40000721b806478) locale list changing from [] to [en-US]
08-28 18:49:50.385 16353 16570 I .apps.wellbeing: AssetManager2(0xb40000721b80a618) locale list changing from [] to [en-US]
08-28 18:49:50.386 16353 16570 I .apps.wellbeing: AssetManager2(0xb40000721b806798) locale list changing from [] to [en-US]
08-28 18:49:50.387 16353 16570 I .apps.wellbeing: AssetManager2(0xb40000721b80ac58) locale list changing from [] to [en-US]
08-28 18:49:50.390 16353 16570 I .apps.wellbeing: AssetManager2(0xb40000721b80bbf8) locale list changing from [] to [en-US]
08-28 18:49:50.391 16353 16570 I .apps.wellbeing: AssetManager2(0xb40000721b80d1d8) locale list changing from [] to [en-US]
08-28 18:49:50.400 16353 16570 I .apps.wellbeing: AssetManager2(0xb40000721b801978) locale list changing from [] to [en-US]
08-28 18:49:50.403 16353 16570 I .apps.wellbeing: AssetManager2(0xb40000721b8070f8) locale list changing from [] to [en-US]
08-28 18:49:50.405 16353 16570 I .apps.wellbeing: AssetManager2(0xb40000721b80b8d8) locale list changing from [] to [en-US]
08-28 18:49:50.412 16353 16570 I .apps.wellbeing: AssetManager2(0xb40000721b809fd8) locale list changing from [] to [en-US]
08-28 18:49:50.415 16353 16570 I .apps.wellbeing: AssetManager2(0xb40000721b809998) locale list changing from [] to [en-US]
08-28 18:49:50.417 16353 16570 I .apps.wellbeing: AssetManager2(0xb40000721b80d818) locale list changing from [] to [en-US]
08-28 18:49:50.419 16353 16570 I .apps.wellbeing: AssetManager2(0xb40000721b809cb8) locale list changing from [] to [en-US]
08-28 18:49:50.420 16353 16570 I .apps.wellbeing: AssetManager2(0xb40000721b806ab8) locale list changing from [] to [en-US]
08-28 18:49:50.422 16353 16570 I .apps.wellbeing: AssetManager2(0xb40000721b8086d8) locale list changing from [] to [en-US]
08-28 18:49:50.423 16353 16570 I .apps.wellbeing: AssetManager2(0xb40000721b80c558) locale list changing from [] to [en-US]
08-28 18:49:50.425 16353 16570 I .apps.wellbeing: AssetManager2(0xb40000721b806158) locale list changing from [] to [en-US]
08-28 18:49:50.428 16353 16570 I .apps.wellbeing: AssetManager2(0xb40000721b807a58) locale list changing from [] to [en-US]
08-28 18:49:50.429 16353 16570 I .apps.wellbeing: AssetManager2(0xb40000721b80cb98) locale list changing from [] to [en-US]
08-28 18:49:50.456 16353 16570 I .apps.wellbeing: AssetManager2(0xb40000721b80a2f8) locale list changing from [] to [en-US]
08-28 18:49:50.460 16353 16570 I .apps.wellbeing: AssetManager2(0xb40000721b807d78) locale list changing from [] to [en-US]
08-28 18:49:50.462 16353 16570 I .apps.wellbeing: AssetManager2(0xb40000721b807418) locale list changing from [] to [en-US]
08-28 18:49:50.464 16353 16570 I .apps.wellbeing: AssetManager2(0xb40000721b808098) locale list changing from [] to [en-US]
08-28 18:49:50.466 16353 16570 I .apps.wellbeing: AssetManager2(0xb40000721b8132b8) locale list changing from [] to [en-US]
08-28 18:49:50.468 16353 16570 I .apps.wellbeing: AssetManager2(0xb40000721b812f98) locale list changing from [] to [en-US]
08-28 18:49:50.469 16353 16570 I .apps.wellbeing: AssetManager2(0xb40000721b811698) locale list changing from [] to [en-US]
08-28 18:49:50.470 16353 16570 I .apps.wellbeing: AssetManager2(0xb40000721b80f118) locale list changing from [] to [en-US]
08-28 18:49:50.474 16353 16570 I .apps.wellbeing: AssetManager2(0xb40000721b811ff8) locale list changing from [] to [en-US]
08-28 18:49:50.485 16353 16570 I .apps.wellbeing: AssetManager2(0xb40000721b80fa78) locale list changing from [] to [en-US]
08-28 18:49:50.501 16353 16570 I .apps.wellbeing: AssetManager2(0xb40000721b814578) locale list changing from [] to [en-US]
08-28 18:49:50.506 16353 16570 I .apps.wellbeing: AssetManager2(0xb40000721b812638) locale list changing from [] to [en-US]
08-28 18:49:50.508 16353 16570 I .apps.wellbeing: AssetManager2(0xb40000721b813f38) locale list changing from [] to [en-US]
08-28 18:49:50.509 16353 16570 I .apps.wellbeing: AssetManager2(0xb40000721b80fd98) locale list changing from [] to [en-US]
08-28 18:49:50.512 16353 16570 I .apps.wellbeing: AssetManager2(0xb40000721b8106f8) locale list changing from [] to [en-US]
08-28 18:49:50.514 16353 16570 I .apps.wellbeing: AssetManager2(0xb40000721b8100b8) locale list changing from [] to [en-US]
08-28 18:49:50.518 16353 16570 I .apps.wellbeing: AssetManager2(0xb40000721b811378) locale list changing from [] to [en-US]
08-28 18:49:50.522 16353 16570 I .apps.wellbeing: AssetManager2(0xb40000721b8119b8) locale list changing from [] to [en-US]
08-28 18:49:50.524 16353 16570 I .apps.wellbeing: AssetManager2(0xb40000721b814ed8) locale list changing from [] to [en-US]
08-28 18:49:50.525 16353 16570 I .apps.wellbeing: AssetManager2(0xb40000721b810d38) locale list changing from [] to [en-US]
08-28 18:49:50.533 16353 16570 I .apps.wellbeing: AssetManager2(0xb40000721b814258) locale list changing from [] to [en-US]
08-28 18:49:50.538 16353 16570 I .apps.wellbeing: AssetManager2(0xb40000721b80e7b8) locale list changing from [] to [en-US]
08-28 18:49:50.541 16353 16570 I .apps.wellbeing: AssetManager2(0xb40000721b80e498) locale list changing from [] to [en-US]
08-28 18:49:50.542 16353 16570 I .apps.wellbeing: AssetManager2(0xb40000721b80e178) locale list changing from [] to [en-US]
08-28 18:49:50.543 16353 16570 I .apps.wellbeing: AssetManager2(0xb40000721b80db38) locale list changing from [] to [en-US]
08-28 18:49:50.547 16353 16570 I .apps.wellbeing: AssetManager2(0xb40000721b8103d8) locale list changing from [] to [en-US]
08-28 18:49:50.548 16353 16570 I .apps.wellbeing: AssetManager2(0xb40000721b80edf8) locale list changing from [] to [en-US]
08-28 18:49:50.550 16353 16570 I .apps.wellbeing: AssetManager2(0xb40000721b80ead8) locale list changing from [] to [en-US]
08-28 18:49:50.552 16353 16570 I .apps.wellbeing: AssetManager2(0xb40000721b815518) locale list changing from [] to [en-US]
08-28 18:49:50.554 16353 16570 I .apps.wellbeing: AssetManager2(0xb40000721b8138f8) locale list changing from [] to [en-US]
08-28 18:49:50.560 16353 16570 I .apps.wellbeing: AssetManager2(0xb40000721b813c18) locale list changing from [] to [en-US]
08-28 18:49:50.564 16353 16570 I .apps.wellbeing: AssetManager2(0xb40000721b80de58) locale list changing from [] to [en-US]
08-28 18:49:50.567 16353 16570 I .apps.wellbeing: AssetManager2(0xb40000721b811cd8) locale list changing from [] to [en-US]
08-28 18:49:50.571 16353 16570 I .apps.wellbeing: AssetManager2(0xb40000721b8180d8) locale list changing from [] to [en-US]
08-28 18:49:50.574 16353 16570 I .apps.wellbeing: AssetManager2(0xb40000721b819078) locale list changing from [] to [en-US]
08-28 18:49:50.576 16353 16570 I .apps.wellbeing: AssetManager2(0xb40000721b816198) locale list changing from [] to [en-US]
08-28 18:49:50.580 16353 16570 I .apps.wellbeing: AssetManager2(0xb40000721b81b2d8) locale list changing from [] to [en-US]
08-28 18:49:50.582 16353 16570 I .apps.wellbeing: AssetManager2(0xb40000721b819398) locale list changing from [] to [en-US]
08-28 18:49:50.583 16353 16570 I .apps.wellbeing: AssetManager2(0xb40000721b816e18) locale list changing from [] to [en-US]
08-28 18:49:50.584 16353 16570 I .apps.wellbeing: AssetManager2(0xb40000721b818d58) locale list changing from [] to [en-US]
08-28 18:49:50.591 16353 16570 I .apps.wellbeing: AssetManager2(0xb40000721b8164b8) locale list changing from [] to [en-US]
08-28 18:49:50.593 16353 16570 I .apps.wellbeing: AssetManager2(0xb40000721b815e78) locale list changing from [] to [en-US]
08-28 18:49:50.594 16353 16570 I .apps.wellbeing: AssetManager2(0xb40000721b81cef8) locale list changing from [] to [en-US]
08-28 18:49:50.595 16353 16570 I .apps.wellbeing: AssetManager2(0xb40000721b8199d8) locale list changing from [] to [en-US]
08-28 18:49:50.598 16353 16570 I .apps.wellbeing: AssetManager2(0xb40000721b81c8b8) locale list changing from [] to [en-US]
08-28 18:49:50.599 16353 16570 I .apps.wellbeing: AssetManager2(0xb40000721b817778) locale list changing from [] to [en-US]
08-28 18:49:50.600 16353 16570 I .apps.wellbeing: AssetManager2(0xb40000721b81a018) locale list changing from [] to [en-US]
08-28 18:49:50.609 16353 16570 I .apps.wellbeing: AssetManager2(0xb40000721b815838) locale list changing from [] to [en-US]
08-28 18:49:50.613 16353 16570 I .apps.wellbeing: AssetManager2(0xb40000721b81bc38) locale list changing from [] to [en-US]
08-28 18:49:50.614 16353 16570 I .apps.wellbeing: AssetManager2(0xb40000721b81a978) locale list changing from [] to [en-US]
08-28 18:49:50.622 16353 16570 I .apps.wellbeing: AssetManager2(0xb40000721b81d218) locale list changing from [] to [en-US]
08-28 18:49:50.624 16353 16570 I .apps.wellbeing: AssetManager2(0xb40000721b81cbd8) locale list changing from [] to [en-US]
08-28 18:49:50.625 16353 16570 I .apps.wellbeing: AssetManager2(0xb40000721b81c278) locale list changing from [] to [en-US]
08-28 18:49:50.626 16353 16570 I .apps.wellbeing: AssetManager2(0xb40000721b8196b8) locale list changing from [] to [en-US]
08-28 18:49:50.628 16353 16570 I .apps.wellbeing: AssetManager2(0xb40000721b81b918) locale list changing from [] to [en-US]
08-28 18:49:50.629 16353 16570 I .apps.wellbeing: AssetManager2(0xb40000721b823f78) locale list changing from [] to [en-US]
08-28 18:49:50.630 16353 16570 I .apps.wellbeing: AssetManager2(0xb40000721b820418) locale list changing from [] to [en-US]
08-28 18:49:50.643 16353 16570 I .apps.wellbeing: AssetManager2(0xb40000721b81f798) locale list changing from [] to [en-US]
08-28 18:49:50.649 16353 16570 I .apps.wellbeing: AssetManager2(0xb40000721b8245b8) locale list changing from [] to [en-US]
08-28 18:49:50.657 16353 16570 I .apps.wellbeing: AssetManager2(0xb40000721b81fdd8) locale list changing from [] to [en-US]
08-28 18:49:50.665 16353 16570 I .apps.wellbeing: AssetManager2(0xb40000721b81f478) locale list changing from [] to [en-US]
08-28 18:49:50.669 16353 16570 I .apps.wellbeing: AssetManager2(0xb40000721b822038) locale list changing from [] to [en-US]
08-28 18:49:50.675 16353 16570 I .apps.wellbeing: AssetManager2(0xb40000721b8232f8) locale list changing from [] to [en-US]
08-28 18:49:50.679 16353 16570 I .apps.wellbeing: AssetManager2(0xb40000721b823618) locale list changing from [] to [en-US]
08-28 18:49:50.692 16353 16570 I .apps.wellbeing: AssetManager2(0xb40000721b820d78) locale list changing from [] to [en-US]
08-28 18:49:50.694 16353 16570 I .apps.wellbeing: AssetManager2(0xb40000721b822fd8) locale list changing from [] to [en-US]
08-28 18:49:50.698 16353 16570 I .apps.wellbeing: AssetManager2(0xb40000721b81f158) locale list changing from [] to [en-US]
08-28 18:49:50.701 16353 16570 I .apps.wellbeing: AssetManager2(0xb40000721b81eb18) locale list changing from [] to [en-US]
08-28 18:49:50.702 16353 16570 I .apps.wellbeing: AssetManager2(0xb40000721b8213b8) locale list changing from [] to [en-US]
08-28 18:49:50.708 16353 16570 I .apps.wellbeing: AssetManager2(0xb40000721b8248d8) locale list changing from [] to [en-US]
08-28 18:49:50.713 16353 16570 I .apps.wellbeing: AssetManager2(0xb40000721b824298) locale list changing from [] to [en-US]
08-28 18:49:50.719 16353 16570 I .apps.wellbeing: AssetManager2(0xb40000721b820a58) locale list changing from [] to [en-US]
08-28 18:49:50.726 16353 16570 I .apps.wellbeing: AssetManager2(0xb40000721b822358) locale list changing from [] to [en-US]
08-28 18:49:50.731 16353 16570 I .apps.wellbeing: AssetManager2(0xb40000721b823938) locale list changing from [] to [en-US]
08-28 18:49:50.733 16353 16570 I .apps.wellbeing: AssetManager2(0xb40000721b822998) locale list changing from [] to [en-US]
08-28 18:49:50.734 16353 16570 I .apps.wellbeing: AssetManager2(0xb40000721b8219f8) locale list changing from [] to [en-US]
08-28 18:49:50.755 16353 16570 I .apps.wellbeing: AssetManager2(0xb40000721b81e1b8) locale list changing from [] to [en-US]
08-28 18:49:50.762 16353 16570 I .apps.wellbeing: AssetManager2(0xb40000721b8264f8) locale list changing from [] to [en-US]
08-28 18:49:50.768 16353 16570 I .apps.wellbeing: AssetManager2(0xb40000721b827498) locale list changing from [] to [en-US]
08-28 18:49:50.774 16353 16570 I .apps.wellbeing: AssetManager2(0xb40000721b828758) locale list changing from [] to [en-US]
08-28 18:49:50.775 16353 16570 I .apps.wellbeing: AssetManager2(0xb40000721b825238) locale list changing from [] to [en-US]
08-28 18:49:50.778 16353 16570 I .apps.wellbeing: AssetManager2(0xb40000721b82a9b8) locale list changing from [] to [en-US]
08-28 18:49:50.779 16353 16570 I .apps.wellbeing: AssetManager2(0xb40000721b826818) locale list changing from [] to [en-US]
08-28 18:49:50.781 16353 16570 I .apps.wellbeing: AssetManager2(0xb40000721b826e58) locale list changing from [] to [en-US]
08-28 18:49:50.783 16353 16570 I .apps.wellbeing: AssetManager2(0xb40000721b828a78) locale list changing from [] to [en-US]
08-28 18:49:50.788 16353 16570 I .apps.wellbeing: AssetManager2(0xb40000721b82b638) locale list changing from [] to [en-US]
08-28 18:49:50.808 16353 16570 I .apps.wellbeing: AssetManager2(0xb40000721b82cc18) locale list changing from [] to [en-US]
08-28 18:49:50.814 16353 16570 I .apps.wellbeing: AssetManager2(0xb40000721b82bf98) locale list changing from [] to [en-US]
08-28 18:49:50.817 16353 16570 I .apps.wellbeing: AssetManager2(0xb40000721b827ad8) locale list changing from [] to [en-US]
08-28 18:49:50.821 16353 16570 I .apps.wellbeing: AssetManager2(0xb40000721b8296f8) locale list changing from [] to [en-US]
