--------- beginning of main
08-28 18:21:07.447  1599  1692 W ServiceManagerCppClient: Waited one second for stats (is service started? Number of threads started in the threadpool: 6. Are binder threads started and available?)
08-28 18:21:07.447  2387  3412 W ServiceManagerCppClient: Waited one second for stats (is service started? Number of threads started in the threadpool: 32. Are binder threads started and available?)
08-28 18:21:07.450   682 31637 W libc    : Unable to set property "ctl.interface_start" to "aidl/stats": PROP_ERROR_HANDLE_CONTROL_MESSAGE (0x20)
08-28 18:21:07.451   682 31636 W libc    : Unable to set property "ctl.interface_start" to "aidl/stats": PROP_ERROR_HANDLE_CONTROL_MESSAGE (0x20)
08-28 18:21:07.616  3998  3998 D BoundBrokerSvc: onUnbind: Intent { act=com.google.android.gms.auth.aang.events.services.START dat=chimera-action:/... xflg=0x4 cmp=com.google.android.gms/.chimera.PersistentApiService }
08-28 18:21:07.818  2117 14751 W ServiceManagerCppClient: Waited one second for stats (is service started? Number of threads started in the threadpool: 17. Are binder threads started and available?)
08-28 18:21:07.822   682 31641 W libc    : Unable to set property "ctl.interface_start" to "aidl/stats": PROP_ERROR_HANDLE_CONTROL_MESSAGE (0x20)
--------- beginning of system
08-28 18:21:07.935  2387  2937 D ColorDisplayService: ColorDisplayService$NightDisplayTintController Animation cancelled: false to matrix: 
08-28 18:21:07.935  2387  2937 D ColorDisplayService:        1.000000 0.000000 0.000000 0.000000 0.000000 1.000000 0.000000 0.000000 0.000000 0.000000 1.000000 0.000000 0.000000 0.000000 0.000000 1.000000 min matrix coefficients: 
08-28 18:21:07.935  2387  2937 D ColorDisplayService:        1.000000 0.000000 0.000000 0.000000 0.000000 0.728772 0.000000 0.000000 0.000000 0.000000 0.469764 0.000000 0.000000 0.000000 0.000000 1.000000 max matrix coefficients: 
08-28 18:21:07.935  2387  2937 D ColorDisplayService:        1.000000 0.000000 0.000000 0.000000 0.000000 1.000000 0.000000 0.000000 0.000000 0.000000 1.000000 0.000000 0.000000 0.000000 0.000000 1.000000
08-28 18:21:08.060  2387  3957 W ActivityManager: Unable to start service Intent { act=grpc.io.action.BIND xflg=0x4 cmp=com.google.android.apps.pixel.dcservice/.sdk.service.ExportedEndpointService } U=0: not found
08-28 18:21:08.061  2387  3957 W ActivityManager: Unbind failed: could not find connection for android.os.BinderProxy@a405ab1
08-28 18:21:08.272 14075 14214 I PlayCommon: [68] Preparing logs for uploading
08-28 18:21:08.277 14075 14214 I PlayCommon: [68] Connecting to server: https://play.googleapis.com/play/log?format=raw&proto_v2=true
08-28 18:21:08.449  1599  1692 W ServiceManagerCppClient: Waited one second for stats (is service started? Number of threads started in the threadpool: 6. Are binder threads started and available?)
08-28 18:21:08.449  2387  3412 W ServiceManagerCppClient: Waited one second for stats (is service started? Number of threads started in the threadpool: 32. Are binder threads started and available?)
08-28 18:21:08.454   682 31645 W libc    : Unable to set property "ctl.interface_start" to "aidl/stats": PROP_ERROR_HANDLE_CONTROL_MESSAGE (0x20)
08-28 18:21:08.454   682 31644 W libc    : Unable to set property "ctl.interface_start" to "aidl/stats": PROP_ERROR_HANDLE_CONTROL_MESSAGE (0x20)
08-28 18:21:08.605  2387  3957 W ActivityTaskManager: callingPackage for (uid=2000, pid=31648) has no WPC
08-28 18:21:08.608  2387  3957 V GrammaticalInflectionUtils: AttributionSource: android.content.AttributionSource@2345c8c2 does not have READ_SYSTEM_GRAMMATICAL_GENDER permission.
08-28 18:21:08.615  2387  3957 I ActivityTaskManager: START u0 {flg=0x10000000 xflg=0x5 cmp=ru.andr7e.deviceinfohw/.MainActivity} with LAUNCH_MULTIPLE from uid 2000 (BAL_ALLOW_PERMISSION) result code=0
08-28 18:21:08.616  3291  3340 V WindowManagerShell: Transition requested (#121): android.os.BinderProxy@288ad5 TransitionRequestInfo { type = OPEN, triggerTask = TaskInfo{userId=0 taskId=92 effectiveUid=10631 displayId=0 isRunning=true baseIntent=Intent { act=android.intent.action.MAIN cat=[android.intent.category.LAUNCHER] flg=0x10200000 pkg=ru.andr7e.deviceinfohw cmp=ru.andr7e.deviceinfohw/.MainActivity } baseActivity=ComponentInfo{ru.andr7e.deviceinfohw/ru.andr7e.deviceinfohw.DeviceInfoActivity} topActivity=ComponentInfo{ru.andr7e.deviceinfohw/ru.andr7e.deviceinfohw.MainActivity} origActivity=null realActivity=ComponentInfo{ru.andr7e.deviceinfohw/ru.andr7e.deviceinfohw.MainActivity} numActivities=2 lastActiveTime=1292992 supportsMultiWindow=true resizeMode=1 isResizeable=true minWidth=-1 minHeight=-1 defaultMinSize=220 token=WCT{android.window.IWindowContainerToken$Stub$Proxy@14e32ea} topActivityType=1 pictureInPictureParams=null shouldDockBigOverlays=false launchIntoPipHostTaskId=-1 lastParentTaskIdBeforePip=-1 displayCutoutSafeInsets=Rect(0, 137 - 0, 0) topActivityInfo=ActivityInfo{ccb29db ru.andr7e.deviceinfohw.MainActivity} launchCookies=[android.os.BinderProxy@61d3806] positionInParent=Point(0, 0) parentTaskId=-1 isFocused=true isVisible=false isVisibleRequested=false isTopActivityNoDisplay=false isSleeping=true locusId=null displayAreaFeatureId=1 isTopActivityTransparent=false isActivityStackTransparent=false lastNonFullscreenBounds=Rect(373, 908 - 1068, 2348) capturedLink=null capturedLinkTimestamp=0 requestedVisibleTypes=-9 topActivityRequestOpenInBrowserEducationTimestamp=0 appCompatTaskInfo=AppCompatTaskInfo { topActivityInSizeCompat=false eligibleForLetterboxEducation= false isLetterboxEducationEnabled= false isLetterboxDoubleTapEnabled= false eligibleForUserAspectRatioButton= false topActivityBoundsLetterboxed= false isFromLetterboxDoubleTap= false topActivityLetterboxVerticalPosition= -1 topActivityLetterboxHorizontalPosition= -1 topActivityLetterboxWidth=-1 topActivityLetterboxHeight=-1 topActivityAppBounds=Rect(0, 137 - 1440, 3120) isUserFullscreenOverrideEnabled=false isSystemFullscreenOverrideEnabled=false hasMinAspectRatioOverride=false topActivityLetterboxBounds=null cameraCompatTaskInfo=CameraCompatTaskInfo { freeformCameraCompatMode=inactive}} topActivityMainWindowFrame=null}, pipChange = null, remoteTransition = null, displayChange = null, flags = 0, debugId = 121 }
08-28 18:21:08.617  3291  3340 D ShellSplitScreen: logExit: no-op, mLoggerSessionId is null
08-28 18:21:08.620  2387  2934 V WindowManager: Sent Transition (#121) createdAt=08-28 18:21:08.609 via request=TransitionRequestInfo { type = OPEN, triggerTask = TaskInfo{userId=0 taskId=92 effectiveUid=10631 displayId=0 isRunning=true baseIntent=Intent { act=android.intent.action.MAIN cat=[android.intent.category.LAUNCHER] flg=0x10200000 pkg=ru.andr7e.deviceinfohw cmp=ru.andr7e.deviceinfohw/.MainActivity } baseActivity=ComponentInfo{ru.andr7e.deviceinfohw/ru.andr7e.deviceinfohw.DeviceInfoActivity} topActivity=ComponentInfo{ru.andr7e.deviceinfohw/ru.andr7e.deviceinfohw.MainActivity} origActivity=null realActivity=ComponentInfo{ru.andr7e.deviceinfohw/ru.andr7e.deviceinfohw.MainActivity} numActivities=2 lastActiveTime=1292992 supportsMultiWindow=true resizeMode=1 isResizeable=true minWidth=-1 minHeight=-1 defaultMinSize=220 token=WCT{RemoteToken{fbc2658 Task{9e211e6 #92 type=standard A=10631:ru.andr7e.deviceinfohw}}} topActivityType=1 pictureInPictureParams=null shouldDockBigOverlays=false launchIntoPipHostTaskId=-1 lastParentTaskIdBeforePip=-1 displayCutoutSafeInsets=Rect(0, 137 - 0, 0) topActivityInfo=ActivityInfo{836aee9 ru.andr7e.deviceinfohw.MainActivity} launchCookies=[android.os.BinderProxy@ac8c096] positionInParent=Point(0, 0) parentTaskId=-1 isFocused=true isVisible=false isVisibleRequested=false isTopActivityNoDisplay=false isSleeping=true locusId=null displayAreaFeatureId=1 isTopActivityTransparent=false isActivityStackTransparent=false lastNonFullscreenBounds=Rect(373, 908 - 1068, 2348) capturedLink=null capturedLinkTimestamp=0 requestedVisibleTypes=-9 topActivityRequestOpenInBrowserEducationTimestamp=0 appCompatTaskInfo=AppCompatTaskInfo { topActivityInSizeCompat=false eligibleForLetterboxEducation= false isLetterboxEducationEnabled= false isLetterboxDoubleTapEnabled= false eligibleForUserAspectRatioButton= false topActivityBoundsLetterboxed= false isFromLetterboxDoubleTap= false topActivityLetterboxVerticalPosition= -1 topActivityLetterboxHorizontalPosition= -1 topActivityLetterboxWidth=-1 topActivityLetterboxHeight=-1 topActivityAppBounds=Rect(0, 137 - 1440, 3120) isUserFullscreenOverrideEnabled=false isSystemFullscreenOverrideEnabled=false hasMinAspectRatioOverride=false topActivityLetterboxBounds=null cameraCompatTaskInfo=CameraCompatTaskInfo { freeformCameraCompatMode=inactive}} topActivityMainWindowFrame=null}, pipChange = null, remoteTransition = null, displayChange = null, flags = 0, debugId = 121 }
08-28 18:21:08.620  2387  2934 V WindowManager:     startWCT=WindowContainerTransaction { changes= {} hops= [] errorCallbackToken=null taskFragmentOrganizer=null }
08-28 18:21:08.620  2387  2934 V WindowManager:     info={id=121 t=OPEN f=0x0 trk=0 r=[] c=[]}
08-28 18:21:08.621  3291  3876 V WindowManagerShell: onTransitionReady(transaction=10252086941393)
08-28 18:21:08.621  3291  3340 V WindowManagerShell: onTransitionReady (#121) android.os.BinderProxy@288ad5: {id=121 t=OPEN f=0x0 trk=0 r=[] c=[]}
08-28 18:21:08.621  3291  3340 V WindowManagerShell: No transition roots in (#121) android.os.BinderProxy@288ad5@0 so abort
08-28 18:21:08.621  3291  3340 V WindowManagerShell: Transition animation finished (aborted=true), notifying core (#121) android.os.BinderProxy@288ad5@0
08-28 18:21:08.622  2387  2934 V WindowManager: Finish Transition (#121): created at 08-28 18:21:08.609 collect-started=0.084ms request-sent=6.279ms started=8.638ms ready=8.626ms sent=10.807ms finished=12.973ms
08-28 18:21:08.622  3291  3340 V WindowManagerShell: Track 0 became idle
08-28 18:21:08.622  3291  3340 V WindowManagerShell: All active transition animations finished
08-28 18:21:08.623  3291 19077 D KeyguardService: setOccluded(false)
08-28 18:21:08.623  3291 19077 D KeyguardViewMediator: setOccluded(false)
08-28 18:21:08.623  3291  3291 D KeyguardViewMediator: handleSetOccluded(false)
08-28 18:21:08.623  2387  3238 D BackgroundInstallControlService: Package event received: 0
08-28 18:21:08.624  2387  3238 D BackgroundInstallControlService: Package event received: 0
08-28 18:21:08.624  3291  3291 D CentralSurfaces: occluded=false
08-28 18:21:08.625 29820 29820 I MainActivity: GLES Version: 196610
08-28 18:21:08.625 29820 29820 I MainActivity: Device EGL Version: 1.0
08-28 18:21:08.625  2387  3225 I MR2ServiceImpl: Updating composite discovery preference | preference: RouteDiscoveryRequest{ preferredFeatures={}, activeScan=false }, active routers: []
08-28 18:21:08.626 29820 29820 I MainActivity: GLES Major version is: 3
08-28 18:21:08.627  2387  3225 I MR2ServiceImpl: Updating composite discovery preference | preference: RouteDiscoveryRequest{ preferredFeatures={}, activeScan=false }, active routers: []
08-28 18:21:08.627  3291  3291 D KeyguardViewMediator: KeyguardViewMediator queue processing message: SET_OCCLUDED
08-28 18:21:08.628  2387  6618 D ConnectivityService: requestNetwork for uid/pid:10555/3291 asUid: 10631 activeRequest: null callbackRequest: 738 [NetworkRequest [ REQUEST id=739, [ Capabilities: INTERNET&NOT_RESTRICTED&TRUSTED&NOT_VCN_MANAGED&NOT_BANDWIDTH_CONSTRAINED Uid: 10631 RequestorUid: 10555 RequestorPkg: com.android.systemui UnderlyingNetworks: Null] ]] callback flags: 0 order: 2147483647 isUidTracked: false declaredMethods: AVAIL|BLK
08-28 18:21:08.629  2387  3178 D OemPaidWifiNetworkFactory: got request NetworkRequest [ REQUEST id=739, [ Capabilities: INTERNET&NOT_RESTRICTED&TRUSTED&NOT_VCN_MANAGED&NOT_BANDWIDTH_CONSTRAINED Uid: 10631 RequestorUid: 10555 RequestorPkg: com.android.systemui UnderlyingNetworks: Null] ]
08-28 18:21:08.629  2387  3178 D MultiInternetWifiNetworkFactory: got request NetworkRequest [ REQUEST id=739, [ Capabilities: INTERNET&NOT_RESTRICTED&TRUSTED&NOT_VCN_MANAGED&NOT_BANDWIDTH_CONSTRAINED Uid: 10631 RequestorUid: 10555 RequestorPkg: com.android.systemui UnderlyingNetworks: Null] ]
08-28 18:21:08.630  2387  3178 D WifiNetworkFactory: got request NetworkRequest [ REQUEST id=739, [ Capabilities: INTERNET&NOT_RESTRICTED&TRUSTED&NOT_VCN_MANAGED&NOT_BANDWIDTH_CONSTRAINED Uid: 10631 RequestorUid: 10555 RequestorPkg: com.android.systemui UnderlyingNetworks: Null] ]
08-28 18:21:08.630  2387  3185 D ConnectivityService: NetReassign [739 : null → 100] [c 0] [a 0] [i 1]
08-28 18:21:08.630  2387  3178 D UntrustedWifiNetworkFactory: got request NetworkRequest [ REQUEST id=739, [ Capabilities: INTERNET&NOT_RESTRICTED&TRUSTED&NOT_VCN_MANAGED&NOT_BANDWIDTH_CONSTRAINED Uid: 10631 RequestorUid: 10555 RequestorPkg: com.android.systemui UnderlyingNetworks: Null] ]
08-28 18:21:08.633 29820 29820 I ContentCaptureHelper: Setting logging level to OFF
08-28 18:21:08.640  2387  3238 D BackgroundInstallControlService: Package event received: 0
08-28 18:21:08.669  2387  3957 V GrammaticalInflectionUtils: AttributionSource: android.content.AttributionSource@2345c8c2 does not have READ_SYSTEM_GRAMMATICAL_GENDER permission.
08-28 18:21:08.674  2387  3957 I ActivityTaskManager: START u0 {xflg=0x4 cmp=ru.andr7e.deviceinfohw/.DeviceInfoActivity} with LAUNCH_MULTIPLE from uid 10631 (sr=215153442) (BAL_ALLOW_GRACE_PERIOD) result code=0
08-28 18:21:08.674  3291  3340 V WindowManagerShell: Transition requested (#122): android.os.BinderProxy@cf3ff51 TransitionRequestInfo { type = OPEN, triggerTask = TaskInfo{userId=0 taskId=92 effectiveUid=10631 displayId=0 isRunning=true baseIntent=Intent { act=android.intent.action.MAIN cat=[android.intent.category.LAUNCHER] flg=0x10200000 pkg=ru.andr7e.deviceinfohw cmp=ru.andr7e.deviceinfohw/.MainActivity } baseActivity=ComponentInfo{ru.andr7e.deviceinfohw/ru.andr7e.deviceinfohw.DeviceInfoActivity} topActivity=ComponentInfo{ru.andr7e.deviceinfohw/ru.andr7e.deviceinfohw.DeviceInfoActivity} origActivity=null realActivity=ComponentInfo{ru.andr7e.deviceinfohw/ru.andr7e.deviceinfohw.MainActivity} numActivities=3 lastActiveTime=1293050 supportsMultiWindow=true resizeMode=1 isResizeable=true minWidth=-1 minHeight=-1 defaultMinSize=220 token=WCT{android.window.IWindowContainerToken$Stub$Proxy@55493b6} topActivityType=1 pictureInPictureParams=null shouldDockBigOverlays=false launchIntoPipHostTaskId=-1 lastParentTaskIdBeforePip=-1 displayCutoutSafeInsets=Rect(0, 137 - 0, 0) topActivityInfo=ActivityInfo{ec888b7 ru.andr7e.deviceinfohw.DeviceInfoActivity} launchCookies=[android.os.BinderProxy@61d3806] positionInParent=Point(0, 0) parentTaskId=-1 isFocused=true isVisible=false isVisibleRequested=false isTopActivityNoDisplay=false isSleeping=true locusId=null displayAreaFeatureId=1 isTopActivityTransparent=false isActivityStackTransparent=false lastNonFullscreenBounds=Rect(373, 908 - 1068, 2348) capturedLink=null capturedLinkTimestamp=0 requestedVisibleTypes=-9 topActivityRequestOpenInBrowserEducationTimestamp=0 appCompatTaskInfo=AppCompatTaskInfo { topActivityInSizeCompat=false eligibleForLetterboxEducation= false isLetterboxEducationEnabled= false isLetterboxDoubleTapEnabled= false eligibleForUserAspectRatioButton= false topActivityBoundsLetterboxed= false isFromLetterboxDoubleTap= false topActivityLetterboxVerticalPosition= -1 topActivityLetterboxHorizontalPosition= -1 topActivityLetterboxWidth=-1 topActivityLetterboxHeight=-1 topActivityAppBounds=Rect(0, 137 - 1440, 3120) isUserFullscreenOverrideEnabled=false isSystemFullscreenOverrideEnabled=false hasMinAspectRatioOverride=false topActivityLetterboxBounds=null cameraCompatTaskInfo=CameraCompatTaskInfo { freeformCameraCompatMode=inactive}} topActivityMainWindowFrame=null}, pipChange = null, remoteTransition = null, displayChange = null, flags = 0, debugId = 122 }
08-28 18:21:08.674  3291  3340 D ShellSplitScreen: logExit: no-op, mLoggerSessionId is null
08-28 18:21:08.674  2387  3238 D BackgroundInstallControlService: Package event received: 0
08-28 18:21:08.674  2387  3238 D BackgroundInstallControlService: Package event received: 0
08-28 18:21:08.676  3291  3334 V WindowManagerShell: onTransitionReady(transaction=10252086941407)
08-28 18:21:08.676  3291  3340 V WindowManagerShell: onTransitionReady (#122) android.os.BinderProxy@cf3ff51: {id=122 t=OPEN f=0x0 trk=0 r=[] c=[]}
08-28 18:21:08.676  3291  3340 V WindowManagerShell: No transition roots in (#122) android.os.BinderProxy@cf3ff51@0 so abort
08-28 18:21:08.676  2387  2934 V WindowManager: Sent Transition (#122) createdAt=08-28 18:21:08.669 via request=TransitionRequestInfo { type = OPEN, triggerTask = TaskInfo{userId=0 taskId=92 effectiveUid=10631 displayId=0 isRunning=true baseIntent=Intent { act=android.intent.action.MAIN cat=[android.intent.category.LAUNCHER] flg=0x10200000 pkg=ru.andr7e.deviceinfohw cmp=ru.andr7e.deviceinfohw/.MainActivity } baseActivity=ComponentInfo{ru.andr7e.deviceinfohw/ru.andr7e.deviceinfohw.DeviceInfoActivity} topActivity=ComponentInfo{ru.andr7e.deviceinfohw/ru.andr7e.deviceinfohw.DeviceInfoActivity} origActivity=null realActivity=ComponentInfo{ru.andr7e.deviceinfohw/ru.andr7e.deviceinfohw.MainActivity} numActivities=3 lastActiveTime=1293050 supportsMultiWindow=true resizeMode=1 isResizeable=true minWidth=-1 minHeight=-1 defaultMinSize=220 token=WCT{RemoteToken{fbc2658 Task{9e211e6 #92 type=standard A=10631:ru.andr7e.deviceinfohw}}} topActivityType=1 pictureInPictureParams=null shouldDockBigOverlays=false launchIntoPipHostTaskId=-1 lastParentTaskIdBeforePip=-1 displayCutoutSafeInsets=Rect(0, 137 - 0, 0) topActivityInfo=ActivityInfo{b477534 ru.andr7e.deviceinfohw.DeviceInfoActivity} launchCookies=[android.os.BinderProxy@ac8c096] positionInParent=Point(0, 0) parentTaskId=-1 isFocused=true isVisible=false isVisibleRequested=false isTopActivityNoDisplay=false isSleeping=true locusId=null displayAreaFeatureId=1 isTopActivityTransparent=false isActivityStackTransparent=false lastNonFullscreenBounds=Rect(373, 908 - 1068, 2348) capturedLink=null capturedLinkTimestamp=0 requestedVisibleTypes=-9 topActivityRequestOpenInBrowserEducationTimestamp=0 appCompatTaskInfo=AppCompatTaskInfo { topActivityInSizeCompat=false eligibleForLetterboxEducation= false isLetterboxEducationEnabled= false isLetterboxDoubleTapEnabled= false eligibleForUserAspectRatioButton= false topActivityBoundsLetterboxed= false isFromLetterboxDoubleTap= false topActivityLetterboxVerticalPosition= -1 topActivityLetterboxHorizontalPosition= -1 topActivityLetterboxWidth=-1 topActivityLetterboxHeight=-1 topActivityAppBounds=Rect(0, 137 - 1440, 3120) isUserFullscreenOverrideEnabled=false isSystemFullscreenOverrideEnabled=false hasMinAspectRatioOverride=false topActivityLetterboxBounds=null cameraCompatTaskInfo=CameraCompatTaskInfo { freeformCameraCompatMode=inactive}} topActivityMainWindowFrame=null}, pipChange = null, remoteTransition = null, displayChange = null, flags = 0, debugId = 122 }
08-28 18:21:08.676  2387  2934 V WindowManager:     startWCT=WindowContainerTransaction { changes= {} hops= [] errorCallbackToken=null taskFragmentOrganizer=null }
08-28 18:21:08.676  2387  2934 V WindowManager:     info={id=122 t=OPEN f=0x0 trk=0 r=[] c=[]}
08-28 18:21:08.676  3291  3340 V WindowManagerShell: Transition animation finished (aborted=true), notifying core (#122) android.os.BinderProxy@cf3ff51@0
08-28 18:21:08.677  2387  2934 V WindowManager: Finish Transition (#122): created at 08-28 18:21:08.669 collect-started=0.036ms request-sent=3.845ms started=5.027ms ready=5.017ms sent=5.938ms finished=7.12ms
08-28 18:21:08.677  3291  3340 V WindowManagerShell: Track 0 became idle
08-28 18:21:08.677  3291  3340 V WindowManagerShell: All active transition animations finished
08-28 18:21:08.678  2387  3225 I MR2ServiceImpl: Updating composite discovery preference | preference: RouteDiscoveryRequest{ preferredFeatures={}, activeScan=false }, active routers: []
08-28 18:21:08.680  2387  3225 I MR2ServiceImpl: Updating composite discovery preference | preference: RouteDiscoveryRequest{ preferredFeatures={}, activeScan=false }, active routers: []
08-28 18:21:08.699 29820 29820 W 7e.deviceinfohw: type=1400 audit(0.0:25007): avc:  denied  { read } for  name="drivers" dev="sysfs" ino=29857 scontext=u:r:untrusted_app:s0:c119,c258,c512,c768 tcontext=u:object_r:sysfs:s0 tclass=dir permissive=0 app=ru.andr7e.deviceinfohw
08-28 18:21:08.699 29820 29820 W 7e.deviceinfohw: type=1400 audit(0.0:25008): avc:  denied  { read } for  name="regulator" dev="sysfs" ino=30321 scontext=u:r:untrusted_app:s0:c119,c258,c512,c768 tcontext=u:object_r:sysfs:s0 tclass=dir permissive=0 app=ru.andr7e.deviceinfohw
08-28 18:21:08.699 29820 29820 W 7e.deviceinfohw: type=1400 audit(0.0:25009): avc:  denied  { read } for  name="hwmon" dev="sysfs" ino=55256 scontext=u:r:untrusted_app:s0:c119,c258,c512,c768 tcontext=u:object_r:sysfs:s0 tclass=dir permissive=0 app=ru.andr7e.deviceinfohw
08-28 18:21:08.698 29820 29820 W TabLayout: MODE_SCROLLABLE + GRAVITY_FILL is not supported, GRAVITY_START will be used instead
08-28 18:21:08.739 29820 29820 I ContentCaptureHelper: Setting logging level to OFF
08-28 18:21:08.749  2387  3238 D BackgroundInstallControlService: Package event received: 0
08-28 18:21:08.821  2117 14751 W ServiceManagerCppClient: Waited one second for stats (is service started? Number of threads started in the threadpool: 17. Are binder threads started and available?)
08-28 18:21:08.823   682 31656 W libc    : Unable to set property "ctl.interface_start" to "aidl/stats": PROP_ERROR_HANDLE_CONTROL_MESSAGE (0x20)
08-28 18:21:08.867 29820 29820 W 7e.deviceinfohw: type=1400 audit(0.0:25010): avc:  denied  { read } for  name="version" dev="proc" ino=4026532114 scontext=u:r:untrusted_app:s0:c119,c258,c512,c768 tcontext=u:object_r:proc_version:s0 tclass=file permissive=0 app=ru.andr7e.deviceinfohw
08-28 18:21:08.871 29820 29820 W 7e.deviceinfohw: type=1400 audit(0.0:25011): avc:  denied  { search } for  name="asound" dev="proc" ino=4026532090 scontext=u:r:untrusted_app:s0:c119,c258,c512,c768 tcontext=u:object_r:proc_asound:s0 tclass=dir permissive=0 app=ru.andr7e.deviceinfohw
08-28 18:21:08.959  2387  2934 I ActivityTaskManager: Displayed ru.andr7e.deviceinfohw/.DeviceInfoActivity for user 0: +348ms
08-28 18:21:08.966 29820 29820 W WindowOnBackDispatcher: sendCancelIfRunning: isInProgress=false callback=android.view.ViewRootImpl$$ExternalSyntheticLambda13@8b7bb58
08-28 18:21:08.971 29820 29820 D ViewRootImpl: Skipping stats log for color mode
08-28 18:21:08.976  2387  3238 D BackgroundInstallControlService: Package event received: 0
08-28 18:21:08.991  2387  3238 D BackgroundInstallControlService: Package event received: 0
08-28 18:21:08.991  2387  3238 D BackgroundInstallControlService: Package event received: 0
08-28 18:21:09.007  2387  6526 I ActivityTaskManager: Activity reported stop, but no longer stopping: ActivityRecord{78402081 u0 ru.andr7e.deviceinfohw/.DeviceInfoActivity t92} PAUSING
08-28 18:21:09.011  2387  3238 D BackgroundInstallControlService: Package event received: 0
08-28 18:21:09.083  2387  3238 D BackgroundInstallControlService: Package event received: 0
08-28 18:21:09.205 16713 16817 E AnalyticsService: Unable to create output stream
08-28 18:21:09.205 16713 16817 E CounterAnalytics: Unsuccessful upload. response code=-1
08-28 18:21:09.451  2387  3412 W ServiceManagerCppClient: Waited one second for stats (is service started? Number of threads started in the threadpool: 32. Are binder threads started and available?)
08-28 18:21:09.452  1599  1692 W ServiceManagerCppClient: Waited one second for stats (is service started? Number of threads started in the threadpool: 6. Are binder threads started and available?)
08-28 18:21:09.455   682 31661 W libc    : Unable to set property "ctl.interface_start" to "aidl/stats": PROP_ERROR_HANDLE_CONTROL_MESSAGE (0x20)
08-28 18:21:09.455   682 31660 W libc    : Unable to set property "ctl.interface_start" to "aidl/stats": PROP_ERROR_HANDLE_CONTROL_MESSAGE (0x20)
08-28 18:21:09.822  2117 14751 W ServiceManagerCppClient: Waited one second for stats (is service started? Number of threads started in the threadpool: 17. Are binder threads started and available?)
08-28 18:21:09.824   682 31662 W libc    : Unable to set property "ctl.interface_start" to "aidl/stats": PROP_ERROR_HANDLE_CONTROL_MESSAGE (0x20)
08-28 18:21:09.898  3291  3487 D KeyguardViewMediator: updateActivityLockScreenState(true, true, handleShowInner)
08-28 18:21:09.902  3549  3549 D NfcService: applyScreenState: screenState = OFF_LOCKED
08-28 18:21:09.902  3549  3549 D NfcService: applyScreenState: screenState != mScreenState=1
08-28 18:21:09.902  3549  3549 D NfcService: handleMessage: MSG_APPLY_SCREEN_STATEOFF_LOCKED
08-28 18:21:09.902  2387  3238 D BackgroundInstallControlService: Package event received: 0
08-28 18:21:09.904  3549  3549 D libnfc_nci: nfcManager_doSetScreenState: state = 2 prevScreenState= 1, discovry_param = 1
08-28 18:21:09.905  3291  3291 D CentralSurfaces: occluded=false
08-28 18:21:09.906  3291  3291 D OngoingActionProgressController: setForceHidden true
08-28 18:21:09.906  3291  3291 D OngoingActionProgressController: setForceHidden true
08-28 18:21:09.907  2387  2387 D BiometricService: Sensor ID(1008), oemStrength: 255, updatedStrength: 255, modality 8, state: 0, cookie: 0, sensorId 1008, hasEnrollments: false cannot participate in Keystore operations
08-28 18:21:09.907  3998  3998 I ActiveUnlock: onDeviceLocked [CONTEXT service_id=327 ]
08-28 18:21:09.908  3549 18058 D NfcService: applyRouting
08-28 18:21:09.911   719   719 I keystore2: system/security/keystore2/src/authorization.rs:153 - on_device_locked(user_id=0, unlocking_sids=[3867092742996155449], weak_unlock_enabled=false)
08-28 18:21:09.914   695   705 D DrmLibTime: got the req here! ret=0
08-28 18:21:09.915   695   705 D DrmLibTime: command id, time_cmd_id = 770
08-28 18:21:09.915   695   705 D DrmLibTime: time_getutcsec starts!
08-28 18:21:09.915   695   705 D DrmLibTime: QSEE Time Listener: time_getutcsec
08-28 18:21:09.915   695   705 D DrmLibTime: QSEE Time Listener: get_utc_seconds
08-28 18:21:09.915   695   705 D DrmLibTime: QSEE Time Listener: time_get_modem_time
08-28 18:21:09.915   695   705 D DrmLibTime: QSEE Time Listener: Checking if ATS_MODEM is set or not.
08-28 18:21:09.915   695   705 D QC-time-services: Lib:time_genoff_operation: pargs->base = 13
08-28 18:21:09.915   695   705 D QC-time-services: Lib:time_genoff_operation: pargs->operation = 2
08-28 18:21:09.915   695   705 D QC-time-services: Lib:time_genoff_operation: pargs->ts_val = 0
08-28 18:21:09.915   695   705 E QC-time-services: Lib:time_genoff_operation: Connection failed !!
08-28 18:21:09.915   695   705 D DrmLibTime: QSEE Time Listener: ATS_MODEM is not set. Fallback to Android system time.
08-28 18:21:09.915   695   705 D DrmLibTime: QSEE Time Listener: Retrieved Android system time: 1756398069
08-28 18:21:09.915   695   705 D DrmLibTime: time_getutcsec returns 0, sec = 1756398069; nsec = 0
08-28 18:21:09.915   695   705 D DrmLibTime: time_getutcsec finished! 
08-28 18:21:09.915   695   705 D DrmLibTime: iotcl_continue_command finished! and return 0 
08-28 18:21:09.915   695   705 D DrmLibTime: before calling ioctl to read the next time_cmd
08-28 18:21:09.918  3291  3291 I KeyguardDisplayManager: Do not show KeyguardPresentation on the default display
08-28 18:21:09.919  3291  3291 D KeyguardViewMediator: KeyguardViewMediator queue processing message: SHOW
08-28 18:21:09.927   719   719 I keystore2: system/security/keystore2/src/super_key.rs:973 - UnlockedDeviceRequired super keys for user 0 are biometric-encrypted.
08-28 18:21:09.928  2387  3893 D SystemServerTiming: getUserSwitchability-0
08-28 18:21:09.928  3291  3291 D DeviceEntryIconViewBinder: Updating device entry icon image state ForegroundIconViewModel(type=FINGERPRINT, useAodVariant=true, tint=-1, padding=71)
08-28 18:21:09.928  2387  3893 D SystemServerTiming: TM.isInCall
08-28 18:21:09.929  2387  3893 D SystemServerTiming: hasUserRestriction-DISALLOW_USER_SWITCH
08-28 18:21:09.929  2387  3893 D SystemServerTiming: getInt-ALLOW_USER_SWITCHING_WHEN_SYSTEM_USER_LOCKED
08-28 18:21:09.929  2387  3893 D SystemServerTiming: isUserUnlocked-USER_SYSTEM
08-28 18:21:09.930  2387  2387 W AlarmManager: Unrecognized alarm listener com.android.server.locksettings.LockSettingsStrongAuth$NonStrongBiometricIdleTimeoutAlarmListener@ebdeb14
08-28 18:21:10.158  2387  2934 I UsbPortManager: USB HAL AIDL version: USB_HAL_V2_0
08-28 18:21:10.364  5606  6353 I ecqc    : (REDACTED) appOpsListener %s %s
08-28 18:21:10.365  5606  6353 I ecqc    : (REDACTED) Ignoring irrelevant audio permission changes for package %s
08-28 18:21:10.454  2387  3412 W ServiceManagerCppClient: Waited one second for stats (is service started? Number of threads started in the threadpool: 32. Are binder threads started and available?)
08-28 18:21:10.454  1599  1692 W ServiceManagerCppClient: Waited one second for stats (is service started? Number of threads started in the threadpool: 6. Are binder threads started and available?)
08-28 18:21:10.458   682 31665 W libc    : Unable to set property "ctl.interface_start" to "aidl/stats": PROP_ERROR_HANDLE_CONTROL_MESSAGE (0x20)
08-28 18:21:10.458   682 31666 W libc    : Unable to set property "ctl.interface_start" to "aidl/stats": PROP_ERROR_HANDLE_CONTROL_MESSAGE (0x20)
08-28 18:21:10.613  2387  3185 D InetDiagMessage: Destroyed 0 sockets, proto=IPPROTO_TCP, family=AF_INET, states=14
08-28 18:21:10.615  2387  3185 D InetDiagMessage: Destroyed 0 sockets, proto=IPPROTO_TCP, family=AF_INET6, states=14
08-28 18:21:10.615  2387  3185 D InetDiagMessage: Destroyed live tcp sockets for uids={10640} in 4ms
08-28 18:21:10.616  2387  3185 D InetDiagMessage: Destroyed 0 sockets, proto=IPPROTO_TCP, family=AF_INET, states=14
08-28 18:21:10.618  2387  3185 D InetDiagMessage: Destroyed 0 sockets, proto=IPPROTO_TCP, family=AF_INET6, states=14
08-28 18:21:10.618  2387  3185 D InetDiagMessage: Destroyed live tcp sockets for uids={20640} in 3ms
08-28 18:21:10.620  2387  3185 D InetDiagMessage: Destroyed 0 sockets, proto=IPPROTO_TCP, family=AF_INET, states=14
08-28 18:21:10.622  2387  3185 D InetDiagMessage: Destroyed 0 sockets, proto=IPPROTO_TCP, family=AF_INET6, states=14
08-28 18:21:10.622  2387  3185 D InetDiagMessage: Destroyed live tcp sockets for uids={10510} in 3ms
08-28 18:21:10.624  2387  3185 D InetDiagMessage: Destroyed 0 sockets, proto=IPPROTO_TCP, family=AF_INET, states=14
08-28 18:21:10.625  2387  3185 D InetDiagMessage: Destroyed 0 sockets, proto=IPPROTO_TCP, family=AF_INET6, states=14
08-28 18:21:10.625  2387  3185 D InetDiagMessage: Destroyed live tcp sockets for uids={20510} in 3ms
08-28 18:21:10.627  2387  3185 D InetDiagMessage: Destroyed 0 sockets, proto=IPPROTO_TCP, family=AF_INET, states=14
08-28 18:21:10.629  2387  3185 D InetDiagMessage: Destroyed 0 sockets, proto=IPPROTO_TCP, family=AF_INET6, states=14
08-28 18:21:10.629  2387  3185 D InetDiagMessage: Destroyed live tcp sockets for uids={10634} in 3ms
08-28 18:21:10.630  2387  3185 D InetDiagMessage: Destroyed 0 sockets, proto=IPPROTO_TCP, family=AF_INET, states=14
08-28 18:21:10.632  2387  3185 D InetDiagMessage: Destroyed 0 sockets, proto=IPPROTO_TCP, family=AF_INET6, states=14
08-28 18:21:10.632  2387  3185 D InetDiagMessage: Destroyed live tcp sockets for uids={20634} in 3ms
08-28 18:21:10.634  2387  3185 D InetDiagMessage: Destroyed 0 sockets, proto=IPPROTO_TCP, family=AF_INET, states=14
08-28 18:21:10.635  2387  3185 D InetDiagMessage: Destroyed 0 sockets, proto=IPPROTO_TCP, family=AF_INET6, states=14
08-28 18:21:10.635  2387  3185 D InetDiagMessage: Destroyed live tcp sockets for uids={10670} in 2ms
08-28 18:21:10.636  2387  3185 D InetDiagMessage: Destroyed 0 sockets, proto=IPPROTO_TCP, family=AF_INET, states=14
08-28 18:21:10.636  2387  3185 D InetDiagMessage: Destroyed 0 sockets, proto=IPPROTO_TCP, family=AF_INET6, states=14
08-28 18:21:10.637  2387  3185 D InetDiagMessage: Destroyed live tcp sockets for uids={20670} in 2ms
08-28 18:21:10.679  2387  3185 D InetDiagMessage: Destroyed 3 sockets, proto=IPPROTO_TCP, family=AF_INET, states=14
08-28 18:21:10.681 30088 30398 E msys    : E[N MQTT]onConnectError(562)=>Connect Error: folly::AsyncSocketException: AsyncSocketException: connect failed, type = Socket not open, errno = 103 (Software caused connection abort)
08-28 18:21:10.681  2387  3185 D InetDiagMessage: Destroyed 0 sockets, proto=IPPROTO_TCP, family=AF_INET6, states=14
08-28 18:21:10.681  2387  3185 D InetDiagMessage: Destroyed live tcp sockets for uids={10628} in 6ms
08-28 18:21:10.683  2387  3185 D InetDiagMessage: Destroyed 0 sockets, proto=IPPROTO_TCP, family=AF_INET, states=14
08-28 18:21:10.684 30088 30209 W RealtimeClientManager: Channel state: MqttChannelState{mConnectionState=DISCONNECTED, mDisconnectionReason=null, mLastConnectionMs=0, mLastDisconnectMs=1295061}
08-28 18:21:10.685  2387  3185 D InetDiagMessage: Destroyed 0 sockets, proto=IPPROTO_TCP, family=AF_INET6, states=14
08-28 18:21:10.685  2387  3185 D InetDiagMessage: Destroyed live tcp sockets for uids={20628} in 4ms
08-28 18:21:10.823  2117 14751 W ServiceManagerCppClient: Waited one second for stats (is service started? Number of threads started in the threadpool: 17. Are binder threads started and available?)
08-28 18:21:10.826   682 31667 W libc    : Unable to set property "ctl.interface_start" to "aidl/stats": PROP_ERROR_HANDLE_CONTROL_MESSAGE (0x20)
08-28 18:21:11.457  1599  1692 W ServiceManagerCppClient: Waited one second for stats (is service started? Number of threads started in the threadpool: 6. Are binder threads started and available?)
08-28 18:21:11.457  2387  3412 W ServiceManagerCppClient: Waited one second for stats (is service started? Number of threads started in the threadpool: 32. Are binder threads started and available?)
08-28 18:21:11.458   682 31669 W libc    : Unable to set property "ctl.interface_start" to "aidl/stats": PROP_ERROR_HANDLE_CONTROL_MESSAGE (0x20)
08-28 18:21:11.459   682 31668 W libc    : Unable to set property "ctl.interface_start" to "aidl/stats": PROP_ERROR_HANDLE_CONTROL_MESSAGE (0x20)
08-28 18:21:11.602 30088 30260 E msys    : E[N mns]_OnDiskCacheGetData(561)=>Start post callback cache refresh DNS resolution
08-28 18:21:11.603 30088 30260 W LibevQuicAsyncUDPSocket.h: setTosOrTrafficClass not implemented in LibevQuicAsyncUDPSocket
08-28 18:21:11.616 30088 30260 E MvfstCallbacks.cpp: onConnectionSetupError: error=TransportError: Internal Error, Error on socket write Operation not permitted, 
08-28 18:21:11.617 30088 30260 E msys    : E[N mns]_LogError(205)=>Failed to resolve using system DNS resolver, getaddrinfo(): No address associated with hostname
08-28 18:21:11.617 30088 30260 E msys    : E[N mns]_OnDiskCacheGetData(561)=>Start post callback cache refresh DNS resolution
08-28 18:21:11.620 30088 30260 E msys    : E[N mns]_LogError(205)=>Failed to resolve using system DNS resolver, getaddrinfo(): No address associated with hostname
08-28 18:21:11.825  2117 14751 W ServiceManagerCppClient: Waited one second for stats (is service started? Number of threads started in the threadpool: 17. Are binder threads started and available?)
08-28 18:21:11.828   682 31675 W libc    : Unable to set property "ctl.interface_start" to "aidl/stats": PROP_ERROR_HANDLE_CONTROL_MESSAGE (0x20)
08-28 18:21:12.458  1599  1692 W ServiceManagerCppClient: Waited one second for stats (is service started? Number of threads started in the threadpool: 6. Are binder threads started and available?)
08-28 18:21:12.458  2387  3412 W ServiceManagerCppClient: Waited one second for stats (is service started? Number of threads started in the threadpool: 32. Are binder threads started and available?)
08-28 18:21:12.461   682 31676 W libc    : Unable to set property "ctl.interface_start" to "aidl/stats": PROP_ERROR_HANDLE_CONTROL_MESSAGE (0x20)
08-28 18:21:12.461   682 31677 W libc    : Unable to set property "ctl.interface_start" to "aidl/stats": PROP_ERROR_HANDLE_CONTROL_MESSAGE (0x20)
08-28 18:21:12.827  2117 14751 W ServiceManagerCppClient: Waited one second for stats (is service started? Number of threads started in the threadpool: 17. Are binder threads started and available?)
08-28 18:21:12.830   682 31678 W libc    : Unable to set property "ctl.interface_start" to "aidl/stats": PROP_ERROR_HANDLE_CONTROL_MESSAGE (0x20)
08-28 18:21:13.085 30088 30260 E msys    : E[N mns]_OnDiskCacheGetData(561)=>Start post callback cache refresh DNS resolution
08-28 18:21:13.085 30088 30260 E msys    : E[N mns]_OnDiskCacheGetData(561)=>Start post callback cache refresh DNS resolution
08-28 18:21:13.089 30088 30260 W LibevQuicAsyncUDPSocket.h: setTosOrTrafficClass not implemented in LibevQuicAsyncUDPSocket
08-28 18:21:13.099 30088 30260 E msys    : E[N mns]_LogError(205)=>Failed to resolve using system DNS resolver, getaddrinfo(): No address associated with hostname
08-28 18:21:13.099 30088 30260 E MvfstCallbacks.cpp: onConnectionSetupError: error=TransportError: Internal Error, Error on socket write Operation not permitted, 
08-28 18:21:13.100 30088 30260 E msys    : E[N mns]_LogError(205)=>Failed to resolve using system DNS resolver, getaddrinfo(): No address associated with hostname
08-28 18:21:13.460  2387  3412 W ServiceManagerCppClient: Waited one second for stats (is service started? Number of threads started in the threadpool: 32. Are binder threads started and available?)
08-28 18:21:13.460  1599  1692 W ServiceManagerCppClient: Waited one second for stats (is service started? Number of threads started in the threadpool: 6. Are binder threads started and available?)
08-28 18:21:13.463   682 31681 W libc    : Unable to set property "ctl.interface_start" to "aidl/stats": PROP_ERROR_HANDLE_CONTROL_MESSAGE (0x20)
08-28 18:21:13.463   682 31682 W libc    : Unable to set property "ctl.interface_start" to "aidl/stats": PROP_ERROR_HANDLE_CONTROL_MESSAGE (0x20)
08-28 18:21:13.828  2117 14751 W ServiceManagerCppClient: Waited one second for stats (is service started? Number of threads started in the threadpool: 17. Are binder threads started and available?)
08-28 18:21:13.832   682 31683 W libc    : Unable to set property "ctl.interface_start" to "aidl/stats": PROP_ERROR_HANDLE_CONTROL_MESSAGE (0x20)
08-28 18:21:14.049  3291  3291 D InsetsController: Setting requestedVisibleTypes to -9 (was -11)
08-28 18:21:14.053  3291  3291 D WindowRootViewBlurInteractor: requestingBlurForShade for 0 false
08-28 18:21:14.054  3291  3291 V DreamService[DozeService]: UpdateDoze mDozeScreenState=2 mDozeScreenBrightness=3 mDozeScreenBrightnessFloat=NaN
08-28 18:21:14.054  2387  3893 D DreamManagerService: Dream requested to start dozing: android.os.Binder@6d037ec, screenState=ON, reason=UNKNOWN, screenBrightnessFloat=NaN, screenBrightnessInt=3, useNormalBrightnessForDoze=false
08-28 18:21:14.056  2387  2963 I DisplayPowerController[0]: Blocking screen on until initial contents have been drawn.
08-28 18:21:14.058  2387  2963 D WindowManager: Remove SleepToken: tag=Display-off, displayId=0
08-28 18:21:14.066  2387  3225 I MR2ServiceImpl: Updating composite discovery preference | preference: RouteDiscoveryRequest{ preferredFeatures={}, activeScan=false }, active routers: []
08-28 18:21:14.068  2387  2963 I DisplayPowerController: Window Manager Policy screenTurningOn complete
08-28 18:21:14.069  2387  2963 I DisplayBrightnessStrategySelector: Changing the DisplayBrightnessStrategy from ScreenOffBrightnessStrategy to DozeBrightnessStrategy for display 0
08-28 18:21:14.069  1607  1607 I RefreshRateSelector: Display 4630946736638489730 policy changed
08-28 18:21:14.069  1607  1607 I RefreshRateSelector: Previous: {defaultModeId=1, allowGroupSwitching=false, primaryRanges={physical=[60.00 Hz, 120.00 Hz], render=[60.00 Hz, 60.00 Hz]}, appRequestRanges={physical=[0.00 Hz, 120.00 Hz], render=[0.00 Hz, 60.00 Hz]} idleScreenConfig=nullptr}
08-28 18:21:14.069  1607  1607 I RefreshRateSelector: Current:  DisplayManagerPolicy{defaultModeId=0, allowGroupSwitching=false, primaryRanges={physical=[60.00 Hz, 120.00 Hz], render=[60.00 Hz, 120.00 Hz]}, appRequestRanges={physical=[0.00 Hz, 120.00 Hz], render=[0.00 Hz, 120.00 Hz]} idleScreenConfig=nullptr}
08-28 18:21:14.069  1607  1607 I RefreshRateSelector: 1 mode changes were performed under the previous policy
08-28 18:21:14.069  1607  1607 D DisplayModeController: setDesiredMode 4630946736638489730 {mode={fps=60.00 Hz, modePtr={id=1, vsyncRate=60.00 Hz, peakRefreshRate=60.00 Hz}}, emitEvent=true, force=false}
08-28 18:21:14.070  2387  2963 V DisplayPowerController[0]: Brightness [0.007874016] reason changing to: 'doze', previous reason: 'screen_off'.
08-28 18:21:14.070  2387  2963 I DisplayPowerController[0]: BrightnessEvent: brt=0.007874016 (15.0%), nits= 9.858268, lux=-1.0, reason=doze, strat=DozeBrightnessStrategy, state=ON, stateReason=UNKNOWN, policy=DOZE, flags=, initBrt=0.0, rcmdBrt=NaN, preBrt=NaN, preLux=0.0, wasShortTermModelActive=false, autoBrightness=true (default), unclampedBrt=0.007874016, hbmMax=1.0, hbmMode=off, thrmMax=1.0, rbcStrength=81, powerFactor=1.0, physDisp=Built-in Screen(local:4630946736638489730), logicalId=0, slowChange=false, rampSpeed=0.0
08-28 18:21:14.072  1607  1607 D SurfaceFlinger: Setting power mode 2 on physical display 4630946736638489730
08-28 18:21:14.072  1607  1607 D SurfaceFlinger: setPhysicalDisplayPowerMode(ON): Disabling power optimizations
08-28 18:21:14.072  1525  1925 I SDM     : DisplayBase::SetDisplayState: Set state = 1, display 54-0, teardown = 0
08-28 18:21:14.073  2387  2937 I DisplayDeviceRepository: Display device changed state: "Built-in Screen", ON
08-28 18:21:14.074  2387  2963 D BrightnessThermalClamper: Thermal status observer already started
08-28 18:21:14.077  2387  2938 I DisplayDevice: [0] Layerstack set to 0 for local:4630946736638489730
08-28 18:21:14.079  2387  2937 I InputManager-JNI: Viewport [0] to add: local:4630946736638489730, isActive: true
08-28 18:21:14.080  2387  3155 I InputReader: Reconfiguring input devices, changes=DISPLAY_INFO
08-28 18:21:14.081  2387  3155 I InputReader: Device reconfigured: id=5, name='fts', size 1440x3200, orientation Rotation0, mode DIRECT, display id 0
08-28 18:21:14.081  1491  2997 D audio_hw_primary: adev_set_parameters: enter: screen_state=on
08-28 18:21:14.081  1491  2997 V msm8974_platform: platform_set_parameters: enter: screen_state=on
08-28 18:21:14.081  1491  2997 D msm8974_platform: platform_set_parameters: exit with code(0)
08-28 18:21:14.081  1491  2997 D sound_trigger_hw: handle_screen_status_change: screen on
08-28 18:21:14.081  1491  2997 D sound_trigger_hw_common: st_hw_check_and_update_lpi: lpi NOT supported due to concurrency
08-28 18:21:14.081  1491  2997 D audio_hw_cspl_cal: cirrus_cal_setparameters: enter 0xeb500010
08-28 18:21:14.081  1491  2997 D audio_hw_primary: adev_set_parameters: exit with code(0)
08-28 18:21:14.083  1502  1502 E sensors.elliptic@2.0: Elliptic: batch() 0
08-28 18:21:14.083  2387  2935 D WindowManager: DeferredDisplayUpdater: partially applying DisplayInfo(1440 x 3200) immediately
08-28 18:21:14.084  3583  4344 D SatelliteController: handleCmdUpdateNtnSignalStrengthReporting: ignore request, satellite is disabled
08-28 18:21:14.087 27512 27538 I DialerDisplayStateTracker: com.android.dialer.incall.proximitysensor.impl.incall.DisplayStateTracker$1.onDisplayChanged:78 set isDisplayOn to true
08-28 18:21:14.092  3998  3998 I NearbyDiscovery: (REDACTED) FastPairDisplayObserver: %s -> %s
08-28 18:21:14.093  3998  9540 I NearbyDiscovery: (REDACTED) FastPairScanner: isScreenOn=%s, isLocationEnabled=%s, disableLocationRequirement=%s, isDiscoveryScanningEnabled=%s, during24GhzWifiWarmingUpPeriod=%s
08-28 18:21:14.093  3998  9540 D BluetoothAdapter: isLeEnabled(): ON
08-28 18:21:14.093  3998  9540 I NearbyDiscovery: (REDACTED) FastPairScanner: eventType=%s, intReq=%s, scanning=%s, scanAllowed=%s, bleEnabled=%s, lockScanRate=%s, startScanningByLowPowerMode=%s
08-28 18:21:14.101 27512 27538 I DialerCarInCallUpdateListener: com.android.dialer.androidauto.impl.incall.listener.CarInCallUpdateListener.onCallGraphUpdated:22 Emitting to CarInCallUpdate flow, result = true
08-28 18:21:14.101 27512 27538 I DialerStatusBarNotifier: com.android.dialer.incall.statusbarnotification.ui.StatusBarNotifier.onCallGraphUpdated:206 updateInProgress: false
08-28 18:21:14.101 27512 27538 I DialerStatusBarNotifier: com.android.dialer.incall.statusbarnotification.ui.StatusBarNotifier.getModel:458 PrimaryCallGraph present: true; model already present: true
08-28 18:21:14.103 27512 27558 I DialerPhoneLookupInfoConsolidator: com.android.dialer.phonelookup.consolidator.PhoneLookupInfoConsolidator.getName:209 nameSource: CP2_DEFAULT_DIRECTORY
08-28 18:21:14.104 27512 27558 I DialerCallStatusTextGenerator: com.android.dialer.incall.statusbarnotification.basiccontent.CallStatusTextGenerator.getCallStatusTextFromResources:169 Notification call status text: Ongoing call via TNM
08-28 18:21:14.104 27512 27557 I DialerCallStatusTextGenerator: com.android.dialer.incall.statusbarnotification.basiccontent.CallStatusTextGenerator.getCallStatusTextFromResources:169 Notification call status text: Ongoing call via TNM
08-28 18:21:14.106  2387  3238 D BackgroundInstallControlService: Package event received: 0
08-28 18:21:14.106  2387  3238 D BackgroundInstallControlService: Package event received: 0
08-28 18:21:14.106  2387  3238 D BackgroundInstallControlService: Package event received: 0
08-28 18:21:14.107  2387  3238 D BackgroundInstallControlService: Package event received: 0
08-28 18:21:14.112 27512 27543 I DialerCallingCardRepositoryImpl: com.google.android.libraries.contacts.callingcard.impl.CallingCardRepositoryImpl$getCallingCard$2.invokeSuspend:124 Calling cards get for [1]
08-28 18:21:14.113 27512 27538 W DialerPatrickCpgStorage: com.android.dialer.patrick.impl.storage.PatrickCpgStorage.fetch:106 Failed to fetch the data. ERROR_CALLING_CARD_ID_NOT_EXIST
08-28 18:21:14.115 27512 27542 I DialerSingletonScopedExternalsLogging: com.google.android.dialershared.externals.logging.SingletonScopedExternalsLogging.recordCallMethodInvocation:75 event: POWER_MANAGER_IS_WAKE_LOCK_LEVEL_SUPPORTED, function parameters: [32], return value: true
08-28 18:21:14.115 27512 27542 I DialerAccelerometerTracker: com.android.dialer.incall.proximitysensor.impl.incall.AccelerometerTracker.enable:123 enable
08-28 18:21:14.117  5563  5563 I PkDeviceHelper: PkDeviceHelper.refreshDevices():93 refreshing devices
08-28 18:21:14.118 27512 27538 I DialerPrivate: com.android.dialer.incall.bubble.service.BubbleModelProducerModule.produceIsInCallUiHidden:383 show bubble, LegacyInCallUi is not showing
08-28 18:21:14.118 27512 27558 I DialerPrivate: com.android.dialer.incall.bubble.service.BubbleModelProducerModule.produceIsBubbleFeatureEnabledForCall:327 Not showing bubble in Android S+.
08-28 18:21:14.118 27512 27539 I DialerStatusBarNotifier: com.android.dialer.incall.statusbarnotification.ui.StatusBarNotifier.updateModelAndNotification:415 Received new model for Call: DialerCall_1 - time to retrieve: 17
08-28 18:21:14.118 27512 27539 I DialerStatusBarNotifier: com.android.dialer.incall.statusbarnotification.ui.StatusBarNotifier.updateModelAndNotification:425 model unchanged, so no updates for now
08-28 18:21:14.118 27512 27539 I DialerStatusBarNotifier: com.android.dialer.incall.statusbarnotification.ui.StatusBarNotifier$1.onSuccess:234 Update finished successfully. updateInProgress set to false
08-28 18:21:14.124  3525  4233 W IWlanNetworkService: 71 > Response Processed
08-28 18:21:14.127  3583  4344 D SatelliteController: iisInCarrierRoamingNbIotNtn: satellite is disabled
08-28 18:21:14.129  2387  2963 I DisplayPowerController[0]: Unblocked screen on after 73 ms
08-28 18:21:14.130  3291  3291 V DreamService[DozeService]: UpdateDoze mDozeScreenState=2 mDozeScreenBrightness=4 mDozeScreenBrightnessFloat=NaN
08-28 18:21:14.130  2387  3957 D DreamManagerService: Dream requested to start dozing: android.os.Binder@6d037ec, screenState=ON, reason=UNKNOWN, screenBrightnessFloat=NaN, screenBrightnessInt=4, useNormalBrightnessForDoze=false
08-28 18:21:14.131  2387  2963 I DisplayPowerController[0]: BrightnessEvent: brt=0.011811024 (19.0%), nits= 13.787401, lux=-1.0, reason=doze, strat=DozeBrightnessStrategy, state=ON, stateReason=UNKNOWN, policy=DOZE, flags=, initBrt=0.007874016, rcmdBrt=NaN, preBrt=NaN, preLux=0.0, wasShortTermModelActive=false, autoBrightness=true (default), unclampedBrt=0.011811024, hbmMax=1.0, hbmMode=off, thrmMax=1.0, rbcStrength=81, powerFactor=1.0, physDisp=Built-in Screen(local:4630946736638489730), logicalId=0, slowChange=false, rampSpeed=0.5
08-28 18:21:14.131  3583  4344 D SatelliteController: iisInCarrierRoamingNbIotNtn: satellite is disabled
08-28 18:21:14.132  3525  4233 W IWlanNetworkService: 72 > Response Processed
08-28 18:21:14.132  3583  3583 D TelephonyManager: requestModemActivityInfo: Sending result to app: ModemActivityInfo{ mTimestamp=1298498 mSleepTimeMs=8718 mIdleTimeMs=24745 mActivityStatsTechSpecificInfo=[{mRat=UNKNOWN,mFrequencyRange=UNKNOWN,mTxTimeMs[]=[74370, 2634, 212831, 59116, 83425],mRxTimeMs=820508}]}
08-28 18:21:14.138  3583  3583 D SatelliteController: Satellite for carrier is not supported.
08-28 18:21:14.138  3583  3583 D SatelliteController: registerForSatelliteModemStateChanged: add Listeners for ModemState
08-28 18:21:14.138  3583  3583 E SatelliteController: registerForSatelliteModemStateChanged: mSatelliteSessionController is not initialized yet
08-28 18:21:14.140  3583  3583 D SatelliteController: Satellite for carrier is not supported.
08-28 18:21:14.140  3583  3583 D SatelliteController: registerForSatelliteModemStateChanged: add Listeners for ModemState
