08-28 18:49:50.825 16353 16570 I .apps.wellbeing: AssetManager2(0xb40000721b82b318) locale list changing from [] to [en-US]
08-28 18:49:50.830 16353 16570 I .apps.wellbeing: AssetManager2(0xb40000721b82bc78) locale list changing from [] to [en-US]
08-28 18:49:50.839 16353 16570 I .apps.wellbeing: AssetManager2(0xb40000721b829a18) locale list changing from [] to [en-US]
08-28 18:49:50.844 16353 16570 I .apps.wellbeing: AssetManager2(0xb40000721b8277b8) locale list changing from [] to [en-US]
08-28 18:49:50.847 16353 16570 I .apps.wellbeing: AssetManager2(0xb40000721b82a378) locale list changing from [] to [en-US]
08-28 18:49:50.851 16353 16570 I .apps.wellbeing: AssetManager2(0xb40000721b825b98) locale list changing from [] to [en-US]
08-28 18:49:50.853 16353 16570 I .apps.wellbeing: AssetManager2(0xb40000721b825eb8) locale list changing from [] to [en-US]
08-28 18:49:50.856 16353 16570 I .apps.wellbeing: AssetManager2(0xb40000721b825558) locale list changing from [] to [en-US]
08-28 18:49:50.859 16353 16570 I .apps.wellbeing: AssetManager2(0xb40000721b825878) locale list changing from [] to [en-US]
08-28 18:49:50.866 16353 16570 I .apps.wellbeing: AssetManager2(0xb40000721b8290b8) locale list changing from [] to [en-US]
08-28 18:49:50.871 16353 16570 I .apps.wellbeing: AssetManager2(0xb40000721b826b38) locale list changing from [] to [en-US]
08-28 18:49:50.875 16353 16570 I .apps.wellbeing: AssetManager2(0xb40000721b82c8f8) locale list changing from [] to [en-US]
08-28 18:49:50.879 16353 16570 I .apps.wellbeing: AssetManager2(0xb40000721b828118) locale list changing from [] to [en-US]
08-28 18:49:50.882 16353 16570 I .apps.wellbeing: AssetManager2(0xb40000721b82b958) locale list changing from [] to [en-US]
08-28 18:49:50.885 16353 16570 I .apps.wellbeing: AssetManager2(0xb40000721b8261d8) locale list changing from [] to [en-US]
08-28 18:49:50.888 16353 16570 I .apps.wellbeing: AssetManager2(0xb40000721b8293d8) locale list changing from [] to [en-US]
08-28 18:49:50.901 16353 16570 I .apps.wellbeing: AssetManager2(0xb40000721b827178) locale list changing from [] to [en-US]
08-28 18:49:50.906 16353 16570 I .apps.wellbeing: AssetManager2(0xb40000721b827df8) locale list changing from [] to [en-US]
08-28 18:49:50.913 16353 16570 I .apps.wellbeing: AssetManager2(0xb40000721b828d98) locale list changing from [] to [en-US]
08-28 18:49:50.921 16353 16570 I .apps.wellbeing: AssetManager2(0xb40000721b828438) locale list changing from [] to [en-US]
08-28 18:49:50.930 16353 16570 I .apps.wellbeing: AssetManager2(0xb40000721b830778) locale list changing from [] to [en-US]
08-28 18:49:50.933 16353 16570 I .apps.wellbeing: AssetManager2(0xb40000721b832078) locale list changing from [] to [en-US]
08-28 18:49:50.937 16353 16570 I .apps.wellbeing: AssetManager2(0xb40000721b82f7d8) locale list changing from [] to [en-US]
08-28 18:49:50.954 16353 16570 I .apps.wellbeing: AssetManager2(0xb40000721b830a98) locale list changing from [] to [en-US]
08-28 18:49:50.960 16353 16570 I .apps.wellbeing: AssetManager2(0xb40000721b833c98) locale list changing from [] to [en-US]
08-28 18:49:50.968 16353 16570 I .apps.wellbeing: AssetManager2(0xb40000721b82aff8) locale list changing from [] to [en-US]
08-28 18:49:50.975 16353 16570 I .apps.wellbeing: AssetManager2(0xb40000721b833fb8) locale list changing from [] to [en-US]
08-28 18:49:50.978 16353 16570 I .apps.wellbeing: AssetManager2(0xb40000721b833978) locale list changing from [] to [en-US]
08-28 18:49:50.994 16353 16570 I .apps.wellbeing: AssetManager2(0xb40000721b82ee78) locale list changing from [] to [en-US]
08-28 18:49:51.004 16353 16570 I .apps.wellbeing: AssetManager2(0xb40000721b831718) locale list changing from [] to [en-US]
08-28 18:49:51.010 16353 16570 I .apps.wellbeing: AssetManager2(0xb40000721b832cf8) locale list changing from [] to [en-US]
08-28 18:49:51.013 16353 16570 I .apps.wellbeing: AssetManager2(0xb40000721b831a38) locale list changing from [] to [en-US]
08-28 18:49:51.016 16353 16570 I .apps.wellbeing: AssetManager2(0xb40000721b833658) locale list changing from [] to [en-US]
08-28 18:49:51.033 16353 16570 I .apps.wellbeing: AssetManager2(0xb40000721b82dbb8) locale list changing from [] to [en-US]
08-28 18:49:51.039 16353 16570 I .apps.wellbeing: AssetManager2(0xb40000721b833018) locale list changing from [] to [en-US]
08-28 18:49:51.043 16353 16570 I .apps.wellbeing: AssetManager2(0xb40000721b8345f8) locale list changing from [] to [en-US]
08-28 18:49:51.050 16353 16570 I .apps.wellbeing: AssetManager2(0xb40000721b82f4b8) locale list changing from [] to [en-US]
08-28 18:49:51.056 16353 16570 I .apps.wellbeing: AssetManager2(0xb40000721b830138) locale list changing from [] to [en-US]
08-28 18:49:51.062 16353 16570 I .apps.wellbeing: AssetManager2(0xb40000721b833338) locale list changing from [] to [en-US]
08-28 18:49:51.084 16353 16570 I .apps.wellbeing: AssetManager2(0xb40000721b831d58) locale list changing from [] to [en-US]
08-28 18:49:51.092  2119 16650 D CCodecBufferChannel: [c2.android.vorbis.decoder#158] buffers after EOS ignored (0 us)
08-28 18:49:51.093 16353 16570 I .apps.wellbeing: AssetManager2(0xb40000721b82faf8) locale list changing from [] to [en-US]
08-28 18:49:51.093  2119 16650 D CCodecBufferChannel: [c2.android.vorbis.decoder#158] buffers after EOS ignored (0 us)
08-28 18:49:51.093  2119 16650 D CCodecBufferChannel: [c2.android.vorbis.decoder#158] buffers after EOS ignored (0 us)
08-28 18:49:51.093  2119 16648 D AudioTrack: stop(108): called with 77044 frames delivered
08-28 18:49:51.097 16353 16570 I .apps.wellbeing: AssetManager2(0xb40000721b82e518) locale list changing from [] to [en-US]
08-28 18:49:51.101 16353 16570 I .apps.wellbeing: AssetManager2(0xb40000721b8310d8) locale list changing from [] to [en-US]
08-28 18:49:51.105 16353 16570 I .apps.wellbeing: AssetManager2(0xb40000721b82d898) locale list changing from [] to [en-US]
08-28 18:49:51.118 16353 16570 I .apps.wellbeing: AssetManager2(0xb40000721b8313f8) locale list changing from [] to [en-US]
08-28 18:49:51.121 16353 16570 I .apps.wellbeing: AssetManager2(0xb40000721b8326b8) locale list changing from [] to [en-US]
08-28 18:49:51.182 16353 16570 I .apps.wellbeing: AssetManager2(0xb40000721b82fe18) locale list changing from [] to [en-US]
08-28 18:49:51.188 16353 16570 I .apps.wellbeing: AssetManager2(0xb40000721b830458) locale list changing from [] to [en-US]
08-28 18:49:51.194 16353 16570 I .apps.wellbeing: AssetManager2(0xb40000721b832398) locale list changing from [] to [en-US]
08-28 18:49:51.195  2117 14751 W ServiceManagerCppClient: Waited one second for stats (is service started? Number of threads started in the threadpool: 17. Are binder threads started and available?)
08-28 18:49:51.197   682 16665 W libc    : Unable to set property "ctl.interface_start" to "aidl/stats": PROP_ERROR_HANDLE_CONTROL_MESSAGE (0x20)
08-28 18:49:51.197  2387  3412 W ServiceManagerCppClient: Waited one second for stats (is service started? Number of threads started in the threadpool: 32. Are binder threads started and available?)
08-28 18:49:51.199 16353 16570 I .apps.wellbeing: AssetManager2(0xb40000721b838dd8) locale list changing from [] to [en-US]
08-28 18:49:51.199   682 16666 W libc    : Unable to set property "ctl.interface_start" to "aidl/stats": PROP_ERROR_HANDLE_CONTROL_MESSAGE (0x20)
08-28 18:49:51.199  1599  1692 W ServiceManagerCppClient: Waited one second for stats (is service started? Number of threads started in the threadpool: 6. Are binder threads started and available?)
08-28 18:49:51.201   682 16667 W libc    : Unable to set property "ctl.interface_start" to "aidl/stats": PROP_ERROR_HANDLE_CONTROL_MESSAGE (0x20)
08-28 18:49:51.203 16353 16570 I .apps.wellbeing: AssetManager2(0xb40000721b836218) locale list changing from [] to [en-US]
08-28 18:49:51.206 16353 16570 I incfs   : Initial API level of the device: 30
08-28 18:49:51.207 16353 16570 I incfs   : ro.incremental.enable: true
08-28 18:49:51.207 16353 16570 I incfs   : isFsAvailable: true
08-28 18:49:51.207 16353 16570 I incfs   : isFsAvailable: true
08-28 18:49:51.208 16353 16570 I incfs   : IncFs_Features: v1
08-28 18:49:51.209 16353 16570 I .apps.wellbeing: AssetManager2(0xb40000721b83a6d8) locale list changing from [] to [en-US]
08-28 18:49:51.216 16353 16570 I .apps.wellbeing: AssetManager2(0xb40000721b83b038) locale list changing from [] to [en-US]
08-28 18:49:51.219 16353 16570 I .apps.wellbeing: AssetManager2(0xb40000721b835bd8) locale list changing from [] to [en-US]
08-28 18:49:51.224 16353 16570 I .apps.wellbeing: AssetManager2(0xb40000721b834f58) locale list changing from [] to [en-US]
08-28 18:49:51.230 16353 16570 I .apps.wellbeing: AssetManager2(0xb40000721b83a3b8) locale list changing from [] to [en-US]
08-28 18:49:51.235 16353 16570 I .apps.wellbeing: AssetManager2(0xb40000721b835278) locale list changing from [] to [en-US]
08-28 18:49:51.237 16353 16570 I .apps.wellbeing: AssetManager2(0xb40000721b838798) locale list changing from [] to [en-US]
08-28 18:49:51.241 16353 16570 I .apps.wellbeing: AssetManager2(0xb40000721b8390f8) locale list changing from [] to [en-US]
08-28 18:49:51.245 16353 16570 I .apps.wellbeing: AssetManager2(0xb40000721b83a098) locale list changing from [] to [en-US]
08-28 18:49:51.251 16353 16570 I .apps.wellbeing: AssetManager2(0xb40000721b83c618) locale list changing from [] to [en-US]
08-28 18:49:51.255 16353 16570 I .apps.wellbeing: AssetManager2(0xb40000721b836858) locale list changing from [] to [en-US]
08-28 18:49:51.259 16353 16570 I .apps.wellbeing: AssetManager2(0xb40000721b839d78) locale list changing from [] to [en-US]
08-28 18:49:51.261 16353 16570 I .apps.wellbeing: AssetManager2(0xb40000721b838158) locale list changing from [] to [en-US]
08-28 18:49:51.267 16353 16570 I .apps.wellbeing: AssetManager2(0xb40000721b8374d8) locale list changing from [] to [en-US]
08-28 18:49:51.279 16353 16570 I .apps.wellbeing: AssetManager2(0xb40000721b834c38) locale list changing from [] to [en-US]
08-28 18:49:51.289  2156  2651 D BufferPoolAccessor2.0: bufferpool2 0xb40000788ae27fc8 : 0(0 size) total buffers - 0(0 size) used buffers - 0/0 (recycle/alloc) - 0/0 (fetch/transfer)
08-28 18:49:51.290  2156  2651 D BufferPoolAccessor2.0: evictor expired: 1, evicted: 1
08-28 18:49:51.290 16353 16570 I .apps.wellbeing: AssetManager2(0xb40000721b835598) locale list changing from [] to [en-US]
08-28 18:49:51.294 16353 16570 I .apps.wellbeing: AssetManager2(0xb40000721b839738) locale list changing from [] to [en-US]
08-28 18:49:51.299 16353 16570 I .apps.wellbeing: AssetManager2(0xb40000721b83ad18) locale list changing from [] to [en-US]
08-28 18:49:51.319 16353 16570 I .apps.wellbeing: AssetManager2(0xb40000721b83a9f8) locale list changing from [] to [en-US]
08-28 18:49:51.329  2119 19434 D BufferPoolAccessor2.0: bufferpool2 0xeb6c1d68 : 4(32768 size) total buffers - 4(32768 size) used buffers - 2/8 (recycle/alloc) - 5/6 (fetch/transfer)
08-28 18:49:51.329  2119 19434 D BufferPoolAccessor2.0: evictor expired: 1, evicted: 1
08-28 18:49:51.363 16353 16570 I .apps.wellbeing: AssetManager2(0xb40000721b83bcb8) locale list changing from [] to [en-US]
08-28 18:49:51.367 16353 16570 I .apps.wellbeing: AssetManager2(0xb40000721b837e38) locale list changing from [] to [en-US]
08-28 18:49:51.371 16353 16570 I .apps.wellbeing: AssetManager2(0xb40000721b8377f8) locale list changing from [] to [en-US]
08-28 18:49:51.379 16353 16570 I .apps.wellbeing: AssetManager2(0xb40000721b83b678) locale list changing from [] to [en-US]
08-28 18:49:51.387 16353 16570 I .apps.wellbeing: AssetManager2(0xb40000721b835ef8) locale list changing from [] to [en-US]
08-28 18:49:51.389 16353 16570 I .apps.wellbeing: AssetManager2(0xb40000721b837b18) locale list changing from [] to [en-US]
08-28 18:49:51.397 16353 16570 I .apps.wellbeing: AssetManager2(0xb40000721b8420b8) locale list changing from [] to [en-US]
08-28 18:49:51.402 16353 16570 I .apps.wellbeing: AssetManager2(0xb40000721b83fe58) locale list changing from [] to [en-US]
08-28 18:49:51.421 16353 16570 I .apps.wellbeing: AssetManager2(0xb40000721b83eb98) locale list changing from [] to [en-US]
08-28 18:49:51.429 16353 16570 I .apps.wellbeing: AssetManager2(0xb40000721b840ad8) locale list changing from [] to [en-US]
08-28 18:49:51.452 16353 16570 I .apps.wellbeing: AssetManager2(0xb40000721b843058) locale list changing from [] to [en-US]
08-28 18:49:51.462 16353 16570 I .apps.wellbeing: AssetManager2(0xb40000721b843698) locale list changing from [] to [en-US]
08-28 18:49:51.466 16353 16570 I .apps.wellbeing: AssetManager2(0xb40000721b841758) locale list changing from [] to [en-US]
08-28 18:49:51.469 16353 16570 I .apps.wellbeing: AssetManager2(0xb40000721b83e558) locale list changing from [] to [en-US]
08-28 18:49:51.491 16353 16570 I .apps.wellbeing: AssetManager2(0xb40000721b83fb38) locale list changing from [] to [en-US]
08-28 18:49:51.498  3291 16520 D RingtonePlayer: onCompletion() abandoning AudioFocus
08-28 18:49:51.499  2387  3893 I MediaFocusControl: abandonAudioFocus() from uid/pid 10555/3291 clientId=android.media.AudioManager@60afb4d callingPack=com.android.systemui
08-28 18:49:51.499  3291 16520 D RingtonePlayer: onCompletion queue size=0
08-28 18:49:51.499  3291 16520 D RingtonePlayer: in onCompletion quitting looper Looper (Thread-17, tid 183) {68598fd}
08-28 18:49:51.499  3291 16520 I NotificationPlayer: About to release MediaPlayer piid:487 due to onCompletion
08-28 18:49:51.500  3291 16520 V MediaPlayer: resetDrmState:  mDrmInfo=null mDrmProvisioningThread=null mPrepareDrmInProgress=false mActiveDrmScheme=false
08-28 18:49:51.500  3291 16520 V MediaPlayer: cleanDrmObj: mDrmObj=null mDrmSessionId=null
08-28 18:49:51.500  2119  2232 D NuPlayerDriver: reset(0xeff81f50) at state 6
08-28 18:49:51.508  2119 16650 I hw-BpHwBinder: onLastStrongRef automatically unlinking death recipients
08-28 18:49:51.508  2156  2701 I hw-BpHwBinder: onLastStrongRef automatically unlinking death recipients
08-28 18:49:51.510  2156  2701 D BufferPoolAccessor2.0: Destruction - bufferpool2 0xb40000788ae1fe48 cached: 0/0M, 0/0% in use; allocs: 0, 0% recycled; transfers: 0, 0% unfetched
08-28 18:49:51.513  2117 19600 E statsd_codec: Failed to write codec metrics to statsd (-2)
08-28 18:49:51.514  2119 16551 D NuPlayerDriver: notifyResetComplete(0xeff81f50)
08-28 18:49:51.516  2119  2232 W AMessage: failed to post message as target looper for handler 0 is gone.
08-28 18:49:51.524 16353 16570 I .apps.wellbeing: AssetManager2(0xb40000721b843cd8) locale list changing from [] to [en-US]
08-28 18:49:51.536  1491 25131 D ACDB-LOADER: ACDB -> send_audvoltable
08-28 18:49:51.536  1491 25131 D ACDB-LOADER: ACDB -> ACDB_CMD_GET_AUDPROC_INSTANCE_GAIN_DEP_STEP_TABLE_SIZE
08-28 18:49:51.536  1491 25131 D android.hardware.audio.service: Failed to fetch the lookup information of the device 0000000F 
08-28 18:49:51.536  1491 25131 D ACDB-LOADER: Error: ACDB_CMD_GET_AUDPROC_INSTANCE_GAIN_DEP_STEP_TABLE_SIZE Returned = -19
08-28 18:49:51.536  1491 25131 D ACDB-LOADER: ACDB -> ACDB_CMD_GET_AUDPROC_INSTANCE_GAIN_DEP_STEP_TABLE, vol index 0
08-28 18:49:51.536  1491 25131 D android.hardware.audio.service: Failed to fetch the lookup information of the device 0000000F 
08-28 18:49:51.536  1491 25131 D ACDB-LOADER: Error: ACDB AudProc vol returned = -19
08-28 18:49:51.536  1491 25131 D ACDB-LOADER: ACDB -> AUDIO_SET_VOL_CAL cal type = 40
08-28 18:49:51.537  1595  2147 W audioserver: Binder 0xb400007054949720 destroyed after setInheritRt before being parceled.
08-28 18:49:51.537  1595  2147 W audioserver: Binder 0xb400007054949720 destroyed after setMinSchedulerPolicy before being parceled.
08-28 18:49:51.544 16353 16570 I .apps.wellbeing: AssetManager2(0xb40000721b840df8) locale list changing from [] to [en-US]
08-28 18:49:51.548 16353 16570 I .apps.wellbeing: AssetManager2(0xb40000721b8439b8) locale list changing from [] to [en-US]
08-28 18:49:51.552 16353 16570 I .apps.wellbeing: AssetManager2(0xb40000721b843378) locale list changing from [] to [en-US]
08-28 18:49:51.555 16353 16570 I .apps.wellbeing: AssetManager2(0xb40000721b841438) locale list changing from [] to [en-US]
08-28 18:49:51.558 16353 16570 I .apps.wellbeing: AssetManager2(0xb40000721b83d8d8) locale list changing from [] to [en-US]
08-28 18:49:51.561 16353 16570 I .apps.wellbeing: AssetManager2(0xb40000721b8407b8) locale list changing from [] to [en-US]
08-28 18:49:51.563 16353 16570 I .apps.wellbeing: AssetManager2(0xb40000721b841118) locale list changing from [] to [en-US]
08-28 18:49:51.567 16353 16570 I .apps.wellbeing: AssetManager2(0xb40000721b83eeb8) locale list changing from [] to [en-US]
08-28 18:49:51.587 16353 16570 I .apps.wellbeing: AssetManager2(0xb40000721b8426f8) locale list changing from [] to [en-US]
08-28 18:49:51.595 16353 16570 I .apps.wellbeing: AssetManager2(0xb40000721b83c938) locale list changing from [] to [en-US]
08-28 18:49:51.600 16353 16570 I .apps.wellbeing: AssetManager2(0xb40000721b842a18) locale list changing from [] to [en-US]
08-28 18:49:51.604 16353 16570 I .apps.wellbeing: AssetManager2(0xb40000721b83e878) locale list changing from [] to [en-US]
08-28 18:49:51.618 16353 16570 I .apps.wellbeing: AssetManager2(0xb40000721b83cc58) locale list changing from [] to [en-US]
08-28 18:49:51.626 16353 16570 I .apps.wellbeing: AssetManager2(0xb40000721b83dbf8) locale list changing from [] to [en-US]
08-28 18:49:51.628 16353 16570 I .apps.wellbeing: AssetManager2(0xb40000721b846258) locale list changing from [] to [en-US]
08-28 18:49:51.630 16353 16570 I .apps.wellbeing: AssetManager2(0xb40000721b844638) locale list changing from [] to [en-US]
08-28 18:49:51.632 16353 16570 I .apps.wellbeing: AssetManager2(0xb40000721b84ad58) locale list changing from [] to [en-US]
08-28 18:49:51.636 16353 16570 I .apps.wellbeing: AssetManager2(0xb40000721b841d98) locale list changing from [] to [en-US]
08-28 18:49:51.639 16353 16570 I .apps.wellbeing: AssetManager2(0xb40000721b8452b8) locale list changing from [] to [en-US]
08-28 18:49:51.646 16353 16570 I .apps.wellbeing: AssetManager2(0xb40000721b844c78) locale list changing from [] to [en-US]
08-28 18:49:51.649 16353 16570 I .apps.wellbeing: AssetManager2(0xb40000721b845f38) locale list changing from [] to [en-US]
08-28 18:49:51.655 16353 16570 I .apps.wellbeing: AssetManager2(0xb40000721b8455d8) locale list changing from [] to [en-US]
08-28 18:49:51.680 16353 16570 I .apps.wellbeing: AssetManager2(0xb40000721b8471f8) locale list changing from [] to [en-US]
08-28 18:49:51.689 16353 16570 I .apps.wellbeing: AssetManager2(0xb40000721b84b078) locale list changing from [] to [en-US]
08-28 18:49:51.692 16353 16570 I .apps.wellbeing: AssetManager2(0xb40000721b847518) locale list changing from [] to [en-US]
08-28 18:49:51.700 16353 16570 I .apps.wellbeing: AssetManager2(0xb40000721b84bcf8) locale list changing from [] to [en-US]
08-28 18:49:51.707 16353 16570 I .apps.wellbeing: AssetManager2(0xb40000721b847e78) locale list changing from [] to [en-US]
08-28 18:49:51.729 16353 16570 I .apps.wellbeing: AssetManager2(0xb40000721b848198) locale list changing from [] to [en-US]
08-28 18:49:51.747 16353 16570 I .apps.wellbeing: AssetManager2(0xb40000721b846ed8) locale list changing from [] to [en-US]
08-28 18:49:51.752 16353 16570 I .apps.wellbeing: AssetManager2(0xb40000721b84a3f8) locale list changing from [] to [en-US]
08-28 18:49:51.756 16353 16570 I .apps.wellbeing: AssetManager2(0xb40000721b847838) locale list changing from [] to [en-US]
08-28 18:49:51.770 16353 16570 I .apps.wellbeing: AssetManager2(0xb40000721b84aa38) locale list changing from [] to [en-US]
08-28 18:49:51.785 16353 16570 I .apps.wellbeing: AssetManager2(0xb40000721b848af8) locale list changing from [] to [en-US]
08-28 18:49:51.798 16353 16570 I .apps.wellbeing: AssetManager2(0xb40000721b849458) locale list changing from [] to [en-US]
08-28 18:49:51.813 16353 16570 I .apps.wellbeing: AssetManager2(0xb40000721b8487d8) locale list changing from [] to [en-US]
08-28 18:49:51.817 16353 16570 I .apps.wellbeing: AssetManager2(0xb40000721b846898) locale list changing from [] to [en-US]
08-28 18:49:51.821 16353 16570 I .apps.wellbeing: AssetManager2(0xb40000721b849138) locale list changing from [] to [en-US]
08-28 18:49:51.825 16353 16570 I .apps.wellbeing: AssetManager2(0xb40000721b849a98) locale list changing from [] to [en-US]
08-28 18:49:51.827 16353 16570 I .apps.wellbeing: AssetManager2(0xb40000721b844958) locale list changing from [] to [en-US]
08-28 18:49:51.831 16353 16570 I .apps.wellbeing: AssetManager2(0xb40000721b84b6b8) locale list changing from [] to [en-US]
08-28 18:49:51.834 16353 16570 I .apps.wellbeing: AssetManager2(0xb40000721b849778) locale list changing from [] to [en-US]
08-28 18:49:51.839 16353 16570 I .apps.wellbeing: AssetManager2(0xb40000721b8484b8) locale list changing from [] to [en-US]
08-28 18:49:51.841 16353 16570 I .apps.wellbeing: AssetManager2(0xb40000721b8507f8) locale list changing from [] to [en-US]
08-28 18:49:51.852 16353 16570 I .apps.wellbeing: AssetManager2(0xb40000721b84c978) locale list changing from [] to [en-US]
08-28 18:49:51.855 16353 16570 I .apps.wellbeing: AssetManager2(0xb40000721b84e598) locale list changing from [] to [en-US]
08-28 18:49:51.869 16353 16570 I .apps.wellbeing: AssetManager2(0xb40000721b84f538) locale list changing from [] to [en-US]
08-28 18:49:51.876 16353 16570 I .apps.wellbeing: AssetManager2(0xb40000721b84d918) locale list changing from [] to [en-US]
08-28 18:49:51.881 16353 16570 I .apps.wellbeing: AssetManager2(0xb40000721b84ebd8) locale list changing from [] to [en-US]
08-28 18:49:51.885 16353 16570 I .apps.wellbeing: AssetManager2(0xb40000721b851dd8) locale list changing from [] to [en-US]
08-28 18:49:51.888 16353 16570 I .apps.wellbeing: AssetManager2(0xb40000721b8504d8) locale list changing from [] to [en-US]
08-28 18:49:51.890 16353 16570 I .apps.wellbeing: AssetManager2(0xb40000721b851158) locale list changing from [] to [en-US]
08-28 18:49:51.893 16353 16570 I .apps.wellbeing: AssetManager2(0xb40000721b8520f8) locale list changing from [] to [en-US]
08-28 18:49:51.896 16353 16570 I .apps.wellbeing: AssetManager2(0xb40000721b84d5f8) locale list changing from [] to [en-US]
08-28 18:49:51.899 16353 16570 I .apps.wellbeing: AssetManager2(0xb40000721b852418) locale list changing from [] to [en-US]
08-28 18:49:51.919 16353 16570 I .apps.wellbeing: AssetManager2(0xb40000721b853098) locale list changing from [] to [en-US]
08-28 18:49:51.924 16353 16570 I .apps.wellbeing: AssetManager2(0xb40000721b8501b8) locale list changing from [] to [en-US]
08-28 18:49:51.927 16353 16570 I .apps.wellbeing: AssetManager2(0xb40000721b84f858) locale list changing from [] to [en-US]
08-28 18:49:51.930 16353 16570 I .apps.wellbeing: AssetManager2(0xb40000721b84e8b8) locale list changing from [] to [en-US]
08-28 18:49:51.934 16353 16570 I .apps.wellbeing: AssetManager2(0xb40000721b84eef8) locale list changing from [] to [en-US]
08-28 18:49:51.940 16353 16570 I .apps.wellbeing: AssetManager2(0xb40000721b852a58) locale list changing from [] to [en-US]
08-28 18:49:51.944 16353 16570 I .apps.wellbeing: AssetManager2(0xb40000721b84cfb8) locale list changing from [] to [en-US]
08-28 18:49:51.947 16353 16570 I .apps.wellbeing: AssetManager2(0xb40000721b84dc38) locale list changing from [] to [en-US]
08-28 18:49:51.950 16353 16570 I .apps.wellbeing: AssetManager2(0xb40000721b84fb78) locale list changing from [] to [en-US]
08-28 18:49:51.953 16353 16570 I .apps.wellbeing: AssetManager2(0xb40000721b851478) locale list changing from [] to [en-US]
08-28 18:49:51.957  3583  4344 D SatelliteController: iisInCarrierRoamingNbIotNtn: satellite is disabled
08-28 18:49:51.958 16353 16570 I .apps.wellbeing: AssetManager2(0xb40000721b84c338) locale list changing from [] to [en-US]
08-28 18:49:51.965 16353 16570 I .apps.wellbeing: AssetManager2(0xb40000721b84e278) locale list changing from [] to [en-US]
08-28 18:49:51.972 16353 16570 I .apps.wellbeing: AssetManager2(0xb40000721b852d78) locale list changing from [] to [en-US]
08-28 18:49:51.976 16353 16570 I .apps.wellbeing: AssetManager2(0xb40000721b853d18) locale list changing from [] to [en-US]
08-28 18:49:51.984 16353 16570 I .apps.wellbeing: AssetManager2(0xb40000721b84cc98) locale list changing from [] to [en-US]
08-28 18:49:51.987 16353 16570 I .apps.wellbeing: AssetManager2(0xb40000721b84df58) locale list changing from [] to [en-US]
08-28 18:49:51.989 16353 16570 I .apps.wellbeing: AssetManager2(0xb40000721b850b18) locale list changing from [] to [en-US]
08-28 18:49:51.993 16353 16570 I .apps.wellbeing: AssetManager2(0xb40000721b84f218) locale list changing from [] to [en-US]
08-28 18:49:51.997 16353 16570 I .apps.wellbeing: AssetManager2(0xb40000721b8552f8) locale list changing from [] to [en-US]
08-28 18:49:52.006 16353 16570 I .apps.wellbeing: AssetManager2(0xb40000721b8539f8) locale list changing from [] to [en-US]
08-28 18:49:52.012 16353 16570 I .apps.wellbeing: AssetManager2(0xb40000721b8565b8) locale list changing from [] to [en-US]
08-28 18:49:52.014 16353 16570 I .apps.wellbeing: AssetManager2(0xb40000721b854fd8) locale list changing from [] to [en-US]
08-28 18:49:52.017 16353 16570 I .apps.wellbeing: AssetManager2(0xb40000721b8568d8) locale list changing from [] to [en-US]
08-28 18:49:52.020 16353 16570 I .apps.wellbeing: AssetManager2(0xb40000721b855f78) locale list changing from [] to [en-US]
08-28 18:49:52.030 16353 16570 I .apps.wellbeing: AssetManager2(0xb40000721b854cb8) locale list changing from [] to [en-US]
08-28 18:49:52.034 16462 16462 D android.widget.GridLayout: horizontal constraints: x2-x0>=1373, x2-x1<=357, x1-x0<=122 are inconsistent; permanently removing: x2-x1<=357. 
08-28 18:49:52.035 16462 16462 D android.widget.GridLayout: horizontal constraints: x2-x0>=1373, x2-x1<=360, x1-x0<=122 are inconsistent; permanently removing: x2-x1<=360. 
08-28 18:49:52.036 16353 16570 I .apps.wellbeing: AssetManager2(0xb40000721b855618) locale list changing from [] to [en-US]
08-28 18:49:52.046 16353 16570 I .apps.wellbeing: AssetManager2(0xb40000721b855938) locale list changing from [] to [en-US]
08-28 18:49:52.053 16353 16570 I .apps.wellbeing: AssetManager2(0xb40000721b856bf8) locale list changing from [] to [en-US]
08-28 18:49:52.057 16353 16570 I .apps.wellbeing: AssetManager2(0xb40000721b854358) locale list changing from [] to [en-US]
08-28 18:49:52.069 16353 16570 I .apps.wellbeing: AssetManager2(0xb40000721b855c58) locale list changing from [] to [en-US]
08-28 18:49:52.088 16353 16570 I .apps.wellbeing: AssetManager2(0xb40000721b859178) locale list changing from [] to [en-US]
08-28 18:49:52.097 16353 16570 I .apps.wellbeing: AssetManager2(0xb40000721b85b6f8) locale list changing from [] to [en-US]
08-28 18:49:52.157  2387  3893 D CoreBackPreview: startBackNavigation currentTask=Task{66a424d #111 type=standard A=10631:ru.andr7e.deviceinfohw}, topRunningActivity=ActivityRecord{119481700 u0 ru.andr7e.deviceinfohw/.DeviceInfoActivity t111}, callbackInfo=OnBackInvokedCallbackInfo{mCallback=android.window.IOnBackInvokedCallback$Stub$Proxy@b4036f0, mPriority=0, mIsAnimationCallback=false, mOverrideBehavior=0}, currentFocus=Window{2720d39 u0 ru.andr7e.deviceinfohw/ru.andr7e.deviceinfohw.DeviceInfoActivity}
08-28 18:49:52.158  3291  3340 D ShellBackPreview: Received backNavigationInfo:BackNavigationInfo{mType=TYPE_CALLBACK (4), mOnBackNavigationDone=android.os.RemoteCallback@5793a01, mOnBackInvokedCallback=android.window.IOnBackInvokedCallback$Stub$Proxy@21030a6, mPrepareRemoteAnimation=false, mAnimationCallback=false, mCustomizeAnimationInfo=null}
08-28 18:49:52.182  2387  3893 I InputDispatcher: Channel [Gesture Monitor] edge-swipe is stealing input gesture for device 5 from [2720d39 ru.andr7e.deviceinfohw/ru.andr7e.deviceinfohw.DeviceInfoActivity, [Gesture Monitor] swipe-up, [Gesture Monitor] onehanded-touch]
08-28 18:49:52.196  2117 14751 W ServiceManagerCppClient: Waited one second for stats (is service started? Number of threads started in the threadpool: 17. Are binder threads started and available?)
08-28 18:49:52.198   682 16670 W libc    : Unable to set property "ctl.interface_start" to "aidl/stats": PROP_ERROR_HANDLE_CONTROL_MESSAGE (0x20)
08-28 18:49:52.198  2387  3412 W ServiceManagerCppClient: Waited one second for stats (is service started? Number of threads started in the threadpool: 32. Are binder threads started and available?)
08-28 18:49:52.199   682 16671 W libc    : Unable to set property "ctl.interface_start" to "aidl/stats": PROP_ERROR_HANDLE_CONTROL_MESSAGE (0x20)
08-28 18:49:52.200  1599  1692 W ServiceManagerCppClient: Waited one second for stats (is service started? Number of threads started in the threadpool: 6. Are binder threads started and available?)
08-28 18:49:52.201   682 16672 W libc    : Unable to set property "ctl.interface_start" to "aidl/stats": PROP_ERROR_HANDLE_CONTROL_MESSAGE (0x20)
08-28 18:49:52.203 16364 16364 I ContentProtectionServic: CP service destroyed
08-28 18:49:52.205  2387  2387 I RemoteContentProtectionService: Connection status for: ComponentInfo{com.google.android.odad/com.google.android.apps.miphone.odad.contentprotection.ContentProtectionService} changed to: disconnected
08-28 18:49:52.284  3291  3340 D ShellBackPreview: Finishing gesture with event action: 1
08-28 18:49:52.284  3291  3340 D ShellBackPreview: onGestureFinished() mTriggerBack == true
08-28 18:49:52.284  3291  3340 D ShellBackPreview: Trigger back without dispatching to animator.
08-28 18:49:52.284  3291  3340 D ShellBackPreview: BackAnimationController: finishBackNavigation()
08-28 18:49:52.284  2387  4189 D CoreBackPreview: onBackNavigationDone backType=4, triggerBack=true
08-28 18:49:52.285  5563  5563 I StylusModule: StylusModule.onUpdateToolType():805 Update tool type = 0
08-28 18:49:52.290  2156  2651 D BufferPoolAccessor2.0: bufferpool2 0xb40000788ae24f38 : 0(0 size) total buffers - 0(0 size) used buffers - 1/4 (recycle/alloc) - 3/4 (fetch/transfer)
08-28 18:49:52.290  2156  2651 D BufferPoolAccessor2.0: evictor expired: 1, evicted: 1
08-28 18:49:52.311 16462 16462 W 7e.deviceinfohw: type=1400 audit(0.0:39778): avc:  denied  { read } for  name="version" dev="proc" ino=4026532114 scontext=u:r:untrusted_app:s0:c119,c258,c512,c768 tcontext=u:object_r:proc_version:s0 tclass=file permissive=0 app=ru.andr7e.deviceinfohw
08-28 18:49:52.311 16462 16462 W 7e.deviceinfohw: type=1400 audit(0.0:39779): avc:  denied  { search } for  name="asound" dev="proc" ino=4026532090 scontext=u:r:untrusted_app:s0:c119,c258,c512,c768 tcontext=u:object_r:proc_asound:s0 tclass=dir permissive=0 app=ru.andr7e.deviceinfohw
08-28 18:49:52.820  5606  5822 I ecqc    : (REDACTED) appOpsListener %s %s
08-28 18:49:52.820  5606  5822 I ecqc    : (REDACTED) Ignoring irrelevant audio permission changes for package %s
08-28 18:49:53.098  9711 15388 I com.whatsapp: Explicit concurrent mark compact GC freed 2551KB AllocSpace bytes, 0(0B) LOS objects, 50% free, 12MB/25MB, paused 1.730ms,5.963ms total 232.659ms
08-28 18:49:53.197  2117 14751 W ServiceManagerCppClient: Waited one second for stats (is service started? Number of threads started in the threadpool: 17. Are binder threads started and available?)
08-28 18:49:53.199  2387  3412 W ServiceManagerCppClient: Waited one second for stats (is service started? Number of threads started in the threadpool: 32. Are binder threads started and available?)
08-28 18:49:53.199   682 16675 W libc    : Unable to set property "ctl.interface_start" to "aidl/stats": PROP_ERROR_HANDLE_CONTROL_MESSAGE (0x20)
08-28 18:49:53.200   682 16676 W libc    : Unable to set property "ctl.interface_start" to "aidl/stats": PROP_ERROR_HANDLE_CONTROL_MESSAGE (0x20)
08-28 18:49:53.201  1599  1692 W ServiceManagerCppClient: Waited one second for stats (is service started? Number of threads started in the threadpool: 6. Are binder threads started and available?)
08-28 18:49:53.202   682 16677 W libc    : Unable to set property "ctl.interface_start" to "aidl/stats": PROP_ERROR_HANDLE_CONTROL_MESSAGE (0x20)
08-28 18:49:53.582 13654 14175 E msys    : E[N MQTT]onConnectError(562)=>Connect Error: folly::AsyncSocketException: AsyncSocketException: connect failed, type = Socket not open, errno = 110 (Connection timed out)
08-28 18:49:53.586 13654 13941 W RealtimeClientManager: Channel state: MqttChannelState{mConnectionState=DISCONNECTED, mDisconnectionReason=null, mLastConnectionMs=2911773, mLastDisconnectMs=3017962}
08-28 18:49:53.850  1607  2079 D DisplayModeController: setDesiredMode 4630946736638489730 {mode={fps=60.00 Hz, modePtr={id=1, vsyncRate=60.00 Hz, peakRefreshRate=60.00 Hz}}, emitEvent=true, force=false}
08-28 18:49:53.854  1525  1925 I SDM     : HWDeviceDRM::UpdateMixerAttributes: Mixer WxH 1440x3200-1 for Peripheral
08-28 18:49:53.854  1525  1925 I SDM     : HWCDisplay::SubmitDisplayConfig: Active configuration changed to: 1
08-28 18:49:53.862  2205  3278 D libsensor-F2SNotifier: DisplayFreq2SlpiNotifier display_freq = 60
08-28 18:49:53.864  2387  2937 I DisplayDeviceRepository: Display device changed render timings: "Built-in Screen", renderFrameRate=60.000004, presentationDeadlineNanos=16666666, appVsyncOffsetNanos=1000000, frameRateOverrides=[]
08-28 18:49:53.865  2387  2935 D WindowManager: DeferredDisplayUpdater: partially applying DisplayInfo(1440 x 3200) immediately
08-28 18:49:53.866  1491 25131 D audio_hw_primary: adev_set_parameters: enter: screen_state=on
08-28 18:49:53.866  1491 25131 V msm8974_platform: platform_set_parameters: enter: screen_state=on
08-28 18:49:53.866  1491 25131 D msm8974_platform: platform_set_parameters: exit with code(0)
08-28 18:49:53.866  1491 25131 D sound_trigger_hw: handle_screen_status_change: screen on
08-28 18:49:53.866  1491 25131 D audio_hw_cspl_cal: cirrus_cal_setparameters: enter 0xeb500010
08-28 18:49:53.866  1491 25131 D audio_hw_primary: adev_set_parameters: exit with code(0)
08-28 18:49:53.967 16304 16354 I Finsky:background: [62] playLoggingServerUrl: https://play.googleapis.com/play/log
08-28 18:49:53.967 16304 16354 I Finsky:background: [62] playLoggingServerTimestampUrl: https://play.googleapis.com/play/log/timestamp
08-28 18:49:53.986  3998 15241 W GetConfigSnapshotOp: Succeeded but not registered: com.google.android.libraries.performance.primes#com.android.vending [CONTEXT service_id=51 ]
08-28 18:49:53.992  1607  1607 D DisplayModeController: setDesiredMode 4630946736638489730 {mode={fps=120.00 Hz, modePtr={id=0, vsyncRate=120.00 Hz, peakRefreshRate=120.00 Hz}}, emitEvent=true, force=false}
08-28 18:49:53.993  1525  1925 I SDM     : HWDeviceDRM::UpdateMixerAttributes: Mixer WxH 1440x3200-1 for Peripheral
08-28 18:49:53.993  1525  1925 I SDM     : HWCDisplay::SubmitDisplayConfig: Active configuration changed to: 0
08-28 18:49:53.997  2205  3278 D libsensor-F2SNotifier: DisplayFreq2SlpiNotifier display_freq = 120
08-28 18:49:54.012  2387  2937 I DisplayDeviceRepository: Display device changed render timings: "Built-in Screen", renderFrameRate=120.00001, presentationDeadlineNanos=13333333, appVsyncOffsetNanos=1000000, frameRateOverrides=[]
08-28 18:49:54.012  2387  2935 D WindowManager: DeferredDisplayUpdater: partially applying DisplayInfo(1440 x 3200) immediately
08-28 18:49:54.013  1491 25131 D audio_hw_primary: adev_set_parameters: enter: screen_state=on
08-28 18:49:54.013  1491 25131 V msm8974_platform: platform_set_parameters: enter: screen_state=on
08-28 18:49:54.013  1491 25131 D msm8974_platform: platform_set_parameters: exit with code(0)
08-28 18:49:54.013  1491 25131 D sound_trigger_hw: handle_screen_status_change: screen on
08-28 18:49:54.013  1491 25131 D audio_hw_cspl_cal: cirrus_cal_setparameters: enter 0xeb500010
08-28 18:49:54.014  1491 25131 D audio_hw_primary: adev_set_parameters: exit with code(0)
08-28 18:49:54.198  2117 14751 W ServiceManagerCppClient: Waited one second for stats (is service started? Number of threads started in the threadpool: 17. Are binder threads started and available?)
08-28 18:49:54.199  2387  3412 W ServiceManagerCppClient: Waited one second for stats (is service started? Number of threads started in the threadpool: 32. Are binder threads started and available?)
08-28 18:49:54.202   682 16684 W libc    : Unable to set property "ctl.interface_start" to "aidl/stats": PROP_ERROR_HANDLE_CONTROL_MESSAGE (0x20)
08-28 18:49:54.202   682 16685 W libc    : Unable to set property "ctl.interface_start" to "aidl/stats": PROP_ERROR_HANDLE_CONTROL_MESSAGE (0x20)
08-28 18:49:54.203  1599  1692 W ServiceManagerCppClient: Waited one second for stats (is service started? Number of threads started in the threadpool: 6. Are binder threads started and available?)
08-28 18:49:54.204   682 16686 W libc    : Unable to set property "ctl.interface_start" to "aidl/stats": PROP_ERROR_HANDLE_CONTROL_MESSAGE (0x20)
08-28 18:49:54.470  1491 25131 D audio_hw_primary: out_standby: enter: stream (0xe8ac0010) usecase(12: audio-ull-playback)
08-28 18:49:54.567  1491 25131 D audio_hw_primary: stop_output_stream: enter: usecase(12: audio-ull-playback)
08-28 18:49:54.567  1491 25131 V send_data_to_xlog: send_audio_bigdata_to_xlog
08-28 18:49:54.567  1491 25131 D audio_hw_primary: disable_audio_route: reset and update mixer path: audio-ull-playback speaker
08-28 18:49:54.569  1491 25131 D audio_hw_primary: [force reset] del audio-ull-playback speaker 1
08-28 18:49:54.569  1491 25131 D soundtrigger: audio_extn_sound_trigger_update_stream_status: uc_info->id 12 of type 0 for Event 2, with Raise=0
08-28 18:49:54.569  1491 25131 D soundtrigger: audio_extn_sound_trigger_update_stream_status: uc_info->id 12 of type 0 for Event 2, with Raise=0
08-28 18:49:54.569  1491 25131 D hardware_info: hw_info_append_hw_type : device_name = speaker
08-28 18:49:54.569  1491 25131 D audio_hw_primary: disable_snd_device: device ref cnt is 1[2]
08-28 18:49:54.569  1491 25131 D audio_hw_primary: disable_snd_device: snd_device(2: speaker)[SND_DEVICE_OUT_SPEAKER]
08-28 18:49:54.586 13654 13941 W RealtimeClientManager: Channel state: MqttChannelState{mConnectionState=CONNECTING, mDisconnectionReason=null, mLastConnectionMs=2911773, mLastDisconnectMs=3017962}
08-28 18:49:54.593  1491 25131 I soundtrigger: audio_extn_sound_trigger_update_device_status: device 0x2 of type 0 for Event 0, with Raise=0
08-28 18:49:54.593  1491 25131 D audio_hw_primary: stop_output_stream: exit: status(0)
08-28 18:49:54.593  1491 25131 D audio_hw_primary: out_standby: exit
08-28 18:49:54.709  5606  5822 I ecqc    : (REDACTED) appOpsListener %s %s
08-28 18:49:54.709  5606  5822 I ecqc    : (REDACTED) Ignoring irrelevant audio permission changes for package %s
08-28 18:49:54.818  3291  3291 W TouchableRegionManager: onHeadsUpPinnedModeChanged
08-28 18:49:55.199  2117 14751 W ServiceManagerCppClient: Waited one second for stats (is service started? Number of threads started in the threadpool: 17. Are binder threads started and available?)
08-28 18:49:55.200  2387  3412 W ServiceManagerCppClient: Waited one second for stats (is service started? Number of threads started in the threadpool: 32. Are binder threads started and available?)
08-28 18:49:55.203   682 16693 W libc    : Unable to set property "ctl.interface_start" to "aidl/stats": PROP_ERROR_HANDLE_CONTROL_MESSAGE (0x20)
08-28 18:49:55.203   682 16692 W libc    : Unable to set property "ctl.interface_start" to "aidl/stats": PROP_ERROR_HANDLE_CONTROL_MESSAGE (0x20)
08-28 18:49:55.204  1599  1692 W ServiceManagerCppClient: Waited one second for stats (is service started? Number of threads started in the threadpool: 6. Are binder threads started and available?)
08-28 18:49:55.206   682 16694 W libc    : Unable to set property "ctl.interface_start" to "aidl/stats": PROP_ERROR_HANDLE_CONTROL_MESSAGE (0x20)
08-28 18:49:55.320  3291  3291 W WindowOnBackDispatcher: sendCancelIfRunning: isInProgress=false callback=com.android.systemui.back.domain.interactor.BackActionInteractor$callback$2@7cc0da3
08-28 18:49:55.397  1607  1607 D DisplayModeController: setDesiredMode 4630946736638489730 {mode={fps=60.00 Hz, modePtr={id=1, vsyncRate=60.00 Hz, peakRefreshRate=60.00 Hz}}, emitEvent=false, force=false}
08-28 18:49:55.398  1525  1925 I SDM     : HWDeviceDRM::UpdateMixerAttributes: Mixer WxH 1440x3200-1 for Peripheral
08-28 18:49:55.398  1525  1925 I SDM     : HWCDisplay::SubmitDisplayConfig: Active configuration changed to: 1
08-28 18:49:55.424  2205  3278 D libsensor-F2SNotifier: DisplayFreq2SlpiNotifier display_freq = 60
08-28 18:49:55.772  2387  6611 D CoreBackPreview: startBackNavigation currentTask=Task{66a424d #111 type=standard A=10631:ru.andr7e.deviceinfohw}, topRunningActivity=ActivityRecord{119481700 u0 ru.andr7e.deviceinfohw/.DeviceInfoActivity t111}, callbackInfo=OnBackInvokedCallbackInfo{mCallback=android.window.IOnBackInvokedCallback$Stub$Proxy@b4036f0, mPriority=0, mIsAnimationCallback=false, mOverrideBehavior=0}, currentFocus=Window{2720d39 u0 ru.andr7e.deviceinfohw/ru.andr7e.deviceinfohw.DeviceInfoActivity}
08-28 18:49:55.773  3291  3340 D ShellBackPreview: Received backNavigationInfo:BackNavigationInfo{mType=TYPE_CALLBACK (4), mOnBackNavigationDone=android.os.RemoteCallback@aa68e12, mOnBackInvokedCallback=android.window.IOnBackInvokedCallback$Stub$Proxy@c2029e3, mPrepareRemoteAnimation=false, mAnimationCallback=false, mCustomizeAnimationInfo=null}
08-28 18:49:55.774  2387  6611 I InputDispatcher: Channel [Gesture Monitor] edge-swipe is stealing input gesture for device 5 from [2720d39 ru.andr7e.deviceinfohw/ru.andr7e.deviceinfohw.DeviceInfoActivity, [Gesture Monitor] swipe-up, [Gesture Monitor] onehanded-touch]
08-28 18:49:55.801  1607  1607 D DisplayModeController: setDesiredMode 4630946736638489730 {mode={fps=120.00 Hz, modePtr={id=0, vsyncRate=120.00 Hz, peakRefreshRate=120.00 Hz}}, emitEvent=true, force=false}
08-28 18:49:55.802  1525  1925 I SDM     : HWDeviceDRM::UpdateMixerAttributes: Mixer WxH 1440x3200-1 for Peripheral
08-28 18:49:55.802  1525  1925 I SDM     : HWCDisplay::SubmitDisplayConfig: Active configuration changed to: 0
08-28 18:49:55.808  2205  3278 D libsensor-F2SNotifier: DisplayFreq2SlpiNotifier display_freq = 120
08-28 18:49:56.034  3291  3340 D ShellBackPreview: Finishing gesture with event action: 1
08-28 18:49:56.034  3291  3340 D ShellBackPreview: onGestureFinished() mTriggerBack == true
08-28 18:49:56.034  3291  3340 D ShellBackPreview: Trigger back without dispatching to animator.
08-28 18:49:56.034  3291  3340 D ShellBackPreview: BackAnimationController: finishBackNavigation()
08-28 18:49:56.034  2387  4189 D CoreBackPreview: onBackNavigationDone backType=4, triggerBack=true
08-28 18:49:56.037  5563  5563 I StylusModule: StylusModule.onUpdateToolType():805 Update tool type = 0
08-28 18:49:56.042  3291  3340 V WindowManagerShell: Transition requested (#213): android.os.BinderProxy@5df6a0c TransitionRequestInfo { type = CLOSE, triggerTask = TaskInfo{userId=0 taskId=111 effectiveUid=10631 displayId=0 isRunning=false baseIntent=Intent { flg=0x10000000 cmp=ru.andr7e.deviceinfohw/.MainActivity } baseActivity=null topActivity=null origActivity=null realActivity=ComponentInfo{ru.andr7e.deviceinfohw/ru.andr7e.deviceinfohw.MainActivity} numActivities=0 lastActiveTime=3013708 supportsMultiWindow=true resizeMode=1 isResizeable=true minWidth=-1 minHeight=-1 defaultMinSize=220 token=WCT{android.window.IWindowContainerToken$Stub$Proxy@3b7ff55} topActivityType=1 pictureInPictureParams=null shouldDockBigOverlays=false launchIntoPipHostTaskId=-1 lastParentTaskIdBeforePip=-1 displayCutoutSafeInsets=Rect(0, 0 - 0, 0) topActivityInfo=null launchCookies=[] positionInParent=Point(0, 0) parentTaskId=-1 isFocused=true isVisible=true isVisibleRequested=true isTopActivityNoDisplay=false isSleeping=false locusId=null displayAreaFeatureId=1 isTopActivityTransparent=false isActivityStackTransparent=true lastNonFullscreenBounds=Rect(373, 908 - 1068, 2348) capturedLink=null capturedLinkTimestamp=0 requestedVisibleTypes=-9 topActivityRequestOpenInBrowserEducationTimestamp=0 appCompatTaskInfo=AppCompatTaskInfo { topActivityInSizeCompat=false eligibleForLetterboxEducation= false isLetterboxEducationEnabled= false isLetterboxDoubleTapEnabled= false eligibleForUserAspectRatioButton= false topActivityBoundsLetterboxed= false isFromLetterboxDoubleTap= false topActivityLetterboxVerticalPosition= -1 topActivityLetterboxHorizontalPosition= -1 topActivityLetterboxWidth=-1 topActivityLetterboxHeight=-1 topActivityAppBounds=Rect(0, 0 - 0, 0) isUserFullscreenOverrideEnabled=false isSystemFullscreenOverrideEnabled=false hasMinAspectRatioOverride=false topActivityLetterboxBounds=null cameraCompatTaskInfo=CameraCompatTaskInfo { freeformCameraCompatMode=undefined}} topActivityMainWindowFrame=null}, pipChange = null, remoteTransition = null, displayChange = null, flags = 0, debugId = 213 }
08-28 18:49:56.047  2387  3238 D BackgroundInstallControlService: Package event received: 0
08-28 18:49:56.051  5563  5563 I AbstractSettingsActivity: AbstractSettingsActivity.onStart():121 Maybe update OEM display config because settings started
08-28 18:49:56.052  5563  5563 W PrimesLoggerHolder: ProcessImportanceForegroundSignalAdapter.onActivityStarted():58 Activity started with background importance
08-28 18:49:56.054  2387  3238 D BackgroundInstallControlService: Package event received: 0
08-28 18:49:56.054  2387  3238 D BackgroundInstallControlService: Package event received: 0
08-28 18:49:56.054  2387  3238 D BackgroundInstallControlService: Package event received: 0
08-28 18:49:56.059  5563  5563 I LatinVoiceInputPreferenceInitializer: LatinVoiceInputPreferenceInitializer.initializePreference():24 avt available = true [SDG]
08-28 18:49:56.059  5606  5822 I ecqc    : (REDACTED) appOpsListener %s %s
08-28 18:49:56.059  5563  5563 I SpeechEnhancementLogger: SpeechEnhancementLogger.logAtInfo():24 Speech enhancement is disabled because flag is disabled [SD]
08-28 18:49:56.059  5606  5822 I ecqc    : (REDACTED) Ignoring irrelevant audio permission changes for package %s
08-28 18:49:56.055  2387  2387 W android.bg: type=1400 audit(0.0:39780): avc:  denied  { read } for  name="661f16" dev="dm-41" ino=146483 scontext=u:r:system_server:s0 tcontext=u:object_r:system_data_root_file:s0 tclass=file permissive=0
08-28 18:49:56.055  2387  2387 W android.bg: type=1400 audit(0.0:39781): avc:  denied  { read } for  name="661f16" dev="dm-41" ino=146483 scontext=u:r:system_server:s0 tcontext=u:object_r:system_data_root_file:s0 tclass=file permissive=0
08-28 18:49:56.079  5563  5563 E putmethod.latin: Invalid resource ID 0x00000000.
08-28 18:49:56.079  5563  5563 E putmethod.latin: Invalid resource ID 0x00000000.
08-28 18:49:56.079  5563  5563 E putmethod.latin: Invalid resource ID 0x00000000.
08-28 18:49:56.079  5563  5563 E putmethod.latin: Invalid resource ID 0x00000000.
08-28 18:49:56.079  5563  5563 E putmethod.latin: Invalid resource ID 0x00000000.
08-28 18:49:56.079  5563  5563 E putmethod.latin: Invalid resource ID 0x00000000.
08-28 18:49:56.079  5563  5563 E putmethod.latin: Invalid resource ID 0x00000000.
08-28 18:49:56.079  5563  5563 E putmethod.latin: Invalid resource ID 0x00000000.
08-28 18:49:56.079  5563  5563 E putmethod.latin: Invalid resource ID 0x00000000.
08-28 18:49:56.079  5563  5563 E putmethod.latin: Invalid resource ID 0x00000000.
08-28 18:49:56.079  5563  5563 E putmethod.latin: Invalid resource ID 0x00000000.
08-28 18:49:56.080  5563  5563 E putmethod.latin: Invalid resource ID 0x00000000.
08-28 18:49:56.080  5563  5563 E putmethod.latin: Invalid resource ID 0x00000000.
08-28 18:49:56.080  5563  5563 E putmethod.latin: Invalid resource ID 0x00000000.
08-28 18:49:56.084  3291  3742 V WindowManagerShell: onTransitionReady(transaction=10252086945447)
08-28 18:49:56.085  3291  3340 V WindowManagerShell: onTransitionReady (#213) android.os.BinderProxy@5df6a0c: {id=213 t=CLOSE f=0x0 trk=0 r=[0@Point(0, 0)] c=[
08-28 18:49:56.085  3291  3340 V WindowManagerShell:         {m=TO_FRONT f=MOVE_TO_TOP leash=Surface(name=Task=110)/@0x5e1cd6a sb=Rect(0, 0 - 1440, 3200) eb=Rect(0, 0 - 1440, 3200) epz=Point(1440, 3200) d=0 taskParent=-1},
08-28 18:49:56.085  3291  3340 V WindowManagerShell:         {m=CLOSE f=NONE leash=Surface(name=Task=111)/@0x7b6f25b sb=Rect(0, 0 - 1440, 3200) eb=Rect(0, 0 - 1440, 3200) epz=Point(1440, 3200) d=0 taskParent=-1}
08-28 18:49:56.085  3291  3340 V WindowManagerShell:     ]}
08-28 18:49:56.085  3291  3340 V WindowManagerShell: Playing animation for (#213) android.os.BinderProxy@5df6a0c@0
08-28 18:49:56.085  3291  3340 V ShellRecents: RecentsTransitionHandler.startAnimation: no controller found
08-28 18:49:56.086  3291  3340 V WindowManagerShell: Transition doesn't have explicit remote, search filters for match for {id=213 t=CLOSE f=0x0 trk=0 r=[0@Point(0, 0)] c=[{m=TO_FRONT f=MOVE_TO_TOP leash=Surface(name=Task=110)/@0x5e1cd6a sb=Rect(0, 0 - 1440, 3200) eb=Rect(0, 0 - 1440, 3200) epz=Point(1440, 3200) d=0 taskParent=-1},{m=CLOSE f=NONE leash=Surface(name=Task=111)/@0x7b6f25b sb=Rect(0, 0 - 1440, 3200) eb=Rect(0, 0 - 1440, 3200) epz=Point(1440, 3200) d=0 taskParent=-1}]}
08-28 18:49:56.086  3291  3340 V WindowManagerShell:  Checking filter Pair{{types=[] flags=0x0] notFlags=0x0 checks=[{atype=undefined independent=true modes=[CLOSE,TO_BACK] flags=IN_TASK_WITH_EMBEDDED_ACTIVITY mustBeTask=false order=ANY topActivity=null launchCookie=null taskFragmentToken=android.os.BinderProxy@ee5c782 windowingMode=undefined}]} RemoteTransition { remoteTransition = android.window.IRemoteTransition$Stub$Proxy@b2bbe93, appThread = android.app.IApplicationThread$Stub$Proxy@e631ed0, debugName = overlayBackTransition }}
