08-28 18:25:01.335  4653  4653 W pool-4-thread-1: type=1400 audit(0.0:31232): avc:  denied  { read } for  name="regulator" dev="sysfs" ino=30321 scontext=u:r:untrusted_app:s0:c119,c258,c512,c768 tcontext=u:object_r:sysfs:s0 tclass=dir permissive=0 app=ru.andr7e.deviceinfohw
08-28 18:25:01.342  4653  4653 I Q       : SCALER_STREAM_CONFIGURATION_MAP ok
08-28 18:25:01.343  2107 19629 I AttributionAndPermissionUtils: checkPermission (forDataDelivery 0 startDataDelivery 0): Permission hard denied for client attribution [uid 10631, pid 4653, packageName "<unknown>"]
08-28 18:25:01.344  4653  4653 I Q       : SCALER_STREAM_CONFIGURATION_MAP ok
08-28 18:25:01.345  2107 19629 I AttributionAndPermissionUtils: checkPermission (forDataDelivery 0 startDataDelivery 0): Permission hard denied for client attribution [uid 10631, pid 4653, packageName "<unknown>"]
08-28 18:25:01.346  4653  4653 I Q       : SCALER_STREAM_CONFIGURATION_MAP ok
08-28 18:25:01.348  2107 19629 I AttributionAndPermissionUtils: checkPermission (forDataDelivery 0 startDataDelivery 0): Permission hard denied for client attribution [uid 10631, pid 4653, packageName "<unknown>"]
08-28 18:25:01.348  4653  4653 I Q       : SCALER_STREAM_CONFIGURATION_MAP ok
08-28 18:25:01.349  3502  3502 D BaseDepthController: mSurface is null and mCurrentBlur is: 0
08-28 18:25:01.350  2107 19629 I AttributionAndPermissionUtils: checkPermission (forDataDelivery 0 startDataDelivery 0): Permission hard denied for client attribution [uid 10631, pid 4653, packageName "<unknown>"]
08-28 18:25:01.351  4653  4653 I Q       : SCALER_STREAM_CONFIGURATION_MAP ok
08-28 18:25:01.352  2107 19629 I AttributionAndPermissionUtils: checkPermission (forDataDelivery 0 startDataDelivery 0): Permission hard denied for client attribution [uid 10631, pid 4653, packageName "<unknown>"]
08-28 18:25:01.353  4653  4653 I Q       : SCALER_STREAM_CONFIGURATION_MAP ok
08-28 18:25:01.355  2107 19629 I AttributionAndPermissionUtils: checkPermission (forDataDelivery 0 startDataDelivery 0): Permission hard denied for client attribution [uid 10631, pid 4653, packageName "<unknown>"]
08-28 18:25:01.355  4653  4653 I Q       : SCALER_STREAM_CONFIGURATION_MAP ok
08-28 18:25:01.357  2107 19629 I AttributionAndPermissionUtils: checkPermission (forDataDelivery 0 startDataDelivery 0): Permission hard denied for client attribution [uid 10631, pid 4653, packageName "<unknown>"]
08-28 18:25:01.357  3502  3502 D BaseDepthController: mSurface is null and mCurrentBlur is: 0
08-28 18:25:01.357  4653  4653 I Q       : SCALER_STREAM_CONFIGURATION_MAP ok
08-28 18:25:01.359  2107 19629 I AttributionAndPermissionUtils: checkPermission (forDataDelivery 0 startDataDelivery 0): Permission hard denied for client attribution [uid 10631, pid 4653, packageName "<unknown>"]
08-28 18:25:01.360  4653  4653 I Q       : SCALER_STREAM_CONFIGURATION_MAP ok
08-28 18:25:01.361  2107 19629 I AttributionAndPermissionUtils: checkPermission (forDataDelivery 0 startDataDelivery 0): Permission hard denied for client attribution [uid 10631, pid 4653, packageName "<unknown>"]
08-28 18:25:01.362  4653  4653 I Q       : SCALER_STREAM_CONFIGURATION_MAP ok
08-28 18:25:01.363  2107 19629 I AttributionAndPermissionUtils: checkPermission (forDataDelivery 0 startDataDelivery 0): Permission hard denied for client attribution [uid 10631, pid 4653, packageName "<unknown>"]
08-28 18:25:01.363  4653  4653 I Q       : SCALER_STREAM_CONFIGURATION_MAP ok
08-28 18:25:01.364  2107 19629 I AttributionAndPermissionUtils: checkPermission (forDataDelivery 0 startDataDelivery 0): Permission hard denied for client attribution [uid 10631, pid 4653, packageName "<unknown>"]
08-28 18:25:01.365  4653  4653 I Q       : SCALER_STREAM_CONFIGURATION_MAP ok
08-28 18:25:01.365  3502  3502 D BaseDepthController: mSurface is null and mCurrentBlur is: 0
08-28 18:25:01.366  2107 19629 I AttributionAndPermissionUtils: checkPermission (forDataDelivery 0 startDataDelivery 0): Permission hard denied for client attribution [uid 10631, pid 4653, packageName "<unknown>"]
08-28 18:25:01.367  4653  4653 I Q       : SCALER_STREAM_CONFIGURATION_MAP ok
08-28 18:25:01.369  2107 19629 I AttributionAndPermissionUtils: checkPermission (forDataDelivery 0 startDataDelivery 0): Permission hard denied for client attribution [uid 10631, pid 4653, packageName "<unknown>"]
08-28 18:25:01.369  4653  4653 I Q       : SCALER_STREAM_CONFIGURATION_MAP ok
08-28 18:25:01.371  4653  4653 I Y       : camera2
08-28 18:25:01.373  3502  3502 D BaseDepthController: mSurface is null and mCurrentBlur is: 0
08-28 18:25:01.375  4653  4679 I LSPosed-Bridge: SimpleSpoofer: Spoofed ro.build.description = mustang_beta-user 16 BP41.250725.006 12701944 release-keys
08-28 18:25:01.377  2387  3238 D BackgroundInstallControlService: Package event received: 0
08-28 18:25:01.377  2387  3238 D BackgroundInstallControlService: Package event received: 0
08-28 18:25:01.379  4653  4653 I 7e.deviceinfohw: AssetManager2(0xb40000721b7d9298) locale list changing from [] to [en-US]
08-28 18:25:01.380  4653  4681 I AdrenoGLES-0: QUALCOMM build                   : 329cf4c2a7, I63533b1e29
08-28 18:25:01.380  4653  4681 I AdrenoGLES-0: Build Date                       : 01/31/23
08-28 18:25:01.380  4653  4681 I AdrenoGLES-0: OpenGL ES Shader Compiler Version: EV031.35.01.12
08-28 18:25:01.380  4653  4681 I AdrenoGLES-0: Local Branch                     : 
08-28 18:25:01.380  4653  4681 I AdrenoGLES-0: Remote Branch                    : refs/tags/AU_LINUX_ANDROID_LA.UM.9.14.11.00.00.571.148
08-28 18:25:01.380  4653  4681 I AdrenoGLES-0: Remote Branch                    : NONE
08-28 18:25:01.380  4653  4681 I AdrenoGLES-0: Reconstruct Branch               : NOTHING
08-28 18:25:01.380  4653  4681 I AdrenoGLES-0: Build Config                     : S P 10.0.7 AArch64
08-28 18:25:01.380  4653  4681 I AdrenoGLES-0: Driver Path                      : /vendor/lib64/egl/libGLESv2_adreno.so
08-28 18:25:01.381  4653  4653 I MainActivity: GLES Version: 196610
08-28 18:25:01.382  3502  3502 D BaseDepthController: mSurface is null and mCurrentBlur is: 0
08-28 18:25:01.385  4653  4681 I AdrenoGLES-0: PFP: 0x016dc094, ME: 0x00000000
08-28 18:25:01.387  4653  4653 I MainActivity: Device EGL Version: 1.0
08-28 18:25:01.388  4653  4653 I MainActivity: GLES Major version is: 3
08-28 18:25:01.390  3502  3502 D BaseDepthController: mSurface is null and mCurrentBlur is: 0
08-28 18:25:01.393  4653  4679 W ModemPowerProfile: getAverageBatteryDrainMaH called with unexpected key: 0x0, drain:SLEEP,RAT:DEFAULT
08-28 18:25:01.393  4653  4679 W ModemPowerProfile: getAverageBatteryDrainMaH called with unexpected key: 0x10000000, drain:IDLE,RAT:DEFAULT
08-28 18:25:01.393  4653  4679 W ModemPowerProfile: getAverageBatteryDrainMaH called with unexpected key: 0x20000000, drain:RX,RAT:DEFAULT
08-28 18:25:01.393  4653  4679 W ModemPowerProfile: getAverageBatteryDrainMaH called with unexpected key: 0x30000000, drain:TX,level:0,RAT:DEFAULT
08-28 18:25:01.393  4653  4679 W ModemPowerProfile: getAverageBatteryDrainMaH called with unexpected key: 0x31000000, drain:TX,level:1,RAT:DEFAULT
08-28 18:25:01.393  4653  4679 W ModemPowerProfile: getAverageBatteryDrainMaH called with unexpected key: 0x32000000, drain:TX,level:2,RAT:DEFAULT
08-28 18:25:01.393  4653  4679 W ModemPowerProfile: getAverageBatteryDrainMaH called with unexpected key: 0x33000000, drain:TX,level:3,RAT:DEFAULT
08-28 18:25:01.393  4653  4679 W ModemPowerProfile: getAverageBatteryDrainMaH called with unexpected key: 0x34000000, drain:TX,level:4,RAT:DEFAULT
08-28 18:25:01.393  4653  4653 I ContentCaptureHelper: Setting logging level to OFF
08-28 18:25:01.398  3502  3502 D BaseDepthController: mSurface is null and mCurrentBlur is: 0
08-28 18:25:01.407  3502  3502 D BaseDepthController: mSurface is null and mCurrentBlur is: 0
08-28 18:25:01.415  3502  3502 D BaseDepthController: mSurface is null and mCurrentBlur is: 0
08-28 18:25:01.418  4653  4681 I Gralloc4: Adding additional valid usage bits: 0x8202000
08-28 18:25:01.420  2387  3150 V GrammaticalInflectionUtils: AttributionSource: android.content.AttributionSource@2345c8c2 does not have READ_SYSTEM_GRAMMATICAL_GENDER permission.
08-28 18:25:01.423  3502  3502 D BaseDepthController: mSurface is null and mCurrentBlur is: 0
08-28 18:25:01.426  3291  3340 V WindowManagerShell: Transition requested (#152): android.os.BinderProxy@aeaa23a TransitionRequestInfo { type = OPEN, triggerTask = TaskInfo{userId=0 taskId=97 effectiveUid=10631 displayId=0 isRunning=true baseIntent=Intent { act=android.intent.action.MAIN cat=[android.intent.category.LAUNCHER] flg=0x10200000 pkg=ru.andr7e.deviceinfohw cmp=ru.andr7e.deviceinfohw/.MainActivity } baseActivity=ComponentInfo{ru.andr7e.deviceinfohw/ru.andr7e.deviceinfohw.MainActivity} topActivity=ComponentInfo{ru.andr7e.deviceinfohw/ru.andr7e.deviceinfohw.DeviceInfoActivity} origActivity=null realActivity=ComponentInfo{ru.andr7e.deviceinfohw/ru.andr7e.deviceinfohw.MainActivity} numActivities=2 lastActiveTime=1525802 supportsMultiWindow=true resizeMode=1 isResizeable=true minWidth=-1 minHeight=-1 defaultMinSize=220 token=WCT{android.window.IWindowContainerToken$Stub$Proxy@630eeeb} topActivityType=1 pictureInPictureParams=null shouldDockBigOverlays=false launchIntoPipHostTaskId=-1 lastParentTaskIdBeforePip=-1 displayCutoutSafeInsets=Rect(0, 0 - 0, 0) topActivityInfo=ActivityInfo{638448 ru.andr7e.deviceinfohw.DeviceInfoActivity} launchCookies=[android.os.BinderProxy@ce590e7] positionInParent=Point(0, 0) parentTaskId=-1 isFocused=true isVisible=true isVisibleRequested=true isTopActivityNoDisplay=false isSleeping=false locusId=null displayAreaFeatureId=1 isTopActivityTransparent=false isActivityStackTransparent=false lastNonFullscreenBounds=Rect(373, 908 - 1068, 2348) capturedLink=null capturedLinkTimestamp=0 requestedVisibleTypes=-9 topActivityRequestOpenInBrowserEducationTimestamp=0 appCompatTaskInfo=AppCompatTaskInfo { topActivityInSizeCompat=false eligibleForLetterboxEducation= false isLetterboxEducationEnabled= false isLetterboxDoubleTapEnabled= false eligibleForUserAspectRatioButton= false topActivityBoundsLetterboxed= false isFromLetterboxDoubleTap= false topActivityLetterboxVerticalPosition= -1 topActivityLetterboxHorizontalPosition= -1 topActivityLetterboxWidth=-1 topActivityLetterboxHeight=-1 topActivityAppBounds=Rect(0, 137 - 1440, 3120) isUserFullscreenOverrideEnabled=false isSystemFullscreenOverrideEnabled=false hasMinAspectRatioOverride=false topActivityLetterboxBounds=null cameraCompatTaskInfo=CameraCompatTaskInfo { freeformCameraCompatMode=inactive}} topActivityMainWindowFrame=null}, pipChange = null, remoteTransition = null, displayChange = null, flags = 0, debugId = 152 }
08-28 18:25:01.426  3291  3340 D ShellSplitScreen: logExit: no-op, mLoggerSessionId is null
08-28 18:25:01.426  2387  3150 I ActivityTaskManager: START u0 {xflg=0x4 cmp=ru.andr7e.deviceinfohw/.DeviceInfoActivity} with LAUNCH_MULTIPLE from uid 10631 (sr=56039151) (BAL_ALLOW_VISIBLE_WINDOW) result code=0
08-28 18:25:01.429  2387  3238 D BackgroundInstallControlService: Package event received: 0
08-28 18:25:01.432  3502  3502 D BaseDepthController: mSurface is null and mCurrentBlur is: 0
08-28 18:25:01.436  2387  3238 D BackgroundInstallControlService: Package event received: 0
08-28 18:25:01.436  2387  3238 D BackgroundInstallControlService: Package event received: 0
08-28 18:25:01.439  3291  3334 V WindowManagerShell: onTransitionReady(transaction=10252086943009)
08-28 18:25:01.440  2387  2934 V WindowManager: Sent Transition (#152) createdAt=08-28 18:25:01.421 via request=TransitionRequestInfo { type = OPEN, triggerTask = TaskInfo{userId=0 taskId=97 effectiveUid=10631 displayId=0 isRunning=true baseIntent=Intent { act=android.intent.action.MAIN cat=[android.intent.category.LAUNCHER] flg=0x10200000 pkg=ru.andr7e.deviceinfohw cmp=ru.andr7e.deviceinfohw/.MainActivity } baseActivity=ComponentInfo{ru.andr7e.deviceinfohw/ru.andr7e.deviceinfohw.MainActivity} topActivity=ComponentInfo{ru.andr7e.deviceinfohw/ru.andr7e.deviceinfohw.DeviceInfoActivity} origActivity=null realActivity=ComponentInfo{ru.andr7e.deviceinfohw/ru.andr7e.deviceinfohw.MainActivity} numActivities=2 lastActiveTime=1525802 supportsMultiWindow=true resizeMode=1 isResizeable=true minWidth=-1 minHeight=-1 defaultMinSize=220 token=WCT{RemoteToken{b41f883 Task{ebc5fc #97 type=standard A=10631:ru.andr7e.deviceinfohw}}} topActivityType=1 pictureInPictureParams=null shouldDockBigOverlays=false launchIntoPipHostTaskId=-1 lastParentTaskIdBeforePip=-1 displayCutoutSafeInsets=Rect(0, 0 - 0, 0) topActivityInfo=ActivityInfo{97d4289 ru.andr7e.deviceinfohw.DeviceInfoActivity} launchCookies=[android.os.BinderProxy@a4fd239] positionInParent=Point(0, 0) parentTaskId=-1 isFocused=true isVisible=true isVisibleRequested=true isTopActivityNoDisplay=false isSleeping=false locusId=null displayAreaFeatureId=1 isTopActivityTransparent=false isActivityStackTransparent=false lastNonFullscreenBounds=Rect(373, 908 - 1068, 2348) capturedLink=null capturedLinkTimestamp=0 requestedVisibleTypes=-9 topActivityRequestOpenInBrowserEducationTimestamp=0 appCompatTaskInfo=AppCompatTaskInfo { topActivityInSizeCompat=false eligibleForLetterboxEducation= false isLetterboxEducationEnabled= false isLetterboxDoubleTapEnabled= false eligibleForUserAspectRatioButton= false topActivityBoundsLetterboxed= false isFromLetterboxDoubleTap= false topActivityLetterboxVerticalPosition= -1 topActivityLetterboxHorizontalPosition= -1 topActivityLetterboxWidth=-1 topActivityLetterboxHeight=-1 topActivityAppBounds=Rect(0, 137 - 1440, 3120) isUserFullscreenOverrideEnabled=false isSystemFullscreenOverrideEnabled=false hasMinAspectRatioOverride=false topActivityLetterboxBounds=null cameraCompatTaskInfo=CameraCompatTaskInfo { freeformCameraCompatMode=inactive}} topActivityMainWindowFrame=null}, pipChange = null, remoteTransition = null, displayChange = null, flags = 0, debugId = 152 }
08-28 18:25:01.440  2387  2934 V WindowManager:     startWCT=WindowContainerTransaction { changes= {} hops= [] errorCallbackToken=null taskFragmentOrganizer=null }
08-28 18:25:01.440  2387  2934 V WindowManager:     info={id=152 t=OPEN f=0x0 trk=0 r=[0@Point(0, 0)] c=[
08-28 18:25:01.440  2387  2934 V WindowManager:         {m=OPEN f=STARTING_WINDOW_TRANSFER|FILLS_TASK|IS_BEHIND_STARTING_WINDOW leash=Surface(name=ActivityRecord{4080106 u0 ru.andr7e.deviceinfohw/.DeviceInfoActivity)/@0xce4bc53 sb=Rect(0, 0 - 0, 0) eb=Rect(0, 0 - 1440, 3200) epz=Point(1440, 3200) d=-1->0 r=-1->0:-1 bc=fffafafa component=ru.andr7e.deviceinfohw/.DeviceInfoActivity},
08-28 18:25:01.440  2387  2934 V WindowManager:         {m=CLOSE f=FILLS_TASK|IS_BEHIND_STARTING_WINDOW|IS_OCCLUDED leash=Surface(name=ActivityRecord{56039151 u0 ru.andr7e.deviceinfohw/.MainActivity)/@0xd912442 sb=Rect(0, 0 - 1440, 3200) eb=Rect(0, 0 - 1440, 3200) epz=Point(1440, 3200) d=0 bc=fffafafa component=ru.andr7e.deviceinfohw/.MainActivity}
08-28 18:25:01.440  2387  2934 V WindowManager:     ]}
08-28 18:25:01.440  3291  3340 V WindowManagerShell: onTransitionReady (#152) android.os.BinderProxy@aeaa23a: {id=152 t=OPEN f=0x0 trk=0 r=[0@Point(0, 0)] c=[
08-28 18:25:01.440  3291  3340 V WindowManagerShell:         {m=OPEN f=STARTING_WINDOW_TRANSFER|FILLS_TASK|IS_BEHIND_STARTING_WINDOW leash=Surface(name=ActivityRecord{4080106 u0 ru.andr7e.deviceinfohw/.DeviceInfoActivity)/@0x45d72e1 sb=Rect(0, 0 - 0, 0) eb=Rect(0, 0 - 1440, 3200) epz=Point(1440, 3200) d=-1->0 r=-1->0:-1 bc=fffafafa component=ru.andr7e.deviceinfohw/.DeviceInfoActivity},
08-28 18:25:01.440  3291  3340 V WindowManagerShell:         {m=CLOSE f=FILLS_TASK|IS_BEHIND_STARTING_WINDOW|IS_OCCLUDED leash=Surface(name=ActivityRecord{56039151 u0 ru.andr7e.deviceinfohw/.MainActivity)/@0xfd0a806 sb=Rect(0, 0 - 1440, 3200) eb=Rect(0, 0 - 1440, 3200) epz=Point(1440, 3200) d=0 bc=fffafafa component=ru.andr7e.deviceinfohw/.MainActivity}
08-28 18:25:01.440  3291  3340 V WindowManagerShell:     ]}
08-28 18:25:01.440  3291  3340 V WindowManagerShell: Non-visible anim so abort: (#152) android.os.BinderProxy@aeaa23a@0
08-28 18:25:01.440  3291  3340 V WindowManagerShell: Transition was merged: (#152) android.os.BinderProxy@aeaa23a@0 into (#151) android.os.BinderProxy@528f1e8@0
08-28 18:25:01.441  4653  4653 D VRI[MainActivity]: visibilityChanged oldVisibility=true newVisibility=false
08-28 18:25:01.443  3502  3502 D BaseDepthController: mSurface is null and mCurrentBlur is: 0
08-28 18:25:01.447  4653  4653 I 7e.deviceinfohw: AssetManager2(0xb40000721b7df378) locale list changing from [] to [en-US]
08-28 18:25:01.449  3502  3502 D BaseDepthController: mSurface is null and mCurrentBlur is: 0
08-28 18:25:01.454  2387  3008 D ConnectivityService: requestNetwork for uid/pid:10555/3291 asUid: 10631 activeRequest: null callbackRequest: 766 [NetworkRequest [ REQUEST id=767, [ Capabilities: INTERNET&NOT_RESTRICTED&TRUSTED&NOT_VCN_MANAGED&NOT_BANDWIDTH_CONSTRAINED Uid: 10631 RequestorUid: 10555 RequestorPkg: com.android.systemui UnderlyingNetworks: Null] ]] callback flags: 0 order: 2147483647 isUidTracked: false declaredMethods: AVAIL|BLK
08-28 18:25:01.456  2387  3178 D OemPaidWifiNetworkFactory: got request NetworkRequest [ REQUEST id=767, [ Capabilities: INTERNET&NOT_RESTRICTED&TRUSTED&NOT_VCN_MANAGED&NOT_BANDWIDTH_CONSTRAINED Uid: 10631 RequestorUid: 10555 RequestorPkg: com.android.systemui UnderlyingNetworks: Null] ]
08-28 18:25:01.456  2387  3178 D MultiInternetWifiNetworkFactory: got request NetworkRequest [ REQUEST id=767, [ Capabilities: INTERNET&NOT_RESTRICTED&TRUSTED&NOT_VCN_MANAGED&NOT_BANDWIDTH_CONSTRAINED Uid: 10631 RequestorUid: 10555 RequestorPkg: com.android.systemui UnderlyingNetworks: Null] ]
08-28 18:25:01.456  2387  3185 D ConnectivityService: NetReassign [767 : null  100] [c 0] [a 0] [i 2]
08-28 18:25:01.457  3502  3502 D BaseDepthController: mSurface is null and mCurrentBlur is: 0
08-28 18:25:01.457  2387  3178 D WifiNetworkFactory: got request NetworkRequest [ REQUEST id=767, [ Capabilities: INTERNET&NOT_RESTRICTED&TRUSTED&NOT_VCN_MANAGED&NOT_BANDWIDTH_CONSTRAINED Uid: 10631 RequestorUid: 10555 RequestorPkg: com.android.systemui UnderlyingNetworks: Null] ]
08-28 18:25:01.457  2387  3178 D UntrustedWifiNetworkFactory: got request NetworkRequest [ REQUEST id=767, [ Capabilities: INTERNET&NOT_RESTRICTED&TRUSTED&NOT_VCN_MANAGED&NOT_BANDWIDTH_CONSTRAINED Uid: 10631 RequestorUid: 10555 RequestorPkg: com.android.systemui UnderlyingNetworks: Null] ]
08-28 18:25:01.459  4653  4653 V Configuration: Updating configuration, locales updated from [en_US_#u-mu-celsius] to [en]
08-28 18:25:01.459  4653  4653 I 7e.deviceinfohw: AssetManager2(0xb40000721b7df378) locale list changing from [en-US] to [en]
08-28 18:25:01.465  3502  3502 D BaseDepthController: mSurface is null and mCurrentBlur is: 0
08-28 18:25:01.467  4653  4653 W TabLayout: MODE_SCROLLABLE + GRAVITY_FILL is not supported, GRAVITY_START will be used instead
08-28 18:25:01.473  3502  3502 D BaseDepthController: mSurface is null and mCurrentBlur is: 0
08-28 18:25:01.481  3502  3502 D BaseDepthController: mSurface is null and mCurrentBlur is: 0
08-28 18:25:01.488  4653  4653 I ContentCaptureHelper: Setting logging level to OFF
08-28 18:25:01.490  3502  3502 D BaseDepthController: mSurface is null and mCurrentBlur is: 0
08-28 18:25:01.498  3502  3502 D BaseDepthController: mSurface is null and mCurrentBlur is: 0
08-28 18:25:01.500  4653  4653 I LSPosed-Bridge: SimpleSpoofer: Spoofed ro.board.platform = mustang
08-28 18:25:01.506  3502  3502 D BaseDepthController: mSurface is null and mCurrentBlur is: 0
08-28 18:25:01.514  3502  3502 D BaseDepthController: mSurface is null and mCurrentBlur is: 0
08-28 18:25:01.523  3502  3502 D BaseDepthController: mSurface is null and mCurrentBlur is: 0
08-28 18:25:01.531  3502  3502 D BaseDepthController: mSurface is null and mCurrentBlur is: 0
08-28 18:25:01.540  3502  3502 D BaseDepthController: mSurface is null and mCurrentBlur is: 0
08-28 18:25:01.548  3502  3502 D BaseDepthController: mSurface is null and mCurrentBlur is: 0
08-28 18:25:01.556  3502  3502 D BaseDepthController: mSurface is null and mCurrentBlur is: 0
08-28 18:25:01.564  3502  3502 D BaseDepthController: mSurface is null and mCurrentBlur is: 0
08-28 18:25:01.571  2387  2934 I ActivityTaskManager: Displayed ru.andr7e.deviceinfohw/.DeviceInfoActivity for user 0: +471ms
08-28 18:25:01.573  3502  3502 D BaseDepthController: mSurface is null and mCurrentBlur is: 0
08-28 18:25:01.581  3502  3502 D BaseDepthController: mSurface is null and mCurrentBlur is: 0
08-28 18:25:01.589  3502  3502 D BaseDepthController: mSurface is null and mCurrentBlur is: 0
08-28 18:25:01.597  3502  3502 D BaseDepthController: mSurface is null and mCurrentBlur is: 0
08-28 18:25:01.606  3502  3502 D BaseDepthController: mSurface is null and mCurrentBlur is: 0
08-28 18:25:01.622  3502  3502 D BaseDepthController: mSurface is null and mCurrentBlur is: 0
08-28 18:25:01.631  3502  3502 D BaseDepthController: mSurface is null and mCurrentBlur is: 0
08-28 18:25:01.648  3502  3502 D BaseDepthController: mSurface is null and mCurrentBlur is: 0
08-28 18:25:01.649  3291  3340 V WindowManagerShell: Transition animation finished (aborted=false), notifying core (#151) android.os.BinderProxy@528f1e8@0
08-28 18:25:01.651  2387  2934 V WindowManager: Finish Transition (#151): created at 08-28 18:25:01.100 collect-started=0.068ms request-sent=5.286ms started=6.829ms ready=25.689ms sent=27.502ms commit=10.949ms finished=550.247ms
08-28 18:25:01.652  3502  3502 D VRI[NexusLauncherActivity]: visibilityChanged oldVisibility=true newVisibility=false
08-28 18:25:01.653  2387  2934 V WindowManager: Finish Transition (#152): created at 08-28 18:25:01.421 collect-started=0.088ms request-sent=4.66ms started=7.487ms ready=14.303ms sent=17.472ms commit=214.022ms finished=231.576ms
08-28 18:25:01.656  3502  3502 D NexusLauncherModelDelegate: notifySmartspaceEvent: SmartspaceTargetEvent{mSmartspaceTarget=null, mSmartspaceActionId='null', mEventType=7}
08-28 18:25:01.660  3291  3340 V WindowManagerShell: Track 0 became idle
08-28 18:25:01.660  3291  3340 V WindowManagerShell: All active transition animations finished
08-28 18:25:01.666  2387  3162 I ImeTracker: ru.andr7e.deviceinfohw:f979fa35: onRequestHide at ORIGIN_SERVER reason HIDE_UNSPECIFIED_WINDOW fromUser false
08-28 18:25:01.666  4653  4653 W WindowOnBackDispatcher: sendCancelIfRunning: isInProgress=false callback=android.view.ViewRootImpl$$ExternalSyntheticLambda13@4ba49a8
08-28 18:25:01.668  4653  4653 D ViewRootImpl: Skipping stats log for color mode
08-28 18:25:01.670  4653  4653 D InsetsController: hide(ime(), fromIme=false)
08-28 18:25:01.670  4653  4653 I ImeTracker: ru.andr7e.deviceinfohw:f979fa35: onCancelled at PHASE_CLIENT_ALREADY_HIDDEN
08-28 18:25:01.672  5563  5563 I GoogleInputMethodService: GoogleInputMethodService.onFinishInput():2054 
08-28 18:25:01.673  5563  5563 I Module  : DeviceLockedStatusModuleProvider$Module.updateDeviceLockedStatus():100 repeatCheckTimes = 0, locked = false
08-28 18:25:01.673  5563  5563 I GoogleInputMethodService: GoogleInputMethodService.onStartInput():1315 onStartInput(EditorInfo{EditorInfo{packageName=ru.andr7e.deviceinfohw, inputType=0, inputTypeString=NULL, enableLearning=false, autoCorrection=false, autoComplete=false, imeOptions=0, privateImeOptions=null, actionName=UNSPECIFIED, actionLabel=null, initialSelStart=-1, initialSelEnd=-1, initialCapsMode=0, label=null, fieldId=0, fieldName=null, extras=null, hintText=null, hintLocales=[]}}, false)
08-28 18:25:01.673  2387  3238 D BackgroundInstallControlService: Package event received: 0
08-28 18:25:01.674  5563  5563 I Module  : DeviceLockedStatusModuleProvider$Module.updateDeviceLockedStatus():100 repeatCheckTimes = 1, locked = false
08-28 18:25:01.675  3502  3502 D BaseDepthController: setSurface:
08-28 18:25:01.675  3502  3502 D BaseDepthController: 	mWaitingOnSurfaceValidity: false
08-28 18:25:01.675  3502  3502 D BaseDepthController: 	mBaseSurface: null
08-28 18:25:01.675  3502  3502 D BaseDepthController: mSurface is null and mCurrentBlur is: 0
08-28 18:25:01.676  2387  6611 I ImeTracker: system_server:8e8b29bd: onRequestHide at ORIGIN_SERVER reason IME_REQUESTED_CHANGED_LISTENER fromUser false
08-28 18:25:01.676  2387  2937 I ImeTracker: system_server:8e8b29bd: onCancelled at PHASE_SERVER_SHOULD_HIDE
08-28 18:25:01.676  3502  3502 D StateManager: goToState - fromState: Normal, toState: Normal, partial trace:
08-28 18:25:01.676  3502  3502 D StateManager: 	at com.android.launcher3.statemanager.StateManager.moveToRestState(go/retraceme 72a59688580715d19f0e415c69e80376c2f062d1648c80db6730905005a27c20:4)
08-28 18:25:01.676  3502  3502 D StateManager: 	at com.android.launcher3.statemanager.StateManager.moveToRestState(go/retraceme 72a59688580715d19f0e415c69e80376c2f062d1648c80db6730905005a27c20:1)
08-28 18:25:01.676  3502  3502 D StateManager: 	at com.android.launcher3.statemanager.StatefulActivity.onStop(go/retraceme 72a59688580715d19f0e415c69e80376c2f062d1648c80db6730905005a27c20:34)
08-28 18:25:01.676  3502  3502 D StatsLog: LAUNCHER_ONSTOP
08-28 18:25:01.681  3502  8464 D GmsPlayProvider: Forcefully shut down the binder channel
08-28 18:25:01.686  3502  3502 D StatsLog: LAUNCHER_GOOGLE_SEARCH_RESTORE_LIST_SIZE_AFTER_ACTIVITY_RESTART
08-28 18:25:01.691  2387  3238 D BackgroundInstallControlService: Package event received: 0
08-28 18:25:01.702  3502  3556 W System  : A resource failed to call release. 
08-28 18:25:01.705  3502  3556 W System  : A resource failed to call release. 
08-28 18:25:01.705  3502  3556 W System  : A resource failed to call release. 
08-28 18:25:01.705  3502  3556 W System  : A resource failed to call release. 
08-28 18:25:01.705  3502  3556 W System  : A resource failed to call release. 
08-28 18:25:01.881  1599  1692 W ServiceManagerCppClient: Waited one second for stats (is service started? Number of threads started in the threadpool: 6. Are binder threads started and available?)
08-28 18:25:01.881  2387  3412 W ServiceManagerCppClient: Waited one second for stats (is service started? Number of threads started in the threadpool: 32. Are binder threads started and available?)
08-28 18:25:01.883   682  4706 W libc    : Unable to set property "ctl.interface_start" to "aidl/stats": PROP_ERROR_HANDLE_CONTROL_MESSAGE (0x20)
08-28 18:25:01.883   682  4707 W libc    : Unable to set property "ctl.interface_start" to "aidl/stats": PROP_ERROR_HANDLE_CONTROL_MESSAGE (0x20)
08-28 18:25:02.023  3291  3389 W WindowOnBackDispatcher: sendCancelIfRunning: isInProgress=false callback=android.view.ViewRootImpl$$ExternalSyntheticLambda13@ed3cb71
08-28 18:25:02.140  2117 14751 W ServiceManagerCppClient: Waited one second for stats (is service started? Number of threads started in the threadpool: 17. Are binder threads started and available?)
08-28 18:25:02.142   682  4708 W libc    : Unable to set property "ctl.interface_start" to "aidl/stats": PROP_ERROR_HANDLE_CONTROL_MESSAGE (0x20)
08-28 18:25:02.188  3291  3327 W System  : A resource failed to call release. 
08-28 18:25:02.189  3291  3327 W System  : A resource failed to call release. 
08-28 18:25:02.189  3291  3327 W System  : A resource failed to call release. 
08-28 18:25:02.189  3291  3327 W System  : A resource failed to call release. 
08-28 18:25:02.190  3291  3327 W System  : A resource failed to call release. 
08-28 18:25:02.190  3291  3327 W System  : A resource failed to call release. 
08-28 18:25:02.190  3291  3327 W System  : A resource failed to call release. 
08-28 18:25:02.190  3291  3327 W System  : A resource failed to call release. 
08-28 18:25:02.190  3291  3327 W System  : A resource failed to call release. 
08-28 18:25:02.190  3291  3327 W System  : A resource failed to call release. 
08-28 18:25:02.190  3291  3327 W System  : A resource failed to call release. 
08-28 18:25:02.190  3291  3327 W System  : A resource failed to call release. 
08-28 18:25:02.211  2387  3185 D InetDiagMessage: Destroyed 0 sockets, proto=IPPROTO_TCP, family=AF_INET, states=14
08-28 18:25:02.213  2387  3185 D InetDiagMessage: Destroyed 0 sockets, proto=IPPROTO_TCP, family=AF_INET6, states=14
08-28 18:25:02.213  2387  3185 D InetDiagMessage: Destroyed live tcp sockets for uids={10640} in 4ms
08-28 18:25:02.214  2387  3185 D InetDiagMessage: Destroyed 0 sockets, proto=IPPROTO_TCP, family=AF_INET, states=14
08-28 18:25:02.215  2387  3185 D InetDiagMessage: Destroyed 0 sockets, proto=IPPROTO_TCP, family=AF_INET6, states=14
08-28 18:25:02.215  2387  3185 D InetDiagMessage: Destroyed live tcp sockets for uids={20640} in 2ms
08-28 18:25:02.356  2387  3185 D InetDiagMessage: Destroyed 1 sockets, proto=IPPROTO_TCP, family=AF_INET, states=14
08-28 18:25:02.357  2387  3185 D InetDiagMessage: Destroyed 0 sockets, proto=IPPROTO_TCP, family=AF_INET6, states=14
08-28 18:25:02.357  2387  3185 D InetDiagMessage: Destroyed live tcp sockets for uids={10612} in 3ms
08-28 18:25:02.358  2387  3185 D InetDiagMessage: Destroyed 0 sockets, proto=IPPROTO_TCP, family=AF_INET, states=14
08-28 18:25:02.359  2387  4189 D ConnectivityService: Returning BLOCKED NetworkInfo to uid=10612
08-28 18:25:02.360  2387  3185 D InetDiagMessage: Destroyed 0 sockets, proto=IPPROTO_TCP, family=AF_INET6, states=14
08-28 18:25:02.360  2387  3185 D InetDiagMessage: Destroyed live tcp sockets for uids={20612} in 3ms
08-28 18:25:02.435  2387  3185 D InetDiagMessage: Destroyed 2 sockets, proto=IPPROTO_TCP, family=AF_INET, states=14
08-28 18:25:02.436 32557 32724 E msys    : E[N MQTT]onConnectError(562)=>Connect Error: folly::AsyncSocketException: AsyncSocketException: connect failed, type = Socket not open, errno = 103 (Software caused connection abort)
08-28 18:25:02.436  2387  3185 D InetDiagMessage: Destroyed 0 sockets, proto=IPPROTO_TCP, family=AF_INET6, states=14
08-28 18:25:02.436  2387  3185 D InetDiagMessage: Destroyed live tcp sockets for uids={10628} in 3ms
08-28 18:25:02.437  2387  3185 D InetDiagMessage: Destroyed 0 sockets, proto=IPPROTO_TCP, family=AF_INET, states=14
08-28 18:25:02.438 32557 32670 W RealtimeClientManager: Channel state: MqttChannelState{mConnectionState=DISCONNECTED, mDisconnectionReason=null, mLastConnectionMs=0, mLastDisconnectMs=1526815}
08-28 18:25:02.439  2387  3185 D InetDiagMessage: Destroyed 0 sockets, proto=IPPROTO_TCP, family=AF_INET6, states=14
08-28 18:25:02.439  2387  3185 D InetDiagMessage: Destroyed live tcp sockets for uids={20628} in 2ms
08-28 18:25:02.624 32557 32711 E msys    : E[N mns]_OnDiskCacheGetData(561)=>Start post callback cache refresh DNS resolution
08-28 18:25:02.624 32557 32711 W LibevQuicAsyncUDPSocket.h: setTosOrTrafficClass not implemented in LibevQuicAsyncUDPSocket
08-28 18:25:02.630 32557 32711 E MvfstCallbacks.cpp: onConnectionSetupError: error=TransportError: Internal Error, Error on socket write Operation not permitted, 
08-28 18:25:02.630 32557 32711 E msys    : E[N mns]_LogError(205)=>Failed to resolve using system DNS resolver, getaddrinfo(): No address associated with hostname
08-28 18:25:02.630 32557 32711 E msys    : E[N mns]_OnDiskCacheGetData(561)=>Start post callback cache refresh DNS resolution
08-28 18:25:02.630 32557 32711 E msys    : E[N mns]_OnDiskCacheGetData(561)=>Start post callback cache refresh DNS resolution
08-28 18:25:02.633 32557 32711 E msys    : E[N mns]_LogError(205)=>Failed to resolve using system DNS resolver, getaddrinfo(): No address associated with hostname
08-28 18:25:02.633 32557 32711 E msys    : E[N mns]_LogError(205)=>Failed to resolve using system DNS resolver, getaddrinfo(): No address associated with hostname
08-28 18:25:02.882  1599  1692 W ServiceManagerCppClient: Waited one second for stats (is service started? Number of threads started in the threadpool: 6. Are binder threads started and available?)
08-28 18:25:02.882  2387  3412 W ServiceManagerCppClient: Waited one second for stats (is service started? Number of threads started in the threadpool: 32. Are binder threads started and available?)
08-28 18:25:02.884   682  4713 W libc    : Unable to set property "ctl.interface_start" to "aidl/stats": PROP_ERROR_HANDLE_CONTROL_MESSAGE (0x20)
08-28 18:25:02.884   682  4714 W libc    : Unable to set property "ctl.interface_start" to "aidl/stats": PROP_ERROR_HANDLE_CONTROL_MESSAGE (0x20)
08-28 18:25:03.141  2117 14751 W ServiceManagerCppClient: Waited one second for stats (is service started? Number of threads started in the threadpool: 17. Are binder threads started and available?)
08-28 18:25:03.143   682  4721 W libc    : Unable to set property "ctl.interface_start" to "aidl/stats": PROP_ERROR_HANDLE_CONTROL_MESSAGE (0x20)
08-28 18:25:03.335  3507  4215 I bt_shim_scanner: system/main/shim/le_scanning_manager.cc:147 Scan: in shim layer stopped
08-28 18:25:03.336  3507  3825 I bluetooth: system/gd/hci/le_address_manager.cc:278 unregister_client: Client unregistered
08-28 18:25:03.336  3507  3825 I bluetooth: system/gd/hci/le_address_manager.cc:293 unregister_client: Cancelled address rotation alarm
08-28 18:25:03.336  3507  4215 I bt_shim_scanner: system/main/shim/le_scanning_manager.cc:311 SetScanParameters: in shim layer, scannerId1m=1, scannerIdCoded=0
08-28 18:25:03.336  3507  4215 I bt_shim_scanner: system/main/shim/le_scanning_manager.cc:147 Scan: in shim layer started
08-28 18:25:03.336  1493  1493 D vendor.qti.bluetooth@1.0-ibs_handler: SerialClockVote: vote for UART CLK ON
08-28 18:25:03.337  1493  1493 D vendor.qti.bluetooth@1.0-wake_lock: Acquire wakelock is acquired 
08-28 18:25:03.337  1493  1493 I vendor.qti.bluetooth@1.0-ibs_handler: DeviceWakeUp: Writing IBS_WAKE_IND
08-28 18:25:03.337  1493  4137 I vendor.qti.bluetooth@1.0-ibs_handler: ProcessIbsCmd: Received IBS_WAKE_ACK: 0xFC
08-28 18:25:03.337  1493  4137 I vendor.qti.bluetooth@1.0-ibs_handler: ProcessIbsCmd: Signal wack_cond_
08-28 18:25:03.337  1493  1493 D vendor.qti.bluetooth@1.0-ibs_handler: DeviceWakeUp: Unblocked from waiting for FC, pthread_cond_timedwait ret = 0
08-28 18:25:03.338  3507  3825 I bluetooth: system/gd/hci/le_scanning_manager.cc:605 stop_scan: Scanning already stopped, return!
08-28 18:25:03.338  3507  3825 I bluetooth: system/gd/hci/le_address_manager.cc:576 GetNextPrivateAddressIntervalRange: client=LeAddressManager, nonwake=8m36s, wake=13m26s
08-28 18:25:03.338  3507  3825 I bluetooth: system/gd/hci/le_address_manager.cc:259 register_client: Scheduled address rotation for first client registered
08-28 18:25:03.338  3507  3825 I bluetooth: system/gd/hci/le_address_manager.cc:263 register_client: Client registered
08-28 18:25:03.338  1493  4137 I vendor.qti.bluetooth@1.0-ibs_handler: ProcessIbsCmd: Received IBS_WAKE_IND: 0xFD
08-28 18:25:03.338  1493  4137 I vendor.qti.bluetooth@1.0-ibs_handler: ProcessIbsCmd: Writing IBS_WAKE_ACK
08-28 18:25:03.381  1493  4137 I vendor.qti.bluetooth@1.0-ibs_handler: ProcessIbsCmd: Received IBS_SLEEP_IND: 0xFE
08-28 18:25:03.390  4653  4653 D android.widget.GridLayout: horizontal constraints: x2-x0>=1373, x2-x1<=357, x1-x0<=122 are inconsistent; permanently removing: x2-x1<=357. 
08-28 18:25:03.391  4653  4653 D android.widget.GridLayout: horizontal constraints: x2-x0>=1373, x2-x1<=360, x1-x0<=122 are inconsistent; permanently removing: x2-x1<=360. 
08-28 18:25:03.490  2387  6526 D CoreBackPreview: startBackNavigation currentTask=Task{ebc5fc #97 type=standard A=10631:ru.andr7e.deviceinfohw}, topRunningActivity=ActivityRecord{4080106 u0 ru.andr7e.deviceinfohw/.DeviceInfoActivity t97}, callbackInfo=OnBackInvokedCallbackInfo{mCallback=android.window.IOnBackInvokedCallback$Stub$Proxy@dcd4c8f, mPriority=0, mIsAnimationCallback=false, mOverrideBehavior=0}, currentFocus=Window{40f1aa8 u0 ru.andr7e.deviceinfohw/ru.andr7e.deviceinfohw.DeviceInfoActivity}
08-28 18:25:03.491  3291  3340 D ShellBackPreview: Received backNavigationInfo:BackNavigationInfo{mType=TYPE_CALLBACK (4), mOnBackNavigationDone=android.os.RemoteCallback@f27d99f, mOnBackInvokedCallback=android.window.IOnBackInvokedCallback$Stub$Proxy@8404aec, mPrepareRemoteAnimation=false, mAnimationCallback=false, mCustomizeAnimationInfo=null}
08-28 18:25:03.492  2387  6526 I InputDispatcher: Channel [Gesture Monitor] edge-swipe is stealing input gesture for device 5 from [40f1aa8 ru.andr7e.deviceinfohw/ru.andr7e.deviceinfohw.DeviceInfoActivity, [Gesture Monitor] swipe-up, [Gesture Monitor] onehanded-touch]
08-28 18:25:03.584  3291  3340 D ShellBackPreview: Finishing gesture with event action: 1
08-28 18:25:03.584  3291  3340 D ShellBackPreview: onGestureFinished() mTriggerBack == true
08-28 18:25:03.584  3291  3340 D ShellBackPreview: Trigger back without dispatching to animator.
08-28 18:25:03.584  3291  3340 D ShellBackPreview: BackAnimationController: finishBackNavigation()
08-28 18:25:03.585  2387  4189 D CoreBackPreview: onBackNavigationDone backType=4, triggerBack=true
08-28 18:25:03.585  5563  5563 I StylusModule: StylusModule.onUpdateToolType():805 Update tool type = 0
08-28 18:25:03.615  4653  4653 W 7e.deviceinfohw: type=1400 audit(0.0:31255): avc:  denied  { read } for  name="version" dev="proc" ino=4026532114 scontext=u:r:untrusted_app:s0:c119,c258,c512,c768 tcontext=u:object_r:proc_version:s0 tclass=file permissive=0 app=ru.andr7e.deviceinfohw
08-28 18:25:03.615  4653  4653 W 7e.deviceinfohw: type=1400 audit(0.0:31256): avc:  denied  { search } for  name="asound" dev="proc" ino=4026532090 scontext=u:r:untrusted_app:s0:c119,c258,c512,c768 tcontext=u:object_r:proc_asound:s0 tclass=dir permissive=0 app=ru.andr7e.deviceinfohw
08-28 18:25:03.883  1599  1692 W ServiceManagerCppClient: Waited one second for stats (is service started? Number of threads started in the threadpool: 6. Are binder threads started and available?)
08-28 18:25:03.884  2387  3412 W ServiceManagerCppClient: Waited one second for stats (is service started? Number of threads started in the threadpool: 32. Are binder threads started and available?)
08-28 18:25:03.885   682  4724 W libc    : Unable to set property "ctl.interface_start" to "aidl/stats": PROP_ERROR_HANDLE_CONTROL_MESSAGE (0x20)
08-28 18:25:03.885   682  4725 W libc    : Unable to set property "ctl.interface_start" to "aidl/stats": PROP_ERROR_HANDLE_CONTROL_MESSAGE (0x20)
08-28 18:25:04.142  2117 14751 W ServiceManagerCppClient: Waited one second for stats (is service started? Number of threads started in the threadpool: 17. Are binder threads started and available?)
08-28 18:25:04.144   682  4726 W libc    : Unable to set property "ctl.interface_start" to "aidl/stats": PROP_ERROR_HANDLE_CONTROL_MESSAGE (0x20)
08-28 18:25:04.185  2387  6526 D CoreBackPreview: startBackNavigation currentTask=Task{ebc5fc #97 type=standard A=10631:ru.andr7e.deviceinfohw}, topRunningActivity=ActivityRecord{4080106 u0 ru.andr7e.deviceinfohw/.DeviceInfoActivity t97}, callbackInfo=OnBackInvokedCallbackInfo{mCallback=android.window.IOnBackInvokedCallback$Stub$Proxy@dcd4c8f, mPriority=0, mIsAnimationCallback=false, mOverrideBehavior=0}, currentFocus=Window{40f1aa8 u0 ru.andr7e.deviceinfohw/ru.andr7e.deviceinfohw.DeviceInfoActivity}
08-28 18:25:04.185  3291  3340 D ShellBackPreview: Received backNavigationInfo:BackNavigationInfo{mType=TYPE_CALLBACK (4), mOnBackNavigationDone=android.os.RemoteCallback@c7ad131, mOnBackInvokedCallback=android.window.IOnBackInvokedCallback$Stub$Proxy@8ee3016, mPrepareRemoteAnimation=false, mAnimationCallback=false, mCustomizeAnimationInfo=null}
08-28 18:25:04.191  2387  6526 I InputDispatcher: Channel [Gesture Monitor] edge-swipe is stealing input gesture for device 5 from [40f1aa8 ru.andr7e.deviceinfohw/ru.andr7e.deviceinfohw.DeviceInfoActivity, [Gesture Monitor] swipe-up, [Gesture Monitor] onehanded-touch]
08-28 18:25:04.241  3291  3340 D ShellBackPreview: Finishing gesture with event action: 1
08-28 18:25:04.241  3291  3340 D ShellBackPreview: onGestureFinished() mTriggerBack == true
08-28 18:25:04.241  3291  3340 D ShellBackPreview: Trigger back without dispatching to animator.
08-28 18:25:04.241  3291  3340 D ShellBackPreview: BackAnimationController: finishBackNavigation()
08-28 18:25:04.241  2387  6526 D CoreBackPreview: onBackNavigationDone backType=4, triggerBack=true
08-28 18:25:04.241  5563  5563 I StylusModule: StylusModule.onUpdateToolType():805 Update tool type = 0
08-28 18:25:04.245  3291  3340 V WindowManagerShell: Transition requested (#153): android.os.BinderProxy@bc83c33 TransitionRequestInfo { type = CLOSE, triggerTask = TaskInfo{userId=0 taskId=97 effectiveUid=10631 displayId=0 isRunning=false baseIntent=Intent { act=android.intent.action.MAIN cat=[android.intent.category.LAUNCHER] flg=0x10200000 pkg=ru.andr7e.deviceinfohw cmp=ru.andr7e.deviceinfohw/.MainActivity } baseActivity=null topActivity=null origActivity=null realActivity=ComponentInfo{ru.andr7e.deviceinfohw/ru.andr7e.deviceinfohw.MainActivity} numActivities=0 lastActiveTime=1525810 supportsMultiWindow=true resizeMode=1 isResizeable=true minWidth=-1 minHeight=-1 defaultMinSize=220 token=WCT{android.window.IWindowContainerToken$Stub$Proxy@90b5bf0} topActivityType=1 pictureInPictureParams=null shouldDockBigOverlays=false launchIntoPipHostTaskId=-1 lastParentTaskIdBeforePip=-1 displayCutoutSafeInsets=Rect(0, 0 - 0, 0) topActivityInfo=null launchCookies=[android.os.BinderProxy@ce590e7] positionInParent=Point(0, 0) parentTaskId=-1 isFocused=true isVisible=true isVisibleRequested=true isTopActivityNoDisplay=false isSleeping=false locusId=null displayAreaFeatureId=1 isTopActivityTransparent=false isActivityStackTransparent=true lastNonFullscreenBounds=Rect(373, 908 - 1068, 2348) capturedLink=null capturedLinkTimestamp=0 requestedVisibleTypes=-9 topActivityRequestOpenInBrowserEducationTimestamp=0 appCompatTaskInfo=AppCompatTaskInfo { topActivityInSizeCompat=false eligibleForLetterboxEducation= false isLetterboxEducationEnabled= false isLetterboxDoubleTapEnabled= false eligibleForUserAspectRatioButton= false topActivityBoundsLetterboxed= false isFromLetterboxDoubleTap= false topActivityLetterboxVerticalPosition= -1 topActivityLetterboxHorizontalPosition= -1 topActivityLetterboxWidth=-1 topActivityLetterboxHeight=-1 topActivityAppBounds=Rect(0, 0 - 0, 0) isUserFullscreenOverrideEnabled=false isSystemFullscreenOverrideEnabled=false hasMinAspectRatioOverride=false topActivityLetterboxBounds=null cameraCompatTaskInfo=CameraCompatTaskInfo { freeformCameraCompatMode=undefined}} topActivityMainWindowFrame=null}, pipChange = null, remoteTransition = null, displayChange = null, flags = 0, debugId = 153 }
08-28 18:25:04.248  2387  3238 D BackgroundInstallControlService: Package event received: 0
08-28 18:25:04.254  2387  3238 D BackgroundInstallControlService: Package event received: 0
08-28 18:25:04.254  2387  3238 D BackgroundInstallControlService: Package event received: 0
08-28 18:25:04.257  3502  3502 D ViewRootImpl: Skipping stats log for color mode
08-28 18:25:04.259  3502  3502 D StatsLog: LAUNCHER_ONRESUME
08-28 18:25:04.260  3291  3340 D WindowManagerShell: setLauncherKeepClearAreaHeight: visible=true, height=643
08-28 18:25:04.261  3502  3502 D NexusLauncherModelDelegate: notifySmartspaceEvent: SmartspaceTargetEvent{mSmartspaceTarget=null, mSmartspaceActionId='null', mEventType=6}
08-28 18:25:04.264  3502  3635 D QuickstepModelDelegate: notifyAppTargetEvent action=1 launchLocation=workspace/1/[-1,-1]/[1,1]
08-28 18:25:04.268  3502  3502 D BaseDepthController: setSurface:
08-28 18:25:04.268  3502  3502 D BaseDepthController: 	mWaitingOnSurfaceValidity: false
08-28 18:25:04.268  3502  3502 D BaseDepthController: 	mBaseSurface: Surface(name=com.google.android.apps.nexuslauncher/com.google.android.apps.nexuslauncher.NexusLauncherActivity)/@0x7e74981
08-28 18:25:04.263  2387  2387 W android.bg: type=1400 audit(0.0:31257): avc:  denied  { read } for  name="661f16" dev="dm-41" ino=146483 scontext=u:r:system_server:s0 tcontext=u:object_r:system_data_root_file:s0 tclass=file permissive=0
08-28 18:25:04.271  3502  3502 I NotificationListener: Handling notification state refresh for com.whatsapp#0
08-28 18:25:04.271  3502  3502 I NotificationListener: Handling notification state refresh for com.google.android.apps.messaging#0
08-28 18:25:04.271  3502  3502 I NotificationListener: Handling notification state refresh for com.google.android.apps.messaging#0
08-28 18:25:04.271  3502  3502 I NotificationListener: Handling notification state refresh for org.telegram.messenger#0
08-28 18:25:04.263  2387  2387 W android.bg: type=1400 audit(0.0:31258): avc:  denied  { read } for  name="661f16" dev="dm-41" ino=146483 scontext=u:r:system_server:s0 tcontext=u:object_r:system_data_root_file:s0 tclass=file permissive=0
08-28 18:25:04.280  3291 25685 V WindowManagerShell: onTransitionReady(transaction=10252086943069)
08-28 18:25:04.280  3291  3340 V WindowManagerShell: onTransitionReady (#153) android.os.BinderProxy@bc83c33: {id=153 t=CLOSE f=0x0 trk=0 r=[0@Point(0, 0)] c=[
08-28 18:25:04.280  3291  3340 V WindowManagerShell:         {m=TO_FRONT f=SHOW_WALLPAPER|MOVE_TO_TOP leash=Surface(name=Task=1)/@0xb797569 sb=Rect(0, 0 - 1440, 3200) eb=Rect(0, 0 - 1440, 3200) epz=Point(1440, 3200) d=0 taskParent=-1},
08-28 18:25:04.280  3291  3340 V WindowManagerShell:         {m=CLOSE f=NONE leash=Surface(name=Task=97)/@0xcb32bee sb=Rect(0, 0 - 1440, 3200) eb=Rect(0, 0 - 1440, 3200) epz=Point(1440, 3200) d=0 taskParent=-1},
08-28 18:25:04.280  3291  3340 V WindowManagerShell:         {m=TO_FRONT f=IS_WALLPAPER leash=Surface(name=WallpaperWindowToken{8ac1210 showWhenLocked=false})/@0x7c0688f sb=Rect(0, 0 - 1440, 3200) eb=Rect(0, 0 - 1440, 3200) epz=Point(1440, 3200) d=0}
08-28 18:25:04.280  3291  3340 V WindowManagerShell:     ]}
08-28 18:25:04.281  3291  3340 V WindowManagerShell: Playing animation for (#153) android.os.BinderProxy@bc83c33@0
08-28 18:25:04.281  3291  3340 V ShellRecents: RecentsTransitionHandler.startAnimation: no controller found
08-28 18:25:04.281  3291  3340 V WindowManagerShell: Transition doesn't have explicit remote, search filters for match for {id=153 t=CLOSE f=0x0 trk=0 r=[0@Point(0, 0)] c=[{m=TO_FRONT f=SHOW_WALLPAPER|MOVE_TO_TOP leash=Surface(name=Task=1)/@0xb797569 sb=Rect(0, 0 - 1440, 3200) eb=Rect(0, 0 - 1440, 3200) epz=Point(1440, 3200) d=0 taskParent=-1},{m=CLOSE f=NONE leash=Surface(name=Task=97)/@0xcb32bee sb=Rect(0, 0 - 1440, 3200) eb=Rect(0, 0 - 1440, 3200) epz=Point(1440, 3200) d=0 taskParent=-1},{m=TO_FRONT f=IS_WALLPAPER leash=Surface(name=WallpaperWindowToken{8ac1210 showWhenLocked=false})/@0x7c0688f sb=Rect(0, 0 - 1440, 3200) eb=Rect(0, 0 - 1440, 3200) epz=Point(1440, 3200) d=0}]}
08-28 18:25:04.281  3291  3340 V WindowManagerShell:  Checking filter Pair{{types=[] flags=0x0] notFlags=0x0 checks=[{atype=undefined independent=true modes=[CLOSE,TO_BACK] flags=IN_TASK_WITH_EMBEDDED_ACTIVITY mustBeTask=false order=ANY topActivity=null launchCookie=null taskFragmentToken=android.os.BinderProxy@ee5c782 windowingMode=undefined}]} RemoteTransition { remoteTransition = android.window.IRemoteTransition$Stub$Proxy@b2bbe93, appThread = android.app.IApplicationThread$Stub$Proxy@e631ed0, debugName = overlayBackTransition }}
08-28 18:25:04.281  3291  3340 V WindowManagerShell:  Checking filter Pair{{types=[] flags=0x0] notFlags=0x0 checks=[{atype=dream independent=true modes=[OPEN,TO_FRONT] flags=NONE mustBeTask=false order=ANY topActivity=null launchCookie=null windowingMode=undefined},{atype=home independent=true modes=[CLOSE,TO_BACK] flags=NONE mustBeTask=false order=ANY topActivity=null launchCookie=null windowingMode=undefined}]} RemoteTransition { remoteTransition = android.window.IRemoteTransition$Stub$Proxy@877aec9, appThread = android.app.IApplicationThread$Stub$Proxy@aacd9ce, debugName = LauncherToDream }}
08-28 18:25:04.281  3291  3340 V WindowManagerShell:  Checking filter Pair{{types=[] flags=0x0] notFlags=0x100 checks=[{atype=home independent=true modes=[OPEN,TO_FRONT] flags=NONE mustBeTask=false order=TOP topActivity=ComponentInfo{com.google.android.apps.nexuslauncher/com.google.android.apps.nexuslauncher.NexusLauncherActivity} launchCookie=null windowingMode=undefined},{atype=standard independent=true modes=[CLOSE,TO_BACK] flags=NONE mustBeTask=false order=ANY topActivity=null launchCookie=null windowingMode=undefined},{NOT atype=undefined independent=true modes=[] flags=NONE mustBeTask=true order=ANY topActivity=null launchCookie=null customAnim=true windowingMode=undefined}]} RemoteTransition { remoteTransition = android.window.IRemoteTransition$Stub$Proxy@949b0ef, appThread = android.app.IApplicationThread$Stub$Proxy@2357fc, debugName = QuickstepLaunchHome }}
08-28 18:25:04.281  3291  3340 D RemoteTransitionHandler: Found filterPair{{types=[] flags=0x0] notFlags=0x100 checks=[{atype=home independent=true modes=[OPEN,TO_FRONT] flags=NONE mustBeTask=false order=TOP topActivity=ComponentInfo{com.google.android.apps.nexuslauncher/com.google.android.apps.nexuslauncher.NexusLauncherActivity} launchCookie=null windowingMode=undefined},{atype=standard independent=true modes=[CLOSE,TO_BACK] flags=NONE mustBeTask=false order=ANY topActivity=null launchCookie=null windowingMode=undefined},{NOT atype=undefined independent=true modes=[] flags=NONE mustBeTask=true order=ANY topActivity=null launchCookie=null customAnim=true windowingMode=undefined}]} RemoteTransition { remoteTransition = android.window.IRemoteTransition$Stub$Proxy@949b0ef, appThread = android.app.IApplicationThread$Stub$Proxy@2357fc, debugName = QuickstepLaunchHome }}
08-28 18:25:04.281  3291  3340 V WindowManagerShell:  Delegate animation for (#153) to RemoteTransition { remoteTransition = android.window.IRemoteTransition$Stub$Proxy@949b0ef, appThread = android.app.IApplicationThread$Stub$Proxy@2357fc, debugName = QuickstepLaunchHome }
