08-28 18:19:19.435  3291  3340 V WindowManagerShell: All active transition animations finished
08-28 18:19:19.436  2387  2934 V WindowManager: Finish Transition (#98): created at 08-28 18:19:19.291 collect-started=0.037ms request-sent=3.845ms started=5.451ms ready=5.426ms sent=138.499ms finished=140.936ms
08-28 18:19:19.436 29944 29975 D nativeloader: Load /data/app/~~JkojPFocwz71lxIg-Qq0FQ==/com.android.vending-DK_IRSKipekxV57vCB7IKw==/split_config.arm64_v8a.apk!/lib/arm64-v8a/libmappedcountercacheversionjni.so using class loader ns clns-9 (caller=/data/app/~~JkojPFocwz71lxIg-Qq0FQ==/com.android.vending-DK_IRSKipekxV57vCB7IKw==/base.apk): ok
08-28 18:19:19.442  6564  7277 I .apps.wellbeing: AssetManager2(0xb40000721b801338) locale list changing from [] to [en-US]
08-28 18:19:19.452 29944 29944 D CompatChangeReporter: Compat change id reported: 307233716; UID 10481; state: ENABLED
08-28 18:19:19.456 29944 29944 E ashmem  : Pinning is deprecated since Android Q. Please use trim or other methods.
08-28 18:19:19.461 29752 29930 I bhv     : BLL finished for package: com.kashi.caimanspoof, score: 6.0, verdict: NOT_HARMFUL
08-28 18:19:19.461 29752 29930 I bvs     : Finished new classification for package: com.kashi.caimanspoof, model: bll_1, verdict: NOT_HARMFUL, score: 6.0
08-28 18:19:19.463  6564  7277 I .apps.wellbeing: AssetManager2(0xb40000721b7fea98) locale list changing from [] to [en-US]
08-28 18:19:19.465 29944 29944 I Finsky:background: [2] Finished reading experiment flags from file [gyOOzU9R9Ur3NdyT821_mc6o-CZy56fZ9lV9CNK75rE] numFlags=2260.
08-28 18:19:19.466  2387  3651 I Telecom : CallAudioWatchdog: cleanupAttributeForSessions: removing session CommSess{uid=10555, created=Aug 28, 2025 6:19:19 PM, attr=, callId=none, duration=0}
08-28 18:19:19.468 29752 29930 I bgr     : Work finished, result: Result(successCount=1, failureCount=0), latency: PT0.237S
08-28 18:19:19.469  1491 29926 W audio_hw_primary: out_get_presentation_position: avail:1920 > kernel_buffer_size:1920 clamping!
08-28 18:19:19.470 29944 29944 I Finsky:background: [2] Finished reading experiment flags from file [W_rwDhtsbzrp2wwz3ueAvpGc6QmQLmi0yEbROEVpwsY] numFlags=2259.
08-28 18:19:19.471 29752 29981 I bhd     : Finished work type: HANDLE_PACKAGES_CHANGED, success: true, latency: PT0.241S
08-28 18:19:19.471 29752 29752 I WorkService: Stopping the work service
08-28 18:19:19.471  2387  6628 W ForegroundServiceTypeLoggerModule: FGS stop call for: 10463 has no types!
08-28 18:19:19.472  2387  2934 I ActivityTaskManager: Displayed ru.andr7e.deviceinfohw/.DeviceInfoActivity for user 0: +1s662ms
08-28 18:19:19.472 29752 29752 I WorkService: Work service moved out of the foreground
08-28 18:19:19.473  2387  3238 D BackgroundInstallControlService: Package event received: 0
08-28 18:19:19.473  2387  3238 D BackgroundInstallControlService: Package event received: 0
08-28 18:19:19.473 29752 29752 I WorkService: Work service destroyed
08-28 18:19:19.473 29752 29752 I bvy     : Stopping watchdog: work-service, completed in time
08-28 18:19:19.473  6564  7277 I .apps.wellbeing: AssetManager2(0xb40000721b8051b8) locale list changing from [] to [en-US]
08-28 18:19:19.475  1491  1491 W msm8974_platform: platform_send_gain_dep_cal: Voice call in progress .. ignore setting new cal
08-28 18:19:19.475  1491  1491 E volume_listener: check_and_set_gain_dep_cal: Failed to set gain dep cal level
08-28 18:19:19.475  1491 24238 W msm8974_platform: platform_send_gain_dep_cal: Voice call in progress .. ignore setting new cal
08-28 18:19:19.475  1491 24238 E volume_listener: check_and_set_gain_dep_cal: Failed to set gain dep cal level
08-28 18:19:19.476 29944 29944 I Finsky:background: [2] [BGP] Initializing crash detector...
08-28 18:19:19.476  1491 29926 W audio_hw_primary: out_get_presentation_position: avail:1920 > kernel_buffer_size:1920 clamping!
08-28 18:19:19.477  1595  2147 W audioserver: Binder 0xb40000705494a7c0 destroyed after setInheritRt before being parceled.
08-28 18:19:19.477  1595  2147 W audioserver: Binder 0xb40000705494a7c0 destroyed after setMinSchedulerPolicy before being parceled.
08-28 18:19:19.477  1491 25131 D audio_hw_primary: out_standby: enter: stream (0xe8aca7e0) usecase(33: audio-playback-voip)
08-28 18:19:19.482 29944 29944 I Finsky:background: [2] aets - Registering in memory receiver for android.intent.action.PACKAGE_ADDED and android.intent.action.PACKAGE_REMOVED
08-28 18:19:19.484   681   681 I lowmemorykiller: Kill 'com.android.chrome:privileged_process0' (19464), uid 10510, oom_score_adj 985 to free 89364kB rss, 59180kB swap; reason: low watermark is breached
08-28 18:19:19.485  6564  7277 I .apps.wellbeing: AssetManager2(0xb40000721b800cf8) locale list changing from [] to [en-US]
08-28 18:19:19.487  6564  7277 I .apps.wellbeing: AssetManager2(0xb40000721b7ee418) locale list changing from [] to [en-US]
08-28 18:19:19.489  6564  7277 I .apps.wellbeing: AssetManager2(0xb40000721b7e8c98) locale list changing from [] to [en-US]
08-28 18:19:19.490  6564  7277 I .apps.wellbeing: AssetManager2(0xb40000721b7e9918) locale list changing from [] to [en-US]
08-28 18:19:19.491  6564  7277 I .apps.wellbeing: AssetManager2(0xb40000721b801fb8) locale list changing from [] to [en-US]
08-28 18:19:19.492  6564  7277 I .apps.wellbeing: AssetManager2(0xb40000721b7ee0f8) locale list changing from [] to [en-US]
08-28 18:19:19.493  6564  7277 I .apps.wellbeing: AssetManager2(0xb40000721b7e7398) locale list changing from [] to [en-US]
08-28 18:19:19.493  1491 25131 D audio_hw_primary: stop_output_stream: enter: usecase(33: audio-playback-voip)
08-28 18:19:19.493  1491 25131 V send_data_to_xlog: send_audio_bigdata_to_xlog
08-28 18:19:19.493  1491 25131 D audio_hw_primary: disable_audio_route: reset and update mixer path: audio-playback-voip speaker
08-28 18:19:19.494  6564  7277 I .apps.wellbeing: AssetManager2(0xb40000721b7e95f8) locale list changing from [] to [en-US]
08-28 18:19:19.494 29944 29944 I Finsky:background: [2] This process start was not selected for Play memory metrics collection.
08-28 18:19:19.495  1491 25131 D audio_hw_primary: [force reset] del audio-playback-voip speaker 1
08-28 18:19:19.495  1491 25131 D soundtrigger: audio_extn_sound_trigger_update_stream_status: uc_info->id 33 of type 0 for Event 2, with Raise=0
08-28 18:19:19.495  1491 25131 D soundtrigger: audio_extn_sound_trigger_update_stream_status: uc_info->id 33 of type 0 for Event 2, with Raise=0
08-28 18:19:19.495  1491 25131 D hardware_info: hw_info_append_hw_type : device_name = voice-speaker-stereo
08-28 18:19:19.495  1491 25131 D audio_hw_primary: disable_snd_device: device ref cnt is 2[41]
08-28 18:19:19.495  1491 25131 D audio_hw_primary: stop_output_stream: select_devices at usecase(41: voicemmode1-call) after removing the usecase(33: audio-playback-voip)
08-28 18:19:19.495  1491 25131 D audio_hw_primary: select_devices for use case (voicemmode1-call in:214 out:41 device:0x2)
08-28 18:19:19.495  1491 25131 D msm8974_platform: platform_get_output_snd_device: enter: output devices(0x2)
08-28 18:19:19.495  1491 25131 D audio_hw_primary: stop_output_stream: exit: status(0)
08-28 18:19:19.495  1491 25131 D audio_hw_primary: out_standby: exit
08-28 18:19:19.495  6564  7277 I .apps.wellbeing: AssetManager2(0xb40000721b7eddd8) locale list changing from [] to [en-US]
08-28 18:19:19.497  6564  7277 I .apps.wellbeing: AssetManager2(0xb40000721b7ecb18) locale list changing from [] to [en-US]
08-28 18:19:19.501  6564  7277 I .apps.wellbeing: AssetManager2(0xb40000721b7ded38) locale list changing from [] to [en-US]
08-28 18:19:19.503  6564  7277 I .apps.wellbeing: AssetManager2(0xb40000721b7e79d8) locale list changing from [] to [en-US]
08-28 18:19:19.505 29944 29944 I Finsky:background: [2] aets - Received: android.intent.action.PACKAGE_ADDED, [KlDbtpFtM9w9wCizcLWac75NIbZ37oObuvEH9HyPPYU]
08-28 18:19:19.507  6564  7277 I .apps.wellbeing: AssetManager2(0xb40000721b7e9f58) locale list changing from [] to [en-US]
08-28 18:19:19.514  6564  7277 I .apps.wellbeing: AssetManager2(0xb40000721b7eb538) locale list changing from [] to [en-US]
08-28 18:19:19.516  6564  7277 I .apps.wellbeing: AssetManager2(0xb40000721b7ed158) locale list changing from [] to [en-US]
08-28 18:19:19.518  6564  7277 I .apps.wellbeing: AssetManager2(0xb40000721b7ea598) locale list changing from [] to [en-US]
08-28 18:19:19.519  6564  7277 I .apps.wellbeing: AssetManager2(0xb40000721b7fd4b8) locale list changing from [] to [en-US]
08-28 18:19:19.520  6564  7277 I .apps.wellbeing: AssetManager2(0xb40000721b7fc518) locale list changing from [] to [en-US]
08-28 18:19:19.528  6564  7277 I .apps.wellbeing: AssetManager2(0xb40000721b7e92d8) locale list changing from [] to [en-US]
08-28 18:19:19.530  2387  6628 I ActivityManager: Process com.android.chrome:privileged_process0 (pid 19464) has died: cch+5 CEM 
08-28 18:19:19.530  2387  6628 W ActivityManager: Scheduling restart of crashed service com.android.chrome/org.chromium.content.app.PrivilegedProcessService0 in 20000ms for connection
08-28 18:19:19.531  1317  1317 I Zygote  : Process 19464 exited due to signal 9 (Killed)
08-28 18:19:19.531  2387  2945 I libprocessgroup: Removed cgroup /sys/fs/cgroup/apps/uid_10510/pid_19464
08-28 18:19:19.532  6564  7277 I .apps.wellbeing: AssetManager2(0xb40000721b7f8378) locale list changing from [] to [en-US]
08-28 18:19:19.533 17820 17820 E chromium: [ERROR:content/browser/gpu/gpu_process_host.cc:959] GPU process exited unexpectedly: exit_code=0
08-28 18:19:19.533 17820 17820 W chromium: [WARNING:content/browser/gpu/gpu_process_host.cc:1400] The GPU process has crashed 1 time(s)
08-28 18:19:19.534  6564  7277 I .apps.wellbeing: AssetManager2(0xb40000721b7f8ff8) locale list changing from [] to [en-US]
08-28 18:19:19.536  6564  7277 I .apps.wellbeing: AssetManager2(0xb40000721b7f7d38) locale list changing from [] to [en-US]
08-28 18:19:19.539  6564  7277 I .apps.wellbeing: AssetManager2(0xb40000721b7f9638) locale list changing from [] to [en-US]
08-28 18:19:19.540  6564  7277 I .apps.wellbeing: AssetManager2(0xb40000721b7f6438) locale list changing from [] to [en-US]
08-28 18:19:19.541  6564  7277 I .apps.wellbeing: AssetManager2(0xb40000721b7fbed8) locale list changing from [] to [en-US]
08-28 18:19:19.548  6564  7277 I .apps.wellbeing: AssetManager2(0xb40000721b7f9318) locale list changing from [] to [en-US]
08-28 18:19:19.550  6564  7277 I .apps.wellbeing: AssetManager2(0xb40000721b7fa8f8) locale list changing from [] to [en-US]
08-28 18:19:19.552 29944 29990 W Settings: Setting download_manager_max_bytes_over_mobile has moved from android.provider.Settings.Secure to android.provider.Settings.Global.
08-28 18:19:19.555 29944 29990 I Finsky:background: [70] SettingNotFoundException, fall through to G.downloadBytesOverMobileMaximum
08-28 18:19:19.555 29944 29990 W Settings: Setting download_manager_recommended_max_bytes_over_mobile has moved from android.provider.Settings.Secure to android.provider.Settings.Global.
08-28 18:19:19.556  6564  7277 I .apps.wellbeing: AssetManager2(0xb40000721b7fa2b8) locale list changing from [] to [en-US]
08-28 18:19:19.556 29944 29990 I Finsky:background: [70] SettingNotFoundException, fall through to G.downloadBytesOverMobileRecommended
08-28 18:19:19.556 29944 29990 I Finsky:background: [70] registerListener
08-28 18:19:19.558 29944 29990 I Finsky:background: [70] DFS: Listener added for rce@9348b33
08-28 18:19:19.558  6564  7277 I .apps.wellbeing: AssetManager2(0xb40000721b7fbbb8) locale list changing from [] to [en-US]
08-28 18:19:19.558 29944 29990 I Finsky:background: [70] registerListener
08-28 18:19:19.558 29944 29990 I Finsky:background: [70] registerListener
08-28 18:19:19.558 29944 29990 I Finsky:background: [70] DFS: Listener added for aiwc@864a3fa
08-28 18:19:19.559  6564  7277 I .apps.wellbeing: AssetManager2(0xb40000721b7f9f98) locale list changing from [] to [en-US]
08-28 18:19:19.560  6564  7277 I .apps.wellbeing: AssetManager2(0xb40000721b7fcb58) locale list changing from [] to [en-US]
08-28 18:19:19.561  6564  7277 I .apps.wellbeing: AssetManager2(0xb40000721b856298) locale list changing from [] to [en-US]
08-28 18:19:19.564  6564  7277 I .apps.wellbeing: AssetManager2(0xb40000721b855618) locale list changing from [] to [en-US]
08-28 18:19:19.568 29944 29990 I Finsky:background: [70] IV2: found recoverable installs: []
08-28 18:19:19.570  2387  3238 D BackgroundInstallControlService: Package event received: 0
08-28 18:19:19.570  6564  7277 I .apps.wellbeing: AssetManager2(0xb40000721b855c58) locale list changing from [] to [en-US]
08-28 18:19:19.576  6564  7277 I .apps.wellbeing: AssetManager2(0xb40000721b7fd7d8) locale list changing from [] to [en-US]
08-28 18:19:19.579  6564  7277 I .apps.wellbeing: AssetManager2(0xb40000721b843ff8) locale list changing from [] to [en-US]
08-28 18:19:19.581  6564  7277 I .apps.wellbeing: AssetManager2(0xb40000721b7fac18) locale list changing from [] to [en-US]
08-28 18:19:19.585  6564  7277 I .apps.wellbeing: AssetManager2(0xb40000721b83fb38) locale list changing from [] to [en-US]
08-28 18:19:19.591  6564  7277 I .apps.wellbeing: AssetManager2(0xb40000721b85b6f8) locale list changing from [] to [en-US]
08-28 18:19:19.592  2387  6628 D ConnectivityService: requestNetwork for uid/pid:10481/29944 activeRequest: null callbackRequest: 701 [NetworkRequest [ REQUEST id=702, [ Capabilities: INTERNET&NOT_RESTRICTED&TRUSTED&NOT_VCN_MANAGED&NOT_BANDWIDTH_CONSTRAINED Uid: 10481 RequestorUid: 10481 RequestorPkg: com.android.vending UnderlyingNetworks: Null] ]] callback flags: 0 order: 2147483647 isUidTracked: false declaredMethods: AVAIL|LOST
08-28 18:19:19.594  6564  7277 I .apps.wellbeing: AssetManager2(0xb40000721b85d958) locale list changing from [] to [en-US]
08-28 18:19:19.595  2387  3178 D OemPaidWifiNetworkFactory: got request NetworkRequest [ REQUEST id=702, [ Capabilities: INTERNET&NOT_RESTRICTED&TRUSTED&NOT_VCN_MANAGED&NOT_BANDWIDTH_CONSTRAINED Uid: 10481 RequestorUid: 10481 RequestorPkg: com.android.vending UnderlyingNetworks: Null] ]
08-28 18:19:19.595  2387  3178 D MultiInternetWifiNetworkFactory: got request NetworkRequest [ REQUEST id=702, [ Capabilities: INTERNET&NOT_RESTRICTED&TRUSTED&NOT_VCN_MANAGED&NOT_BANDWIDTH_CONSTRAINED Uid: 10481 RequestorUid: 10481 RequestorPkg: com.android.vending UnderlyingNetworks: Null] ]
08-28 18:19:19.596 29944 29998 I Finsky:background: [78] IQ: Internet connection lost.
08-28 18:19:19.597  2387  3178 D WifiNetworkFactory: got request NetworkRequest [ REQUEST id=702, [ Capabilities: INTERNET&NOT_RESTRICTED&TRUSTED&NOT_VCN_MANAGED&NOT_BANDWIDTH_CONSTRAINED Uid: 10481 RequestorUid: 10481 RequestorPkg: com.android.vending UnderlyingNetworks: Null] ]
08-28 18:19:19.597  2387  3178 D UntrustedWifiNetworkFactory: got request NetworkRequest [ REQUEST id=702, [ Capabilities: INTERNET&NOT_RESTRICTED&TRUSTED&NOT_VCN_MANAGED&NOT_BANDWIDTH_CONSTRAINED Uid: 10481 RequestorUid: 10481 RequestorPkg: com.android.vending UnderlyingNetworks: Null] ]
08-28 18:19:19.597  2387  3185 D ConnectivityService: NetReassign [702 : null → 100] [c 1] [a 0] [i 4]
08-28 18:19:19.601 29944 29987 D HttpFlagsLoader: Not loading HTTP flags because they are disabled in the manifest
08-28 18:19:19.606 29944 29996 I Finsky:background: [76] IQ: Pruning inactive install requests
08-28 18:19:19.606 29944 29986 I Finsky:background: [66] RECEIVER_PACKAGE_MONITOR_BACKGROUND#logWorkEndAndFinishGoAsync: SUCCESS
08-28 18:19:19.606 29944 30002 I Finsky:background: [82] Wrote row to frosting DB: 3157
08-28 18:19:19.607 29944 30002 I Finsky:background: [82] Wrote row to frosting DB: 3158
08-28 18:19:19.610 29944 29996 I Finsky:background: [76] Resetting scheduler db
08-28 18:19:19.612  2387  3893 D ConnectivityService: requestNetwork for uid/pid:10481/29944 activeRequest: null callbackRequest: 703 [NetworkRequest [ REQUEST id=704, [ Capabilities: INTERNET&NOT_RESTRICTED&TRUSTED&NOT_VCN_MANAGED&NOT_BANDWIDTH_CONSTRAINED Uid: 10481 RequestorUid: 10481 RequestorPkg: com.android.vending UnderlyingNetworks: Null] ]] callback flags: 0 order: 2147483647 isUidTracked: false declaredMethods: AVAIL|LOST|NC|LP
08-28 18:19:19.615  2387  3178 D OemPaidWifiNetworkFactory: got request NetworkRequest [ REQUEST id=704, [ Capabilities: INTERNET&NOT_RESTRICTED&TRUSTED&NOT_VCN_MANAGED&NOT_BANDWIDTH_CONSTRAINED Uid: 10481 RequestorUid: 10481 RequestorPkg: com.android.vending UnderlyingNetworks: Null] ]
08-28 18:19:19.615  2387  3893 D CompatChangeReporter: Compat change id reported: 319212206; UID 10481; state: ENABLED
08-28 18:19:19.615  2387  3178 D MultiInternetWifiNetworkFactory: got request NetworkRequest [ REQUEST id=704, [ Capabilities: INTERNET&NOT_RESTRICTED&TRUSTED&NOT_VCN_MANAGED&NOT_BANDWIDTH_CONSTRAINED Uid: 10481 RequestorUid: 10481 RequestorPkg: com.android.vending UnderlyingNetworks: Null] ]
08-28 18:19:19.616 29944 29988 I Finsky:background: [68] SCH: Scheduling phonesky job Id: 3-918, CT: 1756396868065, Constraints: [{ L: 0, D: 86400000, C: CHARGING_REQUIRED, I: IDLE_REQUIRED, N: NET_ANY, B: BATTERY_ANY }]
08-28 18:19:19.617 29944 29988 I Finsky:background: [68] SCH: Scheduling phonesky job Id: 3-919, CT: 1756396868066, Constraints: [{ L: 0, D: 86400000, C: CHARGING_REQUIRED, I: IDLE_REQUIRED, N: NET_UNMETERED, B: BATTERY_ANY }]
08-28 18:19:19.617 29944 29988 I Finsky:background: [68] SCH: Scheduling phonesky job Id: 3-920, CT: 1756396868066, Constraints: [{ L: 0, D: 86400000, C: CHARGING_NONE, I: IDLE_REQUIRED, N: NET_UNMETERED, B: BATTERY_ANY }]
08-28 18:19:19.617 29944 29988 I Finsky:background: [68] SCH: Scheduling phonesky job Id: 3-921, CT: 1756396868066, Constraints: [{ L: 0, D: 86400000, C: CHARGING_REQUIRED, I: IDLE_NONE, N: NET_UNMETERED, B: BATTERY_ANY }]
08-28 18:19:19.617 29944 29988 I Finsky:background: [68] SCH: Scheduling phonesky job Id: 47-15, CT: 1756381381602, Constraints: [{ L: 3600000, D: 21531850, C: CHARGING_NONE, I: IDLE_REQUIRED, N: NET_NONE, B: BATTERY_ANY }]
08-28 18:19:19.618  2387  3185 D ConnectivityService: NetReassign [704 : null → 100] [c 0] [a 0] [i 5]
08-28 18:19:19.618 29944 29987 D nativeloader: Load /data/app/~~JkojPFocwz71lxIg-Qq0FQ==/com.android.vending-DK_IRSKipekxV57vCB7IKw==/split_config.arm64_v8a.apk!/lib/arm64-v8a/libcronet.140.0.7289.0.so using class loader ns clns-9 (caller=/data/app/~~JkojPFocwz71lxIg-Qq0FQ==/com.android.vending-DK_IRSKipekxV57vCB7IKw==/base.apk): ok
08-28 18:19:19.619  2387  3178 D WifiNetworkFactory: got request NetworkRequest [ REQUEST id=704, [ Capabilities: INTERNET&NOT_RESTRICTED&TRUSTED&NOT_VCN_MANAGED&NOT_BANDWIDTH_CONSTRAINED Uid: 10481 RequestorUid: 10481 RequestorPkg: com.android.vending UnderlyingNetworks: Null] ]
08-28 18:19:19.619  2387  3178 D UntrustedWifiNetworkFactory: got request NetworkRequest [ REQUEST id=704, [ Capabilities: INTERNET&NOT_RESTRICTED&TRUSTED&NOT_VCN_MANAGED&NOT_BANDWIDTH_CONSTRAINED Uid: 10481 RequestorUid: 10481 RequestorPkg: com.android.vending UnderlyingNetworks: Null] ]
08-28 18:19:19.622  2387  3185 D ConnectivityService: NetReassign [no changes] [c 0] [a 1] [i 3]
08-28 18:19:19.625 29944 29988 I Finsky:background: [68] SCH: Scheduling 0 system job(s)
08-28 18:19:19.627 29944 29987 I cn_CronetLibraryLoader: Cronet version: 140.0.7289.0, arch: aarch64
08-28 18:19:19.628 29944 30004 I Finsky:background: [84] SCH: Canceling job 3-918
08-28 18:19:19.629 29944 30004 I Finsky:background: [84] WM::SCH: Logging work end for 3-918
08-28 18:19:19.630 29944 29983 I Finsky:background: [63] SCH: no pending jobs to schedule.
08-28 18:19:19.634 29944 30004 I Finsky:background: [84] SCH: Canceling job 3-919
08-28 18:19:19.635 29944 30004 I Finsky:background: [84] WM::SCH: Logging work end for 3-919
08-28 18:19:19.637 29944 29985 I Finsky:background: [65] SCH: no pending jobs to schedule.
08-28 18:19:19.638 29944 30004 I Finsky:background: [84] SCH: Canceling job 3-920
08-28 18:19:19.638 29944 30004 I Finsky:background: [84] WM::SCH: Logging work end for 3-920
08-28 18:19:19.638 29944 29988 I Finsky:background: [68] SCH: no pending jobs to schedule.
08-28 18:19:19.640 29944 30004 I Finsky:background: [84] SCH: Canceling job 3-921
08-28 18:19:19.645 29944 29987 I Finsky:background: [67] Finished reading experiment flags from file [Se-xCc4LzNyh3UrKMIU2sUf-PUKz4oQEbpKZDMuaFno] numFlags=2250.
08-28 18:19:19.645 29944 30004 I Finsky:background: [84] WM::SCH: Logging work end for 3-921
08-28 18:19:19.645 29944 29983 I Finsky:background: [63] SCH: no pending jobs to schedule.
08-28 18:19:19.649  2387  6628 D CompatChangeReporter: Compat change id reported: 297989574; UID 10481; state: ENABLED
08-28 18:19:19.653 29944 29987 I Finsky:background: [67] Subscription detail: DataSubscriptionInfo{groupIdLevel1=FFFFFFFFFFFFFFFFFFFFFFFFFFFFFFFF, serviceProviderName=[j5aXOsb0HsmEknEfS7XXGX32_WLTIW9IiiaZaLDY3Qc], simCarrierId=1626}
08-28 18:19:19.655 29944 29944 I Finsky:background: [2] onSubscriptionsChanged
08-28 18:19:19.656  2117 14751 W ServiceManagerCppClient: Waited one second for stats (is service started? Number of threads started in the threadpool: 17. Are binder threads started and available?)
08-28 18:19:19.657 29944 29996 I Finsky:background: [76] IQ: Creating job 922, for (REQ_CHARGING, REQ_DEVICE_IDLE, REQ_GEARHEAD_PROJECTION_OFF, NETWORK=ANY, PROVISIONING_STATE=PROVISIONED, BACKUP_MANAGER_STATE=BACKUP_READY, AUTHENTICATION_REQUIRED, PROCESS_IMPORTANCE_THRESHOLD=125)
08-28 18:19:19.658   682 30018 W libc    : Unable to set property "ctl.interface_start" to "aidl/stats": PROP_ERROR_HANDLE_CONTROL_MESSAGE (0x20)
08-28 18:19:19.658 29944 29996 I Finsky:background: [76] IQ: Creating job 923, for (REQ_CHARGING, REQ_DEVICE_IDLE, REQ_GEARHEAD_PROJECTION_OFF, NETWORK=UNMETERED, PROVISIONING_STATE=PROVISIONED, BACKUP_MANAGER_STATE=BACKUP_READY, AUTHENTICATION_REQUIRED, PROCESS_IMPORTANCE_THRESHOLD=125)
08-28 18:19:19.658 29944 29996 I Finsky:background: [76] IQ: Creating job 924, for (REQ_DEVICE_IDLE, REQ_GEARHEAD_PROJECTION_OFF, MIN_BATTERY=20, SHOULD_APPLY_BUDGET=true, NETWORK=UNMETERED, PROVISIONING_STATE=PROVISIONED, BACKUP_MANAGER_STATE=BACKUP_READY, AUTHENTICATION_REQUIRED)
08-28 18:19:19.659 29944 29996 I Finsky:background: [76] IQ: Creating job 925, for (REQ_CHARGING, REQ_GEARHEAD_PROJECTION_OFF, NETWORK=UNMETERED, PROVISIONING_STATE=PROVISIONED, BACKUP_MANAGER_STATE=BACKUP_READY, AUTHENTICATION_REQUIRED, PROCESS_IMPORTANCE_THRESHOLD=125)
08-28 18:19:19.659 29944 29996 I Finsky:background: [76] IQ: Bulk scheduling created jobs
08-28 18:19:19.659 29944 29996 I Finsky:background: [76] SCH: Received scheduling request: Id: 3-922, Constraints: [{ L: 0, D: 86400000, C: CHARGING_REQUIRED, I: IDLE_REQUIRED, N: NET_ANY, B: BATTERY_ANY }]
08-28 18:19:19.659 29944 29996 I Finsky:background: [76] SCH: Received scheduling request: Id: 3-923, Constraints: [{ L: 0, D: 86400000, C: CHARGING_REQUIRED, I: IDLE_REQUIRED, N: NET_UNMETERED, B: BATTERY_ANY }]
08-28 18:19:19.659 29944 29996 I Finsky:background: [76] SCH: Received scheduling request: Id: 3-924, Constraints: [{ L: 0, D: 86400000, C: CHARGING_NONE, I: IDLE_REQUIRED, N: NET_UNMETERED, B: BATTERY_ANY }]
08-28 18:19:19.659 29944 29996 I Finsky:background: [76] SCH: Received scheduling request: Id: 3-925, Constraints: [{ L: 0, D: 86400000, C: CHARGING_REQUIRED, I: IDLE_NONE, N: NET_UNMETERED, B: BATTERY_ANY }]
08-28 18:19:19.660 29944 29985 I Finsky:background: [65] SSM: Start staged session task with 0 tracked staged sessions
08-28 18:19:19.964  2387  3202 I AS.AudioService: onUpdateContextualVolumes: absolute volume driving streams 0 avrcp supported: false
