08-28 18:26:51.378 32298 32466 I .apps.wellbeing: AssetManager2(0xb40000721b854678) locale list changing from [] to [en-US]
08-28 18:26:51.378 28060 29825 I native  : I0000 00:00:1756398411.378357   29825 enrollment_manager_impl.cc:1418] Retrieved stored TDSID models. Speakers requiring re-training:0
08-28 18:26:51.378 28060 29825 I native  : I0000 00:00:1756398411.378403   29825 enrollment_manager_impl.cc:1129] Attempting to insert stored TI-SID profiles into config.
08-28 18:26:51.378 28060 29825 E native  : E0000 00:00:1756398411.378478   29825 enrollment_storage.cc:177] Failed to read model:NOT_FOUND: Speaker does not have TISID model [type.googleapis.com/speech.soda.speaker_id.ReadModelStatus='\x08\x12']
08-28 18:26:51.378 28060 29825 E native  : === Source Location Trace: === 
08-28 18:26:51.378 28060 29825 E native  : speech/soda/speaker_id/enrollment/enrollment_storage.cc:228
08-28 18:26:51.378 28060 29825 I native  : I0000 00:00:1756398411.378521   29825 enrollment_manager_impl.cc:1154] Found 0 speakers with existing TI-SID models.
08-28 18:26:51.378 28060 29825 W native  : W0000 00:00:1756398411.378730   29825 enrollment_manager_impl.cc:1186] No valid TI-SID models found.
08-28 18:26:51.378 28060 29825 I native  : I0000 00:00:1756398411.378744   29825 enrollment_manager_impl.cc:1431] Retrieved stored TISID models. Speakers requiring re-training:0
08-28 18:26:51.378 28060 29825 E native  : E0000 00:00:1756398411.378788   29825 enrollment_storage.cc:177] Failed to read model:NOT_FOUND: Speaker does not have Server TISID voiceprint [type.googleapis.com/speech.soda.speaker_id.ReadModelStatus='\x08\x14']
08-28 18:26:51.378 28060 29825 E native  : === Source Location Trace: === 
08-28 18:26:51.378 28060 29825 E native  : speech/soda/speaker_id/enrollment/enrollment_storage.cc:228
08-28 18:26:51.378 28060 29825 I native  : I0000 00:00:1756398411.378808   29825 enrollment_manager_impl.cc:1441] Retrieved Server TISID models. 
08-28 18:26:51.379 28060 29825 I native  : I0000 00:00:1756398411.379771   29825 enrollment_manager_impl.cc:468] Invoking listeners with updated speaker profiles.
08-28 18:26:51.380 28060 28168 I A       : (REDACTED) handleResponse for  %s user(s)
08-28 18:26:51.380 28060 28168 I A       : (REDACTED) Found SodaVmmmClassicWriter. Preparing to propagate model update for status: %s
08-28 18:26:51.380 28060 28168 I A       : Skipping model update propagation to SodaVmmmClassicWriter since speaker model did not change.
08-28 18:26:51.380 28060 28168 I A       : #handleModelUpdate
08-28 18:26:51.380 28060 28168 I A       : (REDACTED) # of TDSID models received: %s
08-28 18:26:51.380 28060 28168 I A       : (REDACTED) Size of TI-SID model bytestring received: %s
08-28 18:26:51.381 28060 28168 I A       : (REDACTED) # of Server TI-SID voiceprints received: %s
08-28 18:26:51.381 28060 28168 I A       : getHotwordSpeakerIdModels
08-28 18:26:51.381 28060 28168 I cplk    : (REDACTED) Returning SpeakerIdModel: %s bytes
08-28 18:26:51.381 28060 28169 I cplk    : #initialize
08-28 18:26:51.381 28060 28168 I edej    : (REDACTED) [%s] SRM initial state for TD-SID: '%s'
08-28 18:26:51.381 32298 32466 I .apps.wellbeing: AssetManager2(0xb40000721b854fd8) locale list changing from [] to [en-US]
08-28 18:26:51.383  5606  6482 I edey    : (REDACTED) <<< [%s] Reading SodaResourceManager message with initial resourceIds: '%s.'
08-28 18:26:51.383  5606  6482 I edey    : (REDACTED) <<< [%s] SodaResourceManager session emitted all requested resources: %s. Ok to terminate.
08-28 18:26:51.383  5606  6482 I edey    : (REDACTED) <<< [%s] Reading SodaResourceManager message with initial resourceIds: '%s.'
08-28 18:26:51.383  5606  6482 I edey    : (REDACTED) <<< [%s] SodaResourceManager session emitted all requested resources: %s. Ok to terminate.
08-28 18:26:51.383  5606  6482 I edey    : (REDACTED) <<< [%s] Reading SodaResourceManager message with initial resourceIds: '%s.'
08-28 18:26:51.383  5606  6482 I edey    : (REDACTED) <<< [%s] SodaResourceManager session emitted all requested resources: %s. Ok to terminate.
08-28 18:26:51.383 32298 32466 I .apps.wellbeing: AssetManager2(0xb40000721b812638) locale list changing from [] to [en-US]
08-28 18:26:51.383  5606  6482 I edey    : (REDACTED) <<< [%s] Reading SodaResourceManager message with initial resourceIds: '%s.'
08-28 18:26:51.383  5606  6482 I edey    : (REDACTED) <<< [%s] SodaResourceManager session emitted all requested resources: %s. Ok to terminate.
08-28 18:26:51.383  5606  6482 I edey    : (REDACTED) <<< [%s] Reading SodaResourceManager message with initial resourceIds: '%s.'
08-28 18:26:51.383  5606  6482 I edey    : (REDACTED) <<< [%s] SodaResourceManager session emitted all requested resources: %s. Ok to terminate.
08-28 18:26:51.385 32298 32466 I .apps.wellbeing: AssetManager2(0xb40000721b855f78) locale list changing from [] to [en-US]
08-28 18:26:51.386  2228  2792 D [GF_HAL][HalContext]: [invokeCommand] err = 0, errno = GF_SUCCESS
08-28 18:26:51.386  2228  2792 D [GF_HAL][DelmarCustomizedProperty]: [getProductDeviceName] get product device name ret=5, buf=venus.
08-28 18:26:51.386  2228  2792 D [GF_HAL][CustomizedSensor]: temperature=20
08-28 18:26:51.386  2228  2792 D [GF_HAL][CaEntry]: [sendCommand] request token: 260, target: 1001, cmd id: 2
08-28 18:26:51.386  2228  2792 D [GF_HAL][CaEntry]: [sendCommand] carveout_ion_handle_fd = 0,carveout_ion_handle_len = 0 
08-28 18:26:51.391 32298 32466 I .apps.wellbeing: AssetManager2(0xb40000721b859178) locale list changing from [] to [en-US]
08-28 18:26:51.393 32298 32466 I .apps.wellbeing: AssetManager2(0xb40000721b855618) locale list changing from [] to [en-US]
08-28 18:26:51.394 28060 28127 I cplk    : Didn't find an initialized EnrollmentManager. Updating config.
08-28 18:26:51.395 28060 28127 I A       : (REDACTED) updateConfig: Hotword present: %b, LP directory: %s
08-28 18:26:51.395 32298 32466 I .apps.wellbeing: AssetManager2(0xb40000721b85b6f8) locale list changing from [] to [en-US]
08-28 18:26:51.396 32298 32466 I .apps.wellbeing: AssetManager2(0xb40000721b7f2bf8) locale list changing from [] to [en-US]
08-28 18:26:51.398 28060 28169 I native  : I0000 00:00:1756398411.398341   28169 enrollment_manager_impl.cc:455] UpdateConfigRequest with timeout: 0
08-28 18:26:51.398 32298 32466 I .apps.wellbeing: AssetManager2(0xb40000721b7eed78) locale list changing from [] to [en-US]
08-28 18:26:51.400 32298 32466 I .apps.wellbeing: AssetManager2(0xb40000721b7e9c38) locale list changing from [] to [en-US]
08-28 18:26:51.402 32298 32466 I .apps.wellbeing: AssetManager2(0xb40000721b822998) locale list changing from [] to [en-US]
08-28 18:26:51.404 32298 32466 I .apps.wellbeing: AssetManager2(0xb40000721b828758) locale list changing from [] to [en-US]
08-28 18:26:51.405 32298 32466 I .apps.wellbeing: AssetManager2(0xb40000721b829d38) locale list changing from [] to [en-US]
08-28 18:26:51.408 28060 29825 E SpeechMicro: Hotword model is single-channel neuralnet.
08-28 18:26:51.408 32298 32466 I .apps.wellbeing: AssetManager2(0xb40000721b8264f8) locale list changing from [] to [en-US]
08-28 18:26:51.408 28060 29825 I native  : I0000 00:00:1756398411.408793   29825 enrollment_manager_impl.cc:1313] A valid TD-SID creator already exists. No need to re-create.
08-28 18:26:51.408 28060 29825 I native  : I0000 00:00:1756398411.408894   29825 enrollment_manager_impl_utils.cc:81] Using standalone TI-SID pipeline config:/product/usr/srec/en-US/configs/ONDEVICE_MEDIUM_VOICE_MATCH.config
08-28 18:26:51.409 28060 29825 I native  : I0000 00:00:1756398411.408994   29825 enrollment_manager_impl.cc:1333] A valid TI-SID creator already exists. No need to re-create.
08-28 18:26:51.409 28060 29825 I native  : I0000 00:00:1756398411.409036   29825 enrollment_manager_impl_utils.cc:81] Using standalone TI-SID pipeline config:/product/usr/srec/en-US/configs/ONDEVICE_MEDIUM_VOICE_MATCH.config
08-28 18:26:51.409 28060 29825 I native  : I0000 00:00:1756398411.409054   29825 enrollment_manager_impl.cc:1056] Attempting to insert stored TD-SID profiles into config.
08-28 18:26:51.409 28060 29825 I native  : I0000 00:00:1756398411.409117   29825 enrollment_manager_impl.cc:1080] Found 1 speakers with existing TDSID models.
08-28 18:26:51.412 32298 32466 I .apps.wellbeing: AssetManager2(0xb40000721b827498) locale list changing from [] to [en-US]
08-28 18:26:51.414 32298 32466 I .apps.wellbeing: AssetManager2(0xb40000721b81d858) locale list changing from [] to [en-US]
08-28 18:26:51.415 32298 32466 I .apps.wellbeing: AssetManager2(0xb40000721b81e4d8) locale list changing from [] to [en-US]
08-28 18:26:51.416 32298 32466 I .apps.wellbeing: AssetManager2(0xb40000721b8213b8) locale list changing from [] to [en-US]
08-28 18:26:51.416 28060 29825 E SpeechMicro: Hotword model is single-channel neuralnet.
08-28 18:26:51.416 28060 29825 I native  : I0000 00:00:1756398411.416909   29825 enrollment_manager_impl.cc:1096] Found valid TDSID profile for user: 0
08-28 18:26:51.417 28060 29825 I native  : I0000 00:00:1756398411.417280   29825 enrollment_manager_impl.cc:1418] Retrieved stored TDSID models. Speakers requiring re-training:0
08-28 18:26:51.417 28060 29825 I native  : I0000 00:00:1756398411.417315   29825 enrollment_manager_impl.cc:1129] Attempting to insert stored TI-SID profiles into config.
08-28 18:26:51.417 28060 29825 E native  : E0000 00:00:1756398411.417375   29825 enrollment_storage.cc:177] Failed to read model:NOT_FOUND: Speaker does not have TISID model [type.googleapis.com/speech.soda.speaker_id.ReadModelStatus='\x08\x12']
08-28 18:26:51.417 28060 29825 E native  : === Source Location Trace: === 
08-28 18:26:51.417 28060 29825 E native  : speech/soda/speaker_id/enrollment/enrollment_storage.cc:228
08-28 18:26:51.417 28060 29825 I native  : I0000 00:00:1756398411.417400   29825 enrollment_manager_impl.cc:1154] Found 0 speakers with existing TI-SID models.
08-28 18:26:51.417 28060 29825 W native  : W0000 00:00:1756398411.417603   29825 enrollment_manager_impl.cc:1186] No valid TI-SID models found.
08-28 18:26:51.417 28060 29825 I native  : I0000 00:00:1756398411.417616   29825 enrollment_manager_impl.cc:1431] Retrieved stored TISID models. Speakers requiring re-training:0
08-28 18:26:51.417 28060 29825 E native  : E0000 00:00:1756398411.417656   29825 enrollment_storage.cc:177] Failed to read model:NOT_FOUND: Speaker does not have Server TISID voiceprint [type.googleapis.com/speech.soda.speaker_id.ReadModelStatus='\x08\x14']
08-28 18:26:51.417 28060 29825 E native  : === Source Location Trace: === 
08-28 18:26:51.417 28060 29825 E native  : speech/soda/speaker_id/enrollment/enrollment_storage.cc:228
08-28 18:26:51.417 28060 29825 I native  : I0000 00:00:1756398411.417667   29825 enrollment_manager_impl.cc:1441] Retrieved Server TISID models. 
08-28 18:26:51.418 32298 32466 I .apps.wellbeing: AssetManager2(0xb40000721b822358) locale list changing from [] to [en-US]
08-28 18:26:51.418 28060 29825 I native  : I0000 00:00:1756398411.418628   29825 enrollment_manager_impl.cc:468] Invoking listeners with updated speaker profiles.
08-28 18:26:51.418 28060 28169 I A       : (REDACTED) handleResponse for  %s user(s)
08-28 18:26:51.418 28060 28169 I A       : (REDACTED) Found SodaVmmmClassicWriter. Preparing to propagate model update for status: %s
08-28 18:26:51.419 28060 28169 I A       : Skipping model update propagation to SodaVmmmClassicWriter since speaker model did not change.
08-28 18:26:51.419 32298 32466 I .apps.wellbeing: AssetManager2(0xb40000721b820a58) locale list changing from [] to [en-US]
08-28 18:26:51.420 28060 28169 I A       : #handleModelUpdate
08-28 18:26:51.420 28060 28169 I A       : (REDACTED) # of TDSID models received: %s
08-28 18:26:51.420 28060 28169 I A       : (REDACTED) Size of TI-SID model bytestring received: %s
08-28 18:26:51.420 28060 28169 I A       : (REDACTED) # of Server TI-SID voiceprints received: %s
08-28 18:26:51.420 28060 28169 I A       : getHotwordSpeakerIdModels
08-28 18:26:51.421 28060 28169 I cplk    : (REDACTED) Returning SpeakerIdModel: %s bytes
08-28 18:26:51.421 28060 28169 I cplk    : #getTdsidModel
08-28 18:26:51.421 32298 32466 I .apps.wellbeing: AssetManager2(0xb40000721b81eb18) locale list changing from [] to [en-US]
08-28 18:26:51.421 28060 28168 I cplk    : #initialize
08-28 18:26:51.422 28060 28167 I edbk    : (REDACTED) [%s] Writing SpeakerId model with size %d
08-28 18:26:51.423 28060 28137 I cplk    : Didn't find an initialized EnrollmentManager. Updating config.
08-28 18:26:51.423 28060 28137 I A       : (REDACTED) updateConfig: Hotword present: %b, LP directory: %s
08-28 18:26:51.425  5606  6482 I edey    : (REDACTED) <<< [%s] Reading SodaResourceManager message with updated resourceIds: %s. Total set: %s
08-28 18:26:51.425  5606  6482 I edey    : (REDACTED) <<< [%s] SodaResourceManager session emitted all requested resources: %s. Ok to terminate.
08-28 18:26:51.425 28060 28168 I native  : I0000 00:00:1756398411.425859   28168 enrollment_manager_impl.cc:455] UpdateConfigRequest with timeout: 0
08-28 18:26:51.429 28060 28168 I edbk    : (REDACTED) [%s] All resources wrote to PDS and notified client.
08-28 18:26:51.429 28060 28168 I edbk    : (REDACTED) [%s] hotwordLatency: %d, tdsidLatency: %d, All resources latency: %d
08-28 18:26:51.429 28060 28127 I edfk    : (REDACTED) [%s] Returning ResourceResponse.
08-28 18:26:51.430  5606  6481 I edey    : (REDACTED) [%s] SRM session terminated after all resources accounted for: %s.
08-28 18:26:51.433 32298 32466 I .apps.wellbeing: AssetManager2(0xb40000721b824298) locale list changing from [] to [en-US]
08-28 18:26:51.433  5606  6323 I eclt    : #updateSodaResourcesWithoutReload
08-28 18:26:51.433  5606  6481 I eclt    : #updateSodaResourcesWithoutReload inside sequencer
08-28 18:26:51.435 28060 29825 E SpeechMicro: Hotword model is single-channel neuralnet.
08-28 18:26:51.436 28060 29825 I native  : I0000 00:00:1756398411.436466   29825 enrollment_manager_impl.cc:1313] A valid TD-SID creator already exists. No need to re-create.
08-28 18:26:51.436 28060 29825 I native  : I0000 00:00:1756398411.436576   29825 enrollment_manager_impl_utils.cc:81] Using standalone TI-SID pipeline config:/product/usr/srec/en-US/configs/ONDEVICE_MEDIUM_VOICE_MATCH.config
08-28 18:26:51.436 28060 29825 I native  : I0000 00:00:1756398411.436684   29825 enrollment_manager_impl.cc:1333] A valid TI-SID creator already exists. No need to re-create.
08-28 18:26:51.436 28060 29825 I native  : I0000 00:00:1756398411.436720   29825 enrollment_manager_impl_utils.cc:81] Using standalone TI-SID pipeline config:/product/usr/srec/en-US/configs/ONDEVICE_MEDIUM_VOICE_MATCH.config
08-28 18:26:51.436 28060 29825 I native  : I0000 00:00:1756398411.436738   29825 enrollment_manager_impl.cc:1056] Attempting to insert stored TD-SID profiles into config.
08-28 18:26:51.436 28060 29825 I native  : I0000 00:00:1756398411.436810   29825 enrollment_manager_impl.cc:1080] Found 1 speakers with existing TDSID models.
08-28 18:26:51.437 32298 32466 I .apps.wellbeing: AssetManager2(0xb40000721b81fab8) locale list changing from [] to [en-US]
08-28 18:26:51.437  5606  6412 I eclt    : #checkAsrCompatibility inside sequencer
08-28 18:26:51.437  5606  6412 I eclt    : (REDACTED) #checkAsrCompatibility initializing Soda. Locale: %s. Expected LP version: %d
08-28 18:26:51.437  5606  6412 I eclt    : (REDACTED) Soda cache directory: %s
08-28 18:26:51.437  5606  6412 I eclt    : Hotmatch disabled: flag not enabled
08-28 18:26:51.437 32298 32466 I .apps.wellbeing: AssetManager2(0xb40000721b81ee38) locale list changing from [] to [en-US]
08-28 18:26:51.440  5606  6412 I eczg    : SODA instance exists and matches params. Updating callbacks and returning preloaded instance.
08-28 18:26:51.440  5606  6412 I eclt    : #checkAsrCompatibility successful!
08-28 18:26:51.441  5606  6412 I ecmt    : Compatcheck success for background update.
08-28 18:26:51.441  5606  6412 I eclt    : #backgroundUpdate
08-28 18:26:51.441  5606  6412 I eclt    : #backgroundUpdate inside sequencer
08-28 18:26:51.441  5606  6323 I eclt    : #backgroundUpdate using the existing ASR soda instance.
08-28 18:26:51.444  5606  6323 I native  : I0000 00:00:1756398411.444883    6323 context-module-impl.cc:801] Update context input. (Proto:MessageLite at 0xb4000072fbac8bb0)
08-28 18:26:51.445 28060 29825 E SpeechMicro: Hotword model is single-channel neuralnet.
08-28 18:26:51.445 28060 29825 I native  : I0000 00:00:1756398411.445083   29825 enrollment_manager_impl.cc:1096] Found valid TDSID profile for user: 0
08-28 18:26:51.445  5606  6323 I native  : I0000 00:00:1756398411.445224    6323 context-module-impl.cc:808] Update context input for public scope. (Proto:MessageLite at 0xb4000072fbac8bb0)
08-28 18:26:51.445 28060 29825 I native  : I0000 00:00:1756398411.445418   29825 enrollment_manager_impl.cc:1418] Retrieved stored TDSID models. Speakers requiring re-training:0
08-28 18:26:51.445 28060 29825 I native  : I0000 00:00:1756398411.445450   29825 enrollment_manager_impl.cc:1129] Attempting to insert stored TI-SID profiles into config.
08-28 18:26:51.445 28060 29825 E native  : E0000 00:00:1756398411.445510   29825 enrollment_storage.cc:177] Failed to read model:NOT_FOUND: Speaker does not have TISID model [type.googleapis.com/speech.soda.speaker_id.ReadModelStatus='\x08\x12']
08-28 18:26:51.445 28060 29825 E native  : === Source Location Trace: === 
08-28 18:26:51.445 28060 29825 E native  : speech/soda/speaker_id/enrollment/enrollment_storage.cc:228
08-28 18:26:51.445 28060 29825 I native  : I0000 00:00:1756398411.445528   29825 enrollment_manager_impl.cc:1154] Found 0 speakers with existing TI-SID models.
08-28 18:26:51.445 28060 29825 W native  : W0000 00:00:1756398411.445732   29825 enrollment_manager_impl.cc:1186] No valid TI-SID models found.
08-28 18:26:51.445 28060 29825 I native  : I0000 00:00:1756398411.445750   29825 enrollment_manager_impl.cc:1431] Retrieved stored TISID models. Speakers requiring re-training:0
08-28 18:26:51.445 28060 29825 E native  : E0000 00:00:1756398411.445791   29825 enrollment_storage.cc:177] Failed to read model:NOT_FOUND: Speaker does not have Server TISID voiceprint [type.googleapis.com/speech.soda.speaker_id.ReadModelStatus='\x08\x14']
08-28 18:26:51.445 28060 29825 E native  : === Source Location Trace: === 
08-28 18:26:51.445 28060 29825 E native  : speech/soda/speaker_id/enrollment/enrollment_storage.cc:228
08-28 18:26:51.445 28060 29825 I native  : I0000 00:00:1756398411.445803   29825 enrollment_manager_impl.cc:1441] Retrieved Server TISID models. 
08-28 18:26:51.445  5606  6323 I ecmt    : #backgroundBiasingUpdate succeeded.
08-28 18:26:51.446  5606  6419 I dsue    : (REDACTED) Sending speech biasing context update to SODA with locale %s. %s
08-28 18:26:51.447 28060 29825 I native  : I0000 00:00:1756398411.447280   29825 enrollment_manager_impl.cc:468] Invoking listeners with updated speaker profiles.
08-28 18:26:51.447  5606  6483 I dyhw    : (REDACTED) AppFlow %s is about to be transmitted
08-28 18:26:51.448  5606  6483 I eclt    : #checkAsrCompatibility inside sequencer
08-28 18:26:51.448  5606  6483 I eclt    : (REDACTED) #checkAsrCompatibility initializing Soda. Locale: %s. Expected LP version: %d
08-28 18:26:51.448 28060 28167 I A       : (REDACTED) handleResponse for  %s user(s)
08-28 18:26:51.448  5606  6483 I eclt    : (REDACTED) Soda cache directory: %s
08-28 18:26:51.448  5606  6483 I eclt    : Hotmatch disabled: flag not enabled
08-28 18:26:51.448 28060 28167 I A       : (REDACTED) Found SodaVmmmClassicWriter. Preparing to propagate model update for status: %s
08-28 18:26:51.448  5606  6483 I eczg    : SODA instance exists and matches params. Updating callbacks and returning preloaded instance.
08-28 18:26:51.448 28060 28167 I A       : Skipping model update propagation to SodaVmmmClassicWriter since speaker model did not change.
08-28 18:26:51.448  5606  6483 I eclt    : #checkAsrCompatibility successful!
08-28 18:26:51.448  5606  6481 I ecmt    : (REDACTED) #getSodaAsrUpdateRequest inserting app domain: %s
08-28 18:26:51.448 28060 28167 I A       : #handleModelUpdate
08-28 18:26:51.448 28060 28167 I A       : (REDACTED) # of TDSID models received: %s
08-28 18:26:51.448 28060 28167 I A       : (REDACTED) Size of TI-SID model bytestring received: %s
08-28 18:26:51.448 28060 28167 I A       : (REDACTED) # of Server TI-SID voiceprints received: %s
08-28 18:26:51.448  5606  6483 I ecmt    : Compatcheck success for background update.
08-28 18:26:51.448  5606  6483 I eclt    : #backgroundUpdate
08-28 18:26:51.448 28060 28167 I A       : getHotwordSpeakerIdModels
08-28 18:26:51.448  5606  6483 I eclt    : #backgroundUpdate inside sequencer
08-28 18:26:51.448 28060 28167 I cplk    : (REDACTED) Returning SpeakerIdModel: %s bytes
08-28 18:26:51.448 28060 28167 I cplk    : #getTdsidModel
08-28 18:26:51.448 28060 28167 I cplk    : #initialize
08-28 18:26:51.448  5606  6412 I eclt    : #backgroundUpdate using the existing ASR soda instance.
08-28 18:26:51.449 28060 28127 I cplk    : Didn't find an initialized EnrollmentManager. Updating config.
08-28 18:26:51.449 28060 28127 I A       : (REDACTED) updateConfig: Hotword present: %b, LP directory: %s
08-28 18:26:51.449  5606  6419 I arho    : #getOobeStatus: OptedIn [CONTEXT ratelimit_period="10 SECONDS" skipped=5 ]
08-28 18:26:51.449  5606  6412 I native  : I0000 00:00:1756398411.449742    6412 context-module-impl.cc:801] Update context input. (Proto:MessageLite at 0xb4000072fbaaf920)
08-28 18:26:51.450 32298 32466 I .apps.wellbeing: AssetManager2(0xb40000721b81de98) locale list changing from [] to [en-US]
08-28 18:26:51.450  5606  6412 I native  : I0000 00:00:1756398411.450310    6412 context-module-impl.cc:808] Update context input for public scope. (Proto:MessageLite at 0xb4000072fbaaf920)
08-28 18:26:51.450  5606  6412 I ecmt    : #backgroundBiasingUpdate succeeded.
08-28 18:26:51.451 28060 28167 I native  : I0000 00:00:1756398411.451760   28167 enrollment_manager_impl.cc:455] UpdateConfigRequest with timeout: 0
08-28 18:26:51.452  5606  6303 I dyhw    : (REDACTED) AppFlow %s is about to be transmitted
08-28 18:26:51.452  5606  6481 I dsue    : (REDACTED) Sending speech biasing context update to SODA with locale %s. %s
08-28 18:26:51.453  5606  6483 I eclt    : #checkAsrCompatibility inside sequencer
08-28 18:26:51.453  5606  6483 I eclt    : (REDACTED) #checkAsrCompatibility initializing Soda. Locale: %s. Expected LP version: %d
08-28 18:26:51.453  5606  6483 I eclt    : (REDACTED) Soda cache directory: %s
08-28 18:26:51.453  5606  6483 I eclt    : Hotmatch disabled: flag not enabled
08-28 18:26:51.453  5606  6483 I eczg    : SODA instance exists and matches params. Updating callbacks and returning preloaded instance.
08-28 18:26:51.453  5606  6413 I ecmt    : (REDACTED) #getSodaAsrUpdateRequest inserting app domain: %s
08-28 18:26:51.453  5606  6483 I eclt    : #checkAsrCompatibility successful!
08-28 18:26:51.453  5606  6323 I ecmt    : Compatcheck success for background update.
08-28 18:26:51.453 32298 32466 I .apps.wellbeing: AssetManager2(0xb40000721b822fd8) locale list changing from [] to [en-US]
08-28 18:26:51.453  5606  6323 I eclt    : #backgroundUpdate
08-28 18:26:51.454  5606  6483 I eclt    : #backgroundUpdate inside sequencer
08-28 18:26:51.454  5606  6483 I eclt    : #backgroundUpdate using the existing ASR soda instance.
08-28 18:26:51.454  5606  6483 I ecmt    : #backgroundBiasingUpdate succeeded.
08-28 18:26:51.455  5606  6483 I dyhw    : (REDACTED) AppFlow %s is about to be transmitted
08-28 18:26:51.455  5606  6411 I dsue    : (REDACTED) SODA speech biasing context update for %s is complete. %s
08-28 18:26:51.456 32298 32466 I .apps.wellbeing: AssetManager2(0xb40000721b824f18) locale list changing from [] to [en-US]
08-28 18:26:51.456  5606  6412 I eclt    : #checkAsrCompatibility inside sequencer
08-28 18:26:51.456  5606  6412 I eclt    : (REDACTED) #checkAsrCompatibility initializing Soda. Locale: %s. Expected LP version: %d
08-28 18:26:51.456  5606  6412 I eclt    : (REDACTED) Soda cache directory: %s
08-28 18:26:51.456  5606  6412 I eclt    : Hotmatch disabled: flag not enabled
08-28 18:26:51.456  5606  6412 I eczg    : SODA instance exists and matches params. Updating callbacks and returning preloaded instance.
08-28 18:26:51.456  5606  6412 I eclt    : #checkAsrCompatibility successful!
08-28 18:26:51.458  5606  6303 I ecmt    : Compatcheck success for background update.
08-28 18:26:51.458  5606  6303 I eclt    : #backgroundUpdate
08-28 18:26:51.458  5606  6303 I eclt    : #backgroundUpdate inside sequencer
08-28 18:26:51.460  5606  6411 I dstp    : (REDACTED) Successfully scheduled context update for key: %s for %s.
08-28 18:26:51.460 28060 29825 E SpeechMicro: Hotword model is single-channel neuralnet.
08-28 18:26:51.460 32298 32466 I .apps.wellbeing: AssetManager2(0xb40000721b821d18) locale list changing from [] to [en-US]
08-28 18:26:51.461 28060 29825 I native  : I0000 00:00:1756398411.461060   29825 enrollment_manager_impl.cc:1313] A valid TD-SID creator already exists. No need to re-create.
08-28 18:26:51.461 28060 29825 I native  : I0000 00:00:1756398411.461149   29825 enrollment_manager_impl_utils.cc:81] Using standalone TI-SID pipeline config:/product/usr/srec/en-US/configs/ONDEVICE_MEDIUM_VOICE_MATCH.config
08-28 18:26:51.461 28060 29825 I native  : I0000 00:00:1756398411.461248   29825 enrollment_manager_impl.cc:1333] A valid TI-SID creator already exists. No need to re-create.
08-28 18:26:51.461 28060 29825 I native  : I0000 00:00:1756398411.461276   29825 enrollment_manager_impl_utils.cc:81] Using standalone TI-SID pipeline config:/product/usr/srec/en-US/configs/ONDEVICE_MEDIUM_VOICE_MATCH.config
08-28 18:26:51.461 28060 29825 I native  : I0000 00:00:1756398411.461294   29825 enrollment_manager_impl.cc:1056] Attempting to insert stored TD-SID profiles into config.
08-28 18:26:51.461 28060 29825 I native  : I0000 00:00:1756398411.461367   29825 enrollment_manager_impl.cc:1080] Found 1 speakers with existing TDSID models.
08-28 18:26:51.461  5606  6303 I eclt    : #backgroundUpdate using the existing ASR soda instance.
08-28 18:26:51.461 32298 32466 I .apps.wellbeing: AssetManager2(0xb40000721b823c58) locale list changing from [] to [en-US]
08-28 18:26:51.461  5606  6303 I ecmt    : #backgroundBiasingUpdate succeeded.
08-28 18:26:51.462  5606  6419 I dsue    : (REDACTED) SODA speech biasing context update for %s is complete. %s
08-28 18:26:51.463 32298 32466 I .apps.wellbeing: AssetManager2(0xb40000721b823618) locale list changing from [] to [en-US]
08-28 18:26:51.463  5606  6419 I dstp    : (REDACTED) Successfully scheduled context update for key: %s for %s.
08-28 18:26:51.465 32298 32466 I .apps.wellbeing: AssetManager2(0xb40000721b820d78) locale list changing from [] to [en-US]
08-28 18:26:51.465  5606  6412 I dyhw    : (REDACTED) AppFlow %s is about to be transmitted
08-28 18:26:51.466  5606  6412 I dyhw    : (REDACTED) AppFlow %s is about to be transmitted
08-28 18:26:51.466  5606  6412 I dyhw    : (REDACTED) AppFlow %s is about to be transmitted
08-28 18:26:51.471 28060 29825 E SpeechMicro: Hotword model is single-channel neuralnet.
08-28 18:26:51.472 28060 29825 I native  : I0000 00:00:1756398411.471996   29825 enrollment_manager_impl.cc:1096] Found valid TDSID profile for user: 0
08-28 18:26:51.472 28060 29825 I native  : I0000 00:00:1756398411.472427   29825 enrollment_manager_impl.cc:1418] Retrieved stored TDSID models. Speakers requiring re-training:0
08-28 18:26:51.472 28060 29825 I native  : I0000 00:00:1756398411.472464   29825 enrollment_manager_impl.cc:1129] Attempting to insert stored TI-SID profiles into config.
08-28 18:26:51.472 28060 29825 E native  : E0000 00:00:1756398411.472535   29825 enrollment_storage.cc:177] Failed to read model:NOT_FOUND: Speaker does not have TISID model [type.googleapis.com/speech.soda.speaker_id.ReadModelStatus='\x08\x12']
08-28 18:26:51.472 28060 29825 E native  : === Source Location Trace: === 
08-28 18:26:51.472 28060 29825 E native  : speech/soda/speaker_id/enrollment/enrollment_storage.cc:228
08-28 18:26:51.472 28060 29825 I native  : I0000 00:00:1756398411.472555   29825 enrollment_manager_impl.cc:1154] Found 0 speakers with existing TI-SID models.
08-28 18:26:51.472 28060 29825 W native  : W0000 00:00:1756398411.472752   29825 enrollment_manager_impl.cc:1186] No valid TI-SID models found.
08-28 18:26:51.472 28060 29825 I native  : I0000 00:00:1756398411.472770   29825 enrollment_manager_impl.cc:1431] Retrieved stored TISID models. Speakers requiring re-training:0
08-28 18:26:51.472 28060 29825 E native  : E0000 00:00:1756398411.472813   29825 enrollment_storage.cc:177] Failed to read model:NOT_FOUND: Speaker does not have Server TISID voiceprint [type.googleapis.com/speech.soda.speaker_id.ReadModelStatus='\x08\x14']
08-28 18:26:51.472 28060 29825 E native  : === Source Location Trace: === 
08-28 18:26:51.472 28060 29825 E native  : speech/soda/speaker_id/enrollment/enrollment_storage.cc:228
08-28 18:26:51.472 28060 29825 I native  : I0000 00:00:1756398411.472824   29825 enrollment_manager_impl.cc:1441] Retrieved Server TISID models. 
08-28 18:26:51.473 28060 28167 I A       : (REDACTED) handleResponse for  %s user(s)
08-28 18:26:51.473 28060 29825 I native  : I0000 00:00:1756398411.473802   29825 enrollment_manager_impl.cc:468] Invoking listeners with updated speaker profiles.
08-28 18:26:51.473 28060 28167 I A       : (REDACTED) Found SodaVmmmClassicWriter. Preparing to propagate model update for status: %s
08-28 18:26:51.473 28060 28167 I A       : Skipping model update propagation to SodaVmmmClassicWriter since speaker model did not change.
08-28 18:26:51.474 28060 28167 I A       : #handleModelUpdate
08-28 18:26:51.474 28060 28167 I A       : (REDACTED) # of TDSID models received: %s
08-28 18:26:51.474 28060 28167 I A       : (REDACTED) Size of TI-SID model bytestring received: %s
08-28 18:26:51.474 28060 28167 I A       : (REDACTED) # of Server TI-SID voiceprints received: %s
08-28 18:26:51.474 28060 28167 I A       : getHotwordSpeakerIdModels
08-28 18:26:51.474 28060 28167 I cplk    : (REDACTED) Returning SpeakerIdModel: %s bytes
08-28 18:26:51.474 28060 28167 I edej    : (REDACTED) [%s] Tdsid model remains the same. Skipping callback(s).
08-28 18:26:51.481 32298 32466 I .apps.wellbeing: AssetManager2(0xb40000721b822038) locale list changing from [] to [en-US]
08-28 18:26:51.487  2228  2792 D [GF_HAL][HalContext]: [invokeCommand] err = 0, errno = GF_SUCCESS
08-28 18:26:51.487  2228  2792 D [GF_HAL][FingerprintCore]: [onAuthDownEvt] high light flag = 0
08-28 18:26:51.487  2228  2792 D [GF_HAL][CustomizedSensor]: msg : 11
08-28 18:26:51.487  2228  2792 D [GF_HAL][DelmarHeartbeatRate]: [onMessage] onMessage msg:11
08-28 18:26:51.487  2228  2792 D [GF_HAL][FingerprintCore]: [notifyAcquiredInfo] acquired_info=0
08-28 18:26:51.487  2228  2792 D android.hardware.biometrics.fingerprint-service.xiaomi: onAcquired(1, 0)
08-28 18:26:51.488 32298 32466 I .apps.wellbeing: AssetManager2(0xb40000721b820738) locale list changing from [] to [en-US]
08-28 18:26:51.488  2228  2792 D [GF_HAL]: [goodixExtCmd] receive MIUI cmd=1, param=0
08-28 18:26:51.488  2228  2792 I [GF_HAL]: [goodixExtCmd] sysnode touch panel detected finger up
08-28 18:26:51.488  2228  2792 D [GF_HAL][CustomizedFingerprintCore]: [notifyAcquiredInfo] transfer acquired info: 1003 to customized: 1023.
08-28 18:26:51.488  2228  2792 D [GF_HAL][FingerprintCore]: [notifyAcquiredInfo] acquired_info=1023
08-28 18:26:51.488  2228  2792 D android.hardware.biometrics.fingerprint-service.xiaomi: onAcquired(7, 23)
08-28 18:26:51.488  2228  2792 D [GF_HAL][HalContextExt]: [getHeartRateFlag] mHeartRateFlag = 0
08-28 18:26:51.488  2228  2792 D [GF_HAL][DelmarHeartbeatRate]: [onMessage] onMessage msg:20
08-28 18:26:51.488  2228  2792 D [GF_HAL][EventCenter]: [postEvent] enqueue event<4>
08-28 18:26:51.488  2228  2792 D [GF_HAL]: [sendTouchEvent] sent touch event 4.
08-28 18:26:51.488  2228  2792 D [GF_HAL][FingerprintCore]: [notifyAuthSuccess] Auth success, fid = 2190983668
08-28 18:26:51.488  2228  2792 D android.hardware.biometrics.fingerprint-service.xiaomi: onAuthenticated(fid=-2103983628, gid=0)
08-28 18:26:51.488  2228  2792 D [GF_HAL]: [goodixExtCmd] receive MIUI cmd=1, param=0
08-28 18:26:51.488  2228  2792 I [GF_HAL]: [goodixExtCmd] sysnode touch panel detected finger up
08-28 18:26:51.488  2228  2792 D [GF_HAL][CustomizedFingerprintCore]: [notifyAcquiredInfo] transfer acquired info: 1003 to customized: 1023.
08-28 18:26:51.488  2228  2792 D [GF_HAL][FingerprintCore]: [notifyAcquiredInfo] acquired_info=1023
08-28 18:26:51.488  2228  2792 D android.hardware.biometrics.fingerprint-service.xiaomi: onAcquired(7, 23)
08-28 18:26:51.488  2228  2792 D [GF_HAL][HalContextExt]: [getHeartRateFlag] mHeartRateFlag = 0
08-28 18:26:51.488  2228  2792 D [GF_HAL][EventCenter]: [postEvent] event<4> is filtered
08-28 18:26:51.488  2228  2792 D [GF_HAL]: [sendTouchEvent] sent touch event 4.
08-28 18:26:51.488  2228  2796 D [GF_HAL]: [goodixExtCmd] receive MIUI cmd=10, param=0
08-28 18:26:51.488  2228  2796 D [GF_HAL]: [goodixExtCmd] set HBM and CYAN status : 0
08-28 18:26:51.488  2228  2796 D [GF_HAL]: [goodixExtCmd] touchCenterX=0, touchCenterY=0
08-28 18:26:51.488  2228  2796 I [GF_HAL][Sensor]: [doPost]sem value = 1
08-28 18:26:51.488  2228  2796 D [GF_HAL][HalContextExt]: [getHeartRateFlag] mHeartRateFlag = 0
08-28 18:26:51.488  2228  2792 D [GF_HAL][CaEntry]: [sendCommand] request token: 261, target: 1001, cmd id: 4
08-28 18:26:51.488  2228  2792 D [GF_HAL][CaEntry]: [sendCommand] carveout_ion_handle_fd = 0,carveout_ion_handle_len = 0 
08-28 18:26:51.489  3291  3876 D BiometricStatusRepositoryImpl: authenticationState updated: Acquired(biometricSourceType=FINGERPRINT, requestReason=DeviceEntryAuthentication, acquiredInfo=0)
08-28 18:26:51.489  2387  3226 V Biometrics/AcquisitionClient: Acquired: 0 0, shouldSend: true
08-28 18:26:51.490  2387  3226 V BiometricLogger: Authentication latency: -1
08-28 18:26:51.490  2387  3226 W BiometricFrameworkStatsLogger: found a negative latency : -1
08-28 18:26:51.490  2387  3226 V Biometrics/AuthenticationClient: onAuthenticated(true), ID:-2103983628, Owner: com.android.systemui, isBP: false, listener: com.android.server.biometrics.sensors.ClientMonitorCallbackConverter@de29067, requireConfirmation: false, user: 0, clientMonitor: {[29] com.android.server.biometrics.sensors.fingerprint.aidl.FingerprintAuthenticationClient, proto=3, owner=com.android.systemui, cookie=0, requestId=20, userId=0}
08-28 18:26:51.490  2387  3226 W Biometrics/AuthenticationClient: Allowing background authentication, this is allowed only for platform or test invocations
08-28 18:26:51.490  2387  3226 D BaseClientMonitor: marking operation as done: {[29] com.android.server.biometrics.sensors.fingerprint.aidl.FingerprintAuthenticationClient, proto=3, owner=com.android.systemui, cookie=0, requestId=20, userId=0}
08-28 18:26:51.491  2387  3226 D BiometricService: resetLockout from: 0, for: 1008, userId: 0
08-28 18:26:51.491  2387  2387 W SenseProvider: Ignoring lockout reset, no templates enrolled for user: 0
08-28 18:26:51.491   719   739 I keystore2: system/security/keystore2/src/authorization.rs:112 - add_auth_token(challenge=0, userId=-8913403115237337732, authId=3867092742996155449, authType=0x2, timestamp=1640932ms)
08-28 18:26:51.491  2387  3226 D Biometrics/AuthenticationClient: addAuthToken succeeded
08-28 18:26:51.491  2387  3226 D BiometricStateCallback: Client finished, state updated to 0, client {[29] com.android.server.biometrics.sensors.fingerprint.aidl.FingerprintAuthenticationClient, proto=3, owner=com.android.systemui, cookie=0, requestId=20, userId=0}
08-28 18:26:51.491  2387  3226 D BiometricSchedulerOperation: [Finished / destroy]: {[29] com.android.server.biometrics.sensors.fingerprint.aidl.FingerprintAuthenticationClient, proto=3, owner=com.android.systemui, cookie=0, requestId=20, userId=0}
08-28 18:26:51.492  3291  3291 D AlternateBouncerInteractor: canShowAlternateBouncer changed to false
08-28 18:26:51.492  3291  3291 D StatusBarKeyguardViewManager: canShowAlternateBouncer turned false, maybe try hiding the alternate bouncer if it is already visible
08-28 18:26:51.492  2228  2792 D [GF_HAL][HalContext]: [invokeCommand] err = 0, errno = GF_SUCCESS
08-28 18:26:51.492  2228  2792 I [GF_HAL][DelmarHalUtils]: [notifyAuthSuccess]     image_quality=79
08-28 18:26:51.492  2228  2792 I [GF_HAL][DelmarHalUtils]: [notifyAuthSuccess]     valid_area=100
08-28 18:26:51.492  2228  2792 E [GF_HAL][XIAOMI_FOD_BOOST]: set_process_priority:setscheduler prio to SCHED_OTHER
08-28 18:26:51.492  2228  2792 D [GF_HAL][CaEntry]: [sendCommand] request token: 262, target: 1001, cmd id: 22
08-28 18:26:51.492  2228  2792 D [GF_HAL][CaEntry]: [sendCommand] carveout_ion_handle_fd = 0,carveout_ion_handle_len = 0 
08-28 18:26:51.494  3998  3998 I ActiveUnlock: onDeviceUnlocked [CONTEXT service_id=327 ]
08-28 18:26:51.494   719   739 I keystore2: system/security/keystore2/src/authorization.rs:126 - on_device_unlocked(user_id=0, password.is_some()=false)
08-28 18:26:51.494  3291  3291 D CentralSurfaces: occluded=false
08-28 18:26:51.496  2387  3226 V ALSProbe: Disable ALS: 120203500
08-28 18:26:51.496  2387  3226 D FingerprintAuthenticationClient: Lockout is implemented by the HAL
08-28 18:26:51.496  3291  3291 D KeyguardViewMediator: keyguardDone
08-28 18:26:51.496  3291  3291 D KeyguardViewMediator: tryKeyguardDone: pending - false, animRan - false animRunning - false
08-28 18:26:51.496  3291  3291 D KeyguardViewMediator: mHideAnimationFinishedRunnable#run
08-28 18:26:51.496  3291  3291 D KeyguardViewMediator: tryKeyguardDone: pending - false, animRan - true animRunning - false
08-28 18:26:51.496  3291  3459 D KeyguardTransitionRepository: (Internal) Setting current transition info: TransitionInfo(ownerName=FromLockscreenTransitionInteractor(keyguard interactor says keyguard is going away), from=LOCKSCREEN, to=GONE, animated)
08-28 18:26:51.497  3291 25685 D BiometricStatusRepositoryImpl: authenticationState updated: Succeeded(biometricSourceType=FINGERPRINT, isStrongBiometric=true, requestReason=DeviceEntryAuthentication, userId=0)
08-28 18:26:51.497  2387  3226 D BiometricScheduler: [Finishing] {[29] com.android.server.biometrics.sensors.fingerprint.aidl.FingerprintAuthenticationClient, proto=3, owner=com.android.systemui, cookie=0, requestId=20, userId=0}, success: true
08-28 18:26:51.497  2387  3226 D GestureAvailabilityTracker: Notifying gesture availability, active=true
08-28 18:26:51.497  3291 25685 D BiometricStatusRepositoryImpl: authenticationState updated: Stopped(biometricSourceType=FINGERPRINT, requestReason=NotRunning)
08-28 18:26:51.497  2387  3226 D BiometricScheduler: No operations, returning to idle
08-28 18:26:51.497  2387  6526 I ColorDisplayService: Turning on night display
08-28 18:26:51.497  5589 31622 I AiAiEcho: (REDACTED) Settings changed for uri: %s
08-28 18:26:51.498 32298 32466 I .apps.wellbeing: AssetManager2(0xb40000721b81f478) locale list changing from [] to [en-US]
08-28 18:26:51.498  5589  6330 I AiAiEcho: (REDACTED) Predicting[%d]: %s
08-28 18:26:51.498  5589 31622 I AiAiEcho: (REDACTED) Settings changed for uri: %s
08-28 18:26:51.498  5589  6330 I AiAiEcho: (REDACTED) EchoTargets: %s
08-28 18:26:51.498  5589  6330 I AiAiEcho: Filtered by AiAi flag check: %s
08-28 18:26:51.499  3291  3291 D KeyguardViewMediator: keyguardGoingAway requested for userId: 0
08-28 18:26:51.499  2228  2792 D [GF_HAL][HalContext]: [invokeCommand] err = 0, errno = GF_SUCCESS
08-28 18:26:51.499  2228  2792 D [GF_HAL][CustomizedFingerprintCore]: [onAfterAuthAlgo] GF_SUCCESS
08-28 18:26:51.499  2228  2792 E [GF_HAL][DelmarFingerprintCore]: [needRetry] finger leave too fast.
08-28 18:26:51.499  2228  2792 D [GF_HAL][CustomizedSensor]: msg : 13
08-28 18:26:51.499  2228  2792 D [GF_HAL][DelmarHeartbeatRate]: [onMessage] onMessage msg:13
08-28 18:26:51.499  3291  3291 D AlternateBouncerInteractor: canShowAlternateBouncer changed to true
08-28 18:26:51.499  2387  6578 D WindowManager: Remove SleepToken: tag=keyguard, displayId=0
08-28 18:26:51.500  2387  6578 D ActivityTaskManager: Top Process State changed to PROCESS_STATE_TOP
08-28 18:26:51.500  3291  3340 V WindowManagerShell: Transition requested (#174): android.os.BinderProxy@bee1cc TransitionRequestInfo { type = TO_BACK, triggerTask = null, pipChange = null, remoteTransition = null, displayChange = null, flags = 260, debugId = 174 }
08-28 18:26:51.504  1547  1547 D vendor.qti.vibrator: Vibrator perform effect 0
08-28 18:26:51.506  5589  6330 I AiAiEcho: #remoteViewsTwiddler: feature disabled.
08-28 18:26:51.507  5589  6330 I AiAiEcho: (REDACTED) Predicting[%d]: %s
08-28 18:26:51.507  5589  6330 I AiAiEcho: (REDACTED) EchoTargets: %s
08-28 18:26:51.507  5589  6330 I AiAiEcho: Filtered by AiAi flag check: %s
08-28 18:26:51.507  1547  6479 D vendor.qti.vibrator: Starting perform on another thread
08-28 18:26:51.508  5589  6330 I AiAiEcho: #remoteViewsTwiddler: feature disabled.
08-28 18:26:51.508  5589  6330 I AiAiEcho: (REDACTED) Predicting[%d]: %s
08-28 18:26:51.509  5589  6330 I AiAiEcho: (REDACTED) EchoTargets: %s
08-28 18:26:51.509  5589  6330 I AiAiEcho: Filtered by AiAi flag check: %s
08-28 18:26:51.509  3291  3389 V SnapshotDrawerUtils: Drawing snapshot surface sizeMismatch=true
08-28 18:26:51.510 32298 32466 I .apps.wellbeing: AssetManager2(0xb40000721b823f78) locale list changing from [] to [en-US]
08-28 18:26:51.512  3291  3876 V WindowManagerShell: onTransitionReady(transaction=10252086943811)
08-28 18:26:51.512  3291  3340 V WindowManagerShell: onTransitionReady (#174) android.os.BinderProxy@bee1cc: {id=174 t=TO_BACK f=0x104 trk=0 r=[0@Point(0, 0)] c=[
08-28 18:26:51.512  3291  3340 V WindowManagerShell:         {m=TO_FRONT f=NONE p=WCT{android.window.IWindowContainerToken$Stub$Proxy@d859e64} leash=Surface(name=Task=102)/@0xff3c491 sb=Rect(0, 0 - 1440, 3200) eb=Rect(0, 0 - 1440, 3200) epz=Point(1440, 3200) d=0 taskParent=-1},
08-28 18:26:51.512  3291  3340 V WindowManagerShell:         {m=TO_FRONT f=FLAG_IS_TASK_DISPLAY_AREA leash=Surface(name=DefaultTaskDisplayArea)/@0x9d50ff6 sb=Rect(0, 0 - 1440, 3200) eb=Rect(0, 0 - 1440, 3200) epz=Point(1440, 3200) d=0}
08-28 18:26:51.512  3291  3340 V WindowManagerShell:     ]}
08-28 18:26:51.513  2387  2934 V WindowManager: Sent Transition (#174) createdAt=08-28 18:26:51.499 via request=TransitionRequestInfo { type = TO_BACK, triggerTask = null, pipChange = null, remoteTransition = null, displayChange = null, flags = 260, debugId = 174 }
08-28 18:26:51.513  2387  2934 V WindowManager:     startWCT=WindowContainerTransaction { changes= {} hops= [] errorCallbackToken=null taskFragmentOrganizer=null }
08-28 18:26:51.513  2387  2934 V WindowManager:     info={id=174 t=TO_BACK f=0x104 trk=0 r=[0@Point(0, 0)] c=[
08-28 18:26:51.513  2387  2934 V WindowManager:         {WCT{RemoteToken{9035ac8 Task{8dd60ac #102 type=standard A=10631:ru.andr7e.deviceinfohw}}} m=TO_FRONT f=NONE p=WCT{RemoteToken{ae8f316 DefaultTaskDisplayArea@229461555}} leash=Surface(name=Task=102)/@0x3ff4ba sb=Rect(0, 0 - 1440, 3200) eb=Rect(0, 0 - 1440, 3200) epz=Point(1440, 3200) d=0 taskParent=-1},
08-28 18:26:51.513  2387  2934 V WindowManager:         {WCT{RemoteToken{ae8f316 DefaultTaskDisplayArea@229461555}} m=TO_FRONT f=FLAG_IS_TASK_DISPLAY_AREA leash=Surface(name=DefaultTaskDisplayArea)/@0x56dda3e sb=Rect(0, 0 - 1440, 3200) eb=Rect(0, 0 - 1440, 3200) epz=Point(1440, 3200) d=0}
08-28 18:26:51.513  2387  2934 V WindowManager:     ]}
08-28 18:26:51.513  3291  3340 V WindowManagerShell: Playing animation for (#174) android.os.BinderProxy@bee1cc@0
08-28 18:26:51.513  3291  3340 V WindowManagerShell: start keyguard going-away transition, info = {id=174 t=TO_BACK f=0x104 trk=0 r=[0@Point(0, 0)] c=[{m=TO_FRONT f=NONE p=WCT{android.window.IWindowContainerToken$Stub$Proxy@d859e64} leash=Surface(name=Task=102)/@0xff3c491 sb=Rect(0, 0 - 1440, 3200) eb=Rect(0, 0 - 1440, 3200) epz=Point(1440, 3200) d=0 taskParent=-1},{m=TO_FRONT f=FLAG_IS_TASK_DISPLAY_AREA leash=Surface(name=DefaultTaskDisplayArea)/@0x9d50ff6 sb=Rect(0, 0 - 1440, 3200) eb=Rect(0, 0 - 1440, 3200) epz=Point(1440, 3200) d=0}]}
08-28 18:26:51.513  3291  3340 D KeyguardService: Starts IRemoteAnimationRunner: info={id=174 t=TO_BACK f=0x104 trk=0 r=[0@Point(0, 0)] c=[{m=TO_FRONT f=NONE p=WCT{android.window.IWindowContainerToken$Stub$Proxy@d859e64} leash=Surface(name=Task=102)/@0xff3c491 sb=Rect(0, 0 - 1440, 3200) eb=Rect(0, 0 - 1440, 3200) epz=Point(1440, 3200) d=0 taskParent=-1},{m=TO_FRONT f=FLAG_IS_TASK_DISPLAY_AREA leash=Surface(name=DefaultTaskDisplayArea)/@0x9d50ff6 sb=Rect(0, 0 - 1440, 3200) eb=Rect(0, 0 - 1440, 3200) epz=Point(1440, 3200) d=0}]}
08-28 18:26:51.513  5589  6330 I AiAiEcho: #remoteViewsTwiddler: feature disabled.
08-28 18:26:51.514  3291  3340 V WindowManagerShell:  animated by com.android.wm.shell.keyguard.KeyguardTransitionHandler@a3907f
08-28 18:26:51.514  5589  6330 I AiAiEcho: (REDACTED) Predicting[%d]: %s
08-28 18:26:51.514  5589  6330 I AiAiEcho: (REDACTED) EchoTargets: %s
08-28 18:26:51.514  5589  6330 I AiAiEcho: Filtered by AiAi flag check: %s
08-28 18:26:51.515 32298 32466 I .apps.wellbeing: AssetManager2(0xb40000721b822cb8) locale list changing from [] to [en-US]
08-28 18:26:51.515  5589  6330 I AiAiEcho: #remoteViewsTwiddler: feature disabled.
08-28 18:26:51.519  5589  6330 I AiAiEcho: (REDACTED) #postPredictionTargets: Sending updates to UISurface %s with targets# %s (types=[%s])
08-28 18:26:51.520  5589  6330 I AiAiEcho: (REDACTED) #postPredictionTargets: Sending updates to UISurface %s with targets# %s (types=[%s])
08-28 18:26:51.520  3502  3502 D SsBaseTemplateCard: No text view can be set up
08-28 18:26:51.520  3502  3502 D SsBaseTemplateCard: Passed-in item info is null
08-28 18:26:51.520  3502  3502 D SsBaseTemplateCard: Passed-in item info is null
08-28 18:26:51.520  3502  3502 D SsBaseTemplateCard: Passed-in item info is null
08-28 18:26:51.520  3502  3502 I SsBaseTemplateCard: Secondary card pane is null
08-28 18:26:51.521  3291  3291 I KeyguardTransitionRepository: STARTED transition: TransitionStep(from=LOCKSCREEN, to=GONE, value=0.0, transitionState=STARTED, ownerName=FromLockscreenTransitionInteractor(keyguard interactor says keyguard is going away))
08-28 18:26:51.522  3291  3291 E BufferQueueProducer: [e582d61 SurfaceView[UdfpsControllerOverlay]#153(BLAST Consumer)153](id:cdb000000a0,api:0,p:-1,c:3291) disconnect: not connected (req=2)
08-28 18:26:51.522  2387  3226 E FingerprintProvider/default: onPointerUp received during client: null
08-28 18:26:51.522  3291  3291 W UdfpsDisplayMode: disable | onDisabled is null
08-28 18:26:51.522  3291  3291 W UdfpsDisplayMode: disable | already disabled
08-28 18:26:51.523  5589  6330 I AiAiEcho: (REDACTED) #postPredictionTargets: Sending updates to UISurface %s with targets# %s (types=[%s])
08-28 18:26:51.524  3502  3502 D SsBaseTemplateCard: No text view can be set up
08-28 18:26:51.524  3502  3502 D SsBaseTemplateCard: Passed-in item info is null
08-28 18:26:51.524  3502  3502 D SsBaseTemplateCard: Passed-in item info is null
08-28 18:26:51.524  3502  3502 D SsBaseTemplateCard: Passed-in item info is null
08-28 18:26:51.524  3502  3502 I SsBaseTemplateCard: Secondary card pane is null
08-28 18:26:51.524  5589  6330 I AiAiEcho: (REDACTED) #postPredictionTargets: Sending updates to UISurface %s with targets# %s (types=[%s])
08-28 18:26:51.528  1547  6479 D vendor.qti.vibrator: Notifying perform complete
08-28 18:26:51.528 32298 32466 I .apps.wellbeing: AssetManager2(0xb40000721b8216d8) locale list changing from [] to [en-US]
08-28 18:26:51.529   719   739 I keystore2: system/security/keystore2/src/super_key.rs:1036 - Successfully unlocked user 0 with biometric 3867092742996155449
08-28 18:26:51.531  1547  1547 D vendor.qti.vibrator: QTI Vibrator off
08-28 18:26:51.532  1607  1607 I RefreshRateSelector: Display 4630946736638489730 policy changed
08-28 18:26:51.532  1607  1607 I RefreshRateSelector: Previous: {defaultModeId=0, allowGroupSwitching=false, primaryRanges={physical=[120.00 Hz, 120.00 Hz], render=[60.00 Hz, 120.00 Hz]}, appRequestRanges={physical=[120.00 Hz, 120.00 Hz], render=[0.00 Hz, 120.00 Hz]} idleScreenConfig=nullptr}
08-28 18:26:51.532  1607  1607 I RefreshRateSelector: Current:  DisplayManagerPolicy{defaultModeId=0, allowGroupSwitching=false, primaryRanges={physical=[60.00 Hz, 120.00 Hz], render=[60.00 Hz, 120.00 Hz]}, appRequestRanges={physical=[0.00 Hz, 120.00 Hz], render=[0.00 Hz, 120.00 Hz]} idleScreenConfig=nullptr}
08-28 18:26:51.532  1607  1607 I RefreshRateSelector: 0 mode changes were performed under the previous policy
08-28 18:26:51.532  1607  1607 D DisplayModeController: setDesiredMode 4630946736638489730 {mode={fps=120.00 Hz, modePtr={id=0, vsyncRate=120.00 Hz, peakRefreshRate=120.00 Hz}}, emitEvent=true, force=false}
08-28 18:26:51.542  2387  3238 D BackgroundInstallControlService: Package event received: 0
08-28 18:26:51.542  2387  3238 D BackgroundInstallControlService: Package event received: 0
08-28 18:26:51.542  2387  3238 D BackgroundInstallControlService: Package event received: 0
08-28 18:26:51.544 32298 32466 I .apps.wellbeing: AssetManager2(0xb40000721b821098) locale list changing from [] to [en-US]
08-28 18:26:51.551 32298 32466 I .apps.wellbeing: AssetManager2(0xb40000721b81b918) locale list changing from [] to [en-US]
08-28 18:26:51.552  3291  3291 D KeyguardViewMediator: handleStartKeyguardExitAnimation startTime=0 fadeoutDuration=0
08-28 18:26:51.552  3291  3291 D KeyguardUnlock: playCannedUnlockAnimation
08-28 18:26:51.552  3291  3291 D KeyguardUnlock: playCannedUnlockAnimation, surfaceBehindEntryAnimator#start
