08-28 18:19:17.678  5606  6419 I edey    : (REDACTED) >>> [%s] Emitting request locale: %s, secondaryLocales: %s, resources: %s, requestClient: %s
08-28 18:19:17.679  6564  7277 I .apps.wellbeing: AssetManager2(0xb40000721b7e0318) locale list changing from [] to [en-US]
08-28 18:19:17.680  6564  7277 I .apps.wellbeing: AssetManager2(0xb40000721b7e0c78) locale list changing from [] to [en-US]
08-28 18:19:17.680  6564  7277 I .apps.wellbeing: AssetManager2(0xb40000721b7e0638) locale list changing from [] to [en-US]
08-28 18:19:17.682  6564  7277 I .apps.wellbeing: AssetManager2(0xb40000721b7e3838) locale list changing from [] to [en-US]
08-28 18:19:17.683  6564  7277 I .apps.wellbeing: AssetManager2(0xb40000721b852d78) locale list changing from [] to [en-US]
08-28 18:19:17.684  6564  7277 I .apps.wellbeing: AssetManager2(0xb40000721b851ab8) locale list changing from [] to [en-US]
08-28 18:19:17.685  6564  7277 I .apps.wellbeing: AssetManager2(0xb40000721b84e278) locale list changing from [] to [en-US]
08-28 18:19:17.685  6564  7277 I .apps.wellbeing: AssetManager2(0xb40000721b84c338) locale list changing from [] to [en-US]
08-28 18:19:17.690 29769 29769 D nativeloader: Load libframework-connectivity-tiramisu-jni.so using APEX ns com_android_tethering for caller /apex/com.android.tethering/javalib/framework-connectivity-t.jar: ok
08-28 18:19:17.691 29769 29769 D AndroidRuntime: Calling main entry com.android.commands.monkey.Monkey
08-28 18:19:17.692 29769 29769 D nativeloader: Load /system/lib64/libmonkey_jni.so using ns default for caller /system/framework/monkey.jar in same partition (is_bridged=0): ok
08-28 18:19:17.694 29769 29769 W Monkey  : args: [-p, ru.andr7e.deviceinfohw, -c, android.intent.category.LAUNCHER, 1]
08-28 18:19:17.700 29769 29769 I AconfigPackage: android.os.profiling is mapped to com.android.profiling
08-28 18:19:17.702 29769 29769 I AconfigPackage: android.provider.flags is mapped to com.android.configinfrastructure
08-28 18:19:17.702 29769 29769 I AconfigPackage: com.android.server.deviceconfig is mapped to com.android.configinfrastructure
08-28 18:19:17.704 29769 29769 I AconfigPackage: android.uprobestats.mainline.flags is mapped to com.android.uprobestats
08-28 18:19:17.706 29769 29769 I AconfigPackage: android.media.swcodec.flags is mapped to com.android.media.swcodec
08-28 18:19:17.708 29769 29769 I AconfigPackage: com.android.cellbroadcastreceiver.flags is mapped to com.android.cellbroadcast
08-28 18:19:17.709 29769 29769 I AconfigPackage: com.android.os.statsd.flags is mapped to com.android.os.statsd
08-28 18:19:17.710 29769 29769 I AconfigPackage: com.android.media.extractor.flags is mapped to com.android.media
08-28 18:19:17.710 29769 29769 I AconfigPackage: com.android.media.mainline.flags is mapped to com.android.media
08-28 18:19:17.713 29769 29769 I AconfigPackage: com.android.nfc.flags is mapped to system
08-28 18:19:17.713 29769 29769 I AconfigPackage: android.app.admin.flags is mapped to system
08-28 18:19:17.713 29769 29769 I AconfigPackage: android.database.sqlite is mapped to system
08-28 18:19:17.713 29769 29769 I AconfigPackage: com.android.providers.calendar is mapped to system
08-28 18:19:17.713 29769 29769 I AconfigPackage: com.android.server.power.feature.flags is mapped to system
08-28 18:19:17.713 29769 29769 I AconfigPackage: com.android.settingslib.widget.theme.flags is mapped to system
08-28 18:19:17.713 29769 29769 I AconfigPackage: com.android.media.performance.flags is mapped to system
08-28 18:19:17.713 29769 29769 I AconfigPackage: android.app.contextualsearch.flags is mapped to system
08-28 18:19:17.713 29769 29769 I AconfigPackage: android.app.ondeviceintelligence.flags is mapped to system
08-28 18:19:17.713 29769 29769 I AconfigPackage: com.android.media.projection.flags is mapped to system
08-28 18:19:17.714 29769 29769 I AconfigPackage: android.companion is mapped to system
08-28 18:19:17.714 29769 29769 I AconfigPackage: android.service.controls.flags is mapped to system
08-28 18:19:17.714 29769 29769 I AconfigPackage: com.android.text.flags is mapped to system
08-28 18:19:17.714 29769 29769 I AconfigPackage: com.android.providers.contactkeys.flags is mapped to system
08-28 18:19:17.714 29769 29769 I AconfigPackage: com.android.intentresolver is mapped to system
08-28 18:19:17.714 29769 29769 I AconfigPackage: android.companion.virtualdevice.flags is mapped to system
08-28 18:19:17.714 29769 29769 I AconfigPackage: android.uprobestats.flags is mapped to system
08-28 18:19:17.714 29769 29769 I AconfigPackage: com.android.net.thread.platform.flags is mapped to system
08-28 18:19:17.714 29769 29769 I AconfigPackage: android.view.contentprotection.flags is mapped to system
08-28 18:19:17.714 29769 29769 I AconfigPackage: com.android.server.dreams is mapped to system
08-28 18:19:17.714 29769 29769 I AconfigPackage: com.android.graphics.surfaceflinger.flags is mapped to system
08-28 18:19:17.714 29769 29769 I AconfigPackage: com.android.hardware.input is mapped to system
08-28 18:19:17.714 29769 29769 I AconfigPackage: android.sdk is mapped to system
08-28 18:19:17.714 29769 29769 I AconfigPackage: com.android.input.flags is mapped to system
08-28 18:19:17.714 29769 29769 I AconfigPackage: android.tracing is mapped to system
08-28 18:19:17.714 29769 29769 I AconfigPackage: com.android.server.biometrics is mapped to system
08-28 18:19:17.714 29769 29769 I AconfigPackage: android.view.contentcapture.flags is mapped to system
08-28 18:19:17.714 29769 29769 I AconfigPackage: android.app.job is mapped to system
08-28 18:19:17.714 29769 29769 I AconfigPackage: android.content.res is mapped to system
08-28 18:19:17.714 29769 29769 I AconfigPackage: android.net.platform.flags is mapped to system
08-28 18:19:17.714 29769 29769 I AconfigPackage: com.android.aconfig.flags is mapped to system
08-28 18:19:17.714 29769 29769 I AconfigPackage: com.android.graphics.flags is mapped to system
08-28 18:19:17.714 29769 29769 I AconfigPackage: android.server.app is mapped to system
08-28 18:19:17.714 29769 29769 I AconfigPackage: android.speech.flags is mapped to system
08-28 18:19:17.714 29769 29769 I AconfigPackage: com.android.server.stats is mapped to system
08-28 18:19:17.714 29769 29769 I AconfigPackage: android.hardware.biometrics is mapped to system
08-28 18:19:17.714 29769 29769 I AconfigPackage: android.car.feature is mapped to system
08-28 18:19:17.714 29769 29769 I AconfigPackage: android.adpf is mapped to system
08-28 18:19:17.714 29769 29769 I AconfigPackage: android.location.flags is mapped to system
08-28 18:19:17.714 29769 29769 I AconfigPackage: com.android.settingslib.flags is mapped to system
08-28 18:19:17.714 29769 29769 I AconfigPackage: com.android.managedprovisioning.flags is mapped to system
08-28 18:19:17.714 29769 29769 I AconfigPackage: android.app.assist.flags is mapped to system
08-28 18:19:17.714 29769 29769 I AconfigPackage: com.android.server.net is mapped to system
08-28 18:19:17.714 29769 29769 I AconfigPackage: com.android.settingslib.widget.flags is mapped to system
08-28 18:19:17.714 29769 29769 I AconfigPackage: com.android.internal.camera.flags is mapped to system
08-28 18:19:17.714 29769 29769 I AconfigPackage: com.android.hardware.libsensor.flags is mapped to system
08-28 18:19:17.714 29769 29769 I AconfigPackage: com.android.internal.jank is mapped to system
08-28 18:19:17.714 29769 29769 I AconfigPackage: com.android.providers.settings is mapped to system
08-28 18:19:17.714 29769 29769 I AconfigPackage: android.multiuser is mapped to system
08-28 18:19:17.714 29769 29769 I AconfigPackage: com.android.server.power.optimization is mapped to system
08-28 18:19:17.714 29769 29769 I AconfigPackage: com.android.calllogbackup is mapped to system
08-28 18:19:17.714 29769 29769 I AconfigPackage: com.android.media.flags is mapped to system
08-28 18:19:17.714 29769 29769 I AconfigPackage: com.android.server.flags is mapped to system
08-28 18:19:17.714 29769 29769 I AconfigPackage: com.android.graphics.libvulkan.flags is mapped to system
08-28 18:19:17.714 29769 29769 I AconfigPackage: android.app.appfunctions.flags is mapped to system
08-28 18:19:17.714 29769 29769 I AconfigPackage: android.app.smartspace.flags is mapped to system
08-28 18:19:17.714 29769 29769 I AconfigPackage: com.android.providers.contacts.flags is mapped to system
08-28 18:19:17.714 29769 29769 I AconfigPackage: com.android.shell.flags is mapped to system
08-28 18:19:17.714 29769 29769 I AconfigPackage: com.android.media.aaudio is mapped to system
08-28 18:19:17.714 29769 29769 I AconfigPackage: android.hardware.radio is mapped to system
08-28 18:19:17.714 29769 29769 I AconfigPackage: suspend_service.flags is mapped to system
08-28 18:19:17.714 29769 29769 I AconfigPackage: android.media.midi is mapped to system
08-28 18:19:17.714 29769 29769 I AconfigPackage: com.android.libcore.readonly is mapped to system
08-28 18:19:17.714 29769 29769 I AconfigPackage: com.android.settingslib.widget.selectorwithwidgetpreference.flags is mapped to system
08-28 18:19:17.714 29769 29769 I AconfigPackage: android.service.notification is mapped to system
08-28 18:19:17.714 29769 29769 I AconfigPackage: com.android.systemui.shared is mapped to system
08-28 18:19:17.714 29769 29769 I AconfigPackage: android.app.jank is mapped to system
08-28 18:19:17.714 29769 29769 I AconfigPackage: android.app.wearable is mapped to system
08-28 18:19:17.714 29769 29769 I AconfigPackage: com.android.media.audio is mapped to system
08-28 18:19:17.714 29769 29769 I AconfigPackage: android.service.chooser is mapped to system
08-28 18:19:17.714 29769 29769 I AconfigPackage: com.android.server.compat is mapped to system
08-28 18:19:17.714 29769 29769 I AconfigPackage: com.android.server.alarm is mapped to system
08-28 18:19:17.714 29769 29769 I AconfigPackage: com.android.apex.flags is mapped to system
08-28 18:19:17.714 29769 29769 I AconfigPackage: android.service.quickaccesswallet is mapped to system
08-28 18:19:17.714 29769 29769 I AconfigPackage: android.app.usage is mapped to system
08-28 18:19:17.714 29769 29769 I AconfigPackage: com.android.server.accessibility is mapped to system
08-28 18:19:17.714 29769 29769 I AconfigPackage: android.app.supervision.flags is mapped to system
08-28 18:19:17.714 29769 29769 I AconfigPackage: com.android.server.utils is mapped to system
08-28 18:19:17.714 29769 29769 I AconfigPackage: android.chre.flags is mapped to system
08-28 18:19:17.714 29769 29769 I AconfigPackage: android.content.flags is mapped to system
08-28 18:19:17.714 29769 29769 I AconfigPackage: android.media.codec is mapped to system
08-28 18:19:17.714 29769 29769 I AconfigPackage: com.android.internal.os is mapped to system
08-28 18:19:17.714 29769 29769 I AconfigPackage: com.android.nfc.nci.flags is mapped to system
08-28 18:19:17.714 29769 29769 I AconfigPackage: android.app is mapped to system
08-28 18:19:17.714 29769 29769 I AconfigPackage: android.security.keystore2 is mapped to system
08-28 18:19:17.714 29769 29769 I AconfigPackage: android.crashrecovery.flags is mapped to system
08-28 18:19:17.714 29769 29769 I AconfigPackage: com.android.tradeinmode.flags is mapped to system
08-28 18:19:17.714 29769 29769 I AconfigPackage: android.hardware.flags is mapped to system
08-28 18:19:17.714 29769 29769 I AconfigPackage: com.android.server.telecom.flags is mapped to system
08-28 18:19:17.714 29769 29769 I AconfigPackage: com.android.settingslib.media.flags is mapped to system
08-28 18:19:17.714 29769 29769 I AconfigPackage: com.android.server.policy is mapped to system
08-28 18:19:17.714 29769 29769 I AconfigPackage: android.media.audiopolicy is mapped to system
08-28 18:19:17.714 29769 29769 I AconfigPackage: com.android.egg.flags is mapped to system
08-28 18:19:17.714 29769 29769 I AconfigPackage: com.android.internal.compat.flags is mapped to system
08-28 18:19:17.714 29769 29769 I AconfigPackage: android.security is mapped to system
08-28 18:19:17.714 29769 29769 I AconfigPackage: android.service.autofill is mapped to system
08-28 18:19:17.714 29769 29769 I AconfigPackage: com.example.android.aconfig.demo.flags is mapped to system
08-28 18:19:17.714 29769 29769 I AconfigPackage: android.view.flags is mapped to system
08-28 18:19:17.714 29769 29769 I AconfigPackage: android.companion.virtual.flags is mapped to system
08-28 18:19:17.714 29769 29769 I AconfigPackage: com.android.aconfig_new_storage is mapped to system
08-28 18:19:17.714 29769 29769 I AconfigPackage: com.android.server.feature.flags is mapped to system
08-28 18:19:17.714 29769 29769 I AconfigPackage: com.android.systemui is mapped to system
08-28 18:19:17.714 29769 29769 I AconfigPackage: com.android.server.power.batterysaver is mapped to system
08-28 18:19:17.714 29769 29769 I AconfigPackage: android.widget.flags is mapped to system
08-28 18:19:17.714 29769 29769 I AconfigPackage: com.android.media.editing.flags is mapped to system
08-28 18:19:17.714 29769 29769 I AconfigPackage: com.android.media.codec.flags is mapped to system
08-28 18:19:17.714 29769 29769 I AconfigPackage: com.android.server.powerstats is mapped to system
08-28 18:19:17.714 29769 29769 I AconfigPackage: com.android.graphics.egl.flags is mapped to system
08-28 18:19:17.714 29769 29769 I AconfigPackage: com.android.media.audioserver is mapped to system
08-28 18:19:17.714 29769 29769 I AconfigPackage: com.android.server.deviceidle is mapped to system
08-28 18:19:17.714 29769 29769 I AconfigPackage: android.nfc is mapped to system
08-28 18:19:17.714 29769 29769 I AconfigPackage: android.permission.flags is mapped to system
08-28 18:19:17.714 29769 29769 I AconfigPackage: android.service.voice.flags is mapped to system
08-28 18:19:17.714 29769 29769 I AconfigPackage: android.content.pm is mapped to system
08-28 18:19:17.714 29769 29769 I AconfigPackage: com.android.server.power.hint is mapped to system
08-28 18:19:17.714 29769 29769 I AconfigPackage: android.os is mapped to system
08-28 18:19:17.714 29769 29769 I AconfigPackage: android.service.dreams is mapped to system
08-28 18:19:17.714 29769 29769 I AconfigPackage: com.android.graphics.libgui.flags is mapped to system
08-28 18:19:17.714 29769 29769 I AconfigPackage: android.hardware.usb.flags is mapped to system
08-28 18:19:17.714 29769 29769 I AconfigPackage: android.provider is mapped to system
08-28 18:19:17.714 29769 29769 I AconfigPackage: com.android.server.job is mapped to system
08-28 18:19:17.714 29769 29769 I AconfigPackage: com.android.internal.foldables.flags is mapped to system
08-28 18:19:17.714 29769 29769 I AconfigPackage: com.android.internal.telephony.flags is mapped to system
08-28 18:19:17.714 29769 29769 I AconfigPackage: android.webkit is mapped to system
08-28 18:19:17.714 29769 29769 I AconfigPackage: android.credentials.flags is mapped to system
08-28 18:19:17.714 29769 29769 I AconfigPackage: com.android.server.display.feature.flags is mapped to system
08-28 18:19:17.714 29769 29769 I AconfigPackage: com.android.server.notification is mapped to system
08-28 18:19:17.714 29769 29769 I AconfigPackage: android.appwidget.flags is mapped to system
08-28 18:19:17.714 29769 29769 I AconfigPackage: com.android.frameworks.sensorservice.flags is mapped to system
08-28 18:19:17.714 29769 29769 I AconfigPackage: com.android.printspooler.flags is mapped to system
08-28 18:19:17.714 29769 29769 I AconfigPackage: com.android.window.flags is mapped to system
08-28 18:19:17.714 29769 29769 I AconfigPackage: android.adaptiveauth is mapped to system
08-28 18:19:17.714 29769 29769 I AconfigPackage: android.net.wifi.flags is mapped to system
08-28 18:19:17.714 29769 29769 I AconfigPackage: android.media.tv.flags is mapped to system
08-28 18:19:17.714 29769 29769 I AconfigPackage: com.android.server.usb.flags is mapped to system
08-28 18:19:17.714 29769 29769 I AconfigPackage: android.os.vibrator is mapped to system
08-28 18:19:17.714 29769 29769 I AconfigPackage: android.hardware.devicestate.feature.flags is mapped to system
08-28 18:19:17.714 29769 29769 I AconfigPackage: com.android.server.usage is mapped to system
08-28 18:19:17.714 29769 29769 I AconfigPackage: android.server is mapped to system
08-28 18:19:17.714 29769 29769 I AconfigPackage: com.android.wm.shell is mapped to system
08-28 18:19:17.714 29769 29769 I AconfigPackage: android.view.inputmethod is mapped to system
08-28 18:19:17.714 29769 29769 I AconfigPackage: com.android.graphics.hwui.flags is mapped to system
08-28 18:19:17.714 29769 29769 I AconfigPackage: com.android.server.backup is mapped to system
08-28 18:19:17.714 29769 29769 I AconfigPackage: com.android.internal.pm.pkg.component.flags is mapped to system
08-28 18:19:17.714 29769 29769 I AconfigPackage: android.view.accessibility is mapped to system
08-28 18:19:17.714 29769 29769 I AconfigPackage: android.media.audio is mapped to system
08-28 18:19:17.714 29769 29769 I AconfigPackage: com.android.server.am is mapped to system
08-28 18:19:17.714 29769 29769 I AconfigPackage: com.android.media.playback.flags is mapped to system
08-28 18:19:17.720 29769 29769 I AconfigPackage: com.android.system.virtualmachine.flags is mapped to com.android.virt
08-28 18:19:17.721 29769 29769 I AconfigPackage: com.android.devicelock.flags is mapped to com.android.devicelock
08-28 18:19:17.722 29769 29769 I AconfigPackage: com.android.wifi.flags is mapped to com.android.wifi
08-28 18:19:17.725 29769 29769 I AconfigPackage: com.android.adservices.ondevicepersonalization.flags is mapped to com.android.ondevicepersonalization
08-28 18:19:17.728 29769 29769 I AconfigPackage: com.android.appsearch.flags is mapped to com.android.appsearch
08-28 18:19:17.729 29769 29769 I AconfigPackage: android.graphics.pdf.flags is mapped to com.android.mediaprovider
08-28 18:19:17.729 29769 29769 I AconfigPackage: com.android.providers.media.flags is mapped to com.android.mediaprovider
08-28 18:19:17.729 29769 29769 I AconfigPackage: android.graphics.pdf.flags.readonly is mapped to com.android.mediaprovider
08-28 18:19:17.730 29769 29769 I AconfigPackage: com.android.bluetooth.flags is mapped to com.android.bt
08-28 18:19:17.732 29769 29769 I AconfigPackage: com.android.adservices.flags is mapped to com.android.adservices
08-28 18:19:17.732 29769 29769 I AconfigPackage: com.android.sdksandbox.flags is mapped to com.android.adservices
08-28 18:19:17.733 29769 29769 I AconfigPackage: com.android.art.flags is mapped to com.android.art
08-28 18:19:17.733 29769 29769 I AconfigPackage: com.android.libcore is mapped to com.android.art
08-28 18:19:17.734 29769 29769 I AconfigPackage: com.android.permission.flags is mapped to com.android.permission
08-28 18:19:17.735 29769 29769 I AconfigPackage: com.android.nfc.module.flags is mapped to com.android.nfcservices
08-28 18:19:17.736 29769 29769 I AconfigPackage: com.android.ipsec.flags is mapped to com.android.ipsec
08-28 18:19:17.738 29769 29769 I AconfigPackage: com.android.icu is mapped to com.android.i18n
08-28 18:19:17.739 29769 29769 I AconfigPackage: com.android.net.ct.flags is mapped to com.android.tethering
08-28 18:19:17.739 29769 29769 I AconfigPackage: com.android.net.flags is mapped to com.android.tethering
08-28 18:19:17.739 29769 29769 I AconfigPackage: android.net.vcn is mapped to com.android.tethering
08-28 18:19:17.739 29769 29769 I AconfigPackage: com.android.nearby.flags is mapped to com.android.tethering
08-28 18:19:17.739 29769 29769 I AconfigPackage: android.net.http is mapped to com.android.tethering
08-28 18:19:17.739 29769 29769 I AconfigPackage: com.android.net.thread.flags is mapped to com.android.tethering
08-28 18:19:17.739  3998  3998 D BoundBrokerSvc: onBind: Intent { act=com.google.android.gms.chimera.container.moduleinstall.ModuleInstallService.START dat=chimera-action:/... xflg=0x4 cmp=com.google.android.gms/.chimera.GmsApiService }
08-28 18:19:17.739  3998  3998 D BoundBrokerSvc: Loading bound service for intent: Intent { act=com.google.android.gms.chimera.container.moduleinstall.ModuleInstallService.START dat=chimera-action:/... xflg=0x4 cmp=com.google.android.gms/.chimera.GmsApiService }
08-28 18:19:17.741 29769 29769 I AconfigPackage: com.android.settings.accessibility is mapped to system_ext
08-28 18:19:17.741 29769 29769 I AconfigPackage: com.android.settings.keyboard is mapped to system_ext
08-28 18:19:17.741 29769 29769 I AconfigPackage: com.android.settings.factory_reset is mapped to system_ext
08-28 18:19:17.741 29769 29769 I AconfigPackage: com.android.systemui.accessibility.accessibilitymenu is mapped to system_ext
08-28 18:19:17.741 29769 29769 I AconfigPackage: com.android.server.policy.feature.flags is mapped to system_ext
08-28 18:19:17.741 29769 29769 I AconfigPackage: com.android.settings.flags is mapped to system_ext
08-28 18:19:17.741 29769 29769 I AconfigPackage: com.android.settings.media_drm is mapped to system_ext
08-28 18:19:17.741 29769 29769 I AconfigPackage: com.android.launcher3 is mapped to system_ext
08-28 18:19:17.742  3998  3998 D BoundBrokerSvc: onBind: Intent { act=com.google.android.gms.audit.service.START xflg=0x4 pkg=com.google.android.gms }
08-28 18:19:17.742  3998  3998 D BoundBrokerSvc: Loading bound service for intent: Intent { act=com.google.android.gms.audit.service.START xflg=0x4 pkg=com.google.android.gms }
08-28 18:19:17.742 29769 29769 I AconfigPackage: com.android.uwb.flags is mapped to com.android.uwb
08-28 18:19:17.742 29769 29769 I AconfigPackage: com.android.ranging.flags is mapped to com.android.uwb
08-28 18:19:17.743 29769 29769 I AconfigPackage: com.android.org.conscrypt.flags is mapped to com.android.conscrypt
08-28 18:19:17.744 29769 29769 I AconfigPackage: com.android.healthfitness.flags is mapped to com.android.healthfitness
08-28 18:19:17.744 29769 29769 E FeatureFlagsImplExport: android.os.flagging.AconfigStorageReadException: ERROR_PACKAGE_NOT_FOUND: package android.xr cannot be found on the device
08-28 18:19:17.745 29769 29769 W libc    : Access denied finding property "qemu.sf.lcd_density"
08-28 18:19:17.739 29769 29769 W commands.monkey: type=1400 audit(0.0:24581): avc:  denied  { read } for  name="u:object_r:qemu_sf_lcd_density_prop:s0" dev="tmpfs" ino=12714 scontext=u:r:shell:s0 tcontext=u:object_r:qemu_sf_lcd_density_prop:s0 tclass=file permissive=0
08-28 18:19:17.739 29769 29769 W commands.monkey: type=1400 audit(0.0:24582): avc:  denied  { read } for  name="u:object_r:qemu_sf_lcd_density_prop:s0" dev="tmpfs" ino=12714 scontext=u:r:shell:s0 tcontext=u:object_r:qemu_sf_lcd_density_prop:s0 tclass=file permissive=0
08-28 18:19:17.746 29769 29769 W libc    : Access denied finding property "qemu.sf.lcd_density"
08-28 18:19:17.750 29769 29769 W Monkey  :  arg: "-p"
08-28 18:19:17.750 29769 29769 W Monkey  :  arg: "ru.andr7e.deviceinfohw"
08-28 18:19:17.751 29769 29769 W Monkey  :  arg: "-c"
08-28 18:19:17.751 29769 29769 W Monkey  :  arg: "android.intent.category.LAUNCHER"
08-28 18:19:17.751 29769 29769 W Monkey  :  arg: "1"
08-28 18:19:17.751 29769 29769 W Monkey  : data="ru.andr7e.deviceinfohw"
08-28 18:19:17.751 29769 29769 W Monkey  : data="android.intent.category.LAUNCHER"
08-28 18:19:17.758  2387  3155 D EventHub: No input device configuration file found for device 'Monkey touch'.
08-28 18:19:17.761  2387  3155 I EventHub: usingClockIoctl=true
08-28 18:19:17.761  2387  3155 I EventHub: New device: id=8, fd=916, path='/dev/input/event7', name='Monkey touch', classes=TOUCH | TOUCH_MT, configuration='', keyLayout='', keyCharacterMap='', builtinKeyboard=false, 
08-28 18:19:17.763 28060 28168 W bjlk    : No value provided for the places model index flag.
08-28 18:19:17.764 28060 28168 W bjlk    : No value provided for the places model index flag.
08-28 18:19:17.764  2387  3155 I InputReader: Disabling Monkey touch (device 8) because the associated viewport is not active
08-28 18:19:17.764  2387  3155 I InputReader: Device reconfigured: id=8, name='Monkey touch', size 1440x3200, orientation Rotation0, mode DISABLED, display id 0
08-28 18:19:17.764  2387  3155 I InputReader: Disabling Monkey touch (device 8) because the associated viewport is not active
08-28 18:19:17.764  2387  3155 I InputReader: Device added: id=8, eventHubId=8, name='Monkey touch', descriptor='e1fe28b90f915c7d1febbd52c1ef84b3c4cbed9f',sources=TOUCHSCREEN
08-28 18:19:17.767  2387  2942 I system_server: AssetManager2(0xb40000721b81e7f8) locale list changing from [] to [en-US]
08-28 18:19:17.771 28060 28125 I efqa    : #initializeLanguages
08-28 18:19:17.774 28060 28146 I edha    : #getHotwordModelConfig
08-28 18:19:17.774 28060 28146 I cpjp    : (REDACTED) MDD.getFileGroup(%s)
08-28 18:19:17.780 28060 28168 I edhs    : SRM: AccountScoped session starting on service-side.
08-28 18:19:17.780 28060 28168 I edfk    : (REDACTED) <<< [%s] Received request for primary locale %s. Secondary locales: '%s'
08-28 18:19:17.780 28060 28168 I edfk    : (REDACTED) <<< [%s] Requested resources IDs: %s. Note that this is a noop because we currently return all resource for each request.
08-28 18:19:17.780 28060 28143 I edej    : (REDACTED) [%s] #getAndUpdateSodaResourceCollection
08-28 18:19:17.781 28060 28168 I DefaultLPManager: #getAvailablePackages
08-28 18:19:17.781 28060 28168 I efkq    : #getDownloadableLanguagePacks
08-28 18:19:17.781 28060 28169 I DefaultLPManager: #getRequestedPackages
08-28 18:19:17.781 28060 28169 I ZipLPPopulator: #addNewFileGroups
08-28 18:19:17.781 28060 28169 I efkq    : #getDownloadableLanguagePacks
08-28 18:19:17.781 28060 28143 I DefaultLPManager: #getAvailablePackages
08-28 18:19:17.781 28060 28146 I edej    : (REDACTED) [%s] #getImmediateResourceStates with locale %s. Secondary locales: %s
08-28 18:19:17.781 28060 28146 I edej    : (REDACTED) [%s] SRM initial state enabled (for hotword).
08-28 18:19:17.782 28060 28143 I efkq    : #getDownloadableLanguagePacks
08-28 18:19:17.782 28060 28146 I edej    : (REDACTED) [%s] #getInstalledLanguagePacks
08-28 18:19:17.782 28060 28167 I edej    : Skipping stopword download due to disablement by flag.
08-28 18:19:17.782 28060 28148 I cpjg    : Getting hotwordModelConfig
08-28 18:19:17.782 28060 28167 I efgj    : (REDACTED) MDD.getFileGroup(%s)
08-28 18:19:17.782 28060 28148 I cpjg    : Getting hotwordModelConfig
08-28 18:19:17.782 28060 28146 I edej    : Skipping Nes download due to disablement by flag.
08-28 18:19:17.784  5606  6419 I edey    : (REDACTED) <<< [%s] Reading SodaResourceManager message with initial resourceIds: '%s.'
08-28 18:19:17.785 28060 28168 I eflj    : (REDACTED) Loaded languagepack (LP) flag value from latest config %s: %s
08-28 18:19:17.786 28060 28146 I edbk    : (REDACTED) [%s] #updateResource begin
08-28 18:19:17.786 28060 28168 W SystemLPSourceImpl: #getAvailablePackages: Note there is not reason to call this method, as getInstalledPackages() returns the same LanguagePacks for this impl.
08-28 18:19:17.786 28060 28146 I edbk    : (REDACTED) [%s] #updateResource end
08-28 18:19:17.786 28060 28168 W LegacyLPSourceImpl: #getAvailablePackages: Note there is no reason to call this method, as getInstalledPackages() returns the same LanguagePacks for this impl.
08-28 18:19:17.786 28060 28143 I eflj    : (REDACTED) Loaded languagepack (LP) flag value from latest config %s: %s
08-28 18:19:17.787 28060 28143 W SystemLPSourceImpl: #getAvailablePackages: Note there is not reason to call this method, as getInstalledPackages() returns the same LanguagePacks for this impl.
08-28 18:19:17.787 28060 28143 W LegacyLPSourceImpl: #getAvailablePackages: Note there is no reason to call this method, as getInstalledPackages() returns the same LanguagePacks for this impl.
08-28 18:19:17.787 28060 28143 I DefaultLPManager: #getInstalledPackages
08-28 18:19:17.787 28060 28143 I efkq    : #getInstalledPackages from MDD
08-28 18:19:17.787 28060 28143 I efkq    : #GetLanguagePackList
08-28 18:19:17.787 28060 28143 I efkq    : MDD.getFileGroupsByFilter(langpack-domain_xx-XX_ver_zipfile)
08-28 18:19:17.788  5606  6482 I edey    : (REDACTED) <<< [%s] Reading SodaResourceManager message with updated resourceIds: %s. Total set: %s
08-28 18:19:17.788 28060 28169 I eflj    : (REDACTED) Loaded languagepack (LP) flag value from latest config %s: %s
08-28 18:19:17.788 28060 28169 W SystemLPSourceImpl: #getRequestedPackages: There is not reason to call this method, as the result is always empty.
08-28 18:19:17.788 28060 28169 W LegacyLPSourceImpl: #getRequestedPackages: There is no reason to call this method, as the result is always empty.
08-28 18:19:17.788  5606  6482 I edey    : (REDACTED) <<< [%s] Reading SodaResourceManager message with updated resourceIds: %s. Total set: %s
08-28 18:19:17.788 28060 28167 I LPRequestState: (REDACTED) [%s] #resolveDesiredLanguagePacks
08-28 18:19:17.789 28060 28127 I SystemLPSourceImpl: (REDACTED) Parsed system partition LanguagePack metadata file: %s
08-28 18:19:17.789 28060 28125 I SystemLPSourceImpl: (REDACTED) Parsed system partition LanguagePack metadata file: %s
08-28 18:19:17.789 28060 28148 I SystemLPSourceImpl: (REDACTED) Parsed system partition LanguagePack metadata file: %s
08-28 18:19:17.790  2387  3008 W ActivityManager: registerReceiverWithFeature: no app for null
08-28 18:19:17.792  2387  3155 E WindowManager: Display reconfigured outside of a transition: Display{#0 state=OFF size=1440x3200 ROTATION_0}
08-28 18:19:17.793  5563  5563 I PkDeviceHelper: PkDeviceHelper.refreshDevices():93 refreshing devices
08-28 18:19:17.793  2387  2963 D BrightnessThermalClamper: Thermal status observer already started
08-28 18:19:17.795 28060 28143 I ZipLPPopulator: #addNewFileGroups complete
08-28 18:19:17.795 28060 28143 I efkq    : #getPendingPackages from MDD
08-28 18:19:17.795 28060 28143 I efkq    : #GetLanguagePackList
08-28 18:19:17.795 28060 28143 I efkq    : MDD.getFileGroupsByFilter(langpack-domain_xx-XX_ver_zipfile)
08-28 18:19:17.796  1491 25131 D audio_hw_primary: adev_set_parameters: enter: screen_state=off
08-28 18:19:17.796  1491 25131 V msm8974_platform: platform_set_parameters: enter: screen_state=off
08-28 18:19:17.796  1491 25131 D msm8974_platform: platform_set_parameters: exit with code(0)
08-28 18:19:17.796  1491 25131 D sound_trigger_hw: handle_screen_status_change: screen off
08-28 18:19:17.796  1491 25131 D sound_trigger_hw_common: st_hw_check_and_update_lpi: lpi NOT supported due to concurrency
08-28 18:19:17.796  1491 25131 D audio_hw_cspl_cal: cirrus_cal_setparameters: enter 0xeb500010
08-28 18:19:17.796  1491 25131 D audio_hw_primary: adev_set_parameters: exit with code(0)
08-28 18:19:17.798  2387  2935 D WindowManager: DeferredDisplayUpdater: partially applying DisplayInfo(1440 x 3200) immediately
08-28 18:19:17.805  2387  2873 W ActivityTaskManager: callingPackage for (uid=2000, pid=29769) has no WPC
08-28 18:19:17.806  2387  2873 V GrammaticalInflectionUtils: AttributionSource: android.content.AttributionSource@2345c8c2 does not have READ_SYSTEM_GRAMMATICAL_GENDER permission.
08-28 18:19:17.807  2387  2873 D ActivityTaskManager: Temporarily retain top process state for launching app
08-28 18:19:17.812  2387  2873 I ActivityTaskManager: START u0 {act=android.intent.action.MAIN cat=[android.intent.category.LAUNCHER] flg=0x10200000 cmp=ru.andr7e.deviceinfohw/.MainActivity} with LAUNCH_MULTIPLE from uid 2000 (BAL_ALLOW_PERMISSION) result code=0
08-28 18:19:17.813 29769 29769 I Monkey  : Events injected: 1
08-28 18:19:17.813  3291  3340 V WindowManagerShell: Transition requested (#97): android.os.BinderProxy@30cd772 TransitionRequestInfo { type = OPEN, triggerTask = TaskInfo{userId=0 taskId=91 effectiveUid=10631 displayId=0 isRunning=true baseIntent=Intent { act=android.intent.action.MAIN cat=[android.intent.category.LAUNCHER] flg=0x10200000 cmp=ru.andr7e.deviceinfohw/.MainActivity } baseActivity=ComponentInfo{ru.andr7e.deviceinfohw/ru.andr7e.deviceinfohw.MainActivity} topActivity=ComponentInfo{ru.andr7e.deviceinfohw/ru.andr7e.deviceinfohw.MainActivity} origActivity=null realActivity=ComponentInfo{ru.andr7e.deviceinfohw/ru.andr7e.deviceinfohw.MainActivity} numActivities=1 lastActiveTime=1182189 supportsMultiWindow=true resizeMode=1 isResizeable=true minWidth=-1 minHeight=-1 defaultMinSize=220 token=WCT{android.window.IWindowContainerToken$Stub$Proxy@a48a7c3} topActivityType=1 pictureInPictureParams=null shouldDockBigOverlays=false launchIntoPipHostTaskId=-1 lastParentTaskIdBeforePip=-1 displayCutoutSafeInsets=Rect(0, 137 - 0, 0) topActivityInfo=ActivityInfo{7df0840 ru.andr7e.deviceinfohw.MainActivity} launchCookies=[] positionInParent=Point(0, 0) parentTaskId=-1 isFocused=false isVisible=false isVisibleRequested=false isTopActivityNoDisplay=false isSleeping=true locusId=null displayAreaFeatureId=1 isTopActivityTransparent=false isActivityStackTransparent=false lastNonFullscreenBounds=Rect(373, 908 - 1068, 2348) capturedLink=null capturedLinkTimestamp=0 requestedVisibleTypes=-9 topActivityRequestOpenInBrowserEducationTimestamp=0 appCompatTaskInfo=AppCompatTaskInfo { topActivityInSizeCompat=false eligibleForLetterboxEducation= false isLetterboxEducationEnabled= false isLetterboxDoubleTapEnabled= false eligibleForUserAspectRatioButton= false topActivityBoundsLetterboxed= false isFromLetterboxDoubleTap= false topActivityLetterboxVerticalPosition= -1 topActivityLetterboxHorizontalPosition= -1 topActivityLetterboxWidth=-1 topActivityLetterboxHeight=-1 topActivityAppBounds=Rect(0, 137 - 1440, 3120) isUserFullscreenOverrideEnabled=false isSystemFullscreenOverrideEnabled=false hasMinAspectRatioOverride=false topActivityLetterboxBounds=null cameraCompatTaskInfo=CameraCompatTaskInfo { freeformCameraCompatMode=inactive}} topActivityMainWindowFrame=null}, pipChange = null, remoteTransition = null, displayChange = null, flags = 0, debugId = 97 }
08-28 18:19:17.814  3291  3340 D ShellSplitScreen: logExit: no-op, mLoggerSessionId is null
08-28 18:19:17.816  2387  2937 V GrammaticalInflectionUtils: AttributionSource: android.content.AttributionSource@2345c8c2 does not have READ_SYSTEM_GRAMMATICAL_GENDER permission.
08-28 18:19:17.816  2387  2942 I system_server: AssetManager2(0xb40000721b821d18) locale list changing from [] to [en-US]
08-28 18:19:17.818 29769 29769 I Monkey  : ## Network stats: elapsed time=15ms (0ms mobile, 0ms wifi, 15ms not connected)
08-28 18:19:17.819 29769 29769 I app_process: System.exit called, status: 0
08-28 18:19:17.819 29769 29769 I AndroidRuntime: VM exiting with result code 0.
08-28 18:19:17.825  1317  1317 D Zygote  : Forked child process 29820
08-28 18:19:17.826  2387  2944 I ActivityManager: Start proc 29820:ru.andr7e.deviceinfohw/u0a631 for top-activity {ru.andr7e.deviceinfohw/ru.andr7e.deviceinfohw.MainActivity}
08-28 18:19:17.826  2387  2944 I ActivityManager: ProcessObserver broadcast disabled
08-28 18:19:17.835  2387  3155 I EventHub: Removing device Monkey touch due to epoll hang-up event.
08-28 18:19:17.835  2387  3155 I EventHub: Removed device: path=/dev/input/event7 name=Monkey touch id=8 fd=916 classes=TOUCH | TOUCH_MT
08-28 18:19:17.836  2387  3155 I InputReader: Device removed: id=8, eventHubId=8, name='Monkey touch', descriptor='e1fe28b90f915c7d1febbd52c1ef84b3c4cbed9f', sources=TOUCHSCREEN
08-28 18:19:17.841  2387  2942 I system_server: AssetManager2(0xb40000721b828118) locale list changing from [] to [en-US]
08-28 18:19:17.845 28060 28127 I cpjp    : (REDACTED) Loading %s from MDD with name=%s version=%d BuildId= %d
08-28 18:19:17.845 28060 28125 W efgj    : No downloaded contextual models.
08-28 18:19:17.846 29820 29820 I 7e.deviceinfohw: Using CollectorTypeCMC GC.
08-28 18:19:17.848 29820 29820 E 7e.deviceinfohw: Not starting debugger since process cannot load the jdwp agent.
08-28 18:19:17.849 29820 29820 W 7e.deviceinfohw: Thread Pool max thread count is 0. Cannot cache binder as linkToDeath cannot be implemented. serviceName: activity
08-28 18:19:17.853 28060 28167 I cpjp    : (REDACTED) [SRM] [Hotword] get hotword model config success, %d locales.
08-28 18:19:17.853 28060 28167 I edha    : (REDACTED) Mobserve returned config w/ build ID: %d
08-28 18:19:17.854 28060 28167 I edha    : (REDACTED) Returning hotword config from Mobserve with build %d and keys: %s
08-28 18:19:17.855 28060 28167 I cpjg    : (REDACTED) Setting hotwordModelConfig=%s
08-28 18:19:17.855 28060 28167 I cpjg    : MDD.refreshFileGroups(hotwordFileGroupPopulator)
08-28 18:19:17.855 28060 28167 I cpjg    : MDD refresh completed.
08-28 18:19:17.855 28060 28146 I RawResourceModule: ResourceModule updated locale map and refreshed MDD.
08-28 18:19:17.856 28060 28127 I cpjg    : MDD.refreshFileGroups(hotwordFileGroupPopulator)
08-28 18:19:17.856 28060 28148 I cpjg    : MDD.refreshFileGroups(hotwordFileGroupPopulator)
08-28 18:19:17.857 28060 28127 I cpis    : (REDACTED) MDD.addFileGroup(%s)
08-28 18:19:17.857 28060 28148 I cpis    : (REDACTED) MDD.addFileGroup(%s)
08-28 18:19:17.863  2387  2963 D BrightnessThermalClamper: Thermal status observer already started
08-28 18:19:17.863  3502  3502 D TouchInteractionService: disposeEventHandlers: Reason: Initializing input monitor due to: onTrackpadConnected() instance=78027511
08-28 18:19:17.863  3502  3502 D InputMonitorCompat: Input event receiver for monitor (swipe-up-disp0) disposed
08-28 18:19:17.864  5563  5563 I PkDeviceHelper: PkDeviceHelper.refreshDevices():93 refreshing devices
08-28 18:19:17.864  3502  3502 D InputMonitorCompat: Input monitor (swipe-up-disp0) disposed
08-28 18:19:17.865  2387  3155 I EventHub: Removing device '/dev/input/event7' due to inotify event
08-28 18:19:17.865  3291  3291 D NavigationModeController: getCurrentUserContext: contextUser=0 currentUser=0
08-28 18:19:17.867  3502  3502 D InputMonitorCompat: Input monitor (swipe-up-disp0) created
08-28 18:19:17.867  3502  3502 D InputMonitorCompat: Input event receiver for monitor (swipe-up-disp0) created
08-28 18:19:17.874 28060 28168 I DefaultLPManager: #getPackage
08-28 18:19:17.874 28060 28168 I edej    : (REDACTED) [%s] Installed LanguagePacks: %s
08-28 18:19:17.874 28060 28168 I edej    : (REDACTED) [%s] Pending pack: %s
08-28 18:19:17.884 28060 29815 I cpis    : (REDACTED) MDD.addFileGroup(%s) returned %b
08-28 18:19:17.884 28060 29815 I cpjg    : MDD refresh completed.
08-28 18:19:17.884 28060 28143 I cpjg    : Trying to get last downloaded model for current locale.
08-28 18:19:17.884 28060 29815 I cpis    : (REDACTED) MDD.addFileGroup(%s) returned %b
08-28 18:19:17.884 28060 29815 I cpjg    : MDD refresh completed.
08-28 18:19:17.884 28060 28143 I cpjg    : (REDACTED) MDD.getFileGroup(%s)
08-28 18:19:17.885 28060 28168 I cpjg    : Trying to get last downloaded model for current locale.
08-28 18:19:17.885 28060 28168 I cpjg    : (REDACTED) MDD.getFileGroup(%s)
08-28 18:19:17.885 28060 28127 I cpjg    : (REDACTED) MDD get/download %s returned successful.
08-28 18:19:17.886 28060 28127 I cpjg    : (REDACTED) MDD returned hotwordModelSpec %s
08-28 18:19:17.886 28060 28137 I cpjg    : (REDACTED) MDD get/download %s returned successful.
08-28 18:19:17.886 28060 28137 I cpjg    : (REDACTED) MDD returned hotwordModelSpec %s
08-28 18:19:17.892  2387  2942 I system_server: AssetManager2(0xb40000721b8290b8) locale list changing from [] to [en-US]
08-28 18:19:17.897 28060 28145 I cpjg    : (REDACTED) HotwordModel returned with path: %s
08-28 18:19:17.898 28060 28168 I cpjg    : (REDACTED) HotwordModel returned with path: %s
08-28 18:19:17.899 28060 28145 I cpjg    : (REDACTED) Scraping model ID for model of size %d
08-28 18:19:17.899 28060 28145 I cpjg    : (REDACTED) Scraped model ID: %s
08-28 18:19:17.899 28060 28137 I edjk    : (REDACTED) Returning hotword model with ID: %s
08-28 18:19:17.900 28060 28168 I cpjg    : (REDACTED) Scraping model ID for model of size %d
08-28 18:19:17.900 28060 28168 I cpjg    : (REDACTED) Scraped model ID: %s
08-28 18:19:17.900 28060 28137 I edjk    : (REDACTED) Returning hotword model with ID: %s
08-28 18:19:17.905  5606  6482 I edey    : (REDACTED) <<< [%s] Reading SodaResourceManager message with updated resourceIds: %s. Total set: %s
08-28 18:19:17.905  5606  6482 I edey    : (REDACTED) <<< [%s] SodaResourceManager session emitted all requested resources: %s. Ok to terminate.
08-28 18:19:17.910 28060 28169 I edej    : (REDACTED) [%s] #getLatestServerTisidVoiceprint: %s
08-28 18:19:17.910 28060 28169 I edej    : (REDACTED) [%s] Server Tisid voiceprint queries skipped because ServerTisid-specific flag is disabled.
08-28 18:19:17.910 28060 28168 I cplk    : #getTdsidModel
08-28 18:19:17.910 28060 28145 I cplk    : #getTisidModel
08-28 18:19:17.911 28060 28168 I cplk    : #initialize
08-28 18:19:17.914 28060 28168 I edej    : (REDACTED) [%s] SRM initial state for hotword: '%s'
08-28 18:19:17.915  5606  6482 I edey    : (REDACTED) <<< [%s] Reading SodaResourceManager message with initial resourceIds: '%s.'
08-28 18:19:17.915  5606  6482 I edey    : (REDACTED) <<< [%s] SodaResourceManager session emitted all requested resources: %s. Ok to terminate.
08-28 18:19:17.919 28060 28137 I cpjg    : Getting hotwordModelConfig
08-28 18:19:17.922 28060 28148 I cpjg    : MDD.refreshFileGroups(hotwordFileGroupPopulator)
08-28 18:19:17.923 28060 28148 I cpis    : (REDACTED) MDD.addFileGroup(%s)
08-28 18:19:17.923  5606  6411 I edey    : (REDACTED) <<< [%s] Reading SodaResourceManager message with updated resourceIds: %s. Total set: %s
08-28 18:19:17.924  5606  6411 I edey    : (REDACTED) <<< [%s] SodaResourceManager session emitted all requested resources: %s. Ok to terminate.
08-28 18:19:17.924  2387  2942 I system_server: AssetManager2(0xb40000721b825558) locale list changing from [] to [en-US]
08-28 18:19:17.924 28060 29815 I cpis    : (REDACTED) MDD.addFileGroup(%s) returned %b
08-28 18:19:17.924 28060 29815 I cpjg    : MDD refresh completed.
08-28 18:19:17.924 28060 28168 I cpjg    : (REDACTED) Trying to get latest model with timeout: %dms.
08-28 18:19:17.925 28060 28168 I cpjg    : Trying to get latest model bytes.
08-28 18:19:17.925 28060 28168 I cpjg    : (REDACTED) Trying to get preloaded model for matching URL. (locale=%s)
08-28 18:19:17.925 28060 28143 I cpjg    : Preloaded model not available. Attempting download.
08-28 18:19:17.925 28060 28143 I cpjg    : Trying to get latest MDD Model bytes.
08-28 18:19:17.926 28060 28143 I cpjg    : (REDACTED) MDD.getFileGroup(%s)
08-28 18:19:17.927 28060 28143 I cpjg    : (REDACTED) MDD.downloadFileGroup(%s)
08-28 18:19:17.928 28060 28137 I cpjg    : (REDACTED) MDD get/download %s returned successful.
08-28 18:19:17.928 28060 28137 I cpjg    : (REDACTED) MDD returned hotwordModelSpec %s
08-28 18:19:17.928 28060 28127 I cplk    : First init for this EnrollmentManager instance.
08-28 18:19:17.928 28060 28127 I cplk    : Didn't find an initialized EnrollmentManager. Updating config.
08-28 18:19:17.928 28060 28127 I A       : (REDACTED) updateConfig: Hotword present: %b, LP directory: %s
08-28 18:19:17.935 28060 28145 I cpjg    : (REDACTED) HotwordModel returned with path: %s
08-28 18:19:17.937 28060 28145 I cpjg    : (REDACTED) Scraping model ID for model of size %d
08-28 18:19:17.937 28060 28145 I cpjg    : (REDACTED) Scraped model ID: %s
08-28 18:19:17.937 28060 28137 I edjk    : (REDACTED) Returning hotword model with ID: %s
08-28 18:19:17.942 28060 28145 I cplk    : #getTdsidModel
08-28 18:19:17.954  6564  7277 I .apps.wellbeing: AssetManager2(0xb40000721b84dc38) locale list changing from [] to [en-US]
08-28 18:19:17.954 28737 29777 I ixplorer.silver: AssetManager2(0xb40000721b7ea598) locale list changing from [] to [en-US]
08-28 18:19:17.968 28737 29777 I ixplorer.silver: AssetManager2(0xb40000721b7eb538) locale list changing from [] to [en-US]
08-28 18:19:17.968  6564  7277 I .apps.wellbeing: AssetManager2(0xb40000721b84d5f8) locale list changing from [] to [en-US]
08-28 18:19:17.969  2387  2942 I system_server: AssetManager2(0xb40000721b854358) locale list changing from [] to [en-US]
08-28 18:19:17.972  6564  7277 I .apps.wellbeing: AssetManager2(0xb40000721b852a58) locale list changing from [] to [en-US]
08-28 18:19:17.974 28737 29777 I ixplorer.silver: AssetManager2(0xb40000721b7ecb18) locale list changing from [] to [en-US]
08-28 18:19:17.987  6564  7277 I .apps.wellbeing: AssetManager2(0xb40000721b7fedb8) locale list changing from [] to [en-US]
08-28 18:19:17.987 28737 29777 I ixplorer.silver: AssetManager2(0xb40000721b7e7398) locale list changing from [] to [en-US]
08-28 18:19:17.989  2387  2942 I system_server: AssetManager2(0xb40000721b803bd8) locale list changing from [] to [en-US]
08-28 18:19:17.990   681   681 I lowmemorykiller: Kill 'com.google.android.contacts' (27638), uid 10518, oom_score_adj 975 to free 144956kB rss, 25932kB swap; reason: low watermark is breached
08-28 18:19:17.994 28737 29777 I ixplorer.silver: AssetManager2(0xb40000721b7ee418) locale list changing from [] to [en-US]
08-28 18:19:17.995  6564  7277 I .apps.wellbeing: AssetManager2(0xb40000721b7fc838) locale list changing from [] to [en-US]
08-28 18:19:17.998 28060 28127 D nativeloader: Load /data/app/~~ACbICYtkYuFHDdzqibT6iw==/com.google.android.googlequicksearchbox-GhSOx7aI8EYydUtrkja06Q==/base.apk!/lib/arm64-v8a/libgoogle_speech_jni.so using class loader ns clns-10 (caller=/data/app/~~ACbICYtkYuFHDdzqibT6iw==/com.google.android.googlequicksearchbox-GhSOx7aI8EYydUtrkja06Q==/base.apk): ok
08-28 18:19:17.998 28060 28127 I cphq    : (REDACTED) Loaded SODA %s native library: %s
08-28 18:19:17.999 28737 29777 I ixplorer.silver: AssetManager2(0xb40000721b7ee0f8) locale list changing from [] to [en-US]
08-28 18:19:18.000  6564  7277 I .apps.wellbeing: AssetManager2(0xb40000721b7f89b8) locale list changing from [] to [en-US]
08-28 18:19:18.002  6564  7277 I .apps.wellbeing: AssetManager2(0xb40000721b7f9c78) locale list changing from [] to [en-US]
08-28 18:19:18.004 28737 29777 I ixplorer.silver: AssetManager2(0xb40000721b7ed158) locale list changing from [] to [en-US]
08-28 18:19:18.007 28060 28145 I native  : I0000 00:00:1756397958.007490   28145 enrollment_manager_impl.cc:455] UpdateConfigRequest with timeout: 0
08-28 18:19:18.008  6564  7277 I .apps.wellbeing: AssetManager2(0xb40000721b801018) locale list changing from [] to [en-US]
08-28 18:19:18.010 28737 29777 I ixplorer.silver: AssetManager2(0xb40000721b7e95f8) locale list changing from [] to [en-US]
08-28 18:19:18.011  6564  7277 I .apps.wellbeing: AssetManager2(0xb40000721b800078) locale list changing from [] to [en-US]
08-28 18:19:18.013 28737 29777 I ixplorer.silver: AssetManager2(0xb40000721b7eabd8) locale list changing from [] to [en-US]
08-28 18:19:18.014  6564  7277 I .apps.wellbeing: AssetManager2(0xb40000721b855f78) locale list changing from [] to [en-US]
08-28 18:19:18.015 28737 29777 I ixplorer.silver: AssetManager2(0xb40000721b7e8658) locale list changing from [] to [en-US]
08-28 18:19:18.016  6564  7277 I .apps.wellbeing: AssetManager2(0xb40000721b7f8cd8) locale list changing from [] to [en-US]
08-28 18:19:18.017 28737 29777 I ixplorer.silver: AssetManager2(0xb40000721b7e9918) locale list changing from [] to [en-US]
08-28 18:19:18.019  6564  7277 I .apps.wellbeing: AssetManager2(0xb40000721b7faf38) locale list changing from [] to [en-US]
08-28 18:19:18.020 28737 29777 I ixplorer.silver: AssetManager2(0xb40000721b7eb858) locale list changing from [] to [en-US]
08-28 18:19:18.020  2387  6607 I ActivityManager: Process com.google.android.contacts (pid 27638) has died: cch+75 CEM 
08-28 18:19:18.021  2242  2242 I adbd    : Remote process closed the socket (on MSG_PEEK)
08-28 18:19:18.022  1317  1317 I Zygote  : Process 27638 exited due to signal 9 (Killed)
08-28 18:19:18.023  2387  2945 I libprocessgroup: Removed cgroup /sys/fs/cgroup/apps/uid_10518/pid_27638
08-28 18:19:18.023  6564  7277 I .apps.wellbeing: AssetManager2(0xb40000721b7fde18) locale list changing from [] to [en-US]
08-28 18:19:18.024 28737 29777 I ixplorer.silver: AssetManager2(0xb40000721b7e6d58) locale list changing from [] to [en-US]
08-28 18:19:18.024  2387  2942 I system_server: AssetManager2(0xb40000721b8200f8) locale list changing from [] to [en-US]
08-28 18:19:18.025  6564  7277 I .apps.wellbeing: AssetManager2(0xb40000721b85c698) locale list changing from [] to [en-US]
08-28 18:19:18.027 28737 29777 I ixplorer.silver: AssetManager2(0xb40000721b7ea8b8) locale list changing from [] to [en-US]
08-28 18:19:18.034  6564  7277 I .apps.wellbeing: AssetManager2(0xb40000721b7fb578) locale list changing from [] to [en-US]
08-28 18:19:18.034 28737 29777 I ixplorer.silver: AssetManager2(0xb40000721b7ece38) locale list changing from [] to [en-US]
08-28 18:19:18.037  6564  7277 I .apps.wellbeing: AssetManager2(0xb40000721b8057f8) locale list changing from [] to [en-US]
08-28 18:19:18.039 28060 29825 I tflite  : Initialized TensorFlow Lite runtime.
08-28 18:19:18.040  6564  7277 I .apps.wellbeing: AssetManager2(0xb40000721b8022d8) locale list changing from [] to [en-US]
08-28 18:19:18.041 28737 29777 I ixplorer.silver: AssetManager2(0xb40000721b7eaef8) locale list changing from [] to [en-US]
08-28 18:19:18.041 28060 29825 E SpeechMicro: Hotword model is single-channel neuralnet.
08-28 18:19:18.043  6564  7277 I .apps.wellbeing: AssetManager2(0xb40000721b801978) locale list changing from [] to [en-US]
08-28 18:19:18.043 28737 29777 I ixplorer.silver: AssetManager2(0xb40000721b7ed798) locale list changing from [] to [en-US]
08-28 18:19:18.043 28060 29825 I native  : I0000 00:00:1756397958.043517   29825 enrollment_manager_impl_utils.cc:81] Using standalone TI-SID pipeline config:/product/usr/srec/en-US/configs/ONDEVICE_MEDIUM_VOICE_MATCH.config
08-28 18:19:18.043 28060 29825 I native  : I0000 00:00:1756397958.043696   29825 enrollment_manager_impl_utils.cc:81] Using standalone TI-SID pipeline config:/product/usr/srec/en-US/configs/ONDEVICE_MEDIUM_VOICE_MATCH.config
08-28 18:19:18.043 28060 29825 I native  : I0000 00:00:1756397958.043727   29825 enrollment_manager_impl.cc:1056] Attempting to insert stored TD-SID profiles into config.
