08-28 18:21:53.357  1491  2997 D sound_trigger_platform: platform_stdev_get_capture_device: Device = 0x80000004
08-28 18:21:53.357  1491  2997 D sound_trigger_platform: platform_stdev_get_capture_device: Available device = 0x80000004
08-28 18:21:53.357  1491  2997 D sound_trigger_hw: loaded_state_fn:[c1-1] handle event id 11
08-28 18:21:53.357  1491  2997 D hardware_info: hw_info_append_hw_type : device_name = voice-speaker-stereo
08-28 18:21:53.357  1491  2997 D audio_hw_primary: disable_snd_device: device ref cnt is 1[41]
08-28 18:21:53.357  1491  2997 D audio_hw_primary: disable_snd_device: snd_device(41: voice-speaker-stereo)[SND_DEVICE_OUT_VOICE_SPEAKER_STEREO]
08-28 18:21:53.359  3583  3583 D PhoneUtils: playSound : RINGER_MODE_NORMAL
08-28 18:21:53.362  2387  3238 D BackgroundInstallControlService: Package event received: 0
08-28 18:21:53.363  2387  2942 I system_server: AssetManager2(0xb40000721b95ecf8) locale list changing from [] to [en-US]
08-28 18:21:53.385  1491  2997 D audio_route: audio_route_update_path: skip to reset mixer control 'RCV PCM Source' in path 'voice-speaker-stereo' because it is still needed by other paths
08-28 18:21:53.389  2387  2942 I system_server: AssetManager2(0xb40000721b962b78) locale list changing from [] to [en-US]
08-28 18:21:53.409  2387  2934 I UsbPortManager: USB HAL AIDL version: USB_HAL_V2_0
08-28 18:21:53.412  2387  2934 V WindowManager: Sent Transition (#129) createdAt=08-28 18:21:53.291 via request=TransitionRequestInfo { type = OPEN, triggerTask = TaskInfo{userId=0 taskId=92 effectiveUid=10631 displayId=0 isRunning=true baseIntent=Intent { act=android.intent.action.MAIN cat=[android.intent.category.LAUNCHER] flg=0x10200000 pkg=ru.andr7e.deviceinfohw cmp=ru.andr7e.deviceinfohw/.MainActivity } baseActivity=ComponentInfo{ru.andr7e.deviceinfohw/ru.andr7e.deviceinfohw.DeviceInfoActivity} topActivity=ComponentInfo{ru.andr7e.deviceinfohw/ru.andr7e.deviceinfohw.DeviceInfoActivity} origActivity=null realActivity=ComponentInfo{ru.andr7e.deviceinfohw/ru.andr7e.deviceinfohw.MainActivity} numActivities=3 lastActiveTime=1337685 supportsMultiWindow=true resizeMode=1 isResizeable=true minWidth=-1 minHeight=-1 defaultMinSize=220 token=WCT{RemoteToken{fbc2658 Task{9e211e6 #92 type=standard A=10631:ru.andr7e.deviceinfohw}}} topActivityType=1 pictureInPictureParams=null shouldDockBigOverlays=false launchIntoPipHostTaskId=-1 lastParentTaskIdBeforePip=-1 displayCutoutSafeInsets=Rect(0, 137 - 0, 0) topActivityInfo=ActivityInfo{19e1ea7 ru.andr7e.deviceinfohw.DeviceInfoActivity} launchCookies=[android.os.BinderProxy@45b7ed8] positionInParent=Point(0, 0) parentTaskId=-1 isFocused=true isVisible=false isVisibleRequested=false isTopActivityNoDisplay=false isSleeping=true locusId=null displayAreaFeatureId=1 isTopActivityTransparent=false isActivityStackTransparent=false lastNonFullscreenBounds=Rect(373, 908 - 1068, 2348) capturedLink=null capturedLinkTimestamp=0 requestedVisibleTypes=-9 topActivityRequestOpenInBrowserEducationTimestamp=0 appCompatTaskInfo=AppCompatTaskInfo { topActivityInSizeCompat=false eligibleForLetterboxEducation= false isLetterboxEducationEnabled= false isLetterboxDoubleTapEnabled= false eligibleForUserAspectRatioButton= false topActivityBoundsLetterboxed= false isFromLetterboxDoubleTap= false topActivityLetterboxVerticalPosition= -1 topActivityLetterboxHorizontalPosition= -1 topActivityLetterboxWidth=-1 topActivityLetterboxHeight=-1 topActivityAppBounds=Rect(0, 137 - 1440, 3120) isUserFullscreenOverrideEnabled=false isSystemFullscreenOverrideEnabled=false hasMinAspectRatioOverride=false topActivityLetterboxBounds=null cameraCompatTaskInfo=CameraCompatTaskInfo { freeformCameraCompatMode=inactive}} topActivityMainWindowFrame=null}, pipChange = null, remoteTransition = null, displayChange = null, flags = 0, debugId = 129 }
08-28 18:21:53.413  3291 30732 V WindowManagerShell: onTransitionReady(transaction=10252086941722)
08-28 18:21:53.413  3291  3340 V WindowManagerShell: onTransitionReady (#129) android.os.BinderProxy@4d89108: {id=129 t=OPEN f=0x40 trk=0 r=[] c=[]}
08-28 18:21:53.413  3291  3340 V WindowManagerShell: No transition roots in (#129) android.os.BinderProxy@4d89108@0 so abort
08-28 18:21:53.413  3291  3340 V WindowManagerShell: Transition animation finished (aborted=true), notifying core (#129) android.os.BinderProxy@4d89108@0
08-28 18:21:53.415  3291  3340 V WindowManagerShell: Track 0 became idle
08-28 18:21:53.415  3291  3340 V WindowManagerShell: All active transition animations finished
08-28 18:21:53.412  2387  2934 V WindowManager:     startWCT=WindowContainerTransaction { changes= {} hops= [] errorCallbackToken=null taskFragmentOrganizer=null }
08-28 18:21:53.417  2387  2934 V WindowManager:     info={id=129 t=OPEN f=0x40 trk=0 r=[] c=[]}
08-28 18:21:53.417  2387  2934 V WindowManager: Finish Transition (#129): created at 08-28 18:21:53.291 collect-started=0.092ms request-sent=17.437ms started=30.899ms ready=30.875ms sent=120.018ms finished=123.063ms
08-28 18:21:53.429  2387  3238 D BackgroundInstallControlService: Package event received: 0
08-28 18:21:53.429  5552  5552 W MediaProvider: WorkProfileOwnerApps cache miss for package com.kashi.caimanspoof
08-28 18:21:53.429  5552  5552 D PickerSyncLockManager: Trying to acquire lock com.android.providers.media.photopicker.sync.CloseableReentrantLock@190c517[Unlocked]. Lock Name = CLOUD_PROVIDER_LOCK. Threads that may be waiting to acquire this lock = []
08-28 18:21:53.429  5552  5552 D CloseableReentrantLock: Successfully acquired lock com.android.providers.media.photopicker.sync.CloseableReentrantLock@190c517[Locked by thread main]. Lock Name = CLOUD_PROVIDER_LOCK. Threads that may be waiting to acquire this lock = []
08-28 18:21:53.431  5552  5552 D CloseableReentrantLock: Successfully released lock com.android.providers.media.photopicker.sync.CloseableReentrantLock@190c517[Unlocked]. Lock Name = CLOUD_PROVIDER_LOCK. Threads that may be waiting to acquire this lock = []
08-28 18:21:53.431  5606  6419 I ahhw    : (REDACTED) Invalidating %s caches for %s
08-28 18:21:53.435  5606  6419 I djqm    : (REDACTED) Invalidation request: %s
08-28 18:21:53.439 28060 28138 I IPCThreadState: oneway function results for code 2 on binder at 0xb4000072fb80e360 will be dropped but finished with status UNKNOWN_TRANSACTION
08-28 18:21:53.442  1317  1317 D Zygote  : Forked child process 32298
08-28 18:21:53.444  2387  2944 I ActivityManager: Start proc 32298:com.google.android.apps.wellbeing/u0a487 for content provider {com.google.android.apps.wellbeing/com.google.android.apps.wellbeing.api.impl.WellbeingSettingsProvider}
08-28 18:21:53.445  2387  2944 I ActivityManager: ProcessObserver broadcast disabled
08-28 18:21:53.451  3998  3998 W ChimeraProxyRslvr: No registered Chimera impl for com.google.android.gms.games.chimera.GamesSystemBroadcastReceiverProxy
08-28 18:21:53.452  3998  3998 E ChimeraRcvrProxy: com.google.android.gms.games.chimera.GamesSystemBroadcastReceiverProxy dropping broadcast android.intent.action.PACKAGE_REMOVED
08-28 18:21:53.453  5606  6481 I ahhw    : (REDACTED) Invalidating %s caches for %s
08-28 18:21:53.453  5606  6481 I djqm    : (REDACTED) Invalidation request: %s
08-28 18:21:53.460  1491  2997 I soundtrigger: audio_extn_sound_trigger_update_device_status: device 0x29 of type 0 for Event 0, with Raise=0
08-28 18:21:53.460  1491  2997 D hardware_info: hw_info_append_hw_type : device_name = voice-speaker-dmic-ef
08-28 18:21:53.460  1491  2997 D audio_hw_primary: disable_snd_device: device ref cnt is 1[214]
08-28 18:21:53.460  1491  2997 D audio_hw_primary: disable_snd_device: snd_device(214: voice-speaker-dmic-ef)[SND_DEVICE_IN_VOICE_SPEAKER_DMIC]
08-28 18:21:53.463  5606  6419 I dstp    : (REDACTED) Invalidated ContextKey: %s for %s.
08-28 18:21:53.465  5606  6411 I dsty    : (REDACTED) Fetching context keys %s. %s
08-28 18:21:53.466  5606  6411 I dsty    : (REDACTED) Fetching ContextResult for ContextKey: %s. %s
08-28 18:21:53.466  5606  6413 I dsty    : (REDACTED) Fetching ContextResult for ContextKey: %s. %s
08-28 18:21:53.467  5606  6419 I dstp    : (REDACTED) Invalidated ContextKey: %s for %s.
08-28 18:21:53.467  5606  6482 I dsty    : (REDACTED) Fetching ContextResult for ContextKey: %s. %s
08-28 18:21:53.467  5606  6419 I dsty    : (REDACTED) Fetching context keys %s. %s
08-28 18:21:53.467  5606  6419 I dsty    : (REDACTED) Fetching ContextResult for ContextKey: %s. %s
08-28 18:21:53.468  5606  6481 I djrp    : (REDACTED) GetContext(%s, %s): %s from synchronized cache (status: %s)
08-28 18:21:53.468  5606  6481 I dsty    : (REDACTED) ContextResult succeeded for ContextKey: %s. %s
08-28 18:21:53.468  5606  6481 I dsts    : (REDACTED) Primary Locale: %s and preferred locales: %s, returned from Context API. %s
08-28 18:21:53.468  5606  6413 I djrp    : (REDACTED) GetContext(%s, %s): %s from synchronized cache (status: %s)
08-28 18:21:53.469  5606  6411 I djoy    : (REDACTED) GetContext(%s, %s): Fetching from provider
08-28 18:21:53.469  5606  6411 I djrp    : (REDACTED) GetContext(%s, %s): %s from synchronized cache (status: %s)
08-28 18:21:53.469  5606  6418 I dsty    : (REDACTED) ContextResult succeeded for ContextKey: %s. %s
08-28 18:21:53.469  5606  6418 I dsts    : (REDACTED) Primary Locale: %s and preferred locales: %s, returned from Context API. %s
08-28 18:21:53.470  1491  2997 D soundtrigger: audio HAL using same device 214 as ST
08-28 18:21:53.470  1491  2997 I soundtrigger: audio_extn_sound_trigger_update_device_status: device 0xd6 of type 1 for Event 0, with Raise=1
08-28 18:21:53.470  1491  2997 I sound_trigger_platform: platform_stdev_check_and_update_concurrency: Received DEVICE event, event type 0, usecase type 2
08-28 18:21:53.471  1491  2997 D sound_trigger_platform: platform_stdev_get_capture_device: Device = 0x80000004
08-28 18:21:53.471  1491  2997 D sound_trigger_platform: platform_stdev_get_capture_device: Available device = 0x80000004
08-28 18:21:53.471  1491  2997 D sound_trigger_platform: platform_stdev_check_and_update_concurrency: dedicated path 0, reset backend 1, tx 0, rx 0, concurrency session allowed
08-28 18:21:53.471  1491  2997 D sound_trigger_platform: platform_stdev_get_capture_device: Device = 0x80000004
08-28 18:21:53.471  1491  2997 D sound_trigger_platform: platform_stdev_get_capture_device: Available device = 0x80000004
08-28 18:21:53.471  1491  2997 D sound_trigger_hw_common: st_hw_check_vad_support: disable vad, session does not meet requirement
08-28 18:21:53.471  1491  2997 D sound_trigger_hw: handle_audio_concurrency:[1] Capture device is disabled, pause SVA session
08-28 18:21:53.471  1491  2997 D sound_trigger_hw: loaded_state_fn:[c1-1] handle event id 11
08-28 18:21:53.471  1491  2997 D sound_trigger_platform: platform_stdev_reset_backend_cfg: Setting VA_CDC_DMA_TX_0 TX island to false
08-28 18:21:53.471  5606  6483 I dspg    : (REDACTED) getting App Capabilities from InstalledAppsCache %s
08-28 18:21:53.473 32298 32298 I .apps.wellbeing: Using CollectorTypeCMC GC.
08-28 18:21:53.473  1491  2997 D sound_trigger_hw: handle_audio_concurrency:[1] Capture device is disabled, resume SVA session
08-28 18:21:53.473  1491  2997 D sound_trigger_hw: loaded_state_fn:[c1-1] handle event id 12
08-28 18:21:53.473  1491  2997 D sound_trigger_hw: handle_audio_concurrency:[1] LPI: pause SVA session
08-28 18:21:53.473  1491  2997 D sound_trigger_hw: loaded_state_fn:[c1-1] handle event id 11
08-28 18:21:53.474  1491  2997 D sound_trigger_platform: platform_stdev_reset_backend_cfg: Setting VA_CDC_DMA_TX_0 TX island to false
08-28 18:21:53.475 32298 32298 E .apps.wellbeing: Not starting debugger since process cannot load the jdwp agent.
08-28 18:21:53.476 32298 32298 W .apps.wellbeing: Thread Pool max thread count is 0. Cannot cache binder as linkToDeath cannot be implemented. serviceName: activity
08-28 18:21:53.477  1491  2997 D sound_trigger_hw: handle_audio_concurrency:[1] LPI: resume SVA session
08-28 18:21:53.477  1491  2997 D sound_trigger_hw: loaded_state_fn:[c1-1] handle event id 12
08-28 18:21:53.477  1491  2997 D voice   : voice_stop_usecase: exit: status(0)
08-28 18:21:53.477  1491  2997 D voice_extn: update_calls: cur_state=1 new_state=1 vsid=11dc5000
08-28 18:21:53.477  1491  2997 D voice_extn: voice_extn_set_parameters: call type is UNKNOWN
08-28 18:21:53.477  1491  2997 V msm8974_platform: platform_set_parameters: enter: 
08-28 18:21:53.477  1491  2997 D msm8974_platform: platform_set_parameters: exit with code(0)
08-28 18:21:53.477  1491  2997 D audio_hw_cspl_cal: cirrus_cal_setparameters: enter 0xeb500010
08-28 18:21:53.477  1491  2997 D audio_hw_primary: adev_set_parameters: exit with code(0)
08-28 18:21:53.480  3546  4182 D AudioController: setParameters with: vsid=297816064;call_state=1;call_type=UNKNOWN
08-28 18:21:53.480  1491  1491 D audio_hw_primary: adev_set_parameters: enter: call_state=1;call_type=UNKNOWN;vsid=297816064
08-28 18:21:53.480  1491  1491 D voice_extn: update_call_states is_call_active:0 in_call:1, mode:2
08-28 18:21:53.480  1491  1491 D voice_extn: update_calls: enter:
08-28 18:21:53.480  1491  1491 D voice_extn: update_calls: cur_state=1 new_state=1 vsid=10c01000
08-28 18:21:53.480  1491  1491 D voice_extn: update_calls: cur_state=1 new_state=1 vsid=10dc1000
08-28 18:21:53.480  1491  1491 D voice_extn: update_calls: cur_state=1 new_state=1 vsid=10c02000
08-28 18:21:53.480  1491  1491 D voice_extn: update_calls: cur_state=1 new_state=1 vsid=10803000
08-28 18:21:53.480  1491  1491 D voice_extn: update_calls: cur_state=1 new_state=1 vsid=10002000
08-28 18:21:53.480  1491  1491 D voice_extn: update_calls: cur_state=1 new_state=1 vsid=11c05000
08-28 18:21:53.480  1491  1491 D voice_extn: update_calls: cur_state=1 new_state=1 vsid=11dc5000
08-28 18:21:53.480  1491  1491 D voice_extn: voice_extn_set_parameters: call type is UNKNOWN
08-28 18:21:53.480  1491  1491 V msm8974_platform: platform_set_parameters: enter: 
08-28 18:21:53.480  1491  1491 D msm8974_platform: platform_set_parameters: exit with code(0)
08-28 18:21:53.480  1491  1491 D audio_hw_cspl_cal: cirrus_cal_setparameters: enter 0xeb500010
08-28 18:21:53.480  1491  1491 D audio_hw_primary: adev_set_parameters: exit with code(0)
08-28 18:21:53.481  3546  4182 D AudioController: setParameters with: vsid=297816064;call_state=1;call_type=UNKNOWN
08-28 18:21:53.481  1491  1491 D audio_hw_primary: adev_set_parameters: enter: call_state=1;call_type=UNKNOWN;vsid=297816064
08-28 18:21:53.481  1491  1491 D voice_extn: update_call_states is_call_active:0 in_call:1, mode:2
08-28 18:21:53.481  1491  1491 D voice_extn: update_calls: enter:
08-28 18:21:53.481  1491  1491 D voice_extn: update_calls: cur_state=1 new_state=1 vsid=10c01000
08-28 18:21:53.481  1491  1491 D voice_extn: update_calls: cur_state=1 new_state=1 vsid=10dc1000
08-28 18:21:53.481  1491  1491 D voice_extn: update_calls: cur_state=1 new_state=1 vsid=10c02000
08-28 18:21:53.481  1491  1491 D voice_extn: update_calls: cur_state=1 new_state=1 vsid=10803000
08-28 18:21:53.481  1491  1491 D voice_extn: update_calls: cur_state=1 new_state=1 vsid=10002000
08-28 18:21:53.481  1491  1491 D voice_extn: update_calls: cur_state=1 new_state=1 vsid=11c05000
08-28 18:21:53.481  1491  1491 D voice_extn: update_calls: cur_state=1 new_state=1 vsid=11dc5000
08-28 18:21:53.481  1491  1491 D voice_extn: voice_extn_set_parameters: call type is UNKNOWN
08-28 18:21:53.481  1491  1491 V msm8974_platform: platform_set_parameters: enter: 
08-28 18:21:53.481  1491  1491 D msm8974_platform: platform_set_parameters: exit with code(0)
08-28 18:21:53.481  1491  1491 D audio_hw_cspl_cal: cirrus_cal_setparameters: enter 0xeb500010
08-28 18:21:53.481  1491  1491 D audio_hw_primary: adev_set_parameters: exit with code(0)
08-28 18:21:53.483  3546  4182 I QcrilOemhookMsgTunnel: [0]processOemHookIndication length=67
08-28 18:21:53.484  3546  4182 I QcrilOemhookMsgTunnel: [0]processOemHookIndication length=67
08-28 18:21:53.485  3546  4182 I QcrilOemhookMsgTunnel: [0]processOemHookIndication length=67
08-28 18:21:53.486  3998  3998 W ChimeraProxyRslvr: No registered Chimera impl for com.google.android.gms.games.chimera.GamesSystemBroadcastReceiverProxy
08-28 18:21:53.486  3998  3998 E ChimeraRcvrProxy: com.google.android.gms.games.chimera.GamesSystemBroadcastReceiverProxy dropping broadcast android.intent.action.PACKAGE_ADDED
08-28 18:21:53.486  2387  3238 D BackgroundInstallControlService: Package event received: 0
08-28 18:21:53.486  3583  3583 W MediaPlayer: Error setting data source via ContentResolver
08-28 18:21:53.486  3583  3583 W MediaPlayer: java.io.FileNotFoundException: open failed: ENOENT (No such file or directory)
08-28 18:21:53.486  3583  3583 W MediaPlayer: 	at android.database.DatabaseUtils.readExceptionWithFileNotFoundExceptionFromParcel(DatabaseUtils.java:162)
08-28 18:21:53.486  3583  3583 W MediaPlayer: 	at android.content.ContentProviderProxy.openTypedAssetFile(ContentProviderNative.java:814)
08-28 18:21:53.486  3583  3583 W MediaPlayer: 	at android.content.ContentResolver.openTypedAssetFileDescriptor(ContentResolver.java:2045)
08-28 18:21:53.486  3583  3583 W MediaPlayer: 	at android.content.ContentResolver.openAssetFileDescriptor(ContentResolver.java:1860)
08-28 18:21:53.486  3583  3583 W MediaPlayer: 	at android.content.ContentResolver.openAssetFileDescriptor(ContentResolver.java:1775)
08-28 18:21:53.486  3583  3583 W MediaPlayer: 	at android.media.MediaPlayer.attemptDataSource(MediaPlayer.java:1156)
08-28 18:21:53.486  3583  3583 W MediaPlayer: 	at android.media.MediaPlayer.setDataSource(MediaPlayer.java:1113)
08-28 18:21:53.486  3583  3583 W MediaPlayer: 	at android.media.MediaPlayer.setDataSource(MediaPlayer.java:1050)
08-28 18:21:53.486  3583  3583 W MediaPlayer: 	at com.android.phone.PhoneUtils.playSound(PhoneUtils.java:532)
08-28 18:21:53.486  3583  3583 W MediaPlayer: 	at com.android.phone.PhoneUtils.displayMMIComplete(PhoneUtils.java:517)
08-28 18:21:53.486  3583  3583 W MediaPlayer: 	at com.android.phone.PhoneGlobals.onMMIComplete(PhoneGlobals.java:839)
08-28 18:21:53.486  3583  3583 W MediaPlayer: 	at com.android.phone.PhoneGlobals.-$$Nest$monMMIComplete(PhoneGlobals.java:0)
08-28 18:21:53.486  3583  3583 W MediaPlayer: 	at com.android.phone.PhoneGlobals$1.handleMessage(PhoneGlobals.java:404)
08-28 18:21:53.486  3583  3583 W MediaPlayer: 	at android.os.Handler.dispatchMessage(Handler.java:110)
08-28 18:21:53.486  3583  3583 W MediaPlayer: 	at android.os.Looper.loopOnce(Looper.java:248)
08-28 18:21:53.486  3583  3583 W MediaPlayer: 	at android.os.Looper.loop(Looper.java:338)
08-28 18:21:53.486  3583  3583 W MediaPlayer: 	at android.app.ActivityThread.main(ActivityThread.java:9063)
08-28 18:21:53.486  3583  3583 W MediaPlayer: 	at java.lang.reflect.Method.invoke(Native Method)
08-28 18:21:53.486  3583  3583 W MediaPlayer: 	at com.android.internal.os.RuntimeInit$MethodAndArgsCaller.run(RuntimeInit.java:596)
08-28 18:21:53.486  3583  3583 W MediaPlayer: 	at com.android.internal.os.ZygoteInit.main(ZygoteInit.java:932)
08-28 18:21:53.487  5606  6412 I hbox:interactor: AssetManager2(0xb40000721b804858) locale list changing from [] to [en-US]
08-28 18:21:53.488  3998 31730 I gle.android.gms: AssetManager2(0xb40000721b8af078) locale list changing from [] to [en-US]
08-28 18:21:53.489   681   681 I lowmemorykiller: Kill 'com.instagram.android' (30088), uid 10628, oom_score_adj 965 to free 256540kB rss, 33416kB swap; reason: low watermark is breached
08-28 18:21:53.491  2387  2934 I ActivityTaskManager: Displayed ru.andr7e.deviceinfohw/.DeviceInfoActivity for user 0: +255ms
08-28 18:21:53.495  2387  2942 I system_server: AssetManager2(0xb40000721b96bb38) locale list changing from [] to [en-US]
08-28 18:21:53.503  3998 32299 I ProximityAuth: [RecentAppsMediator] Package added: (user=UserHandle{0}) com.kashi.caimanspoof
08-28 18:21:53.507  3998 32299 I gle.android.gms: AssetManager2(0xb40000721b8b0338) locale list changing from [] to [en-US]
08-28 18:21:53.515  5552 27306 I FuseDaemon: AssetManager2(0xb40000721b7ea598) locale list changing from [] to [en-US]
08-28 18:21:53.515  5552 27306 V Configuration: Updating configuration, locales updated from [en_US_#u-mu-celsius] to [en_US]
08-28 18:21:53.515  5552 27306 I FuseDaemon: AssetManager2(0xb40000721b7e8658) locale list changing from [] to [en-US]
08-28 18:21:53.528  2387  3238 D BackgroundInstallControlService: Package event received: 0
08-28 18:21:53.536  3998 32305 I Fitness : (REDACTED) FitCleanupIntentOperation received Intent %s
08-28 18:21:53.537  1599  1692 W ServiceManagerCppClient: Waited one second for stats (is service started? Number of threads started in the threadpool: 6. Are binder threads started and available?)
08-28 18:21:53.538  2387  3412 W ServiceManagerCppClient: Waited one second for stats (is service started? Number of threads started in the threadpool: 32. Are binder threads started and available?)
08-28 18:21:53.540  5552 27306 D MediaProvider: Open with FUSE. FilePath: /storage/emulated/0/Android/media/com.google.android.soundpicker/Notifications/sound_picker_track_333.ogg. Uid: 1001. Media Capabilities Uid: 0. ShouldRedact: false. ShouldTranscode: false
08-28 18:21:53.546   682 32326 W libc    : Unable to set property "ctl.interface_start" to "aidl/stats": PROP_ERROR_HANDLE_CONTROL_MESSAGE (0x20)
08-28 18:21:53.552   682 32325 W libc    : Unable to set property "ctl.interface_start" to "aidl/stats": PROP_ERROR_HANDLE_CONTROL_MESSAGE (0x20)
08-28 18:21:53.553  2119 25746 D NuPlayerDriver: NuPlayerDriver(0xeff814b0) created, clientPid(3583)
08-28 18:21:53.554   683   683 I hwservicemanager: getTransport: Cannot find entry android.hardware.media.omx@1.0::IOmx/default in either framework or device VINTF manifest.
08-28 18:21:53.554  2119 25746 D MediaPlayerService: OMX service is not available
08-28 18:21:53.560  1317  1317 I Zygote  : Process 30088 exited due to signal 9 (Killed)
08-28 18:21:53.563  2387  6608 I ActivityManager: Process com.instagram.android (pid 30088) has died: cch+65 CEM 
08-28 18:21:53.564  2387  3185 D ConnectivityService: releasing NetworkRequest [ REQUEST id=707, [ Capabilities: INTERNET&NOT_RESTRICTED&TRUSTED&NOT_VCN_MANAGED&NOT_BANDWIDTH_CONSTRAINED Uid: 10628 RequestorUid: 10628 RequestorPkg: com.instagram.android UnderlyingNetworks: Null] ] (release request)
08-28 18:21:53.564  2387  2945 I libprocessgroup: Removed cgroup /sys/fs/cgroup/apps/uid_10628/pid_30088
08-28 18:21:53.564  2387  3185 D ConnectivityService: releasing NetworkRequest [ REQUEST id=709, [ Capabilities: INTERNET&NOT_RESTRICTED&TRUSTED&NOT_VCN_MANAGED&NOT_BANDWIDTH_CONSTRAINED Uid: 10628 RequestorUid: 10628 RequestorPkg: com.instagram.android UnderlyingNetworks: Null] ] (release request)
08-28 18:21:53.564  2387  3185 D ConnectivityService: releasing NetworkRequest [ REQUEST id=711, [ Capabilities: INTERNET&NOT_RESTRICTED&TRUSTED&NOT_VCN_MANAGED&NOT_BANDWIDTH_CONSTRAINED Uid: 10628 RequestorUid: 10628 RequestorPkg: com.instagram.android UnderlyingNetworks: Null] ] (release request)
08-28 18:21:53.568  3998  3998 D BoundBrokerSvc: onBind: Intent { act=com.google.android.gms.common.BIND_SHARED_PREFS xflg=0x4 pkg=com.google.android.gms }
08-28 18:21:53.568  3998  3998 D BoundBrokerSvc: Loading bound service for intent: Intent { act=com.google.android.gms.common.BIND_SHARED_PREFS xflg=0x4 pkg=com.google.android.gms }
08-28 18:21:53.570  2119 32329 D GenericSource: FileSource remote
08-28 18:21:53.580  3998 32314 I Auth    : (REDACTED) [SupervisedAccountIntentOperationV2] onHandleIntent: %s
08-28 18:21:53.580  3998  4051 I GmsCoreXrpcWrapper: (REDACTED) Returning a channel provider with trafficStatsTag=%d trafficStatsUid=%d
08-28 18:21:53.581  3998  4051 I GmsCoreXrpcWrapper: (REDACTED) Returning a channel provider with trafficStatsTag=%d trafficStatsUid=%d
08-28 18:21:53.581  3998  4051 I GmsCoreXrpcWrapper: (REDACTED) Returning a channel provider with trafficStatsTag=%d trafficStatsUid=%d
08-28 18:21:53.582  3998  4051 I GmsCoreXrpcWrapper: (REDACTED) Returning a channel provider with trafficStatsTag=%d trafficStatsUid=%d
08-28 18:21:53.597  3998 32314 I NearbyDiscovery: (REDACTED) processGrantSlicePermission: %s
08-28 18:21:53.612  3998 32321 W SQLiteLog: (28) double-quoted string literal: "com.kashi.caimanspoof"
08-28 18:21:53.613  2119 32328 I GenericSource: start
08-28 18:21:53.615  1491  1491 D DlbDlbEffect: handle_EFFECT_CMD_SET_PARAM()
08-28 18:21:53.616  1491  1491 D DlbDlbEffect: handle_EFFECT_CMD_SET_PARAM()
08-28 18:21:53.616  1570  1588 V DolbyManagerService: doOnDapParamUpdate() entry
08-28 18:21:53.616  1491  1491 D DlbDapEffectContext: onDapParamUpdate()
08-28 18:21:53.617  3525  4233 W IWlanNetworkService: 75 > Response Processed
08-28 18:21:53.618  1491  1491 D DlbDapEffectContext: onDapParamUpdate()
08-28 18:21:53.619  1570  1588 V DolbyManagerService: doOnDapParamUpdate() exit
08-28 18:21:53.620  2119 32340 D CCodec  : allocate(c2.android.vorbis.decoder)
08-28 18:21:53.623  2119 32340 I CCodec  : setting up 'default' as default (vendor) store
08-28 18:21:53.625  2156  2701 D BufferPoolAccessor2.0: bufferpool2 0xb40000788ae27d78 : 0(0 size) total buffers - 0(0 size) used buffers - 0/0 (recycle/alloc) - 0/0 (fetch/transfer)
08-28 18:21:53.625  2156  2701 D BufferPoolAccessor2.0: bufferpool2 0xb40000788ae29248 : 0(0 size) total buffers - 0(0 size) used buffers - 11/15 (recycle/alloc) - 4/14 (fetch/transfer)
08-28 18:21:53.625  2156  2701 D BufferPoolAccessor2.0: bufferpool2 0xb40000788ae2b058 : 0(0 size) total buffers - 0(0 size) used buffers - 0/0 (recycle/alloc) - 0/0 (fetch/transfer)
08-28 18:21:53.625  2119 19497 D BufferPoolAccessor2.0: bufferpool2 0xeb6c2428 : 0(0 size) total buffers - 0(0 size) used buffers - 37/45 (recycle/alloc) - 8/86 (fetch/transfer)
08-28 18:21:53.625  2119 19497 D BufferPoolAccessor2.0: Destruction - bufferpool2 0xeb6c2428 cached: 0/0M, 0/0% in use; allocs: 45, 82% recycled; transfers: 86, 91% unfetched
08-28 18:21:53.626  2119 32340 I CCodec  : Created component [c2.android.vorbis.decoder] for [c2.android.vorbis.decoder]
08-28 18:21:53.627  2119 32340 D CCodecConfig: read media type: audio/vorbis
08-28 18:21:53.628  5606  6483 I hbox:interactor: AssetManager2(0xb40000721b802918) locale list changing from [] to [en-US]
08-28 18:21:53.629  2119 32340 D ReflectedParamUpdater: extent() != 1 for single value type: algo.buffers.max-count.values
08-28 18:21:53.630  2119 32340 D ReflectedParamUpdater: extent() != 1 for single value type: output.subscribed-indices.values
08-28 18:21:53.630  2119 32340 D ReflectedParamUpdater: extent() != 1 for single value type: input.buffers.allocator-ids.values
08-28 18:21:53.630  2119 32340 D ReflectedParamUpdater: extent() != 1 for single value type: output.buffers.allocator-ids.values
08-28 18:21:53.630  2119 32340 D ReflectedParamUpdater: extent() != 1 for single value type: algo.buffers.allocator-ids.values
08-28 18:21:53.630  2119 32340 D ReflectedParamUpdater: extent() != 1 for single value type: output.buffers.pool-ids.values
08-28 18:21:53.630  2119 32340 D ReflectedParamUpdater: extent() != 1 for single value type: algo.buffers.pool-ids.values
08-28 18:21:53.632  2119 32340 I CCodecConfig: query failed after returning 8 values (BAD_INDEX)
08-28 18:21:53.632  2119 32340 D CCodecConfig: c2 config diff is Dict {
08-28 18:21:53.632  2119 32340 D CCodecConfig:   c2::u32 coded.bitrate.value = 64000
08-28 18:21:53.632  2119 32340 D CCodecConfig:   c2::u32 input.buffers.max-size.value = 32768
08-28 18:21:53.632  2119 32340 D CCodecConfig:   c2::u32 input.delay.value = 0
08-28 18:21:53.632  2119 32340 D CCodecConfig:   string input.media-type.value = "audio/vorbis"
08-28 18:21:53.632  2119 32340 D CCodecConfig:   c2::u32 output.large-frame.max-size = 0
08-28 18:21:53.632  2119 32340 D CCodecConfig:   c2::u32 output.large-frame.threshold-size = 0
08-28 18:21:53.632  2119 32340 D CCodecConfig:   string output.media-type.value = "audio/raw"
08-28 18:21:53.632  2119 32340 D CCodecConfig:   c2::u32 raw.channel-count.value = 1
08-28 18:21:53.632  2119 32340 D CCodecConfig:   c2::u32 raw.sample-rate.value = 48000
08-28 18:21:53.632  2119 32340 D CCodecConfig: }
08-28 18:21:53.635  2119 32339 E MediaCodec: Media Quality Service not found.
08-28 18:21:53.636  2119 32340 D CCodec  : [c2.android.vorbis.decoder] buffers are bound to CCodec for this session
08-28 18:21:53.636  2119 32340 D CCodecConfig: no c2 equivalents for durationUs
08-28 18:21:53.636  2119 32340 D CCodecConfig: no c2 equivalents for csd-1
08-28 18:21:53.636  2119 32340 D CCodecConfig: no c2 equivalents for flags
08-28 18:21:53.636  2119 32340 D CCodecConfig: c2 config diff is   c2::u32 coded.bitrate.value = 120000
08-28 18:21:53.636  2119 32340 W Codec2Client: query -- param skipped: index = 1107298332.
08-28 18:21:53.636  2119 32340 D CCodec  : encoding statistics level = 0
08-28 18:21:53.636  2119 32340 D CCodec  : setup formats input: AMessage(what = 0x00000000) = {
08-28 18:21:53.636  2119 32340 D CCodec  :   int32_t bitrate = 120000
08-28 18:21:53.636  2119 32340 D CCodec  :   int32_t channel-count = 1
08-28 18:21:53.636  2119 32340 D CCodec  :   int32_t max-input-size = 32768
08-28 18:21:53.636  2119 32340 D CCodec  :   string mime = "audio/vorbis"
08-28 18:21:53.636  2119 32340 D CCodec  :   int32_t sample-rate = 48000
08-28 18:21:53.636  2119 32340 D CCodec  : }
08-28 18:21:53.636  2119 32340 D CCodec  : setup formats output: AMessage(what = 0x00000000) = {
08-28 18:21:53.636  2119 32340 D CCodec  :   int32_t buffer-batch-max-output-size = 0
08-28 18:21:53.636  2119 32340 D CCodec  :   int32_t buffer-batch-threshold-output-size = 0
08-28 18:21:53.636  2119 32340 D CCodec  :   int32_t channel-count = 1
08-28 18:21:53.636  2119 32340 D CCodec  :   string mime = "audio/raw"
08-28 18:21:53.636  2119 32340 D CCodec  :   int32_t sample-rate = 48000
08-28 18:21:53.636  2119 32340 D CCodec  :   int32_t channel-mask = 1
08-28 18:21:53.636  2119 32340 D CCodec  :   int32_t android._config-pcm-encoding = 2
08-28 18:21:53.636  2119 32340 D CCodec  : }
08-28 18:21:53.636  2119 32340 I CCodecConfig: query failed after returning 8 values (BAD_INDEX)
08-28 18:21:53.637  2119 32340 I MediaCodec: MediaCodec will operate in async mode
08-28 18:21:53.637  2119 32339 D MediaCodec: keep callback message for reclaim
08-28 18:21:53.637  1607  2966 W ServiceManagerCppClient: Permission failure: android.permission.ACCESS_SURFACE_FLINGER from uid=1001 pid=0
08-28 18:21:53.637  1607  2966 D PermissionCache: checking android.permission.ACCESS_SURFACE_FLINGER for uid=1001 => denied (406 us)
08-28 18:21:53.637  1607  1759 W ServiceManagerCppClient: Permission failure: android.permission.ROTATE_SURFACE_FLINGER from uid=1001 pid=3583
08-28 18:21:53.637  1607  1759 D PermissionCache: checking android.permission.ROTATE_SURFACE_FLINGER for uid=1001 => denied (146 us)
08-28 18:21:53.637  1607  1759 D PermissionCache: checking android.permission.INTERNAL_SYSTEM_WINDOW for uid=1001 => granted (90 us)
08-28 18:21:53.638  2119 32340 W Codec2Client: query -- param skipped: index = 1342179345.
08-28 18:21:53.638  2119 32340 W Codec2Client: query -- param skipped: index = 2415921170.
08-28 18:21:53.638  1607  2966 W ServiceManagerCppClient: Permission failure: android.permission.ROTATE_SURFACE_FLINGER from uid=1001 pid=0
08-28 18:21:53.638  1607  2966 D PermissionCache: checking android.permission.ROTATE_SURFACE_FLINGER for uid=1001 => denied (618 us)
08-28 18:21:53.638  2387  2942 I system_server: AssetManager2(0xb40000721b972578) locale list changing from [] to [en-US]
08-28 18:21:53.639  3583 32293 I AdrenoGLES-0: QUALCOMM build                   : 329cf4c2a7, I63533b1e29
08-28 18:21:53.639  3583 32293 I AdrenoGLES-0: Build Date                       : 01/31/23
08-28 18:21:53.639  3583 32293 I AdrenoGLES-0: OpenGL ES Shader Compiler Version: EV031.35.01.12
08-28 18:21:53.639  3583 32293 I AdrenoGLES-0: Local Branch                     : 
08-28 18:21:53.639  3583 32293 I AdrenoGLES-0: Remote Branch                    : refs/tags/AU_LINUX_ANDROID_LA.UM.9.14.11.00.00.571.148
08-28 18:21:53.639  3583 32293 I AdrenoGLES-0: Remote Branch                    : NONE
08-28 18:21:53.639  3583 32293 I AdrenoGLES-0: Reconstruct Branch               : NOTHING
08-28 18:21:53.639  3583 32293 I AdrenoGLES-0: Build Config                     : S P 10.0.7 AArch64
08-28 18:21:53.639  3583 32293 I AdrenoGLES-0: Driver Path                      : /vendor/lib64/egl/libGLESv2_adreno.so
08-28 18:21:53.639  2119 32340 D BufferPoolAccessor2.0: bufferpool2 0xeb6c1c48 : 4(131072 size) total buffers - 4(131072 size) used buffers - 11/19 (recycle/alloc) - 8/34 (fetch/transfer)
08-28 18:21:53.640  3998 29397 I Icing   : IndexChimeraService.getServiceInterface callingPackage=com.google.android.gms componentName=AppsCorpus serviceId=36
08-28 18:21:53.640  2156  2701 D BufferPoolAccessor2.0: bufferpool2 0xb40000788ae2a968 : 0(0 size) total buffers - 0(0 size) used buffers - 37/41 (recycle/alloc) - 4/40 (fetch/transfer)
08-28 18:21:53.641  2156  2701 D BufferPoolAccessor2.0: Destruction - bufferpool2 0xb40000788ae2a968 cached: 0/0M, 0/0% in use; allocs: 41, 90% recycled; transfers: 40, 90% unfetched
08-28 18:21:53.641  2119 32340 D CCodecBufferChannel: [c2.android.vorbis.decoder#237] Created input block pool with allocatorID 16 => poolID 26 - OK (0)
08-28 18:21:53.642  2119 32340 I CCodecBufferChannel: [c2.android.vorbis.decoder#237] Created output block pool with allocatorID 16 => poolID 68 - OK
08-28 18:21:53.642  2119 32340 D CCodecBufferChannel: [c2.android.vorbis.decoder#237] Configured output block pool ids 68 => OK
08-28 18:21:53.643  2156  2701 E Codec2-ComponentInterface: We have a failed config
08-28 18:21:53.645  3583 32293 I AdrenoGLES-0: PFP: 0x016dc094, ME: 0x00000000
08-28 18:21:53.648  2156 32343 D SimpleC2Component: Using output block pool with poolID 68 => got 68 - 0
08-28 18:21:53.653  5606  6483 I hbox:interactor: AssetManager2(0xb40000721b811cd8) locale list changing from [] to [en-US]
08-28 18:21:53.655  1595  3204 D NativePermissionController: checkPermission: missing 1 for 1001
08-28 18:21:53.655  1595  3204 D AudioFlinger: Client defaulted notificationFrames to 12000 for frameCount 24000
08-28 18:21:53.655  1595  3204 I AF::PthrPatchRecord: creating track with enforcement level 0
08-28 18:21:53.657  1595  3204 W AF::TrackHandle: OpPlayAudio: not muting track:96 usage:5 for service UID 1001
08-28 18:21:53.663  3998 29397 I Icing   : IndexChimeraService.getServiceInterface callingPackage=com.google.android.gms componentName=null serviceId=30
08-28 18:21:53.664  5606  6483 I hbox:interactor: AssetManager2(0xb40000721b815e78) locale list changing from [] to [en-US]
08-28 18:21:53.666  3583 32345 I Gralloc4: Adding additional valid usage bits: 0x8202000
08-28 18:21:53.667  3998 32301 I gle.android.gms: AssetManager2(0xb40000721b7f9638) locale list changing from [] to [en-US]
08-28 18:21:53.669  1491  1491 I EffectsFactory: EffectCreate() create_effect
08-28 18:21:53.670  1491  2997 W msm8974_platform: platform_send_gain_dep_cal: Voice call in progress .. ignore setting new cal
08-28 18:21:53.670  1491  2997 E volume_listener: check_and_set_gain_dep_cal: Failed to set gain dep cal level
08-28 18:21:53.673  1491  5555 D audio_hw_primary: start_output_stream: enter: stream(0xe8ac0010)usecase(12: audio-ull-playback) devices(0x2) is_haptic_usecase(0)
08-28 18:21:53.673  1491  5555 D audio_hw_primary: select_devices for use case (audio-ull-playback in:0 out:0 device:0x2)
08-28 18:21:53.673  1491  5555 D msm8974_platform: platform_get_output_snd_device: enter: output devices(0x2)
08-28 18:21:53.674  1491  5555 D ultrasound_extn: ultrasound_select_devices_pre ultrasound_enabled:1 usecase(audio-ull-playback), devices:2 in_snd_device(0, ), out_snd_device(41, voice-speaker-stereo)
08-28 18:21:53.674  1491  5555 D ultrasound_extn: ultrasound_select_devices_pre usecase(audio-ull-playback), chg-to: in_snd_device(0, ), out_snd_device(0, )
08-28 18:21:53.674  1491  5555 D ultrasound_extn: dump_usecase_list: start ======================================
08-28 18:21:53.674  1491  5555 D ultrasound_extn: dump_usecase_list: enter sensor_activated:1 hw_port_enabled:1 suspended:0
08-28 18:21:53.674  1491  5555 D ultrasound_extn: dump_usecase_list: select_devices_pre usecase[#0]:(72, ultrasound-proximity-input) in_dev:(300, ultrasound-input) out_dv:(0, )
08-28 18:21:53.674  1491  5555 D ultrasound_extn: dump_usecase_list: select_devices_pre usecase[#1]:(71, ultrasound-proximity-output) in_dev:(0, ) out_dv:(132, ultrasound-output)
08-28 18:21:53.674  1491  5555 D ultrasound_extn: dump_usecase_list: select_devices_pre usecase[#2]:(12, audio-ull-playback) in_dev:(0, ) out_dv:(0, )
08-28 18:21:53.674  1491  5555 D ultrasound_extn: dump_usecase_list: end ======================================
08-28 18:21:53.674  1491  5555 I msm8974_platform: platform_check_and_set_codec_backend_cfg:becf: afe: bitwidth 16, samplerate 48000 channels 2, backend_idx 4 usecase = 12 device (voice-speaker-stereo)
08-28 18:21:53.674  1491  5555 I msm8974_platform: platform_check_and_set_codec_backend_cfg: new_snd_devices[0] is 41
08-28 18:21:53.674  1491  5555 I msm8974_platform: platform_check_codec_backend_cfg:becf: afe: bitwidth 16, samplerate 48000 channels 2, backend_idx 4 usecase = 12 device (voice-speaker-stereo)
08-28 18:21:53.674  1491  5555 D msm8974_platform: platform_check_codec_backend_cfg:becf: updated afe: bitwidth 16, samplerate 48000 channels 2,backend_idx 4 usecase = 12 device (voice-speaker-stereo)
08-28 18:21:53.674  1491  5555 D msm8974_platform: platform_check_codec_backend_cfg:becf: afe: set BE sample 96000, bit_width 24, channels 2 for TDM_RX_0
08-28 18:21:53.674  1491  5555 I msm8974_platform: platform_check_codec_backend_cfg:becf: afe: Codec selected backend: 4 updated bit width: 24 and sample rate: 96000
08-28 18:21:53.674  1491  5555 D audio_hw_primary: check_usecases_codec_backend:becf: force routing 0
08-28 18:21:53.674  1491  5555 E msm8974_platform: platform_check_backends_match: Invalid snd_device2 = 
08-28 18:21:53.674  1491  5555 D audio_hw_primary: check_usecases_codec_backend:becf: (107) check_usecases curr device: voice-speaker-stereo, usecase device: backends match 0
08-28 18:21:53.674  1491  5555 D audio_hw_primary: @@: usecase[0xecd42ef0]=ultrasound-proximity-input, uc_info[0xecd43010]=audio-ull-playback
08-28 18:21:53.674  1491  5555 D audio_hw_primary: check_usecases_codec_backend:becf: (107) check_usecases curr device: voice-speaker-stereo, usecase device:ultrasound-output backends match 0
08-28 18:21:53.674  1491  5555 D audio_hw_primary: @@: usecase[0xecd43610]=ultrasound-proximity-output, uc_info[0xecd43010]=audio-ull-playback
08-28 18:21:53.674  1491  5555 D audio_hw_primary: @@: uc_derive_snd_device=132, snd_device=41
08-28 18:21:53.674  1491  5555 E msm8974_platform: platform_check_backends_match: Invalid snd_device2 = 
08-28 18:21:53.674  1491  5555 D audio_hw_primary: check_usecases_codec_backend:becf: (107) check_usecases curr device: voice-speaker-stereo, usecase device: backends match 0
08-28 18:21:53.674  1491  5555 D audio_hw_primary: @@: usecase[0xecd43010]=audio-ull-playback, uc_info[0xecd43010]=audio-ull-playback
08-28 18:21:53.674  1491  5555 D audio_hw_primary: check_usecases_codec_backend:becf: check_usecases num.of Usecases to switch 0
08-28 18:21:53.674  1491  5555 D hardware_info: hw_info_append_hw_type : device_name = voice-speaker-stereo
08-28 18:21:53.674  1491  5555 D audio_hw_primary: enable_snd_device: snd_device(41: voice-speaker-stereo)[SND_DEVICE_OUT_VOICE_SPEAKER_STEREO]
08-28 18:21:53.674  1491  5555 D msm8974_platform: platform_get_island_cfg_on_device:island cfg status on snd_device = (voice-speaker-stereo 0)
08-28 18:21:53.674  1491  5555 I soundtrigger: audio_extn_sound_trigger_update_device_status: device 0x29 of type 0 for Event 1, with Raise=0
08-28 18:21:53.674  1491  5555 D audio_route: Apply path: voice-speaker-stereo
08-28 18:21:53.675  2119 23773 D MediaPlayerService: onAudioDeviceUpdate deviceIds: 3
08-28 18:21:53.677  3998 32301 I gle.android.gms: AssetManager2(0xb40000721b8addb8) locale list changing from [] to [en-US]
08-28 18:21:53.678  1491  1491 D DlbDlbEffect: handle_EFFECT_CMD_SET_PARAM()
08-28 18:21:53.678  1491  1491 D DlbDlbEffect: handle_EFFECT_CMD_SET_PARAM()
08-28 18:21:53.678  1570  1588 V DolbyManagerService: doOnDapParamUpdate() entry
08-28 18:21:53.678  1491  1491 D DlbDapEffectContext: onDapParamUpdate()
08-28 18:21:53.679  1491  1491 D DlbDapEffectContext: onDapParamUpdate()
08-28 18:21:53.680  1570  1588 V DolbyManagerService: doOnDapParamUpdate() exit
08-28 18:21:53.680  3998 32301 I gle.android.gms: AssetManager2(0xb40000721b7ff3f8) locale list changing from [] to [en-US]
08-28 18:21:53.682  3998 32301 I Icing   : Usage reports ok 5, Failed Usage reports 0, indexed 0, rejected 0
08-28 18:21:53.684  5606  6483 I hbox:interactor: AssetManager2(0xb40000721b817db8) locale list changing from [] to [en-US]
08-28 18:21:53.686  5606  6483 I hbox:interactor: AssetManager2(0xb40000721b819078) locale list changing from [] to [en-US]
08-28 18:21:53.689  5606  6483 I hbox:interactor: AssetManager2(0xb40000721b8025f8) locale list changing from [] to [en-US]
08-28 18:21:53.690  2387  3893 W ServiceManagerCppClient: Permission failure: android.permission.ACCESS_SURFACE_FLINGER from uid=1001 pid=0
08-28 18:21:53.690  2387  3893 D PermissionCache: checking android.permission.ACCESS_SURFACE_FLINGER for uid=1001 => denied (233 us)
08-28 18:21:53.690  2387  3893 W ServiceManagerCppClient: Permission failure: android.permission.ROTATE_SURFACE_FLINGER from uid=1001 pid=0
08-28 18:21:53.690  2387  3893 D PermissionCache: checking android.permission.ROTATE_SURFACE_FLINGER for uid=1001 => denied (88 us)
08-28 18:21:53.690  2387  3893 D PermissionCache: checking android.permission.INTERNAL_SYSTEM_WINDOW for uid=1001 => granted (51 us)
08-28 18:21:53.694  3998 32301 I Icing   : Usage reports ok 0, Failed Usage reports 0, indexed 0, rejected 0
08-28 18:21:53.699  3583  3583 D SatelliteController: Satellite for carrier is not supported.
08-28 18:21:53.700  3583  3583 D SatelliteController: Satellite for carrier is not supported.
08-28 18:21:53.700  3583  3583 D SatelliteController: registerForSatelliteModemStateChanged: add Listeners for ModemState
08-28 18:21:53.700  3583  3583 E SatelliteController: registerForSatelliteModemStateChanged: mSatelliteSessionController is not initialized yet
08-28 18:21:53.702  5606  6483 I hbox:interactor: AssetManager2(0xb40000721b808098) locale list changing from [] to [en-US]
08-28 18:21:53.703  3583  3583 D SatelliteController: registerForSatelliteModemStateChanged: add Listeners for ModemState
08-28 18:21:53.703  3583  3583 E SatelliteController: registerForSatelliteModemStateChanged: mSatelliteSessionController is not initialized yet
08-28 18:21:53.705  2387  2942 I system_server: AssetManager2(0xb40000721b973838) locale list changing from [] to [en-US]
08-28 18:21:53.706  5606  6483 I hbox:interactor: AssetManager2(0xb40000721b7f8378) locale list changing from [] to [en-US]
08-28 18:21:53.706  3583  4344 D SatelliteController: isCarrierRoamingNtnEligible: satellite access is not allowed
08-28 18:21:53.706  3583  4344 D SatelliteController: evaluateCarrierRoamingNtnEligibilityChange: isCarrierRoamingNtnEligible=false
08-28 18:21:53.706  3583  4344 D SatelliteController: getSelectedSatelliteSubId: subId=-1
08-28 18:21:53.706  3583  4344 D SatelliteController: notifyNtnEligibility: phoneId=0 currentNtnEligibility=false
08-28 18:21:53.708  3583  4344 V SatelliteController: getWwanIsInService: return true
08-28 18:21:53.708  2387  3893 I LocationAccessPolicy: com.facebook.orca is aware of fine but the app-ops permission is specifically denied.
08-28 18:21:53.708  2387  3893 I LocationAccessPolicy: com.facebook.orca is aware of coarse but the app-ops permission is specifically denied.
08-28 18:21:53.709  2387  3893 I LocationAccessPolicy: com.facebook.katana is aware of fine but the app-ops permission is specifically denied.
08-28 18:21:53.709  2387  3893 I LocationAccessPolicy: com.facebook.katana is aware of coarse but the app-ops permission is specifically denied.
08-28 18:21:53.711  3583  3583 D ServiceStateProvider: subId=2
08-28 18:21:53.713  3583  4344 D SatelliteController: updateLastNotifiedNtnModeAndNotify: subId=1 initialized=true lastNotifiedNtnMode=false currNtnMode=false
08-28 18:21:53.713  3583  4344 D SatelliteController: iisInCarrierRoamingNbIotNtn: satellite is disabled
08-28 18:21:53.714  3583  3583 D SatelliteController: iisInCarrierRoamingNbIotNtn: satellite is disabled
08-28 18:21:53.714  5606  6483 I hbox:interactor: AssetManager2(0xb40000721b7fa2b8) locale list changing from [] to [en-US]
08-28 18:21:53.714  2387  2942 I system_server: AssetManager2(0xb40000721b9712b8) locale list changing from [] to [en-US]
08-28 18:21:53.715  3583  4344 V SatelliteController: getWwanIsInService: return true
08-28 18:21:53.715 21863 21863 D CellBroadcastReceiver: onReceive Intent { act=android.intent.action.SERVICE_STATE flg=0x1000010 xflg=0x4 cmp=com.android.cellbroadcastreceiver.module/com.android.cellbroadcastreceiver.CellBroadcastReceiver (has extras) }
08-28 18:21:53.715  5606  6483 I hbox:interactor: AssetManager2(0xb40000721b7f9318) locale list changing from [] to [en-US]
08-28 18:21:53.715  3583  4344 D SatelliteController: updateLastNotifiedNtnModeAndNotify: subId=2 initialized=true lastNotifiedNtnMode=false currNtnMode=false
08-28 18:21:53.715  3583  4344 D SatelliteController: iisInCarrierRoamingNbIotNtn: satellite is disabled
08-28 18:21:53.716 21863 21863 D CellBroadcastReceiver: onServiceStateChanged, ss: 0
08-28 18:21:53.716 21863 21863 D CellBroadcastReceiver: networkOperator: 65001
08-28 18:21:53.716 21863 21863 D CellBroadcastReceiver: update supported roaming operator as 
08-28 18:21:53.719  3525  4233 W IWlanNetworkService: 76 > Response Processed
08-28 18:21:53.725  2387  2942 I system_server: AssetManager2(0xb40000721b96f378) locale list changing from [] to [en-US]
08-28 18:21:53.730  5606  6483 I hbox:interactor: AssetManager2(0xb40000721b7fbbb8) locale list changing from [] to [en-US]
08-28 18:21:53.731  1491  1491 D DlbDlbEffect: handle_EFFECT_CMD_SET_PARAM()
08-28 18:21:53.732  1570  1588 V DolbyManagerService: doOnDapParamUpdate() entry
08-28 18:21:53.732  1491 25131 D DlbDapEffectContext: onDapParamUpdate()
08-28 18:21:53.732  1491  1491 D DlbDlbEffect: handle_EFFECT_CMD_SET_PARAM()
08-28 18:21:53.732  1491 25131 D DlbDapEffectContext: onDapParamUpdate()
08-28 18:21:53.732  1570  1588 V DolbyManagerService: doOnDapParamUpdate() exit
08-28 18:21:53.733  5606  6483 I hbox:interactor: AssetManager2(0xb40000721b7f6438) locale list changing from [] to [en-US]
08-28 18:21:53.734  3583  3583 W AlarmManager: Unrecognized alarm listener com.android.internal.telephony.data.AutoDataSwitchController$$ExternalSyntheticLambda1@61a63b5
08-28 18:21:53.735  5606  6483 I hbox:interactor: AssetManager2(0xb40000721b7fa8f8) locale list changing from [] to [en-US]
08-28 18:21:53.735  1491  5555 D soundtrigger: audio_extn_sound_trigger_update_stream_status: uc_info->id 12 of type 0 for Event 3, with Raise=0
08-28 18:21:53.735  1491  5555 D audio_hw_utils: audio_extn_utils_send_app_type_cfg: usecase->out_snd_device voice-speaker-stereo
08-28 18:21:53.735  1491  5555 I audio_hw_utils: ULL doesnt need sending app type cfg, returning
08-28 18:21:53.735  1491  5555 D DlbQdspGefDriver: eventCallback(): audio device 0x00000002 (sample rate 48000, channelMask 0x00000003, ACDB device id 15, app type 0x11137) becomes active!
08-28 18:21:53.735  1491  5555 D DlbQdspGefDriver: eventCallback(): Ignore values with unexpected app type 0x11137
08-28 18:21:53.735  1491  5555 D ACDB-LOADER: ACDB -> send_audio_cal, acdb_id = 15, path = 0, app id = 0x11137, sample rate = 48000, use_case = 0,buffer_idx_w_path =0, afe_sample_rate = 96000, cal_mode = 1, offset_index = 0
08-28 18:21:53.735  1491  5555 D ACDB-LOADER: ACDB -> send_asm_topology
08-28 18:21:53.735  1491  5555 D ACDB-LOADER: ACDB -> ACDB_CMD_GET_AUDPROC_STREAM_TOPOLOGY_ID
08-28 18:21:53.735  1491  5555 D ACDB-LOADER: ACDB -> send_adm_topology
08-28 18:21:53.735  1491  5555 D ACDB-LOADER: ACDB -> ACDB_CMD_GET_AUDPROC_COMMON_TOPOLOGY_ID
08-28 18:21:53.735  1491  5555 D ACDB-LOADER: ACDB -> send_audtable
08-28 18:21:53.735  1491  5555 D ACDB-LOADER: ACDB -> ACDB_CMD_GET_AUDPROC_INSTANCE_COMMON_TABLE_SIZE
08-28 18:21:53.735  1491  5555 D ACDB-LOADER: ACDB -> ACDB_CMD_GET_AUDPROC_INSTANCE_COMMON_TABLE
08-28 18:21:53.735  1491  5555 D ACDB-LOADER: ACDB -> AUDIO_SET_AUDPROC_CAL cal_type[11] acdb_id[15] app_type[69943]
08-28 18:21:53.735  1491  5555 D ACDB-LOADER: ACDB -> send_audvoltable
08-28 18:21:53.735  1491  5555 D ACDB-LOADER: ACDB -> ACDB_CMD_GET_AUDPROC_INSTANCE_GAIN_DEP_STEP_TABLE_SIZE
08-28 18:21:53.735  1491  5555 D android.hardware.audio.service: Failed to fetch the lookup information of the device 0000000F 
08-28 18:21:53.735  1491  5555 D ACDB-LOADER: Error: ACDB_CMD_GET_AUDPROC_INSTANCE_GAIN_DEP_STEP_TABLE_SIZE Returned = -19
08-28 18:21:53.735  1491  5555 D ACDB-LOADER: ACDB -> ACDB_CMD_GET_AUDPROC_INSTANCE_GAIN_DEP_STEP_TABLE, vol index 5
08-28 18:21:53.735  1491  5555 D android.hardware.audio.service: Failed to fetch the lookup information of the device 0000000F 
08-28 18:21:53.735  1491  5555 D ACDB-LOADER: Error: ACDB AudProc vol returned = -19
08-28 18:21:53.735  1491  5555 D ACDB-LOADER: ACDB -> AUDIO_SET_VOL_CAL cal type = 12
08-28 18:21:53.735  1491  5555 D ACDB-LOADER: ACDB -> ACDB_CMD_GET_AUDPROC_INSTANCE_STREAM_TABLE_SIZE
08-28 18:21:53.735  1491  5555 D ACDB-LOADER: ACDB -> send_audstrmtable
08-28 18:21:53.735  1491  5555 D ACDB-LOADER: ACDB -> ACDB_CMD_GET_AUDPROC_INSTANCE_STREAM_TABLE
