08-28 18:19:18.848 29820 29820 I LSPosed : Loading xposed for ru.andr7e.deviceinfohw/10631
08-28 18:19:18.856 29752 29752 I LSPosed-Bridge: Loading legacy module com.kashi.caimanspoof from /data/app/~~xIMPkLOMQNZdzJ685pldMw==/com.kashi.caimanspoof-qry5DlrjkO6FIJxDvKEoag==/base.apk
08-28 18:19:18.857 29820 29820 I LSPosed-Bridge: Loading legacy module com.kashi.caimanspoof from /data/app/~~xIMPkLOMQNZdzJ685pldMw==/com.kashi.caimanspoof-qry5DlrjkO6FIJxDvKEoag==/base.apk
08-28 18:19:18.866 28737 29777 I ixplorer.silver: AssetManager2(0xb40000721b8374d8) locale list changing from [] to [en-US]
08-28 18:19:18.867  6564  7277 I .apps.wellbeing: AssetManager2(0xb40000721b842a18) locale list changing from [] to [en-US]
08-28 18:19:18.875 28737 29777 I ixplorer.silver: AssetManager2(0xb40000721b834c38) locale list changing from [] to [en-US]
08-28 18:19:18.875  6564  7277 I .apps.wellbeing: AssetManager2(0xb40000721b83c938) locale list changing from [] to [en-US]
08-28 18:19:18.877  6564  7277 I .apps.wellbeing: AssetManager2(0xb40000721b8426f8) locale list changing from [] to [en-US]
08-28 18:19:18.879  6564  7277 I .apps.wellbeing: AssetManager2(0xb40000721b8407b8) locale list changing from [] to [en-US]
08-28 18:19:18.879 28737 29777 I ixplorer.silver: AssetManager2(0xb40000721b839418) locale list changing from [] to [en-US]
08-28 18:19:18.882 28737 29777 I ixplorer.silver: AssetManager2(0xb40000721b83bfd8) locale list changing from [] to [en-US]
08-28 18:19:18.883  6564  7277 I .apps.wellbeing: AssetManager2(0xb40000721b856bf8) locale list changing from [] to [en-US]
08-28 18:19:18.891 28737 28737 W Thread-16: type=1400 audit(0.0:24583): avc:  denied  { read } for  name="filesystems" dev="proc" ino=4026532165 scontext=u:r:untrusted_app:s0:c133,c258,c512,c768 tcontext=u:object_r:proc_filesystems:s0 tclass=file permissive=0 app=com.mixplorer.silver
08-28 18:19:18.892 28737 29777 I ixplorer.silver: AssetManager2(0xb40000721b836b78) locale list changing from [] to [en-US]
08-28 18:19:18.894 28737 29777 I incfs   : Initial API level of the device: 30
08-28 18:19:18.894 28737 29777 I incfs   : ro.incremental.enable: true
08-28 18:19:18.895 28737 29777 I incfs   : IncFs_Features: v1
08-28 18:19:18.907  6564  7277 I .apps.wellbeing: AssetManager2(0xb40000721b83d8d8) locale list changing from [] to [en-US]
08-28 18:19:18.907 28737 29777 I ixplorer.silver: AssetManager2(0xb40000721b83c2f8) locale list changing from [] to [en-US]
08-28 18:19:18.912  6564  7277 I .apps.wellbeing: AssetManager2(0xb40000721b843378) locale list changing from [] to [en-US]
08-28 18:19:18.913  6564  7277 I .apps.wellbeing: AssetManager2(0xb40000721b841438) locale list changing from [] to [en-US]
08-28 18:19:18.915 28737 29777 I ixplorer.silver: AssetManager2(0xb40000721b839738) locale list changing from [] to [en-US]
08-28 18:19:18.915  6564  7277 I .apps.wellbeing: AssetManager2(0xb40000721b83e238) locale list changing from [] to [en-US]
08-28 18:19:18.917 28737 29777 I ixplorer.silver: AssetManager2(0xb40000721b83ad18) locale list changing from [] to [en-US]
08-28 18:19:18.922 28737 29777 I ixplorer.silver: AssetManager2(0xb40000721b838ab8) locale list changing from [] to [en-US]
08-28 18:19:18.924 29750 29750 W ndroid.keychain: Unsupported class loader: java.lang.Class<j>
08-28 18:19:18.929 29750 29750 I LSPosed-Bridge:   Loading class com.kashi.caimanspoof.SimpleSpoofer
08-28 18:19:18.939 29741 29741 W ssioncontroller: Unsupported class loader: java.lang.Class<j>
08-28 18:19:18.945 29750 29750 D nativeloader: Load libframework-connectivity-tiramisu-jni.so using APEX ns com_android_tethering for caller /apex/com.android.tethering/javalib/framework-connectivity-t.jar: ok
08-28 18:19:18.947   681   681 I lowmemorykiller: Kill 'com.google.android.projection.gearhead:provider' (27552), uid 10502, oom_score_adj 975 to free 114760kB rss, 32064kB swap; reason: low watermark is breached
08-28 18:19:18.952 29741 29741 I LSPosed-Bridge:   Loading class com.kashi.caimanspoof.SimpleSpoofer
08-28 18:19:18.956 28737 29777 I ixplorer.silver: AssetManager2(0xb40000721b83bcb8) locale list changing from [] to [en-US]
08-28 18:19:18.959  6564  7277 I .apps.wellbeing: AssetManager2(0xb40000721b83f1d8) locale list changing from [] to [en-US]
08-28 18:19:18.972 28737 29777 I ixplorer.silver: AssetManager2(0xb40000721b83b358) locale list changing from [] to [en-US]
08-28 18:19:18.973  2242  2242 I adbd    : Remote process closed the socket (on MSG_PEEK)
08-28 18:19:18.973  2387  3036 I ActivityManager: Process com.google.android.projection.gearhead:provider (pid 27552) has died: cch+75 CEM 
08-28 18:19:18.974 29741 29741 D nativeloader: Load libframework-connectivity-tiramisu-jni.so using APEX ns com_android_tethering for caller /apex/com.android.tethering/javalib/framework-connectivity-t.jar: ok
08-28 18:19:18.974  1317  1317 I Zygote  : Process 27552 exited due to signal 9 (Killed)
08-28 18:19:18.975  6564  7277 I .apps.wellbeing: AssetManager2(0xb40000721b7fa5d8) locale list changing from [] to [en-US]
08-28 18:19:18.975  2387  2945 I libprocessgroup: Removed cgroup /sys/fs/cgroup/apps/uid_10502/pid_27552
08-28 18:19:18.976 28737 29777 I ixplorer.silver: AssetManager2(0xb40000721b838478) locale list changing from [] to [en-US]
08-28 18:19:18.977  6564  7277 I .apps.wellbeing: AssetManager2(0xb40000721b8568d8) locale list changing from [] to [en-US]
08-28 18:19:18.981 29750 29750 D nativeloader: Configuring clns-shared-9 for other apk /system/app/KeyChain/KeyChain.apk. target_sdk_version=36, uses_libraries=, library_path=/system/app/KeyChain/lib/arm64:/system/lib64:/system_ext/lib64, permitted_path=/data:/mnt/expand:/data/user/0/com.android.keychain:/system/app/KeyChain:/system/lib64:/system_ext/lib64
08-28 18:19:18.988 29741 29741 D ApplicationLoaders: Returning zygote-cached class loader: /system_ext/framework/androidx.window.extensions.jar
08-28 18:19:18.988 29741 29741 D ApplicationLoaders: Returning zygote-cached class loader: /system_ext/framework/androidx.window.sidecar.jar
08-28 18:19:18.988 29741 29741 D ApplicationLoaders: Returning zygote-cached class loader: /system/framework/org.apache.http.legacy.jar
08-28 18:19:18.990 29820 29820 W 7e.deviceinfohw: Unsupported class loader: java.lang.Class<j>
08-28 18:19:18.992 29820 29820 I LSPosed-Bridge:   Loading class com.kashi.caimanspoof.SimpleSpoofer
08-28 18:19:18.995 29750 29750 I LSPosed-Bridge: SimpleSpoofer: Hooking package com.android.keychain
08-28 18:19:18.995 29750 29750 I LSPosed-Bridge: SimpleSpoofer: Build fields set to Pixel 10 Pro XL for com.android.keychain
08-28 18:19:18.996 29750 29750 I LSPosed-Bridge: SimpleSpoofer: SystemProperties hooks installed for com.android.keychain
08-28 18:19:18.997 29750 29750 I LSPosed-Bridge: SimpleSpoofer: PackageManager.hasSystemFeature hook installed for com.android.keychain
08-28 18:19:18.998 29750 29750 I ndroid.keychain: AssetManager2(0xb40000721b7da558) locale list changing from [] to [en-US]
08-28 18:19:18.999 29752 29752 W le.android.odad: Unsupported class loader: java.lang.Class<j>
08-28 18:19:19.002 29752 29752 I LSPosed-Bridge:   Loading class com.kashi.caimanspoof.SimpleSpoofer
08-28 18:19:19.002 29750 29750 V GraphicsEnvironment: Currently set values for:
08-28 18:19:19.002 29750 29750 V GraphicsEnvironment:   angle_gl_driver_selection_pkgs=[com.android.angle, com.linecorp.b612.android, com.campmobile.snow, com.google.android.apps.tachyon]
08-28 18:19:19.002 29750 29750 V GraphicsEnvironment:   angle_gl_driver_selection_values=[angle, native, native, native]
08-28 18:19:19.002 29750 29750 V GraphicsEnvironment: com.android.keychain is not listed in per-application setting
08-28 18:19:19.003 29750 29750 V GraphicsEnvironment: ANGLE allowlist from config: 
08-28 18:19:19.003 29750 29750 V GraphicsEnvironment: com.android.keychain is not listed in ANGLE allowlist or settings, returning default
08-28 18:19:19.003 29750 29750 V GraphicsEnvironment: Neither updatable production driver nor prerelease driver is supported.
08-28 18:19:19.006 29820 29820 D nativeloader: Load libframework-connectivity-tiramisu-jni.so using APEX ns com_android_tethering for caller /apex/com.android.tethering/javalib/framework-connectivity-t.jar: ok
08-28 18:19:19.007 29750 29750 I LSPosed-Bridge: SimpleSpoofer: Spoofed ro.product.model = Pixel 10 Pro XL
08-28 18:19:19.010  6564  7277 I .apps.wellbeing: AssetManager2(0xb40000721b8423d8) locale list changing from [] to [en-US]
08-28 18:19:19.010 28737 29777 I ixplorer.silver: AssetManager2(0xb40000721b837e38) locale list changing from [] to [en-US]
08-28 18:19:19.011 29750 29750 I LSPosed-Bridge: SimpleSpoofer: Spoofed ro.product.model = Pixel 10 Pro XL
08-28 18:19:19.011 29750 29750 I LSPosed-Bridge: SimpleSpoofer: Spoofed ro.product.model = Pixel 10 Pro XL
08-28 18:19:19.011 29750 29750 I LSPosed-Bridge: SimpleSpoofer: Spoofed ro.soc.manufacturer = Google
08-28 18:19:19.011 29750 29750 I LSPosed-Bridge: SimpleSpoofer: SoC-related request: ro.soc.manufacturer = Google
08-28 18:19:19.013 29752 29752 D nativeloader: Load libframework-connectivity-tiramisu-jni.so using APEX ns com_android_tethering for caller /apex/com.android.tethering/javalib/framework-connectivity-t.jar: ok
08-28 18:19:19.014 29741 29741 D nativeloader: Configuring clns-shared-9 for other apk /apex/com.android.permission/priv-app/PermissionController@BP2A.250605.031.A2/PermissionController.apk. target_sdk_version=36, uses_libraries=, library_path=/apex/com.android.permission/priv-app/PermissionController@BP2A.250605.031.A2/lib/arm64:/system/lib64:/system_ext/lib64, permitted_path=/data:/mnt/expand:/data/user_de/0/com.android.permissioncontroller:/apex/com.android.permission/priv-app/PermissionController@BP2A.250605.031.A2:/system/lib64:/system_ext/lib64
08-28 18:19:19.015 29820 29820 D CompatChangeReporter: Compat change id reported: 242716250; UID 10631; state: ENABLED
08-28 18:19:19.016 29741 29741 D nativeloader: InitApexLibraries:
08-28 18:19:19.016 29741 29741 D nativeloader:   com_android_adservices: libhpke_jni.so:libtflite_support_classifiers_native.so
08-28 18:19:19.016 29741 29741 D nativeloader:   com_android_appsearch: libicing.so
08-28 18:19:19.016 29741 29741 D nativeloader:   com_android_art: libartservice.so
08-28 18:19:19.016 29741 29741 D nativeloader:   com_android_bt: libbluetooth_jni.so
08-28 18:19:19.016 29741 29741 D nativeloader:   com_android_conscrypt: libjavacrypto.so
08-28 18:19:19.016 29741 29741 D nativeloader:   com_android_extservices: libtflite_support_classifiers_native.so
08-28 18:19:19.016 29741 29741 D nativeloader:   com_android_mediaprovider: libpdfclient.so
08-28 18:19:19.016 29741 29741 D nativeloader:   com_android_nfcservices: libnfc_nci_jni.so
08-28 18:19:19.016 29741 29741 D nativeloader:   com_android_ondevicepersonalization: libfcp_cpp_dep_jni.so:libfcp_hpke_jni.so
08-28 18:19:19.016 29741 29741 D nativeloader:   com_android_os_statsd: libstats_jni.so
08-28 18:19:19.016 29741 29741 D nativeloader:   com_android_tethering: libframework-connectivity-jni.so:libframework-connectivity-tiramisu-jni.so:libmainlinecronet.133.0.6876.3.so:stable_cronet_libcrypto.so:stable_cronet_libssl.so:libandroid_net_connectivity_com_android_net_module_util_jni.so:libservice-connectivity.so:libservice-thread-jni.so
08-28 18:19:19.016 29741 29741 D nativeloader:   com_android_uwb: libuwb_uci_jni_rust.so
08-28 18:19:19.016 29741 29741 D nativeloader:   com_android_virt: libvirtualizationservice_jni.so:libvirtualmachine_jni.so
08-28 18:19:19.016 29741 29741 D nativeloader:   com_android_wifi: libservice-wifi-jni.so
08-28 18:19:19.017 28737 29777 I ixplorer.silver: AssetManager2(0xb40000721b8377f8) locale list changing from [] to [en-US]
08-28 18:19:19.019  6564  7277 I .apps.wellbeing: AssetManager2(0xb40000721b83e558) locale list changing from [] to [en-US]
08-28 18:19:19.019 29820 29820 D ApplicationLoaders: Returning zygote-cached class loader: /system/framework/org.apache.http.legacy.jar
08-28 18:19:19.021  6564  7277 I .apps.wellbeing: AssetManager2(0xb40000721b841758) locale list changing from [] to [en-US]
08-28 18:19:19.022 28737 29777 I ixplorer.silver: AssetManager2(0xb40000721b83b678) locale list changing from [] to [en-US]
08-28 18:19:19.023 29750 29895 E ashmem  : Pinning is deprecated since Android Q. Please use trim or other methods.
08-28 18:19:19.024 29752 29752 D ApplicationLoaders: Returning zygote-cached class loader: /system_ext/framework/androidx.window.extensions.jar
08-28 18:19:19.024 29752 29752 D ApplicationLoaders: Returning zygote-cached class loader: /system_ext/framework/androidx.window.sidecar.jar
08-28 18:19:19.024  6564  7277 I .apps.wellbeing: AssetManager2(0xb40000721b840df8) locale list changing from [] to [en-US]
08-28 18:19:19.025 28737 29777 I ixplorer.silver: AssetManager2(0xb40000721b835ef8) locale list changing from [] to [en-US]
08-28 18:19:19.042  6564  7277 I .apps.wellbeing: AssetManager2(0xb40000721b83df18) locale list changing from [] to [en-US]
08-28 18:19:19.042 28737 29777 I ixplorer.silver: AssetManager2(0xb40000721b837b18) locale list changing from [] to [en-US]
08-28 18:19:19.044  6564  7277 I .apps.wellbeing: AssetManager2(0xb40000721b7f8698) locale list changing from [] to [en-US]
08-28 18:19:19.047 29820 29820 D nativeloader: Configuring clns-9 for other apk /data/app/~~MV8fIUcEryYX_tE9jN_0Zw==/ru.andr7e.deviceinfohw-XahjHDq_tLT1fI68ml9iuA==/base.apk. target_sdk_version=34, uses_libraries=, library_path=/data/app/~~MV8fIUcEryYX_tE9jN_0Zw==/ru.andr7e.deviceinfohw-XahjHDq_tLT1fI68ml9iuA==/lib/arm64, permitted_path=/data:/mnt/expand:/data/user/0/ru.andr7e.deviceinfohw
08-28 18:19:19.047 28737 29777 I ixplorer.silver: AssetManager2(0xb40000721b8420b8) locale list changing from [] to [en-US]
08-28 18:19:19.047  2387  2387 D FlashNotifController: requestStartFlashNotification
08-28 18:19:19.047 29741 29741 I LSPosed-Bridge: SimpleSpoofer: Hooking package com.android.permissioncontroller
08-28 18:19:19.047  2387  2387 I FlashNotifController: startFlashNotification: type=1, tag=android
08-28 18:19:19.047  2387  2387 D FlashNotifController: Flash notification is disabled
08-28 18:19:19.048 29741 29741 I LSPosed-Bridge: SimpleSpoofer: Build fields set to Pixel 10 Pro XL for com.android.permissioncontroller
08-28 18:19:19.049  3291 19077 D RingtonePlayer: play(token=android.os.BinderProxy@1ccf8be, uri=file:///product/media/audio/ui/InCallNotification.ogg, uid=1000)
08-28 18:19:19.050 29741 29741 I LSPosed-Bridge: SimpleSpoofer: SystemProperties hooks installed for com.android.permissioncontroller
08-28 18:19:19.050 29741 29741 I LSPosed-Bridge: SimpleSpoofer: PackageManager.hasSystemFeature hook installed for com.android.permissioncontroller
08-28 18:19:19.051  2387  3238 D BackgroundInstallControlService: Package event received: 0
08-28 18:19:19.055  3502  3502 I NotificationListener: received notification removed event - android#UserHandle{0},category=-1
08-28 18:19:19.056 29820 29820 I LSPosed-Bridge: SimpleSpoofer: Hooking package ru.andr7e.deviceinfohw
08-28 18:19:19.057 29820 29820 I LSPosed-Bridge: SimpleSpoofer: Build fields set to Pixel 10 Pro XL for ru.andr7e.deviceinfohw
08-28 18:19:19.059 29820 29820 I LSPosed-Bridge: SimpleSpoofer: SystemProperties hooks installed for ru.andr7e.deviceinfohw
08-28 18:19:19.059 29820 29820 I LSPosed-Bridge: SimpleSpoofer: PackageManager.hasSystemFeature hook installed for ru.andr7e.deviceinfohw
08-28 18:19:19.060  2119 23773 D NuPlayerDriver: NuPlayerDriver(0xeff808d0) created, clientPid(3291)
08-28 18:19:19.060 29820 29820 I 7e.deviceinfohw: AssetManager2(0xb40000721b7e4198) locale list changing from [] to [en-US]
08-28 18:19:19.060   683   683 I hwservicemanager: getTransport: Cannot find entry android.hardware.media.omx@1.0::IOmx/default in either framework or device VINTF manifest.
08-28 18:19:19.061  2119 23773 D MediaPlayerService: OMX service is not available
08-28 18:19:19.063  6564  7277 I .apps.wellbeing: AssetManager2(0xb40000721b843cd8) locale list changing from [] to [en-US]
08-28 18:19:19.063  5589  6817 I AiAiEcho: SmartspaceNotificationPredictor no parser can handle this notification or notification is invalid
08-28 18:19:19.064 29820 29820 V GraphicsEnvironment: Currently set values for:
08-28 18:19:19.064 29820 29820 V GraphicsEnvironment:   angle_gl_driver_selection_pkgs=[com.android.angle, com.linecorp.b612.android, com.campmobile.snow, com.google.android.apps.tachyon]
08-28 18:19:19.064 29820 29820 V GraphicsEnvironment:   angle_gl_driver_selection_values=[angle, native, native, native]
08-28 18:19:19.064 29820 29820 V GraphicsEnvironment: ru.andr7e.deviceinfohw is not listed in per-application setting
08-28 18:19:19.064 29820 29820 V GraphicsEnvironment: ANGLE allowlist from config: 
08-28 18:19:19.064 29820 29820 V GraphicsEnvironment: ru.andr7e.deviceinfohw is not listed in ANGLE allowlist or settings, returning default
08-28 18:19:19.064 29820 29820 V GraphicsEnvironment: Neither updatable production driver nor prerelease driver is supported.
08-28 18:19:19.064 29752 29752 D nativeloader: Configuring clns-9 for other apk /data/app/~~FcMD0fDKdbbg_dcJP8kBnQ==/com.google.android.odad-SGSbUueEWaCyn9W6w79Y4A==/base.apk. target_sdk_version=35, uses_libraries=, library_path=/data/app/~~FcMD0fDKdbbg_dcJP8kBnQ==/com.google.android.odad-SGSbUueEWaCyn9W6w79Y4A==/lib/arm64:/data/app/~~FcMD0fDKdbbg_dcJP8kBnQ==/com.google.android.odad-SGSbUueEWaCyn9W6w79Y4A==/base.apk!/lib/arm64-v8a, permitted_path=/data:/mnt/expand:/data/user/0/com.google.android.odad
08-28 18:19:19.066 28737 29777 I ixplorer.silver: AssetManager2(0xb40000721b840498) locale list changing from [] to [en-US]
08-28 18:19:19.069 29820 29820 I LSPosed-Bridge: SimpleSpoofer: Spoofed ro.product.model = Pixel 10 Pro XL
08-28 18:19:19.071  2119 29901 D GenericSource: FileSource remote
08-28 18:19:19.072 29820 29820 I LSPosed-Bridge: SimpleSpoofer: Spoofed ro.product.model = Pixel 10 Pro XL
08-28 18:19:19.072 29820 29820 I LSPosed-Bridge: SimpleSpoofer: Spoofed ro.product.model = Pixel 10 Pro XL
08-28 18:19:19.072 29820 29820 I LSPosed-Bridge: SimpleSpoofer: Spoofed ro.soc.manufacturer = Google
08-28 18:19:19.072 29820 29820 I LSPosed-Bridge: SimpleSpoofer: SoC-related request: ro.soc.manufacturer = Google
08-28 18:19:19.073 29752 29752 D CompatChangeReporter: Compat change id reported: 202956589; UID 10463; state: ENABLED
08-28 18:19:19.073   681   681 I lowmemorykiller: Kill 'com.mixplorer.silver' (28737), uid 10645, oom_score_adj 965 to free 412988kB rss, 25920kB swap; reason: low watermark is breached
08-28 18:19:19.073  6564  7277 I .apps.wellbeing: AssetManager2(0xb40000721b7f6758) locale list changing from [] to [en-US]
08-28 18:19:19.077 29820 29820 I DisplayManager: Implicitly registering for refresh rate
08-28 18:19:19.078 29820 29820 I p       : Rect(0, 0 - 208, 137)
08-28 18:19:19.080  3291 19077 D Ringtone: Successfully created local player
08-28 18:19:19.081  2119 29900 I GenericSource: start
08-28 18:19:19.082  2387  3651 I Telecom : CallAudioWatchdog: getOrAddSession: uid=10555, new, CommSess{uid=10555, created=Aug 28, 2025 6:19:19 PM, attr=, callId=none, duration=0}
08-28 18:19:19.083 29752 29752 I LSPosed-Bridge: SimpleSpoofer: Hooking package com.google.android.odad
08-28 18:19:19.083 29752 29752 I LSPosed-Bridge: SimpleSpoofer: Build fields set to Pixel 10 Pro XL for com.google.android.odad
08-28 18:19:19.083  1491 25131 D DlbDlbEffect: handle_EFFECT_CMD_SET_PARAM()
08-28 18:19:19.084  1491 25131 D DlbDlbEffect: handle_EFFECT_CMD_SET_PARAM()
08-28 18:19:19.084  1570  1588 V DolbyManagerService: doOnDapParamUpdate() entry
08-28 18:19:19.085  1491 25131 D DlbDapEffectContext: onDapParamUpdate()
08-28 18:19:19.085 29752 29752 I LSPosed-Bridge: SimpleSpoofer: SystemProperties hooks installed for com.google.android.odad
08-28 18:19:19.086 29752 29752 I LSPosed-Bridge: SimpleSpoofer: PackageManager.hasSystemFeature hook installed for com.google.android.odad
08-28 18:19:19.086  1491 25131 D DlbDapEffectContext: onDapParamUpdate()
08-28 18:19:19.087  1570  1588 V DolbyManagerService: doOnDapParamUpdate() exit
08-28 18:19:19.087  2119 29907 D CCodec  : allocate(c2.android.vorbis.decoder)
08-28 18:19:19.089 29752 29752 I le.android.odad: AssetManager2(0xb40000721b7e4198) locale list changing from [] to [en-US]
08-28 18:19:19.087  2387  2387 W binder:2387_1F: type=1400 audit(0.0:24584): avc:  denied  { read } for  name="661f16" dev="dm-41" ino=146483 scontext=u:r:system_server:s0 tcontext=u:object_r:system_data_root_file:s0 tclass=file permissive=0
08-28 18:19:19.087  2387  2387 W binder:2387_1F: type=1400 audit(0.0:24585): avc:  denied  { read } for  name="661f16" dev="dm-41" ino=146483 scontext=u:r:system_server:s0 tcontext=u:object_r:system_data_root_file:s0 tclass=file permissive=0
08-28 18:19:19.092  6564  7277 I .apps.wellbeing: AssetManager2(0xb40000721b7f5498) locale list changing from [] to [en-US]
08-28 18:19:19.093  6564  7277 I .apps.wellbeing: AssetManager2(0xb40000721b7ef9f8) locale list changing from [] to [en-US]
08-28 18:19:19.094  2119 29907 I CCodec  : setting up 'default' as default (vendor) store
08-28 18:19:19.096  6564  7277 I .apps.wellbeing: AssetManager2(0xb40000721b7efd18) locale list changing from [] to [en-US]
08-28 18:19:19.097  2156  3726 D BufferPoolAccessor2.0: bufferpool2 0xb40000788ae24f38 : 0(0 size) total buffers - 0(0 size) used buffers - 0/0 (recycle/alloc) - 0/0 (fetch/transfer)
08-28 18:19:19.097  2156  3726 D BufferPoolAccessor2.0: bufferpool2 0xb40000788ae1fe48 : 0(0 size) total buffers - 0(0 size) used buffers - 68/72 (recycle/alloc) - 4/71 (fetch/transfer)
08-28 18:19:19.097  2119 19392 D BufferPoolAccessor2.0: bufferpool2 0xeb6c1c48 : 0(0 size) total buffers - 0(0 size) used buffers - 68/76 (recycle/alloc) - 8/148 (fetch/transfer)
08-28 18:19:19.097 29820 29820 I CameraManagerGlobal: Connecting to camera service
08-28 18:19:19.097  2119 19438 D BufferPoolAccessor2.0: Destruction - bufferpool2 0xeb6c1c48 cached: 0/0M, 0/0% in use; allocs: 76, 89% recycled; transfers: 148, 95% unfetched
08-28 18:19:19.098  2119 29907 I CCodec  : Created component [c2.android.vorbis.decoder] for [c2.android.vorbis.decoder]
08-28 18:19:19.099 29752 29752 V GraphicsEnvironment: Currently set values for:
08-28 18:19:19.099 29752 29752 V GraphicsEnvironment:   angle_gl_driver_selection_pkgs=[com.android.angle, com.linecorp.b612.android, com.campmobile.snow, com.google.android.apps.tachyon]
08-28 18:19:19.099 29752 29752 V GraphicsEnvironment:   angle_gl_driver_selection_values=[angle, native, native, native]
08-28 18:19:19.099 29752 29752 V GraphicsEnvironment: com.google.android.odad is not listed in per-application setting
08-28 18:19:19.099 29752 29752 V GraphicsEnvironment: ANGLE allowlist from config: 
08-28 18:19:19.099 29752 29752 V GraphicsEnvironment: com.google.android.odad is not listed in ANGLE allowlist or settings, returning default
08-28 18:19:19.099 29752 29752 V GraphicsEnvironment: Neither updatable production driver nor prerelease driver is supported.
08-28 18:19:19.100  2119 29907 D CCodecConfig: read media type: audio/vorbis
08-28 18:19:19.101  2107  2166 I AttributionAndPermissionUtils: checkPermission (forDataDelivery 0 startDataDelivery 0): Permission hard denied for client attribution [uid 10631, pid 29820, packageName "<unknown>"]
08-28 18:19:19.105 29820 29820 E ashmem  : Pinning is deprecated since Android Q. Please use trim or other methods.
08-28 18:19:19.087  2387  2387 W binder:2387_1F: type=1400 audit(0.0:24586): avc:  denied  { read } for  name="661f16" dev="dm-41" ino=146483 scontext=u:r:system_server:s0 tcontext=u:object_r:system_data_root_file:s0 tclass=file permissive=0
08-28 18:19:19.106  2119 29907 D ReflectedParamUpdater: extent() != 1 for single value type: algo.buffers.max-count.values
08-28 18:19:19.106  2119 29907 D ReflectedParamUpdater: extent() != 1 for single value type: output.subscribed-indices.values
08-28 18:19:19.106 29752 29752 I LSPosed-Bridge: SimpleSpoofer: Spoofed ro.product.model = Pixel 10 Pro XL
08-28 18:19:19.106  2119 29907 D ReflectedParamUpdater: extent() != 1 for single value type: input.buffers.allocator-ids.values
08-28 18:19:19.106  2119 29907 D ReflectedParamUpdater: extent() != 1 for single value type: output.buffers.allocator-ids.values
08-28 18:19:19.107  2119 29907 D ReflectedParamUpdater: extent() != 1 for single value type: algo.buffers.allocator-ids.values
08-28 18:19:19.107  2119 29907 D ReflectedParamUpdater: extent() != 1 for single value type: output.buffers.pool-ids.values
08-28 18:19:19.107  2119 29907 D ReflectedParamUpdater: extent() != 1 for single value type: algo.buffers.pool-ids.values
08-28 18:19:19.107 29820 29820 D DesktopModeFlags: Toggle override initialized to: OVERRIDE_UNSET
08-28 18:19:19.108  2107  2166 I AttributionAndPermissionUtils: checkPermission (forDataDelivery 0 startDataDelivery 0): Permission hard denied for client attribution [uid 10631, pid 29820, packageName "<unknown>"]
08-28 18:19:19.110 29752 29752 I LSPosed-Bridge: SimpleSpoofer: Spoofed ro.product.model = Pixel 10 Pro XL
08-28 18:19:19.111  2119 29907 I CCodecConfig: query failed after returning 8 values (BAD_INDEX)
08-28 18:19:19.111 29752 29752 I LSPosed-Bridge: SimpleSpoofer: Spoofed ro.product.model = Pixel 10 Pro XL
08-28 18:19:19.111 29752 29752 I LSPosed-Bridge: SimpleSpoofer: Spoofed ro.soc.manufacturer = Google
08-28 18:19:19.111 29752 29752 I LSPosed-Bridge: SimpleSpoofer: SoC-related request: ro.soc.manufacturer = Google
08-28 18:19:19.111  2119 29907 D CCodecConfig: c2 config diff is Dict {
08-28 18:19:19.111  2119 29907 D CCodecConfig:   c2::u32 coded.bitrate.value = 64000
08-28 18:19:19.111  2119 29907 D CCodecConfig:   c2::u32 input.buffers.max-size.value = 32768
08-28 18:19:19.111  2119 29907 D CCodecConfig:   c2::u32 input.delay.value = 0
08-28 18:19:19.111  2119 29907 D CCodecConfig:   string input.media-type.value = "audio/vorbis"
08-28 18:19:19.111  2119 29907 D CCodecConfig:   c2::u32 output.large-frame.max-size = 0
08-28 18:19:19.111  2119 29907 D CCodecConfig:   c2::u32 output.large-frame.threshold-size = 0
08-28 18:19:19.111  2119 29907 D CCodecConfig:   string output.media-type.value = "audio/raw"
08-28 18:19:19.111  2119 29907 D CCodecConfig:   c2::u32 raw.channel-count.value = 1
08-28 18:19:19.111  2119 29907 D CCodecConfig:   c2::u32 raw.sample-rate.value = 48000
08-28 18:19:19.111  2119 29907 D CCodecConfig: }
08-28 18:19:19.112  6564  7277 I .apps.wellbeing: AssetManager2(0xb40000721b7f76f8) locale list changing from [] to [en-US]
08-28 18:19:19.113  2119 29906 E MediaCodec: Media Quality Service not found.
08-28 18:19:19.114  2119 29907 D CCodec  : [c2.android.vorbis.decoder] buffers are bound to CCodec for this session
08-28 18:19:19.114  2119 29907 D CCodecConfig: no c2 equivalents for durationUs
08-28 18:19:19.114  2119 29907 D CCodecConfig: no c2 equivalents for csd-1
08-28 18:19:19.114  2119 29907 D CCodecConfig: no c2 equivalents for flags
08-28 18:19:19.114  2119 29907 D CCodecConfig: c2 config diff is   c2::u32 coded.bitrate.value = 120000
08-28 18:19:19.115  2119 29907 W Codec2Client: query -- param skipped: index = 1107298332.
08-28 18:19:19.115  2119 29907 D CCodec  : encoding statistics level = 0
08-28 18:19:19.115  2119 29907 D CCodec  : setup formats input: AMessage(what = 0x00000000) = {
08-28 18:19:19.115  2119 29907 D CCodec  :   int32_t bitrate = 120000
08-28 18:19:19.115  2119 29907 D CCodec  :   int32_t channel-count = 1
08-28 18:19:19.115  2119 29907 D CCodec  :   int32_t max-input-size = 32768
08-28 18:19:19.115  2119 29907 D CCodec  :   string mime = "audio/vorbis"
08-28 18:19:19.115  2119 29907 D CCodec  :   int32_t sample-rate = 48000
08-28 18:19:19.115  2119 29907 D CCodec  : }
08-28 18:19:19.115  2119 29907 D CCodec  : setup formats output: AMessage(what = 0x00000000) = {
08-28 18:19:19.115  2119 29907 D CCodec  :   int32_t buffer-batch-max-output-size = 0
08-28 18:19:19.115  2119 29907 D CCodec  :   int32_t buffer-batch-threshold-output-size = 0
08-28 18:19:19.115  2119 29907 D CCodec  :   int32_t channel-count = 1
08-28 18:19:19.115  2119 29907 D CCodec  :   string mime = "audio/raw"
08-28 18:19:19.115  2119 29907 D CCodec  :   int32_t sample-rate = 48000
08-28 18:19:19.115  2119 29907 D CCodec  :   int32_t channel-mask = 1
08-28 18:19:19.115  2119 29907 D CCodec  :   int32_t android._config-pcm-encoding = 2
08-28 18:19:19.115  2119 29907 D CCodec  : }
08-28 18:19:19.115  2119 29907 I CCodecConfig: query failed after returning 8 values (BAD_INDEX)
08-28 18:19:19.115  2119 29907 I MediaCodec: MediaCodec will operate in async mode
08-28 18:19:19.115  2119 29906 D MediaCodec: keep callback message for reclaim
08-28 18:19:19.115  2119 29907 W Codec2Client: query -- param skipped: index = 1342179345.
08-28 18:19:19.115  2119 29907 W Codec2Client: query -- param skipped: index = 2415921170.
08-28 18:19:19.116 29741 29741 I ssioncontroller: AssetManager2(0xb40000721b7da558) locale list changing from [] to [en-US]
08-28 18:19:19.116  2119 29907 D BufferPoolAccessor2.0: bufferpool2 0xeb6c1d68 : 4(131072 size) total buffers - 4(131072 size) used buffers - 68/76 (recycle/alloc) - 8/148 (fetch/transfer)
08-28 18:19:19.116  2119 29907 D CCodecBufferChannel: [c2.android.vorbis.decoder#744] Created input block pool with allocatorID 16 => poolID 24 - OK (0)
08-28 18:19:19.116  2156  2298 D BufferPoolAccessor2.0: bufferpool2 0xb40000788ae29248 : 0(0 size) total buffers - 0(0 size) used buffers - 68/72 (recycle/alloc) - 4/71 (fetch/transfer)
08-28 18:19:19.116  2156  2298 D BufferPoolAccessor2.0: Destruction - bufferpool2 0xb40000788ae29248 cached: 0/0M, 0/0% in use; allocs: 72, 94% recycled; transfers: 71, 94% unfetched
08-28 18:19:19.117  2119 29907 I CCodecBufferChannel: [c2.android.vorbis.decoder#744] Created output block pool with allocatorID 16 => poolID 61 - OK
08-28 18:19:19.117  2119 29907 D CCodecBufferChannel: [c2.android.vorbis.decoder#744] Configured output block pool ids 61 => OK
08-28 18:19:19.117  2156  2298 E Codec2-ComponentInterface: We have a failed config
08-28 18:19:19.117  2156 29908 D SimpleC2Component: Using output block pool with poolID 61 => got 61 - 0
08-28 18:19:19.118 29820 29820 I Q       : SCALER_STREAM_CONFIGURATION_MAP ok
08-28 18:19:19.111 29820 29820 W pool-4-thread-2: type=1400 audit(0.0:24587): avc:  denied  { read } for  name="interrupts" dev="proc" ino=4026532109 scontext=u:r:untrusted_app:s0:c119,c258,c512,c768 tcontext=u:object_r:proc_interrupts:s0 tclass=file permissive=0 app=ru.andr7e.deviceinfohw
08-28 18:19:19.111 29820 29820 W pool-4-thread-1: type=1400 audit(0.0:24588): avc:  denied  { read } for  name="drivers" dev="sysfs" ino=29857 scontext=u:r:untrusted_app:s0:c119,c258,c512,c768 tcontext=u:object_r:sysfs:s0 tclass=dir permissive=0 app=ru.andr7e.deviceinfohw
08-28 18:19:19.119 29741 29741 V GraphicsEnvironment: Currently set values for:
08-28 18:19:19.119 29741 29741 V GraphicsEnvironment:   angle_gl_driver_selection_pkgs=[com.android.angle, com.linecorp.b612.android, com.campmobile.snow, com.google.android.apps.tachyon]
08-28 18:19:19.119 29741 29741 V GraphicsEnvironment:   angle_gl_driver_selection_values=[angle, native, native, native]
08-28 18:19:19.119 29741 29741 V GraphicsEnvironment: com.android.permissioncontroller is not listed in per-application setting
08-28 18:19:19.119 29741 29741 V GraphicsEnvironment: ANGLE allowlist from config: 
08-28 18:19:19.119 29741 29741 V GraphicsEnvironment: com.android.permissioncontroller is not listed in ANGLE allowlist or settings, returning default
08-28 18:19:19.119 29741 29741 V GraphicsEnvironment: Neither updatable production driver nor prerelease driver is supported.
08-28 18:19:19.121  2107  2166 I AttributionAndPermissionUtils: checkPermission (forDataDelivery 0 startDataDelivery 0): Permission hard denied for client attribution [uid 10631, pid 29820, packageName "<unknown>"]
08-28 18:19:19.122 29820 29820 I Q       : SCALER_STREAM_CONFIGURATION_MAP ok
08-28 18:19:19.123  2387  3238 D BackgroundInstallControlService: Package event received: 0
08-28 18:19:19.123  2107  2166 I AttributionAndPermissionUtils: checkPermission (forDataDelivery 0 startDataDelivery 0): Permission hard denied for client attribution [uid 10631, pid 29820, packageName "<unknown>"]
08-28 18:19:19.124 29820 29820 I Q       : SCALER_STREAM_CONFIGURATION_MAP ok
08-28 18:19:19.125  2107  6915 I AttributionAndPermissionUtils: checkPermission (forDataDelivery 0 startDataDelivery 0): Permission hard denied for client attribution [uid 10631, pid 29820, packageName "<unknown>"]
08-28 18:19:19.126 29820 29820 I Q       : SCALER_STREAM_CONFIGURATION_MAP ok
08-28 18:19:19.127  2107  6915 I AttributionAndPermissionUtils: checkPermission (forDataDelivery 0 startDataDelivery 0): Permission hard denied for client attribution [uid 10631, pid 29820, packageName "<unknown>"]
08-28 18:19:19.128 29820 29820 I Q       : SCALER_STREAM_CONFIGURATION_MAP ok
08-28 18:19:19.129  2107  6915 I AttributionAndPermissionUtils: checkPermission (forDataDelivery 0 startDataDelivery 0): Permission hard denied for client attribution [uid 10631, pid 29820, packageName "<unknown>"]
08-28 18:19:19.129 29741 29741 I LSPosed-Bridge: SimpleSpoofer: Spoofed ro.product.model = Pixel 10 Pro XL
08-28 18:19:19.130 29820 29820 I Q       : SCALER_STREAM_CONFIGURATION_MAP ok
08-28 18:19:19.131 29752 29752 I ContentProtectionServic: CP service created
08-28 18:19:19.131 29752 29752 E ashmem  : Pinning is deprecated since Android Q. Please use trim or other methods.
08-28 18:19:19.132  1595 13533 I AudioFlinger: openOutput() this 0xb400006f94952010, module 10 Device AUDIO_DEVICE_OUT_SPEAKER, @:, SamplingRate 48000, Format 0x000001, Channels 0x1, flags 0x8001
08-28 18:19:19.132  2107  6915 I AttributionAndPermissionUtils: checkPermission (forDataDelivery 0 startDataDelivery 0): Permission hard denied for client attribution [uid 10631, pid 29820, packageName "<unknown>"]
08-28 18:19:19.132 29820 29820 I Q       : SCALER_STREAM_CONFIGURATION_MAP ok
08-28 18:19:19.133 29741 29741 I LSPosed-Bridge: SimpleSpoofer: Spoofed ro.product.model = Pixel 10 Pro XL
08-28 18:19:19.133  2387  2387 I RemoteContentProtectionService: Connection status for: ComponentInfo{com.google.android.odad/com.google.android.apps.miphone.odad.contentprotection.ContentProtectionService} changed to: connected
08-28 18:19:19.133 29741 29741 I LSPosed-Bridge: SimpleSpoofer: Spoofed ro.product.model = Pixel 10 Pro XL
08-28 18:19:19.133 29741 29741 I LSPosed-Bridge: SimpleSpoofer: Spoofed ro.soc.manufacturer = Google
08-28 18:19:19.133 29741 29741 I LSPosed-Bridge: SimpleSpoofer: SoC-related request: ro.soc.manufacturer = Google
08-28 18:19:19.133  1491 25131 D audio_hw_primary: adev_open_output_stream: enter: format(0x1) sample_rate(48000) channel_mask(0x1) devices(0x2) flags(0x8001)        stream_handle(0xe8aca7e0) address()
08-28 18:19:19.134  2107  6915 I AttributionAndPermissionUtils: checkPermission (forDataDelivery 0 startDataDelivery 0): Permission hard denied for client attribution [uid 10631, pid 29820, packageName "<unknown>"]
08-28 18:19:19.134 29752 29752 I ContentProtectionServic: CP service onConnected
08-28 18:19:19.134  1491 25131 D audio_hw_primary: adev_open_output_stream: Stream (0xe8aca7e0) picks up usecase (audio-playback-voip)
08-28 18:19:19.135  1491 25131 D audio_hw_primary: io_streams_map_insert: Added stream in io_streams_map with handle 77
08-28 18:19:19.135  1491 25131 D audio_hw_primary: adev_open_output_stream: exit
08-28 18:19:19.135 29820 29820 I Q       : SCALER_STREAM_CONFIGURATION_MAP ok
08-28 18:19:19.136 29752 29914 I bne     : Starting to build the allowlist
08-28 18:19:19.136  2107  6915 I AttributionAndPermissionUtils: checkPermission (forDataDelivery 0 startDataDelivery 0): Permission hard denied for client attribution [uid 10631, pid 29820, packageName "<unknown>"]
08-28 18:19:19.137 29820 29820 I Q       : SCALER_STREAM_CONFIGURATION_MAP ok
08-28 18:19:19.140  1317  1317 I Zygote  : Process 28737 exited due to signal 9 (Killed)
08-28 18:19:19.140  1595 13533 I AudioFlinger: HAL output buffer size 960 frames, normal sink buffer size 960 frames
08-28 18:19:19.141  1595 13533 D AudioFlinger: Failed to add event callback
08-28 18:19:19.141  1595 29916 I AudioFlinger: AudioFlinger's thread 0xb400006f3494c820 tid=29916 ready to run
08-28 18:19:19.141  3291  3291 D MediaRouter: onRestoreRoute() : route=RouteInfo{ name=Phone, description=null, status=null, category=RouteCategory{ name=System types=ROUTE_TYPE_LIVE_AUDIO ROUTE_TYPE_LIVE_VIDEO  groupable=false }, supportedTypes=ROUTE_TYPE_LIVE_AUDIO ROUTE_TYPE_LIVE_VIDEO , presentationDisplay=null }
08-28 18:19:19.141  3291  3291 V MediaRouter: Selecting route: RouteInfo{ name=Phone, description=null, status=null, category=RouteCategory{ name=System types=ROUTE_TYPE_LIVE_AUDIO ROUTE_TYPE_LIVE_VIDEO  groupable=false }, supportedTypes=ROUTE_TYPE_LIVE_AUDIO ROUTE_TYPE_LIVE_VIDEO , presentationDisplay=null }
08-28 18:19:19.142  6564  7277 I .apps.wellbeing: AssetManager2(0xb40000721b7ef098) locale list changing from [] to [en-US]
08-28 18:19:19.142  2107  6915 I AttributionAndPermissionUtils: checkPermission (forDataDelivery 0 startDataDelivery 0): Permission hard denied for client attribution [uid 10631, pid 29820, packageName "<unknown>"]
08-28 18:19:19.143  1491 25131 D audio_hw_primary: out_standby: enter: stream (0xe8aca7e0) usecase(33: audio-playback-voip)
08-28 18:19:19.143  1491 25131 D audio_hw_primary: out_standby: exit
08-28 18:19:19.143 29820 29820 I Q       : SCALER_STREAM_CONFIGURATION_MAP ok
08-28 18:19:19.145  2107  6915 I AttributionAndPermissionUtils: checkPermission (forDataDelivery 0 startDataDelivery 0): Permission hard denied for client attribution [uid 10631, pid 29820, packageName "<unknown>"]
08-28 18:19:19.145  2387  2871 I ActivityManager: Process com.mixplorer.silver (pid 28737) has died: cch+65 CEM 
08-28 18:19:19.146 29820 29820 I Q       : SCALER_STREAM_CONFIGURATION_MAP ok
08-28 18:19:19.146  6564  7277 I .apps.wellbeing: AssetManager2(0xb40000721b7f0678) locale list changing from [] to [en-US]
08-28 18:19:19.147  2387  2945 I libprocessgroup: Removed cgroup /sys/fs/cgroup/apps/uid_10645/pid_28737
08-28 18:19:19.147  2107  6915 I AttributionAndPermissionUtils: checkPermission (forDataDelivery 0 startDataDelivery 0): Permission hard denied for client attribution [uid 10631, pid 29820, packageName "<unknown>"]
08-28 18:19:19.148  6564  7277 I .apps.wellbeing: AssetManager2(0xb40000721b7f0358) locale list changing from [] to [en-US]
08-28 18:19:19.148  1595 13533 D AudioFlinger: Client defaulted notificationFrames to 12000 for frameCount 24000
08-28 18:19:19.148  1595 13533 I AF::PthrPatchRecord: creating track with enforcement level 0
08-28 18:19:19.148 29820 29820 I Q       : SCALER_STREAM_CONFIGURATION_MAP ok
08-28 18:19:19.149  1595 25048 D NativePermissionController: checkPermission: missing 13 for 10670
08-28 18:19:19.149  1595  1851 D NativePermissionController: checkPermission: missing 13 for 10670
08-28 18:19:19.151  1595 12059 D NativePermissionController: checkPermission: missing 13 for 10670
08-28 18:19:19.151  1595 13500 D NativePermissionController: checkPermission: missing 13 for 10670
08-28 18:19:19.152  2107  6915 I AttributionAndPermissionUtils: checkPermission (forDataDelivery 0 startDataDelivery 0): Permission hard denied for client attribution [uid 10631, pid 29820, packageName "<unknown>"]
08-28 18:19:19.153 29820 29820 I Q       : SCALER_STREAM_CONFIGURATION_MAP ok
08-28 18:19:19.154  2107  6915 I AttributionAndPermissionUtils: checkPermission (forDataDelivery 0 startDataDelivery 0): Permission hard denied for client attribution [uid 10631, pid 29820, packageName "<unknown>"]
08-28 18:19:19.154 29820 29820 I Q       : SCALER_STREAM_CONFIGURATION_MAP ok
08-28 18:19:19.155  2107  6915 I AttributionAndPermissionUtils: checkPermission (forDataDelivery 0 startDataDelivery 0): Permission hard denied for client attribution [uid 10631, pid 29820, packageName "<unknown>"]
08-28 18:19:19.156 29820 29820 I Q       : SCALER_STREAM_CONFIGURATION_MAP ok
08-28 18:19:19.157  2107  6915 I AttributionAndPermissionUtils: checkPermission (forDataDelivery 0 startDataDelivery 0): Permission hard denied for client attribution [uid 10631, pid 29820, packageName "<unknown>"]
08-28 18:19:19.158 29820 29820 I Q       : SCALER_STREAM_CONFIGURATION_MAP ok
08-28 18:19:19.160  2107  6915 I AttributionAndPermissionUtils: checkPermission (forDataDelivery 0 startDataDelivery 0): Permission hard denied for client attribution [uid 10631, pid 29820, packageName "<unknown>"]
08-28 18:19:19.160 29820 29820 I Q       : SCALER_STREAM_CONFIGURATION_MAP ok
08-28 18:19:19.162  6564  7277 I .apps.wellbeing: AssetManager2(0xb40000721b7f0998) locale list changing from [] to [en-US]
08-28 18:19:19.162 29820 29820 I Y       : camera2
08-28 18:19:19.166  6564  7277 I .apps.wellbeing: AssetManager2(0xb40000721b7f4e58) locale list changing from [] to [en-US]
08-28 18:19:19.168  6564  7277 I .apps.wellbeing: AssetManager2(0xb40000721b7f1618) locale list changing from [] to [en-US]
08-28 18:19:19.171 29820 29917 I LSPosed-Bridge: SimpleSpoofer: Spoofed ro.build.description = mustang_beta-user 16 BP41.250725.006 12701944 release-keys
08-28 18:19:19.173  1491 25131 I EffectsFactory: EffectCreate() create_effect
08-28 18:19:19.176  6564  7277 I .apps.wellbeing: AssetManager2(0xb40000721b7f12f8) locale list changing from [] to [en-US]
08-28 18:19:19.178  2387  3238 D BackgroundInstallControlService: Package event received: 0
08-28 18:19:19.178  2387  3238 D BackgroundInstallControlService: Package event received: 0
08-28 18:19:19.180  6564  7277 I .apps.wellbeing: AssetManager2(0xb40000721b7f0038) locale list changing from [] to [en-US]
08-28 18:19:19.181 29820 29820 I 7e.deviceinfohw: AssetManager2(0xb40000721b7d9298) locale list changing from [] to [en-US]
08-28 18:19:19.186 29820 29918 I AdrenoGLES-0: QUALCOMM build                   : 329cf4c2a7, I63533b1e29
08-28 18:19:19.186 29820 29918 I AdrenoGLES-0: Build Date                       : 01/31/23
08-28 18:19:19.186 29820 29918 I AdrenoGLES-0: OpenGL ES Shader Compiler Version: EV031.35.01.12
08-28 18:19:19.186 29820 29918 I AdrenoGLES-0: Local Branch                     : 
08-28 18:19:19.186 29820 29918 I AdrenoGLES-0: Remote Branch                    : refs/tags/AU_LINUX_ANDROID_LA.UM.9.14.11.00.00.571.148
08-28 18:19:19.186 29820 29918 I AdrenoGLES-0: Remote Branch                    : NONE
08-28 18:19:19.186 29820 29918 I AdrenoGLES-0: Reconstruct Branch               : NOTHING
08-28 18:19:19.186 29820 29918 I AdrenoGLES-0: Build Config                     : S P 10.0.7 AArch64
08-28 18:19:19.186 29820 29918 I AdrenoGLES-0: Driver Path                      : /vendor/lib64/egl/libGLESv2_adreno.so
08-28 18:19:19.187  6564  7277 I .apps.wellbeing: AssetManager2(0xb40000721b7f6118) locale list changing from [] to [en-US]
08-28 18:19:19.189  6564  7277 I .apps.wellbeing: AssetManager2(0xb40000721b7f2f18) locale list changing from [] to [en-US]
08-28 18:19:19.190 29820 29820 I MainActivity: GLES Version: 196610
08-28 18:19:19.194 29820 29918 I AdrenoGLES-0: PFP: 0x016dc094, ME: 0x00000000
08-28 18:19:19.196  6564  7277 I .apps.wellbeing: AssetManager2(0xb40000721b7f2298) locale list changing from [] to [en-US]
08-28 18:19:19.196  1491 25131 W msm8974_platform: platform_send_gain_dep_cal: Voice call in progress .. ignore setting new cal
08-28 18:19:19.196  1491 25131 E volume_listener: check_and_set_gain_dep_cal: Failed to set gain dep cal level
08-28 18:19:19.197  1491  1491 D audio_hw_primary: adev_create_audio_patch: enter: num sources 1, num_sinks 1, handle 0
08-28 18:19:19.197  1491  1491 D audio_hw_primary: adev_create_audio_patch: Playback patch from mix handle 77 to device 2
08-28 18:19:19.197  1491  1491 D audio_hw_primary: update_patch: enter
08-28 18:19:19.197  1491  1491 D audio_hw_primary: route_output_stream: enter: usecase(33: audio-playback-voip) devices 2
08-28 18:19:19.197  1491  1491 D audio_hw_primary: adev_create_audio_patch: Added a new patch with handle 22
08-28 18:19:19.197  1491  1491 D audio_hw_primary: adev_create_audio_patch: exit: num sources 1, num_sinks 1, handle 22
08-28 18:19:19.200 29752 29922 D CompatChangeReporter: Compat change id reported: 312399441; UID 10463; state: ENABLED
08-28 18:19:19.201  6564  7277 I .apps.wellbeing: AssetManager2(0xb40000721b7f2bf8) locale list changing from [] to [en-US]
08-28 18:19:19.201  1595  3680 D NativePermissionController: checkPermission: missing 13 for 10670
08-28 18:19:19.202  1595 11949 D NativePermissionController: checkPermission: missing 13 for 10670
08-28 18:19:19.203  6564  7277 I .apps.wellbeing: AssetManager2(0xb40000721b7ef3b8) locale list changing from [] to [en-US]
08-28 18:19:19.204  6564  7277 I .apps.wellbeing: AssetManager2(0xb40000721b7f4b38) locale list changing from [] to [en-US]
08-28 18:19:19.206  1595  1851 D NativePermissionController: checkPermission: missing 13 for 10670
08-28 18:19:19.206  1595  3203 D NativePermissionController: checkPermission: missing 13 for 10670
08-28 18:19:19.207 29820 29820 I MainActivity: Device EGL Version: 1.0
08-28 18:19:19.208 29820 29820 I MainActivity: GLES Major version is: 3
08-28 18:19:19.209  2119  2232 D MediaPlayerService: onAudioDeviceUpdate deviceIds: 3
08-28 18:19:19.209  2119 25746 D MediaPlayerService: onAudioDeviceUpdate deviceIds: 3
08-28 18:19:19.212  1491  1491 D DlbDlbEffect: handle_EFFECT_CMD_SET_PARAM()
08-28 18:19:19.213  1491  1491 D DlbDlbEffect: handle_EFFECT_CMD_SET_PARAM()
08-28 18:19:19.213  1570  1588 V DolbyManagerService: doOnDapParamUpdate() entry
08-28 18:19:19.213  1491 25131 D DlbDapEffectContext: onDapParamUpdate()
08-28 18:19:19.214  1491 25131 D DlbDapEffectContext: onDapParamUpdate()
08-28 18:19:19.214  1491  1491 D DlbDlbEffect: handle_EFFECT_CMD_SET_PARAM()
08-28 18:19:19.214  1491  1491 D DlbDlbEffect: handle_EFFECT_CMD_SET_PARAM()
08-28 18:19:19.214  1570  1588 V DolbyManagerService: doOnDapParamUpdate() exit
08-28 18:19:19.214  6564  7277 I .apps.wellbeing: AssetManager2(0xb40000721b7f41d8) locale list changing from [] to [en-US]
08-28 18:19:19.215  1570  1588 V DolbyManagerService: doOnDapParamUpdate() entry
08-28 18:19:19.215  1491 25131 D DlbDapEffectContext: onDapParamUpdate()
08-28 18:19:19.215  1491 25131 D DlbDapEffectContext: onDapParamUpdate()
08-28 18:19:19.216  2387  3412 W ServiceManagerCppClient: Waited one second for stats (is service started? Number of threads started in the threadpool: 32. Are binder threads started and available?)
08-28 18:19:19.216  1570  1588 V DolbyManagerService: doOnDapParamUpdate() exit
08-28 18:19:19.216  2387  3651 I Telecom : CallAudioWatchdog: getOrAddSession: uid=10555, ex, CommSess{uid=10555, created=Aug 28, 2025 6:19:19 PM, attr=ap, , callId=none, duration=0}
08-28 18:19:19.216  1599  1692 W ServiceManagerCppClient: Waited one second for stats (is service started? Number of threads started in the threadpool: 6. Are binder threads started and available?)
08-28 18:19:19.217  2387  3651 I Telecom : CallAudioWatchdog: getOrAddSession: uid=10555, ex, CommSess{uid=10555, created=Aug 28, 2025 6:19:19 PM, attr=ap, , callId=none, duration=0}
08-28 18:19:19.217 29752 29914 I bne     : Potential packages: 84, blocklist size: 5976, allowlist size: 44, latency: PT0.063S
08-28 18:19:19.218 29752 29752 I bmv     : Max lightweight executor threads: 5
08-28 18:19:19.218  2119 29905 D AudioTrack: stop(97): called with 11395 frames delivered
08-28 18:19:19.218  1595 29916 W MonotonicFrameCounter: updateAndGetMonotonicFrameCount: invalid (frame, time) pair newFrameCount:0 newTime:-1, using 0 as frameCount
08-28 18:19:19.218  1491 25131 W msm8974_platform: platform_send_gain_dep_cal: Voice call in progress .. ignore setting new cal
08-28 18:19:19.218  1491 25131 E volume_listener: check_and_set_gain_dep_cal: Failed to set gain dep cal level
08-28 18:19:19.218  1491  1491 D audio_hw_primary: out_set_volume: called with left_vol=0.099998, right_vol=0.099998
08-28 18:19:19.218  1491 24239 W msm8974_platform: platform_send_gain_dep_cal: Voice call in progress .. ignore setting new cal
08-28 18:19:19.218  1491 24239 E volume_listener: check_and_set_gain_dep_cal: Failed to set gain dep cal level
08-28 18:19:19.218  1491 24239 W msm8974_platform: platform_send_gain_dep_cal: Voice call in progress .. ignore setting new cal
08-28 18:19:19.218  1491 24239 E volume_listener: check_and_set_gain_dep_cal: Failed to set gain dep cal level
08-28 18:19:19.218   682 29924 W libc    : Unable to set property "ctl.interface_start" to "aidl/stats": PROP_ERROR_HANDLE_CONTROL_MESSAGE (0x20)
08-28 18:19:19.218  1491 24238 D audio_hw_primary: out_set_volume: called with left_vol=0.099998, right_vol=0.099998
08-28 18:19:19.220  1491 29926 D audio_hw_primary: start_output_stream: enter: stream(0xe8aca7e0)usecase(33: audio-playback-voip) devices(0x2) is_haptic_usecase(0)
08-28 18:19:19.220  1491 29926 D audio_hw_primary: select_devices for use case (audio-playback-voip in:0 out:0 device:0x2)
08-28 18:19:19.220  1491 29926 D audio_hw_primary: select_devices: changing use case audio-playback-voip output device from(0: , acdb -1) to (41: voice-speaker-stereo, acdb 15)
08-28 18:19:19.220  1491 29926 D ultrasound_extn: ultrasound_select_devices_pre ultrasound_enabled:1 usecase(audio-playback-voip), devices:2 in_snd_device(0, ), out_snd_device(41, voice-speaker-stereo)
08-28 18:19:19.220  1491 29926 D ultrasound_extn: ultrasound_select_devices_pre usecase(audio-playback-voip), chg-to: in_snd_device(0, ), out_snd_device(0, )
08-28 18:19:19.220  1491 29926 D ultrasound_extn: dump_usecase_list: start ======================================
08-28 18:19:19.220  1491 29926 D ultrasound_extn: dump_usecase_list: enter sensor_activated:1 hw_port_enabled:1 suspended:0
