--------- beginning of system
08-28 18:26:50.014  2387  2935 D WindowManager: powerPress: eventTime=1634247 interactive=false count=1 mShortPressOnPowerBehavior=1
08-28 18:26:50.014  2387  2935 V WindowManager: Ignoring short press of power button because the device is not interactive. interactive=false, beganFromNonInteractive=true
08-28 18:26:50.014  2387  3155 I PowerGroup: Waking up power group from Dozing (groupId=0, uid=1000, reason=WAKE_REASON_POWER_BUTTON, details=android.policy:POWER)...
08-28 18:26:50.015  2387  3155 I PowerManagerService: Waking up from Dozing (uid=1000, reason=WAKE_REASON_POWER_BUTTON, details=android.policy:POWER)...
08-28 18:26:50.028  2387  2963 I DisplayPowerController[0]: Blocking screen on until initial contents have been drawn.
08-28 18:26:50.029  2387  2963 D WindowManager: Remove SleepToken: tag=Display-off, displayId=0
08-28 18:26:50.030  2387  2963 I DisplayPowerController: Window Manager Policy screenTurningOn complete
08-28 18:26:50.034  2387  3225 I MR2ServiceImpl: Updating composite discovery preference | preference: RouteDiscoveryRequest{ preferredFeatures={}, activeScan=false }, active routers: []
08-28 18:26:50.036  2387  2963 I DisplayBrightnessStrategySelector: Changing the DisplayBrightnessStrategy from ScreenOffBrightnessStrategy to FallbackBrightnessStrategy for display 0
08-28 18:26:50.038  2387  2963 V DisplayPowerController[0]: Brightness [0.009072112] reason changing to: 'manual', previous reason: 'screen_off'.
08-28 18:26:50.043  2387  2963 I DisplayPowerController[0]: BrightnessEvent: brt=0.009072112 (16.0%), nits= 11.0539665, lux=-1.0, reason=manual, strat=FallbackBrightnessStrategy, state=ON, stateReason=KEY, policy=BRIGHT, flags=, initBrt=0.0, rcmdBrt=NaN, preBrt=NaN, preLux=0.0, wasShortTermModelActive=false, autoBrightness=true (default), unclampedBrt=0.009072112, hbmMax=1.0, hbmMode=off, thrmMax=1.0, rbcStrength=81, powerFactor=1.0, physDisp=Built-in Screen(local:4630946736638489730), logicalId=0, slowChange=false, rampSpeed=0.0
08-28 18:26:50.046  2387  2963 I DisplayBrightnessStrategySelector: Changing the DisplayBrightnessStrategy from FallbackBrightnessStrategy to AutomaticBrightnessStrategy for display 0
08-28 18:26:50.056  2387  2963 V DisplayPowerController[0]: Brightness [0.027856966] reason changing to: 'automatic', previous reason: 'manual'.
08-28 18:26:50.056  2387  2963 I DisplayPowerController[0]: BrightnessEvent: brt=0.027856966 (29.0%), nits= 29.801254, lux=8.0, reason=automatic, strat=AutomaticBrightnessStrategy, state=ON, stateReason=KEY, policy=BRIGHT, flags=, initBrt=0.009072112, rcmdBrt=0.027856966, preBrt=NaN, preLux=NaN, wasShortTermModelActive=false, autoBrightness=true (default), unclampedBrt=0.027856966, hbmMax=1.0, hbmMode=off, thrmMax=1.0, rbcStrength=81, powerFactor=1.0, physDisp=Built-in Screen(local:4630946736638489730), logicalId=0, slowChange=false, rampSpeed=0.0
08-28 18:26:50.057  2387  2937 I DisplayDeviceRepository: Display device changed state: "Built-in Screen", ON
08-28 18:26:50.058  2387  2963 D BrightnessThermalClamper: Thermal status observer already started
08-28 18:26:50.060  2387  2937 I BrightnessSynchronizer: [182] New Update 0.027856966(f) set brightness values:  8(i)
08-28 18:26:50.063  2387  2937 I BrightnessSynchronizer: New PendingUpdate: {[183] 0.027856966(f), mUpdatedTypes=0, mConfirmedTypes=0, mTimeUpdated=0}, prev=null
08-28 18:26:50.063  2387  2938 I DisplayDevice: [0] Layerstack set to 0 for local:4630946736638489730
08-28 18:26:50.064  2387  2935 D WindowManager: DeferredDisplayUpdater: partially applying DisplayInfo(1440 x 3200) immediately
08-28 18:26:50.098  2387  2387 W Looper  : Slow dispatch took 113ms main app=system_server main=true group=FOREGROUND h=android.app.ActivityThread$H c=android.app.LoadedApk$ReceiverDispatcher$Args$$ExternalSyntheticLambda0@7e164dc m=0
08-28 18:26:50.098  2387  2387 W Looper  : Slow delivery took 234ms main app=system_server main=true group=FOREGROUND h=android.app.ActivityThread$H c=android.app.LoadedApk$ReceiverDispatcher$Args$$ExternalSyntheticLambda0@132ccba m=0
08-28 18:26:50.108  2387  2963 I DisplayPowerController[0]: Unblocked screen on after 80 ms
08-28 18:26:50.135  2387  3238 D BackgroundInstallControlService: Package event received: 0
08-28 18:26:50.136  2387  3238 D BackgroundInstallControlService: Package event received: 0
08-28 18:26:50.160  2387  2387 D BackupManagerConstants: getFullBackupIntervalMilliseconds(...) returns 86400000
08-28 18:26:50.160  2387  2387 D BackupManagerConstants: getFullBackupRequiredNetworkType(...) returns 2
08-28 18:26:50.160  2387  2387 D BackupManagerConstants: getFullBackupRequireCharging(...) returns true
08-28 18:26:50.177  2387  6717 W ActivityTaskManager: callingPackage for (uid=2000, pid=6395) has no WPC
08-28 18:26:50.184  2387  6717 D ActivityTaskManager: Temporarily retain top process state for launching app
08-28 18:26:50.192  2387  6717 I ActivityTaskManager: START u0 {flg=0x10000000 xflg=0x5 cmp=ru.andr7e.deviceinfohw/.MainActivity} with LAUNCH_MULTIPLE from uid 2000 (BAL_ALLOW_PERMISSION) result code=0
08-28 18:26:50.192  3291  3340 V WindowManagerShell: Transition requested (#172): android.os.BinderProxy@e27cddc TransitionRequestInfo { type = OPEN, triggerTask = TaskInfo{userId=0 taskId=102 effectiveUid=10631 displayId=0 isRunning=true baseIntent=Intent { act=android.intent.action.MAIN cat=[android.intent.category.LAUNCHER] flg=0x10200000 pkg=ru.andr7e.deviceinfohw cmp=ru.andr7e.deviceinfohw/.MainActivity } baseActivity=ComponentInfo{ru.andr7e.deviceinfohw/ru.andr7e.deviceinfohw.DeviceInfoActivity} topActivity=ComponentInfo{ru.andr7e.deviceinfohw/ru.andr7e.deviceinfohw.MainActivity} origActivity=null realActivity=ComponentInfo{ru.andr7e.deviceinfohw/ru.andr7e.deviceinfohw.MainActivity} numActivities=2 lastActiveTime=1634568 supportsMultiWindow=true resizeMode=1 isResizeable=true minWidth=-1 minHeight=-1 defaultMinSize=220 token=WCT{android.window.IWindowContainerToken$Stub$Proxy@bd3dee5} topActivityType=1 pictureInPictureParams=null shouldDockBigOverlays=false launchIntoPipHostTaskId=-1 lastParentTaskIdBeforePip=-1 displayCutoutSafeInsets=Rect(0, 137 - 0, 0) topActivityInfo=ActivityInfo{13dddba ru.andr7e.deviceinfohw.MainActivity} launchCookies=[android.os.BinderProxy@98e595] positionInParent=Point(0, 0) parentTaskId=-1 isFocused=true isVisible=false isVisibleRequested=false isTopActivityNoDisplay=false isSleeping=true locusId=null displayAreaFeatureId=1 isTopActivityTransparent=false isActivityStackTransparent=false lastNonFullscreenBounds=Rect(373, 908 - 1068, 2348) capturedLink=null capturedLinkTimestamp=0 requestedVisibleTypes=-9 topActivityRequestOpenInBrowserEducationTimestamp=0 appCompatTaskInfo=AppCompatTaskInfo { topActivityInSizeCompat=false eligibleForLetterboxEducation= false isLetterboxEducationEnabled= false isLetterboxDoubleTapEnabled= false eligibleForUserAspectRatioButton= false topActivityBoundsLetterboxed= false isFromLetterboxDoubleTap= false topActivityLetterboxVerticalPosition= -1 topActivityLetterboxHorizontalPosition= -1 topActivityLetterboxWidth=-1 topActivityLetterboxHeight=-1 topActivityAppBounds=Rect(0, 137 - 1440, 3120) isUserFullscreenOverrideEnabled=false isSystemFullscreenOverrideEnabled=false hasMinAspectRatioOverride=false topActivityLetterboxBounds=null cameraCompatTaskInfo=CameraCompatTaskInfo { freeformCameraCompatMode=inactive}} topActivityMainWindowFrame=null}, pipChange = null, remoteTransition = null, displayChange = null, flags = 0, debugId = 172 }
08-28 18:26:50.192  3291  3340 D ShellSplitScreen: logExit: no-op, mLoggerSessionId is null
08-28 18:26:50.201  2387  2963 I DreamManagerService: Gently waking up from dream.
08-28 18:26:50.203  2387  6776 I DreamManagerService: Leaving dreamland.
08-28 18:26:50.203  2387  2934 I DreamController: Stopping dream: name=ComponentInfo{com.android.systemui/com.android.systemui.doze.DozeService}, isPreviewMode=false, canDoze=true, userId=0, reason='finished self'(from 'power manager request')
08-28 18:26:50.212  2387  2937 I BrightnessSynchronizer: Swallowing update of 8(i) by update: {[182] 0.027856966(f), mUpdatedTypes=1, mConfirmedTypes=1, mTimeUpdated=1634437}
08-28 18:26:50.212  2387  2937 I BrightnessSynchronizer: Completed Update: {[182] 0.027856966(f), mUpdatedTypes=1, mConfirmedTypes=1, mTimeUpdated=1634437}
08-28 18:26:50.212  2387  3238 D BackgroundInstallControlService: Package event received: 0
08-28 18:26:50.216  2387  3238 D BackgroundInstallControlService: Package event received: 0
08-28 18:26:50.216  2387  3238 D BackgroundInstallControlService: Package event received: 0
08-28 18:26:50.218  3291  3291 D InsetsController: Setting requestedVisibleTypes to -9 (was -11)
08-28 18:26:50.231  2387  3238 D BackgroundInstallControlService: Package event received: 0
08-28 18:26:50.234  2387  2937 I DisplayDeviceRepository: Display device changed render timings: "Built-in Screen", renderFrameRate=120.00001, presentationDeadlineNanos=13333333, appVsyncOffsetNanos=1000000, frameRateOverrides=[]
08-28 18:26:50.234  2387  2935 D WindowManager: DeferredDisplayUpdater: partially applying DisplayInfo(1440 x 3200) immediately
08-28 18:26:50.239  3291  3876 V WindowManagerShell: onTransitionReady(transaction=10252086943763)
08-28 18:26:50.240  3291  3340 V WindowManagerShell: onTransitionReady (#172) android.os.BinderProxy@e27cddc: {id=172 t=OPEN f=0x40 trk=0 r=[] c=[]}
08-28 18:26:50.240  3291  3340 V WindowManagerShell: No transition roots in (#172) android.os.BinderProxy@e27cddc@0 so abort
08-28 18:26:50.240  3291  3340 V WindowManagerShell: Transition animation finished (aborted=true), notifying core (#172) android.os.BinderProxy@e27cddc@0
08-28 18:26:50.243  3291  3340 V WindowManagerShell: Track 0 became idle
08-28 18:26:50.243  3291  3340 V WindowManagerShell: All active transition animations finished
08-28 18:26:50.246  2387  2934 V WindowManager: Sent Transition (#172) createdAt=08-28 18:26:50.181 via request=TransitionRequestInfo { type = OPEN, triggerTask = TaskInfo{userId=0 taskId=102 effectiveUid=10631 displayId=0 isRunning=true baseIntent=Intent { act=android.intent.action.MAIN cat=[android.intent.category.LAUNCHER] flg=0x10200000 pkg=ru.andr7e.deviceinfohw cmp=ru.andr7e.deviceinfohw/.MainActivity } baseActivity=ComponentInfo{ru.andr7e.deviceinfohw/ru.andr7e.deviceinfohw.DeviceInfoActivity} topActivity=ComponentInfo{ru.andr7e.deviceinfohw/ru.andr7e.deviceinfohw.MainActivity} origActivity=null realActivity=ComponentInfo{ru.andr7e.deviceinfohw/ru.andr7e.deviceinfohw.MainActivity} numActivities=2 lastActiveTime=1634568 supportsMultiWindow=true resizeMode=1 isResizeable=true minWidth=-1 minHeight=-1 defaultMinSize=220 token=WCT{RemoteToken{9035ac8 Task{8dd60ac #102 type=standard A=10631:ru.andr7e.deviceinfohw}}} topActivityType=1 pictureInPictureParams=null shouldDockBigOverlays=false launchIntoPipHostTaskId=-1 lastParentTaskIdBeforePip=-1 displayCutoutSafeInsets=Rect(0, 137 - 0, 0) topActivityInfo=ActivityInfo{d84e100 ru.andr7e.deviceinfohw.MainActivity} launchCookies=[android.os.BinderProxy@d68a286] positionInParent=Point(0, 0) parentTaskId=-1 isFocused=true isVisible=false isVisibleRequested=false isTopActivityNoDisplay=false isSleeping=true locusId=null displayAreaFeatureId=1 isTopActivityTransparent=false isActivityStackTransparent=false lastNonFullscreenBounds=Rect(373, 908 - 1068, 2348) capturedLink=null capturedLinkTimestamp=0 requestedVisibleTypes=-9 topActivityRequestOpenInBrowserEducationTimestamp=0 appCompatTaskInfo=AppCompatTaskInfo { topActivityInSizeCompat=false eligibleForLetterboxEducation= false isLetterboxEducationEnabled= false isLetterboxDoubleTapEnabled= false eligibleForUserAspectRatioButton= false topActivityBoundsLetterboxed= false isFromLetterboxDoubleTap= false topActivityLetterboxVerticalPosition= -1 topActivityLetterboxHorizontalPosition= -1 topActivityLetterboxWidth=-1 topActivityLetterboxHeight=-1 topActivityAppBounds=Rect(0, 137 - 1440, 3120) isUserFullscreenOverrideEnabled=false isSystemFullscreenOverrideEnabled=false hasMinAspectRatioOverride=false topActivityLetterboxBounds=null cameraCompatTaskInfo=CameraCompatTaskInfo { freeformCameraCompatMode=inactive}} topActivityMainWindowFrame=null}, pipChange = null, remoteTransition = null, displayChange = null, flags = 0, debugId = 172 }
08-28 18:26:50.246  2387  2934 V WindowManager:     startWCT=WindowContainerTransaction { changes= {} hops= [] errorCallbackToken=null taskFragmentOrganizer=null }
08-28 18:26:50.246  2387  2934 V WindowManager:     info={id=172 t=OPEN f=0x40 trk=0 r=[] c=[]}
08-28 18:26:50.246  2387  2934 V WindowManager: Finish Transition (#172): created at 08-28 18:26:50.181 collect-started=0.47ms request-sent=10.708ms started=12.498ms ready=12.485ms sent=57.911ms finished=60.661ms
08-28 18:26:50.261  2387  6526 D ActivityTaskManager: Temporarily retain top process state for launching app
08-28 18:26:50.264  2387  3238 D BackgroundInstallControlService: Package event received: 0
08-28 18:26:50.264  2387  3238 D BackgroundInstallControlService: Package event received: 0
08-28 18:26:50.265  2387  6526 I ActivityTaskManager: START u0 {xflg=0x4 cmp=ru.andr7e.deviceinfohw/.DeviceInfoActivity} with LAUNCH_MULTIPLE from uid 10631 (sr=38175726) (BAL_ALLOW_GRACE_PERIOD) result code=0
08-28 18:26:50.265  3291  3340 V WindowManagerShell: Transition requested (#173): android.os.BinderProxy@87e2e9a TransitionRequestInfo { type = OPEN, triggerTask = TaskInfo{userId=0 taskId=102 effectiveUid=10631 displayId=0 isRunning=true baseIntent=Intent { act=android.intent.action.MAIN cat=[android.intent.category.LAUNCHER] flg=0x10200000 pkg=ru.andr7e.deviceinfohw cmp=ru.andr7e.deviceinfohw/.MainActivity } baseActivity=ComponentInfo{ru.andr7e.deviceinfohw/ru.andr7e.deviceinfohw.DeviceInfoActivity} topActivity=ComponentInfo{ru.andr7e.deviceinfohw/ru.andr7e.deviceinfohw.DeviceInfoActivity} origActivity=null realActivity=ComponentInfo{ru.andr7e.deviceinfohw/ru.andr7e.deviceinfohw.MainActivity} numActivities=3 lastActiveTime=1634641 supportsMultiWindow=true resizeMode=1 isResizeable=true minWidth=-1 minHeight=-1 defaultMinSize=220 token=WCT{android.window.IWindowContainerToken$Stub$Proxy@508f3cb} topActivityType=1 pictureInPictureParams=null shouldDockBigOverlays=false launchIntoPipHostTaskId=-1 lastParentTaskIdBeforePip=-1 displayCutoutSafeInsets=Rect(0, 137 - 0, 0) topActivityInfo=ActivityInfo{919d7a8 ru.andr7e.deviceinfohw.DeviceInfoActivity} launchCookies=[android.os.BinderProxy@98e595] positionInParent=Point(0, 0) parentTaskId=-1 isFocused=true isVisible=false isVisibleRequested=false isTopActivityNoDisplay=false isSleeping=true locusId=null displayAreaFeatureId=1 isTopActivityTransparent=false isActivityStackTransparent=false lastNonFullscreenBounds=Rect(373, 908 - 1068, 2348) capturedLink=null capturedLinkTimestamp=0 requestedVisibleTypes=-9 topActivityRequestOpenInBrowserEducationTimestamp=0 appCompatTaskInfo=AppCompatTaskInfo { topActivityInSizeCompat=false eligibleForLetterboxEducation= false isLetterboxEducationEnabled= false isLetterboxDoubleTapEnabled= false eligibleForUserAspectRatioButton= false topActivityBoundsLetterboxed= false isFromLetterboxDoubleTap= false topActivityLetterboxVerticalPosition= -1 topActivityLetterboxHorizontalPosition= -1 topActivityLetterboxWidth=-1 topActivityLetterboxHeight=-1 topActivityAppBounds=Rect(0, 137 - 1440, 3120) isUserFullscreenOverrideEnabled=false isSystemFullscreenOverrideEnabled=false hasMinAspectRatioOverride=false topActivityLetterboxBounds=null cameraCompatTaskInfo=CameraCompatTaskInfo { freeformCameraCompatMode=inactive}} topActivityMainWindowFrame=null}, pipChange = null, remoteTransition = null, displayChange = null, flags = 0, debugId = 173 }
08-28 18:26:50.265  3291  3340 D ShellSplitScreen: logExit: no-op, mLoggerSessionId is null
08-28 18:26:50.266  2387  3238 D BackgroundInstallControlService: Package event received: 0
08-28 18:26:50.270  2387  6717 I ActivityTaskManager: Activity reported stop, but no longer stopping: ActivityRecord{38175726 u0 ru.andr7e.deviceinfohw/.MainActivity t102 f}} DESTROYING
08-28 18:26:50.289  2387  2387 W Looper  : Slow dispatch took 109ms main app=system_server main=true group=FOREGROUND h=android.app.ActivityThread$H c=android.app.LoadedApk$ReceiverDispatcher$Args$$ExternalSyntheticLambda0@7038dc0 m=0
08-28 18:26:50.291  2387  3238 D BackgroundInstallControlService: Package event received: 0
08-28 18:26:50.291  2387  3238 D BackgroundInstallControlService: Package event received: 0
08-28 18:26:50.296  2387  2387 W AlarmManager: Package com.kashi.caimanspoof, uid 10674 lost permission to set exact alarms!
08-28 18:26:50.296  3291  3340 D ShellSplitScreen: onStartedWakingUp
08-28 18:26:50.297  2387  8941 V Configuration: Updating configuration, locales updated from [] to [en_US]
08-28 18:26:50.297  2387  8941 V Configuration: Updating configuration, locales updated from [] to [en_US]
08-28 18:26:50.297  2387  8941 V Configuration: Updating configuration, locales updated from [] to [en_US]
08-28 18:26:50.297  2387  8941 V Configuration: Updating configuration, locales updated from [] to [en_US]
08-28 18:26:50.297  2387  8941 V Configuration: Updating configuration, locales updated from [] to [en_US]
08-28 18:26:50.297  2387  8941 V Configuration: Updating configuration, locales updated from [] to [en_US]
08-28 18:26:50.297  2387  8941 V Configuration: Updating configuration, locales updated from [] to [en_US]
08-28 18:26:50.297  2387  8941 V Configuration: Updating configuration, locales updated from [] to [en_US]
08-28 18:26:50.297  2387  8941 V Configuration: Updating configuration, locales updated from [] to [en_US]
08-28 18:26:50.297  2387  8941 V Configuration: Updating configuration, locales updated from [] to [en_US]
08-28 18:26:50.298  2387  2387 W Looper  : Drained
08-28 18:26:50.302  2387  2387 I RemoteContentProtectionService: Connection status for: ComponentInfo{com.google.android.odad/com.google.android.apps.miphone.odad.contentprotection.ContentProtectionService} changed to: connected
08-28 18:26:50.303  2387  8941 D IntervalStats: Unable to parse usage stats packages: [650, 677]
08-28 18:26:50.324  2387  3225 I MR2ServiceImpl: Updating composite discovery preference | preference: RouteDiscoveryRequest{ preferredFeatures={}, activeScan=false }, active routers: []
08-28 18:26:50.329  2387  8941 V Configuration: Updating configuration, locales updated from [] to [en_US_#u-mu-celsius]
08-28 18:26:50.329  2387  8941 V Configuration: Updating configuration, locales updated from [] to [en_US]
08-28 18:26:50.329  2387  8941 V Configuration: Updating configuration, locales updated from [] to [en_US_#u-mu-celsius]
08-28 18:26:50.329  2387  8941 V Configuration: Updating configuration, locales updated from [] to [en_US_#u-mu-celsius]
08-28 18:26:50.329  2387  8941 V Configuration: Updating configuration, locales updated from [] to [en_US]
08-28 18:26:50.329  2387  8941 V Configuration: Updating configuration, locales updated from [] to [en_US]
08-28 18:26:50.329  2387  8941 V Configuration: Updating configuration, locales updated from [] to [en_US]
08-28 18:26:50.329  2387  8941 V Configuration: Updating configuration, locales updated from [] to [en_US_#u-mu-celsius]
08-28 18:26:50.329  2387  8941 V Configuration: Updating configuration, locales updated from [] to [en_US]
08-28 18:26:50.329  2387  8941 V Configuration: Updating configuration, locales updated from [] to [en_US_#u-mu-celsius]
08-28 18:26:50.329  2387  8941 V Configuration: Updating configuration, locales updated from [] to [en_US]
08-28 18:26:50.329  2387  8941 V Configuration: Updating configuration, locales updated from [] to [en_US]
08-28 18:26:50.329  2387  8941 V Configuration: Updating configuration, locales updated from [] to [en_US_#u-mu-celsius]
08-28 18:26:50.329  2387  8941 V Configuration: Updating configuration, locales updated from [] to [en_US]
08-28 18:26:50.329  2387  8941 V Configuration: Updating configuration, locales updated from [] to [en_US_#u-mu-celsius]
08-28 18:26:50.329  2387  8941 V Configuration: Updating configuration, locales updated from [] to [en_US_#u-mu-celsius]
08-28 18:26:50.329  2387  8941 V Configuration: Updating configuration, locales updated from [] to [en_US]
08-28 18:26:50.329  2387  8941 V Configuration: Updating configuration, locales updated from [] to [en_US_#u-mu-celsius]
08-28 18:26:50.329  2387  8941 V Configuration: Updating configuration, locales updated from [] to [en_US_#u-mu-celsius]
08-28 18:26:50.329  2387  8941 V Configuration: Updating configuration, locales updated from [] to [en_US]
08-28 18:26:50.329  2387  8941 V Configuration: Updating configuration, locales updated from [] to [en_US_#u-mu-celsius]
08-28 18:26:50.329  2387  8941 V Configuration: Updating configuration, locales updated from [] to [en_US_#u-mu-celsius]
08-28 18:26:50.334  2387  8941 D IntervalStats: Unable to parse usage stats packages: [646, 650, 658, 659, 660, 677, 683, 685]
08-28 18:26:50.343  2387  8941 V Configuration: Updating configuration, locales updated from [] to [en_US_#u-mu-celsius]
08-28 18:26:50.343  2387  8941 V Configuration: Updating configuration, locales updated from [] to [en_US_#u-mu-celsius]
08-28 18:26:50.343  2387  8941 V Configuration: Updating configuration, locales updated from [] to [en_US_#u-mu-celsius]
08-28 18:26:50.343  2387  8941 V Configuration: Updating configuration, locales updated from [] to [en_US_#u-mu-celsius]
08-28 18:26:50.343  2387  8941 V Configuration: Updating configuration, locales updated from [] to [en_US_#u-mu-celsius]
08-28 18:26:50.344  2387  8941 V Configuration: Updating configuration, locales updated from [] to [en_US_#u-mu-celsius]
08-28 18:26:50.344  2387  8941 V Configuration: Updating configuration, locales updated from [] to [en_US_#u-mu-celsius]
08-28 18:26:50.344  2387  8941 V Configuration: Updating configuration, locales updated from [] to [en_US_#u-mu-celsius]
08-28 18:26:50.344  2387  8941 V Configuration: Updating configuration, locales updated from [] to [en_US_#u-mu-celsius]
08-28 18:26:50.344  2387  8941 V Configuration: Updating configuration, locales updated from [] to [en_US_#u-mu-celsius]
08-28 18:26:50.357  2387  8941 D IntervalStats: Unable to parse usage stats packages: [646, 677, 690, 691, 695, 696]
08-28 18:26:50.358  2387  6635 V ALSProbe: Enable ALS: 120203500
08-28 18:26:50.362  2387  2387 D Smart5gService: received intent: android.intent.action.SCREEN_ON
08-28 18:26:50.362  2387  2387 D Smart5gService: screen turned on
08-28 18:26:50.363  2387  2387 D Smart5gService: subId 1 supports 5g EnhancedRadioCapability
08-28 18:26:50.363  2387  2387 D Smart5gService: shouldDisable5g: smart 5g is disabled for subId 1
08-28 18:26:50.363  2387  2387 D Smart5gService: update: subId=1 is5gAllowed=true shouldDisable=false
08-28 18:26:50.364  2387  8941 V Configuration: Updating configuration, locales updated from [] to [en_US_#u-mu-celsius]
08-28 18:26:50.364  2387  8941 V Configuration: Updating configuration, locales updated from [] to [en_US_#u-mu-celsius]
08-28 18:26:50.364  2387  8941 V Configuration: Updating configuration, locales updated from [] to [en_US_#u-mu-celsius]
08-28 18:26:50.364  2387  8941 V Configuration: Updating configuration, locales updated from [] to [en_US_#u-mu-celsius]
08-28 18:26:50.364  2387  8941 V Configuration: Updating configuration, locales updated from [] to [en_US_#u-mu-celsius]
08-28 18:26:50.364  2387  8941 V Configuration: Updating configuration, locales updated from [] to [en_US_#u-mu-celsius]
08-28 18:26:50.364  2387  8941 V Configuration: Updating configuration, locales updated from [] to [en_US_#u-mu-celsius]
08-28 18:26:50.364  2387  8941 V Configuration: Updating configuration, locales updated from [] to [en_US_#u-mu-celsius]
08-28 18:26:50.364  2387  8941 V Configuration: Updating configuration, locales updated from [] to [en_US_#u-mu-celsius]
08-28 18:26:50.364  2387  8941 V Configuration: Updating configuration, locales updated from [] to [en_US_#u-mu-celsius]
08-28 18:26:50.364  2387  8941 V Configuration: Updating configuration, locales updated from [] to [en_US_#u-mu-celsius]
08-28 18:26:50.376  2387  8941 D IntervalStats: Unable to parse usage stats packages: [677, 695, 696, 700, 701]
08-28 18:26:50.378  2387  8941 V Configuration: Updating configuration, locales updated from [] to [en_US_#u-mu-celsius]
08-28 18:26:50.383  2387  8941 V Configuration: Updating configuration, locales updated from [] to [en_US_#u-mu-celsius]
08-28 18:26:50.383  2387  8941 V Configuration: Updating configuration, locales updated from [] to [en_US_#u-mu-celsius]
08-28 18:26:50.383  2387  8941 V Configuration: Updating configuration, locales updated from [] to [en_US_#u-mu-celsius]
08-28 18:26:50.383  2387  8941 V Configuration: Updating configuration, locales updated from [] to [en_US_#u-mu-celsius]
08-28 18:26:50.383  2387  8941 V Configuration: Updating configuration, locales updated from [] to [en_US_#u-mu-celsius]
08-28 18:26:50.383  2387  8941 V Configuration: Updating configuration, locales updated from [] to [en_US_#u-mu-celsius]
08-28 18:26:50.383  2387  8941 V Configuration: Updating configuration, locales updated from [] to [en_US_#u-mu-celsius]
08-28 18:26:50.383  2387  8941 V Configuration: Updating configuration, locales updated from [] to [en_US_#u-mu-celsius]
08-28 18:26:50.383  2387  8941 V Configuration: Updating configuration, locales updated from [] to [en_US_#u-mu-celsius]
08-28 18:26:50.383  2387  8941 V Configuration: Updating configuration, locales updated from [] to [en_US_#u-mu-celsius]
08-28 18:26:50.384  2387  6635 I ActivityManager: Background started FGS: Allowed [callingPackage: com.google.android.odad; callingUid: 10463; uidState: IMPF; uidBFSL: n/a; intent: Intent { xflg=0x4 cmp=com.google.android.odad/com.google.android.apps.miphone.odad.backgroundwork.impl.WorkService (has extras) }; code:BACKGROUND_ACTIVITY_PERMISSION; tempAllowListReason:<null>; allowWiu:58; targetSdkVersion:35; callerTargetSdkVersion:35; startForegroundCount:0; bindFromPackage:null: isBindService:false]
08-28 18:26:50.391  2387  6635 W ForegroundServiceTypeLoggerModule: Foreground service start for UID: 10463 does not have any types
08-28 18:26:50.400  2387  8941 D IntervalStats: Unable to parse usage stats packages: [691, 716, 717, 720]
08-28 18:26:50.408  2387  8941 V Configuration: Updating configuration, locales updated from [] to [en_US_#u-mu-celsius]
08-28 18:26:50.408  2387  8941 V Configuration: Updating configuration, locales updated from [] to [en_US_#u-mu-celsius]
08-28 18:26:50.408  2387  8941 V Configuration: Updating configuration, locales updated from [] to [en_US_#u-mu-celsius]
08-28 18:26:50.408  2387  8941 V Configuration: Updating configuration, locales updated from [] to [en_US_#u-mu-celsius]
08-28 18:26:50.408  2387  8941 V Configuration: Updating configuration, locales updated from [] to [en_US_#u-mu-celsius]
08-28 18:26:50.408  2387  8941 V Configuration: Updating configuration, locales updated from [] to [en_US_#u-mu-celsius]
08-28 18:26:50.408  2387  8941 V Configuration: Updating configuration, locales updated from [] to [en_US_#u-mu-celsius]
08-28 18:26:50.408  2387  8941 V Configuration: Updating configuration, locales updated from [] to [en_US_#u-mu-celsius]
08-28 18:26:50.408  2387  8941 V Configuration: Updating configuration, locales updated from [] to [en_US_#u-mu-celsius]
08-28 18:26:50.408  2387  8941 V Configuration: Updating configuration, locales updated from [] to [en_US_#u-mu-celsius]
08-28 18:26:50.408  2387  8941 V Configuration: Updating configuration, locales updated from [] to [en_US_#u-mu-celsius]
08-28 18:26:50.408  2387  8941 V Configuration: Updating configuration, locales updated from [] to [en_US_#u-mu-celsius]
08-28 18:26:50.408  2387  8941 V Configuration: Updating configuration, locales updated from [] to [en_US_#u-mu-celsius]
08-28 18:26:50.408  2387  8941 V Configuration: Updating configuration, locales updated from [] to [en_US_#u-mu-celsius]
08-28 18:26:50.408  2387  8941 V Configuration: Updating configuration, locales updated from [] to [en_US_#u-mu-celsius]
08-28 18:26:50.408  2387  8941 V Configuration: Updating configuration, locales updated from [] to [en_US_#u-mu-celsius]
08-28 18:26:50.408  2387  8941 V Configuration: Updating configuration, locales updated from [] to [en_US_#u-mu-celsius]
08-28 18:26:50.408  2387  8941 V Configuration: Updating configuration, locales updated from [] to [en_US_#u-mu-celsius]
08-28 18:26:50.415  2387  8941 D IntervalStats: Unable to parse usage stats packages: [717, 724]
08-28 18:26:50.417  2387  3238 D BackgroundInstallControlService: Package event received: 0
08-28 18:26:50.418  2387  3238 D BackgroundInstallControlService: Package event received: 0
08-28 18:26:50.418  2387  3238 D BackgroundInstallControlService: Package event received: 0
08-28 18:26:50.418  2387  3238 D BackgroundInstallControlService: Package event received: 0
08-28 18:26:50.418  2387  3238 D BackgroundInstallControlService: Package event received: 0
08-28 18:26:50.422  2387  2934 V WindowManager: Sent Transition (#173) createdAt=08-28 18:26:50.261 via request=TransitionRequestInfo { type = OPEN, triggerTask = TaskInfo{userId=0 taskId=102 effectiveUid=10631 displayId=0 isRunning=true baseIntent=Intent { act=android.intent.action.MAIN cat=[android.intent.category.LAUNCHER] flg=0x10200000 pkg=ru.andr7e.deviceinfohw cmp=ru.andr7e.deviceinfohw/.MainActivity } baseActivity=ComponentInfo{ru.andr7e.deviceinfohw/ru.andr7e.deviceinfohw.DeviceInfoActivity} topActivity=ComponentInfo{ru.andr7e.deviceinfohw/ru.andr7e.deviceinfohw.DeviceInfoActivity} origActivity=null realActivity=ComponentInfo{ru.andr7e.deviceinfohw/ru.andr7e.deviceinfohw.MainActivity} numActivities=3 lastActiveTime=1634641 supportsMultiWindow=true resizeMode=1 isResizeable=true minWidth=-1 minHeight=-1 defaultMinSize=220 token=WCT{RemoteToken{9035ac8 Task{8dd60ac #102 type=standard A=10631:ru.andr7e.deviceinfohw}}} topActivityType=1 pictureInPictureParams=null shouldDockBigOverlays=false launchIntoPipHostTaskId=-1 lastParentTaskIdBeforePip=-1 displayCutoutSafeInsets=Rect(0, 137 - 0, 0) topActivityInfo=ActivityInfo{d25b584 ru.andr7e.deviceinfohw.DeviceInfoActivity} launchCookies=[android.os.BinderProxy@d68a286] positionInParent=Point(0, 0) parentTaskId=-1 isFocused=true isVisible=false isVisibleRequested=false isTopActivityNoDisplay=false isSleeping=true locusId=null displayAreaFeatureId=1 isTopActivityTransparent=false isActivityStackTransparent=false lastNonFullscreenBounds=Rect(373, 908 - 1068, 2348) capturedLink=null capturedLinkTimestamp=0 requestedVisibleTypes=-9 topActivityRequestOpenInBrowserEducationTimestamp=0 appCompatTaskInfo=AppCompatTaskInfo { topActivityInSizeCompat=false eligibleForLetterboxEducation= false isLetterboxEducationEnabled= false isLetterboxDoubleTapEnabled= false eligibleForUserAspectRatioButton= false topActivityBoundsLetterboxed= false isFromLetterboxDoubleTap= false topActivityLetterboxVerticalPosition= -1 topActivityLetterboxHorizontalPosition= -1 topActivityLetterboxWidth=-1 topActivityLetterboxHeight=-1 topActivityAppBounds=Rect(0, 137 - 1440, 3120) isUserFullscreenOverrideEnabled=false isSystemFullscreenOverrideEnabled=false hasMinAspectRatioOverride=false topActivityLetterboxBounds=null cameraCompatTaskInfo=CameraCompatTaskInfo { freeformCameraCompatMode=inactive}} topActivityMainWindowFrame=null}, pipChange = null, remoteTransition = null, displayChange = null, flags = 0, debugId = 173 }
08-28 18:26:50.422  2387  2934 V WindowManager:     startWCT=WindowContainerTransaction { changes= {} hops= [] errorCallbackToken=null taskFragmentOrganizer=null }
08-28 18:26:50.422  2387  2934 V WindowManager:     info={id=173 t=OPEN f=0x40 trk=0 r=[] c=[]}
08-28 18:26:50.422  3291  3876 V WindowManagerShell: onTransitionReady(transaction=10252086943784)
08-28 18:26:50.422  3291  3340 V WindowManagerShell: onTransitionReady (#173) android.os.BinderProxy@87e2e9a: {id=173 t=OPEN f=0x40 trk=0 r=[] c=[]}
08-28 18:26:50.422  3291  3340 V WindowManagerShell: No transition roots in (#173) android.os.BinderProxy@87e2e9a@0 so abort
08-28 18:26:50.423  3291  3340 V WindowManagerShell: Transition animation finished (aborted=true), notifying core (#173) android.os.BinderProxy@87e2e9a@0
08-28 18:26:50.424  3291  3340 V WindowManagerShell: Track 0 became idle
08-28 18:26:50.424  3291  3340 V WindowManagerShell: All active transition animations finished
08-28 18:26:50.424  2387  2934 V WindowManager: Finish Transition (#173): created at 08-28 18:26:50.261 collect-started=0.029ms request-sent=3.782ms started=6.368ms ready=6.342ms sent=160.481ms finished=162.516ms
08-28 18:26:50.460  2387  3238 D BackgroundInstallControlService: Package event received: 0
08-28 18:26:50.485  2387  2934 I UsbPortManager: USB HAL AIDL version: USB_HAL_V2_0
08-28 18:26:50.592  2387  2873 W ForegroundServiceTypeLoggerModule: FGS stop call for: 10463 has no types!
08-28 18:26:50.592  2387  3238 D BackgroundInstallControlService: Package event received: 0
08-28 18:26:50.592  2387  3238 D BackgroundInstallControlService: Package event received: 0
08-28 18:26:50.602  2387  3166 V AccessibilityManagerService: onUserStateChangedLocked for userId: 0, forceUpdate: false
08-28 18:26:50.604  2387  3166 W MagnificationConnectionManager: requestConnection duplicated request: connect=false, mConnectionState=DISCONNECTED
08-28 18:26:50.606  2387  3238 D BackgroundInstallControlService: Package event received: 0
08-28 18:26:50.609  2387  8941 W ActivityManager: pid 2387 system sent binder code 1 with flags 1 to frozen apps and got error -2147483646
08-28 18:26:50.610  2387  8941 W CacheQuotaStrategy: Remote exception occurred while trying to get cache quota
08-28 18:26:50.610  2387  8941 W CacheQuotaStrategy: android.os.TransactionTooLargeException: data parcel size 662088 bytes
08-28 18:26:50.610  2387  8941 W CacheQuotaStrategy: 	at android.os.BinderProxy.transactNative(Native Method)
08-28 18:26:50.610  2387  8941 W CacheQuotaStrategy: 	at android.os.BinderProxy.transact(BinderProxy.java:592)
08-28 18:26:50.610  2387  8941 W CacheQuotaStrategy: 	at android.app.usage.ICacheQuotaService$Stub$Proxy.computeCacheQuotaHints(ICacheQuotaService.java:123)
08-28 18:26:50.610  2387  8941 W CacheQuotaStrategy: 	at com.android.server.storage.CacheQuotaStrategy$1$1.run(CacheQuotaStrategy.java:140)
08-28 18:26:50.610  2387  8941 W CacheQuotaStrategy: 	at android.os.AsyncTask$SerialExecutor$1.run(AsyncTask.java:305)
08-28 18:26:50.610  2387  8941 W CacheQuotaStrategy: 	at java.util.concurrent.ThreadPoolExecutor.runWorker(ThreadPoolExecutor.java:1156)
08-28 18:26:50.610  2387  8941 W CacheQuotaStrategy: 	at java.util.concurrent.ThreadPoolExecutor$Worker.run(ThreadPoolExecutor.java:651)
08-28 18:26:50.610  2387  8941 W CacheQuotaStrategy: 	at java.lang.Thread.run(Thread.java:1119)
08-28 18:26:50.625  2387  3166 V AccessibilityManagerService: onUserStateChangedLocked for userId: 0, forceUpdate: false
08-28 18:26:50.627  2387  3166 W MagnificationConnectionManager: requestConnection duplicated request: connect=false, mConnectionState=DISCONNECTED
08-28 18:26:51.193  2387  3238 D BackgroundInstallControlService: Package event received: 0
08-28 18:26:51.489  2387  3226 V Biometrics/AcquisitionClient: Acquired: 0 0, shouldSend: true
08-28 18:26:51.490  2387  3226 V BiometricLogger: Authentication latency: -1
08-28 18:26:51.490  2387  3226 W BiometricFrameworkStatsLogger: found a negative latency : -1
08-28 18:26:51.490  2387  3226 V Biometrics/AuthenticationClient: onAuthenticated(true), ID:-2103983628, Owner: com.android.systemui, isBP: false, listener: com.android.server.biometrics.sensors.ClientMonitorCallbackConverter@de29067, requireConfirmation: false, user: 0, clientMonitor: {[29] com.android.server.biometrics.sensors.fingerprint.aidl.FingerprintAuthenticationClient, proto=3, owner=com.android.systemui, cookie=0, requestId=20, userId=0}
08-28 18:26:51.490  2387  3226 W Biometrics/AuthenticationClient: Allowing background authentication, this is allowed only for platform or test invocations
08-28 18:26:51.490  2387  3226 D BaseClientMonitor: marking operation as done: {[29] com.android.server.biometrics.sensors.fingerprint.aidl.FingerprintAuthenticationClient, proto=3, owner=com.android.systemui, cookie=0, requestId=20, userId=0}
08-28 18:26:51.491  2387  3226 D BiometricService: resetLockout from: 0, for: 1008, userId: 0
08-28 18:26:51.491  2387  2387 W SenseProvider: Ignoring lockout reset, no templates enrolled for user: 0
08-28 18:26:51.491   719   739 I keystore2: system/security/keystore2/src/authorization.rs:112 - add_auth_token(challenge=0, userId=-8913403115237337732, authId=3867092742996155449, authType=0x2, timestamp=1640932ms)
08-28 18:26:51.491  2387  3226 D Biometrics/AuthenticationClient: addAuthToken succeeded
08-28 18:26:51.491  2387  3226 D BiometricStateCallback: Client finished, state updated to 0, client {[29] com.android.server.biometrics.sensors.fingerprint.aidl.FingerprintAuthenticationClient, proto=3, owner=com.android.systemui, cookie=0, requestId=20, userId=0}
08-28 18:26:51.491  2387  3226 D BiometricSchedulerOperation: [Finished / destroy]: {[29] com.android.server.biometrics.sensors.fingerprint.aidl.FingerprintAuthenticationClient, proto=3, owner=com.android.systemui, cookie=0, requestId=20, userId=0}
08-28 18:26:51.494   719   739 I keystore2: system/security/keystore2/src/authorization.rs:126 - on_device_unlocked(user_id=0, password.is_some()=false)
08-28 18:26:51.496  2387  3226 V ALSProbe: Disable ALS: 120203500
08-28 18:26:51.496  2387  3226 D FingerprintAuthenticationClient: Lockout is implemented by the HAL
08-28 18:26:51.497  2387  3226 D BiometricScheduler: [Finishing] {[29] com.android.server.biometrics.sensors.fingerprint.aidl.FingerprintAuthenticationClient, proto=3, owner=com.android.systemui, cookie=0, requestId=20, userId=0}, success: true
08-28 18:26:51.497  2387  3226 D GestureAvailabilityTracker: Notifying gesture availability, active=true
08-28 18:26:51.497  2387  3226 D BiometricScheduler: No operations, returning to idle
08-28 18:26:51.497  2387  6526 I ColorDisplayService: Turning on night display
08-28 18:26:51.499  2387  6578 D WindowManager: Remove SleepToken: tag=keyguard, displayId=0
08-28 18:26:51.500  2387  6578 D ActivityTaskManager: Top Process State changed to PROCESS_STATE_TOP
08-28 18:26:51.500  3291  3340 V WindowManagerShell: Transition requested (#174): android.os.BinderProxy@bee1cc TransitionRequestInfo { type = TO_BACK, triggerTask = null, pipChange = null, remoteTransition = null, displayChange = null, flags = 260, debugId = 174 }
08-28 18:26:51.512  3291  3876 V WindowManagerShell: onTransitionReady(transaction=10252086943811)
08-28 18:26:51.512  3291  3340 V WindowManagerShell: onTransitionReady (#174) android.os.BinderProxy@bee1cc: {id=174 t=TO_BACK f=0x104 trk=0 r=[0@Point(0, 0)] c=[
08-28 18:26:51.512  3291  3340 V WindowManagerShell:         {m=TO_FRONT f=NONE p=WCT{android.window.IWindowContainerToken$Stub$Proxy@d859e64} leash=Surface(name=Task=102)/@0xff3c491 sb=Rect(0, 0 - 1440, 3200) eb=Rect(0, 0 - 1440, 3200) epz=Point(1440, 3200) d=0 taskParent=-1},
08-28 18:26:51.512  3291  3340 V WindowManagerShell:         {m=TO_FRONT f=FLAG_IS_TASK_DISPLAY_AREA leash=Surface(name=DefaultTaskDisplayArea)/@0x9d50ff6 sb=Rect(0, 0 - 1440, 3200) eb=Rect(0, 0 - 1440, 3200) epz=Point(1440, 3200) d=0}
08-28 18:26:51.512  3291  3340 V WindowManagerShell:     ]}
08-28 18:26:51.513  2387  2934 V WindowManager: Sent Transition (#174) createdAt=08-28 18:26:51.499 via request=TransitionRequestInfo { type = TO_BACK, triggerTask = null, pipChange = null, remoteTransition = null, displayChange = null, flags = 260, debugId = 174 }
08-28 18:26:51.513  2387  2934 V WindowManager:     startWCT=WindowContainerTransaction { changes= {} hops= [] errorCallbackToken=null taskFragmentOrganizer=null }
08-28 18:26:51.513  2387  2934 V WindowManager:     info={id=174 t=TO_BACK f=0x104 trk=0 r=[0@Point(0, 0)] c=[
08-28 18:26:51.513  2387  2934 V WindowManager:         {WCT{RemoteToken{9035ac8 Task{8dd60ac #102 type=standard A=10631:ru.andr7e.deviceinfohw}}} m=TO_FRONT f=NONE p=WCT{RemoteToken{ae8f316 DefaultTaskDisplayArea@229461555}} leash=Surface(name=Task=102)/@0x3ff4ba sb=Rect(0, 0 - 1440, 3200) eb=Rect(0, 0 - 1440, 3200) epz=Point(1440, 3200) d=0 taskParent=-1},
08-28 18:26:51.513  2387  2934 V WindowManager:         {WCT{RemoteToken{ae8f316 DefaultTaskDisplayArea@229461555}} m=TO_FRONT f=FLAG_IS_TASK_DISPLAY_AREA leash=Surface(name=DefaultTaskDisplayArea)/@0x56dda3e sb=Rect(0, 0 - 1440, 3200) eb=Rect(0, 0 - 1440, 3200) epz=Point(1440, 3200) d=0}
08-28 18:26:51.513  2387  2934 V WindowManager:     ]}
08-28 18:26:51.513  3291  3340 V WindowManagerShell: Playing animation for (#174) android.os.BinderProxy@bee1cc@0
08-28 18:26:51.513  3291  3340 V WindowManagerShell: start keyguard going-away transition, info = {id=174 t=TO_BACK f=0x104 trk=0 r=[0@Point(0, 0)] c=[{m=TO_FRONT f=NONE p=WCT{android.window.IWindowContainerToken$Stub$Proxy@d859e64} leash=Surface(name=Task=102)/@0xff3c491 sb=Rect(0, 0 - 1440, 3200) eb=Rect(0, 0 - 1440, 3200) epz=Point(1440, 3200) d=0 taskParent=-1},{m=TO_FRONT f=FLAG_IS_TASK_DISPLAY_AREA leash=Surface(name=DefaultTaskDisplayArea)/@0x9d50ff6 sb=Rect(0, 0 - 1440, 3200) eb=Rect(0, 0 - 1440, 3200) epz=Point(1440, 3200) d=0}]}
08-28 18:26:51.513  3291  3340 D KeyguardService: Starts IRemoteAnimationRunner: info={id=174 t=TO_BACK f=0x104 trk=0 r=[0@Point(0, 0)] c=[{m=TO_FRONT f=NONE p=WCT{android.window.IWindowContainerToken$Stub$Proxy@d859e64} leash=Surface(name=Task=102)/@0xff3c491 sb=Rect(0, 0 - 1440, 3200) eb=Rect(0, 0 - 1440, 3200) epz=Point(1440, 3200) d=0 taskParent=-1},{m=TO_FRONT f=FLAG_IS_TASK_DISPLAY_AREA leash=Surface(name=DefaultTaskDisplayArea)/@0x9d50ff6 sb=Rect(0, 0 - 1440, 3200) eb=Rect(0, 0 - 1440, 3200) epz=Point(1440, 3200) d=0}]}
08-28 18:26:51.514  3291  3340 V WindowManagerShell:  animated by com.android.wm.shell.keyguard.KeyguardTransitionHandler@a3907f
08-28 18:26:51.522  2387  3226 E FingerprintProvider/default: onPointerUp received during client: null
08-28 18:26:51.529   719   739 I keystore2: system/security/keystore2/src/super_key.rs:1036 - Successfully unlocked user 0 with biometric 3867092742996155449
08-28 18:26:51.542  2387  3238 D BackgroundInstallControlService: Package event received: 0
08-28 18:26:51.542  2387  3238 D BackgroundInstallControlService: Package event received: 0
08-28 18:26:51.542  2387  3238 D BackgroundInstallControlService: Package event received: 0
08-28 18:26:51.635  2387  6776 D FingerprintProvider/default: setIgnoreDisplayTouches set to true
08-28 18:26:51.645  2387  2871 I ActivityManager: Process com.facebook.katana (pid 30234) has died: cch+95 CEM 
08-28 18:26:51.646  2387  2871 D CompatChangeReporter: Compat change id reported: 311208629; UID 10612; state: ENABLED
08-28 18:26:51.957  2387  3238 D BackgroundInstallControlService: Package event received: 0
08-28 18:26:51.959  3291  3291 D KeyguardService: Finish IRemoteAnimationRunner.
08-28 18:26:51.962  2387  4189 D FingerprintProvider/default: Starting watchdog for fingerprint
08-28 18:26:51.962  2387  4189 E BiometricScheduler: Current operation is null,no need to start watchdog
08-28 18:26:51.962  3291  3340 V WindowManagerShell: Transition animation finished (aborted=false), notifying core (#174) android.os.BinderProxy@bee1cc@0
08-28 18:26:51.963  2387  2934 V WindowManager: Finish Transition (#174): created at 08-28 18:26:51.499 collect-started=0.05ms request-sent=0.088ms started=2.76ms ready=2.753ms sent=12.676ms commit=5.845ms finished=464.116ms
08-28 18:26:51.964  3291  3340 V WindowManagerShell: Track 0 became idle
08-28 18:26:51.964  3291  3340 V WindowManagerShell: All active transition animations finished
08-28 18:26:51.985  2387  4189 D SystemServerTiming: getUserSwitchability-0
08-28 18:26:51.985  2387  4189 D SystemServerTiming: TM.isInCall
08-28 18:26:51.986  2387  4189 D SystemServerTiming: hasUserRestriction-DISALLOW_USER_SWITCH
08-28 18:26:51.986  2387  4189 D SystemServerTiming: getInt-ALLOW_USER_SWITCHING_WHEN_SYSTEM_USER_LOCKED
08-28 18:26:51.986  2387  4189 D SystemServerTiming: isUserUnlocked-USER_SYSTEM
08-28 18:26:52.164  2387  6628 W ActivityManager: Removing FLAG_RECEIVER_FROM_SHELL because caller is UID 1000
08-28 18:26:52.166  2387  6628 W ActivityManager: Removing FLAG_RECEIVER_FROM_SHELL because caller is UID 1000
08-28 18:26:52.209  2387  2934 I UsbPortManager: USB HAL AIDL version: USB_HAL_V2_0
08-28 18:26:52.382  2387  3238 D BackgroundInstallControlService: Package event received: 0
08-28 18:26:52.446  2387  2871 I AS.FadeOutManager: unfadeOutUid() uid:10555
08-28 18:26:52.507  2387  2871 D SystemServerTiming: getUserSwitchability-0
08-28 18:26:52.507  2387  3957 D SystemServerTiming: getUserSwitchability-0
08-28 18:26:52.507  2387  2871 D SystemServerTiming: TM.isInCall
08-28 18:26:52.507  2387  3957 D SystemServerTiming: TM.isInCall
08-28 18:26:52.508  2387  2871 D SystemServerTiming: hasUserRestriction-DISALLOW_USER_SWITCH
08-28 18:26:52.508  2387  2871 D SystemServerTiming: getInt-ALLOW_USER_SWITCHING_WHEN_SYSTEM_USER_LOCKED
08-28 18:26:52.508  2387  2871 D SystemServerTiming: isUserUnlocked-USER_SYSTEM
08-28 18:26:52.510  2387  3957 D SystemServerTiming: hasUserRestriction-DISALLOW_USER_SWITCH
08-28 18:26:52.510  2387  3957 D SystemServerTiming: getInt-ALLOW_USER_SWITCHING_WHEN_SYSTEM_USER_LOCKED
08-28 18:26:52.510  2387  3957 D SystemServerTiming: isUserUnlocked-USER_SYSTEM
08-28 18:26:52.514  2387  4189 D BiometricService: canAuthenticate: User=0, Caller=0, Authenticators=255
08-28 18:26:52.515  2387  4189 D BiometricService/PreAuthInfo: Package: com.google.android.gms Sensor ID: 1008 Modality: 8 User id: 0 Status: 7
08-28 18:26:52.515  2387  4189 D BiometricService/PreAuthInfo: Package: com.google.android.gms Sensor ID: 0 Modality: 2 User id: 0 Status: 1
08-28 18:26:52.516  2387  4189 D BiometricService/PreAuthInfo: getCanAuthenticateInternal Modality: 2 AuthenticatorStatus: 1
08-28 18:26:52.516  2387  4189 D AuthService: canAuthenticate, userId: 0, callingUserId: 0, authenticators: 255, result: 0
08-28 18:26:52.765  2387  4189 D CoreBackPreview: startBackNavigation currentTask=Task{8dd60ac #102 type=standard A=10631:ru.andr7e.deviceinfohw}, topRunningActivity=ActivityRecord{156113244 u0 ru.andr7e.deviceinfohw/.DeviceInfoActivity t102}, callbackInfo=OnBackInvokedCallbackInfo{mCallback=android.window.IOnBackInvokedCallback$Stub$Proxy@6ad01f7, mPriority=0, mIsAnimationCallback=false, mOverrideBehavior=0}, currentFocus=Window{61118bc u0 ru.andr7e.deviceinfohw/ru.andr7e.deviceinfohw.DeviceInfoActivity}
08-28 18:26:52.766  3291  3340 D ShellBackPreview: Received backNavigationInfo:BackNavigationInfo{mType=TYPE_CALLBACK (4), mOnBackNavigationDone=android.os.RemoteCallback@ddb293f, mOnBackInvokedCallback=android.window.IOnBackInvokedCallback$Stub$Proxy@29bf20c, mPrepareRemoteAnimation=false, mAnimationCallback=false, mCustomizeAnimationInfo=null}
08-28 18:26:52.909  3291  3340 D ShellBackPreview: Finishing gesture with event action: 1
08-28 18:26:52.910  3291  3340 D ShellBackPreview: onGestureFinished() mTriggerBack == true
08-28 18:26:52.910  3291  3340 D ShellBackPreview: Trigger back without dispatching to animator.
08-28 18:26:52.910  3291  3340 D ShellBackPreview: BackAnimationController: finishBackNavigation()
08-28 18:26:52.910  2387  6635 D CoreBackPreview: onBackNavigationDone backType=4, triggerBack=true
08-28 18:26:52.921  3291  3340 V WindowManagerShell: Transition requested (#175): android.os.BinderProxy@672a3d1 TransitionRequestInfo { type = CLOSE, triggerTask = null, pipChange = null, remoteTransition = null, displayChange = null, flags = 0, debugId = 175 }
08-28 18:26:52.926  2387  3238 D BackgroundInstallControlService: Package event received: 0
08-28 18:26:52.926  2387  3238 D BackgroundInstallControlService: Package event received: 0
08-28 18:26:52.927  2387  3238 D BackgroundInstallControlService: Package event received: 0
08-28 18:26:52.937  2387  3238 D BackgroundInstallControlService: Package event received: 0
08-28 18:26:52.970  3291  3742 V WindowManagerShell: onTransitionReady(transaction=10252086943905)
08-28 18:26:52.970  3291  3340 V WindowManagerShell: onTransitionReady (#175) android.os.BinderProxy@672a3d1: {id=175 t=CLOSE f=0x0 trk=0 r=[0@Point(0, 0)] c=[
08-28 18:26:52.970  3291  3340 V WindowManagerShell:         {m=CLOSE f=FILLS_TASK leash=Surface(name=ActivityRecord{156113244 u0 ru.andr7e.deviceinfohw/.DeviceInfoActivity)/@0x82cac0d sb=Rect(0, 0 - 1440, 3200) eb=Rect(0, 0 - 1440, 3200) epz=Point(1440, 3200) d=0 bc=ff303030 component=ru.andr7e.deviceinfohw/.DeviceInfoActivity opt={t=FROM_STYLE mUserId=0}},
08-28 18:26:52.970  3291  3340 V WindowManagerShell:         {m=TO_FRONT f=FILLS_TASK leash=Surface(name=ActivityRecord{257982910 u0 ru.andr7e.deviceinfohw/.DeviceInfoActivity)/@0x67f67c2 sb=Rect(0, 0 - 1440, 3200) eb=Rect(0, 0 - 1440, 3200) epz=Point(1440, 3200) d=0 bc=ff303030 component=ru.andr7e.deviceinfohw/.DeviceInfoActivity opt={t=FROM_STYLE mUserId=0}}
08-28 18:26:52.970  3291  3340 V WindowManagerShell:     ]}
08-28 18:26:52.970  3291  3340 V WindowManagerShell: Playing animation for (#175) android.os.BinderProxy@672a3d1@0
08-28 18:26:52.970  3291  3340 V ShellRecents: RecentsTransitionHandler.startAnimation: no controller found
