08-28 18:28:31.310  2387  2937 I DisplayDeviceRepository: Display device changed render timings: "Built-in Screen", renderFrameRate=60.000004, presentationDeadlineNanos=16666666, appVsyncOffsetNanos=1000000, frameRateOverrides=[]
08-28 18:28:31.316  2387  2935 D WindowManager: DeferredDisplayUpdater: partially applying DisplayInfo(1440 x 3200) immediately
08-28 18:28:38.993  2387  2963 V DisplayPowerController[0]: Brightness [0.0] reason changing to: 'automatic [ dim ]', previous reason: 'automatic'.
08-28 18:28:38.993  2387  2963 I DisplayPowerController[0]: BrightnessEvent: brt=0.0 (0.0%), nits= 2.0, lux=0.0, reason=automatic [ dim ], strat=AutomaticBrightnessStrategy, state=ON, stateReason=KEY, policy=DIM, flags=, initBrt=0.009072112, rcmdBrt=0.009072112, preBrt=0.027856966, preLux=8.0, wasShortTermModelActive=false, autoBrightness=true (default), unclampedBrt=0.009072112, hbmMax=1.0, hbmMode=off, thrmMax=1.0, rbcStrength=81, powerFactor=1.0, physDisp=Built-in Screen(local:4630946736638489730), logicalId=0, slowChange=false, rampSpeed=0.5
08-28 18:28:41.990  2387  2963 I PowerGroup: Powering off display group due to timeout (groupId= 0, uid= 1000, millisSinceLastUserActivity=15001, lastUserActivityEvent=touch)...
08-28 18:28:41.992  2387  2963 I PowerManagerService: Going to sleep due to timeout (uid 1000, screenOffTimeout=15000, activityTimeoutWM=-1, maxDimRatio=0.20000005, maxDimDur=7000)...
08-28 18:28:41.998  2387  3238 D BackgroundInstallControlService: Package event received: 0
08-28 18:28:42.013  2387  2871 D BiometricUtils: isEncrypted: false isLockdown: false
08-28 18:28:42.015  2387  2963 V DisplayPowerController[0]: Brightness [0.009072112] reason changing to: 'automatic', previous reason: 'automatic [ dim ]'.
08-28 18:28:42.015  2387  2963 I DisplayPowerController[0]: BrightnessEvent: brt=0.009072112 (16.0%), nits= 11.0539665, lux=0.0, reason=automatic, strat=AutomaticBrightnessStrategy, state=ON, stateReason=DEFAULT_POLICY, policy=OFF, flags=, initBrt=0.0, rcmdBrt=0.009072112, preBrt=0.027856966, preLux=8.0, wasShortTermModelActive=false, autoBrightness=true (default), unclampedBrt=0.009072112, hbmMax=1.0, hbmMode=off, thrmMax=1.0, rbcStrength=81, powerFactor=1.0, physDisp=Built-in Screen(local:4630946736638489730), logicalId=0, slowChange=false, rampSpeed=0.0
08-28 18:28:42.016  2387  3226 D BiometricScheduler: [Added] {[30] com.android.server.biometrics.sensors.fingerprint.aidl.FingerprintAuthenticationClient, proto=3, owner=com.android.systemui, cookie=0, requestId=21, userId=0}, new queue size: 1
08-28 18:28:42.017  2387  3226 D BiometricScheduler: [Polled] {[30] com.android.server.biometrics.sensors.fingerprint.aidl.FingerprintAuthenticationClient, proto=3, owner=com.android.systemui, cookie=0, requestId=21, userId=0}, State: 0
08-28 18:28:42.017  2387  3226 D GestureAvailabilityTracker: Notifying gesture availability, active=false
08-28 18:28:42.017  2387  3226 D BiometricScheduler: [Started] {[30] com.android.server.biometrics.sensors.fingerprint.aidl.FingerprintAuthenticationClient, proto=3, owner=com.android.systemui, cookie=0, requestId=21, userId=0}
08-28 18:28:42.017  2387  3226 D BiometricStateCallback: State updated from 0 to 2, client {[30] com.android.server.biometrics.sensors.fingerprint.aidl.FingerprintAuthenticationClient, proto=3, owner=com.android.systemui, cookie=0, requestId=21, userId=0}
08-28 18:28:42.018  2387  3226 D Biometrics/AuthenticationClient: Requesting auth for com.android.systemui
08-28 18:28:42.030  2387  2871 I ColorDisplayService: Turning off night display
08-28 18:28:42.031  2387  3226 V BiometricSchedulerOperation: started: {[30] com.android.server.biometrics.sensors.fingerprint.aidl.FingerprintAuthenticationClient, proto=3, owner=com.android.systemui, cookie=0, requestId=21, userId=0}, State: 2
08-28 18:28:42.427  2387  2963 I DisplayPowerController[0]: Blocking screen off
08-28 18:28:42.428  2387  2963 D WindowManager: Create SleepToken: tag=Display-off, displayId=0
08-28 18:28:42.428  2387  2963 D ActivityTaskManager: Top Process State changed to PROCESS_STATE_TOP_SLEEPING
08-28 18:28:42.450  2387  2963 I DisplayPowerController[0]: Unblocked screen off after 23 ms
08-28 18:28:42.452  2387  2963 I DisplayBrightnessStrategySelector: Changing the DisplayBrightnessStrategy from AutomaticBrightnessStrategy to ScreenOffBrightnessStrategy for display 0
08-28 18:28:42.453  2387  2963 V DisplayPowerController[0]: Brightness [0.0] reason changing to: 'screen_off', previous reason: 'automatic'.
08-28 18:28:42.453  2387  2963 I DisplayPowerController[0]: BrightnessEvent: brt=0.0 (0.0%), nits= 2.0, lux=-1.0, reason=screen_off, strat=ScreenOffBrightnessStrategy, state=OFF, stateReason=DEFAULT_POLICY, policy=OFF, flags=, initBrt=0.009072112, rcmdBrt=NaN, preBrt=NaN, preLux=0.0, wasShortTermModelActive=false, autoBrightness=true (default), unclampedBrt=-1.0, hbmMax=1.0, hbmMode=off, thrmMax=1.0, rbcStrength=81, powerFactor=1.0, physDisp=Built-in Screen(local:4630946736638489730), logicalId=0, slowChange=false, rampSpeed=0.0
08-28 18:28:42.457  2387  3238 D BackgroundInstallControlService: Package event received: 0
08-28 18:28:42.459  2387  2937 I DisplayDeviceRepository: Display device changed state: "Built-in Screen", OFF
08-28 18:28:42.461  2387  2963 D BrightnessThermalClamper: Thermal status observer already started
08-28 18:28:42.463  2387  2935 D WindowManager: DeferredDisplayUpdater: partially applying DisplayInfo(1440 x 3200) immediately
08-28 18:28:42.464  2387  2935 I DisplayDevice: [0] Layerstack set to -1 for local:4630946736638489730
08-28 18:28:42.522  2387  3238 D BackgroundInstallControlService: Package event received: 0
08-28 18:28:42.646  2387  2963 I DreamManagerService: Entering dreamland.
08-28 18:28:42.647  2387  2963 I PowerManagerService: Dozing...
08-28 18:28:42.654  2387  2934 I DreamController: Starting dream: name=ComponentInfo{com.android.systemui/com.android.systemui.doze.DozeService}, isPreviewMode=false, canDoze=true, userId=0, reason='power manager request'
08-28 18:28:42.657  2387  3238 D BackgroundInstallControlService: Package event received: 0
08-28 18:28:42.672  2387  6526 D WindowManager: Create SleepToken: tag=keyguard, displayId=0
08-28 18:28:42.678  3291  3291 D InsetsController: Setting requestedVisibleTypes to -11 (was -9)
08-28 18:28:42.686  3291  3291 V DreamService[DozeService]: UpdateDoze mDozeScreenState=1 mDozeScreenBrightness=3 mDozeScreenBrightnessFloat=NaN
08-28 18:28:42.686  2387  4189 D DreamManagerService: Dream requested to start dozing: android.os.Binder@dc20716, screenState=OFF, reason=UNKNOWN, screenBrightnessFloat=NaN, screenBrightnessInt=3, useNormalBrightnessForDoze=false
08-28 18:28:42.689  2387  2963 I DisplayPowerController[0]: BrightnessEvent: brt=0.0 (0.0%), nits= 2.0, lux=-1.0, reason=screen_off, strat=ScreenOffBrightnessStrategy, state=OFF, stateReason=UNKNOWN, policy=DOZE, flags=, initBrt=0.0, rcmdBrt=NaN, preBrt=NaN, preLux=0.0, wasShortTermModelActive=false, autoBrightness=true (default), unclampedBrt=-1.0, hbmMax=1.0, hbmMode=off, thrmMax=1.0, rbcStrength=81, powerFactor=1.0, physDisp=Built-in Screen(local:4630946736638489730), logicalId=0, slowChange=false, rampSpeed=0.0
08-28 18:28:42.707  2387  2387 I PowerManagerService: onFlip(): Face up.
08-28 18:28:42.717  3291  3291 V DreamService[DozeService]: UpdateDoze mDozeScreenState=1 mDozeScreenBrightness=3 mDozeScreenBrightnessFloat=NaN
08-28 18:28:42.717  3291  3291 V DreamService[DozeService]: UpdateDoze mDozeScreenState=1 mDozeScreenBrightness=3 mDozeScreenBrightnessFloat=NaN
08-28 18:28:42.717  2387  3225 I MR2ServiceImpl: Updating composite discovery preference | preference: RouteDiscoveryRequest{ preferredFeatures={}, activeScan=false }, active routers: []
08-28 18:28:42.718  2387  6526 D DreamManagerService: Dream requested to start dozing: android.os.Binder@dc20716, screenState=OFF, reason=UNKNOWN, screenBrightnessFloat=NaN, screenBrightnessInt=3, useNormalBrightnessForDoze=false
08-28 18:28:42.718  2387  6635 D DreamManagerService: Dream requested to start dozing: android.os.Binder@dc20716, screenState=OFF, reason=UNKNOWN, screenBrightnessFloat=NaN, screenBrightnessInt=3, useNormalBrightnessForDoze=false
08-28 18:28:42.730  2387  2387 D Smart5gService: received intent: android.intent.action.SCREEN_OFF
08-28 18:28:42.731  2387  2387 D Smart5gService: screen turned off
08-28 18:28:42.731  2387  2387 D Smart5gService: subId 1 supports 5g EnhancedRadioCapability
08-28 18:28:42.733  2387  2387 D Smart5gService: shouldDisable5g: smart 5g is disabled for subId 1
08-28 18:28:42.733  2387  2387 D Smart5gService: update: subId=1 is5gAllowed=true shouldDisable=false
08-28 18:28:42.734  2387  2871 D SystemServerTiming: getUserSwitchability-0
08-28 18:28:42.734  2387  6526 D SystemServerTiming: getUserSwitchability-0
08-28 18:28:42.734  2387  2871 D SystemServerTiming: TM.isInCall
08-28 18:28:42.735  2387  6526 D SystemServerTiming: TM.isInCall
08-28 18:28:42.736  2387  6526 D SystemServerTiming: hasUserRestriction-DISALLOW_USER_SWITCH
08-28 18:28:42.736  2387  6526 D SystemServerTiming: getInt-ALLOW_USER_SWITCHING_WHEN_SYSTEM_USER_LOCKED
08-28 18:28:42.736  2387  6526 D SystemServerTiming: isUserUnlocked-USER_SYSTEM
08-28 18:28:42.736  2387  2871 D SystemServerTiming: hasUserRestriction-DISALLOW_USER_SWITCH
08-28 18:28:42.736  2387  2871 D SystemServerTiming: getInt-ALLOW_USER_SWITCHING_WHEN_SYSTEM_USER_LOCKED
08-28 18:28:42.736  2387  2871 D SystemServerTiming: isUserUnlocked-USER_SYSTEM
08-28 18:28:42.924  2387  2934 I UsbPortManager: USB HAL AIDL version: USB_HAL_V2_0
08-28 18:28:42.977  2387  6635 D FingerprintProvider/default: setIgnoreDisplayTouches set to false
08-28 18:28:43.433  3291  3340 V WindowManagerShell: Transition requested (#189): android.os.BinderProxy@76a8d1f TransitionRequestInfo { type = SLEEP, triggerTask = null, pipChange = null, remoteTransition = null, displayChange = null, flags = 0, debugId = 189 }
08-28 18:28:43.434  3291 30732 V WindowManagerShell: onTransitionReady(transaction=10252086944562)
08-28 18:28:43.434  2387  2934 V WindowManager: Sent Transition (#189) createdAt=08-28 18:28:43.431 via request=TransitionRequestInfo { type = SLEEP, triggerTask = null, pipChange = null, remoteTransition = null, displayChange = null, flags = 0, debugId = 189 }
08-28 18:28:43.434  2387  2934 V WindowManager:     startWCT=null
08-28 18:28:43.434  2387  2934 V WindowManager:     info={id=189 t=SLEEP f=0x0 trk=0 r=[] c=[]}
08-28 18:28:43.435  2387  6628 W Transition: Transition already started id=189 state=2
08-28 18:28:43.436  3291  3340 V WindowManagerShell: onTransitionReady (#189) android.os.BinderProxy@76a8d1f: {id=189 t=SLEEP f=0x0 trk=0 r=[] c=[]}
08-28 18:28:43.436  3291  3340 V WindowManagerShell: No transition roots in (#189) android.os.BinderProxy@76a8d1f@0 so abort
08-28 18:28:43.437  3291  3340 V WindowManagerShell: Transition animation finished (aborted=true), notifying core (#189) android.os.BinderProxy@76a8d1f@0
08-28 18:28:43.442  2387  2934 V WindowManager: Finish Transition (#189): created at 08-28 18:28:43.431 collect-started=0.191ms request-sent=0.381ms started=0.964ms ready=0.953ms sent=1.352ms commit=5.401ms finished=10.209ms
08-28 18:28:43.442  3291  3340 V WindowManagerShell: Track 0 became idle
08-28 18:28:43.442  3291  3340 V WindowManagerShell: All active transition animations finished
08-28 18:28:44.000  2387  3225 I MR2ServiceImpl: Updating composite discovery preference | preference: RouteDiscoveryRequest{ preferredFeatures={}, activeScan=false }, active routers: []
08-28 18:28:45.057  2387  2937 D ColorDisplayService: ColorDisplayService$NightDisplayTintController Animation cancelled: false to matrix: 
08-28 18:28:45.057  2387  2937 D ColorDisplayService:        1.000000 0.000000 0.000000 0.000000 0.000000 1.000000 0.000000 0.000000 0.000000 0.000000 1.000000 0.000000 0.000000 0.000000 0.000000 1.000000 min matrix coefficients: 
08-28 18:28:45.057  2387  2937 D ColorDisplayService:        1.000000 0.000000 0.000000 0.000000 0.000000 0.728772 0.000000 0.000000 0.000000 0.000000 0.469764 0.000000 0.000000 0.000000 0.000000 1.000000 max matrix coefficients: 
08-28 18:28:45.057  2387  2937 D ColorDisplayService:        1.000000 0.000000 0.000000 0.000000 0.000000 1.000000 0.000000 0.000000 0.000000 0.000000 1.000000 0.000000 0.000000 0.000000 0.000000 1.000000
08-28 18:28:47.015  2387  3238 D BackgroundInstallControlService: Package event received: 0
08-28 18:28:47.021  2387  2387 D BiometricService: Sensor ID(1008), oemStrength: 255, updatedStrength: 255, modality 8, state: 0, cookie: 0, sensorId 1008, hasEnrollments: false cannot participate in Keystore operations
08-28 18:28:47.023   719   719 I keystore2: system/security/keystore2/src/authorization.rs:153 - on_device_locked(user_id=0, unlocking_sids=[3867092742996155449], weak_unlock_enabled=false)
08-28 18:28:47.039   719   719 I keystore2: system/security/keystore2/src/super_key.rs:973 - UnlockedDeviceRequired super keys for user 0 are biometric-encrypted.
08-28 18:28:47.042  2387  6628 D SystemServerTiming: getUserSwitchability-0
08-28 18:28:47.042  2387  6628 D SystemServerTiming: TM.isInCall
08-28 18:28:47.043  2387  6628 D SystemServerTiming: hasUserRestriction-DISALLOW_USER_SWITCH
08-28 18:28:47.043  2387  6628 D SystemServerTiming: getInt-ALLOW_USER_SWITCHING_WHEN_SYSTEM_USER_LOCKED
08-28 18:28:47.043  2387  6628 D SystemServerTiming: isUserUnlocked-USER_SYSTEM
08-28 18:28:47.268  2387  2934 I UsbPortManager: USB HAL AIDL version: USB_HAL_V2_0
08-28 18:28:48.233  2387  2387 W NotificationService: Removed summary didn't match old notification: old=0|com.whatsapp|1|null|10666, removed=0|com.whatsapp|1|null|10666
08-28 18:28:48.375  2387  3238 D BackgroundInstallControlService: Package event received: 0
08-28 18:28:48.429  2387  6526 I AS.FadeOutManager: unfadeOutUid() uid:10555
08-28 18:28:48.501  3291  3291 D InsetsController: Setting requestedVisibleTypes to -9 (was -11)
08-28 18:28:48.504  3291  3291 V DreamService[DozeService]: UpdateDoze mDozeScreenState=2 mDozeScreenBrightness=3 mDozeScreenBrightnessFloat=NaN
08-28 18:28:48.505  2387  6628 D DreamManagerService: Dream requested to start dozing: android.os.Binder@dc20716, screenState=ON, reason=UNKNOWN, screenBrightnessFloat=NaN, screenBrightnessInt=3, useNormalBrightnessForDoze=false
08-28 18:28:48.508  2387  2963 I DisplayPowerController[0]: Blocking screen on until initial contents have been drawn.
08-28 18:28:48.509  2387  2963 D WindowManager: Remove SleepToken: tag=Display-off, displayId=0
08-28 18:28:48.513  2387  2963 I DisplayPowerController: Window Manager Policy screenTurningOn complete
08-28 18:28:48.513  2387  3225 I MR2ServiceImpl: Updating composite discovery preference | preference: RouteDiscoveryRequest{ preferredFeatures={}, activeScan=false }, active routers: []
08-28 18:28:48.513  2387  2963 I DisplayBrightnessStrategySelector: Changing the DisplayBrightnessStrategy from ScreenOffBrightnessStrategy to DozeBrightnessStrategy for display 0
08-28 18:28:48.514  2387  2963 V DisplayPowerController[0]: Brightness [0.007874016] reason changing to: 'doze', previous reason: 'screen_off'.
08-28 18:28:48.514  2387  2963 I DisplayPowerController[0]: BrightnessEvent: brt=0.007874016 (15.0%), nits= 9.858268, lux=-1.0, reason=doze, strat=DozeBrightnessStrategy, state=ON, stateReason=UNKNOWN, policy=DOZE, flags=, initBrt=0.0, rcmdBrt=NaN, preBrt=NaN, preLux=0.0, wasShortTermModelActive=false, autoBrightness=true (default), unclampedBrt=0.007874016, hbmMax=1.0, hbmMode=off, thrmMax=1.0, rbcStrength=81, powerFactor=1.0, physDisp=Built-in Screen(local:4630946736638489730), logicalId=0, slowChange=false, rampSpeed=0.0
08-28 18:28:48.521  2387  2937 I DisplayDeviceRepository: Display device changed state: "Built-in Screen", ON
08-28 18:28:48.522  2387  2963 D BrightnessThermalClamper: Thermal status observer already started
08-28 18:28:48.524  2387  2935 D WindowManager: DeferredDisplayUpdater: partially applying DisplayInfo(1440 x 3200) immediately
08-28 18:28:48.525  2387  2935 I DisplayDevice: [0] Layerstack set to 0 for local:4630946736638489730
08-28 18:28:48.567  2387  2963 I DisplayPowerController[0]: Unblocked screen on after 59 ms
08-28 18:28:48.584  3291  3291 V DreamService[DozeService]: UpdateDoze mDozeScreenState=2 mDozeScreenBrightness=4 mDozeScreenBrightnessFloat=NaN
08-28 18:28:48.585  2387  6526 D DreamManagerService: Dream requested to start dozing: android.os.Binder@dc20716, screenState=ON, reason=UNKNOWN, screenBrightnessFloat=NaN, screenBrightnessInt=4, useNormalBrightnessForDoze=false
08-28 18:28:48.586  2387  2963 I DisplayPowerController[0]: BrightnessEvent: brt=0.011811024 (19.0%), nits= 13.787401, lux=-1.0, reason=doze, strat=DozeBrightnessStrategy, state=ON, stateReason=UNKNOWN, policy=DOZE, flags=, initBrt=0.007874016, rcmdBrt=NaN, preBrt=NaN, preLux=0.0, wasShortTermModelActive=false, autoBrightness=true (default), unclampedBrt=0.011811024, hbmMax=1.0, hbmMode=off, thrmMax=1.0, rbcStrength=81, powerFactor=1.0, physDisp=Built-in Screen(local:4630946736638489730), logicalId=0, slowChange=false, rampSpeed=0.5
08-28 18:28:48.687  2387  2937 I DisplayDeviceRepository: Display device changed render timings: "Built-in Screen", renderFrameRate=120.00001, presentationDeadlineNanos=13333333, appVsyncOffsetNanos=1000000, frameRateOverrides=[]
08-28 18:28:48.688  2387  2935 D WindowManager: DeferredDisplayUpdater: partially applying DisplayInfo(1440 x 3200) immediately
08-28 18:28:48.762  2387  2937 I DisplayDeviceRepository: Display device changed render timings: "Built-in Screen", renderFrameRate=60.000004, presentationDeadlineNanos=16666666, appVsyncOffsetNanos=1000000, frameRateOverrides=[]
08-28 18:28:48.763  2387  2935 D WindowManager: DeferredDisplayUpdater: partially applying DisplayInfo(1440 x 3200) immediately
08-28 18:28:49.028  3291  3291 V DreamService[DozeService]: UpdateDoze mDozeScreenState=1 mDozeScreenBrightness=4 mDozeScreenBrightnessFloat=NaN
08-28 18:28:49.028  2387  6635 D DreamManagerService: Dream requested to start dozing: android.os.Binder@dc20716, screenState=OFF, reason=UNKNOWN, screenBrightnessFloat=NaN, screenBrightnessInt=4, useNormalBrightnessForDoze=false
08-28 18:28:49.029  3291  3291 D InsetsController: Setting requestedVisibleTypes to -11 (was -9)
08-28 18:28:49.030  2387  2963 I DisplayPowerController[0]: Blocking screen off
08-28 18:28:49.032  2387  2963 D WindowManager: Create SleepToken: tag=Display-off, displayId=0
08-28 18:28:49.034  2387  2963 I DisplayPowerController[0]: Unblocked screen off after 4 ms
08-28 18:28:49.035  2387  2963 I DisplayBrightnessStrategySelector: Changing the DisplayBrightnessStrategy from DozeBrightnessStrategy to ScreenOffBrightnessStrategy for display 0
08-28 18:28:49.036  2387  2963 V DisplayPowerController[0]: Brightness [0.0] reason changing to: 'screen_off', previous reason: 'doze'.
08-28 18:28:49.037  2387  2963 I DisplayPowerController[0]: BrightnessEvent: brt=0.0 (0.0%), nits= 2.0, lux=-1.0, reason=screen_off, strat=ScreenOffBrightnessStrategy, state=OFF, stateReason=UNKNOWN, policy=DOZE, flags=, initBrt=0.011811024, rcmdBrt=NaN, preBrt=NaN, preLux=0.0, wasShortTermModelActive=false, autoBrightness=true (default), unclampedBrt=-1.0, hbmMax=1.0, hbmMode=off, thrmMax=1.0, rbcStrength=81, powerFactor=1.0, physDisp=Built-in Screen(local:4630946736638489730), logicalId=0, slowChange=false, rampSpeed=0.0
08-28 18:28:49.043  2387  2937 I DisplayDeviceRepository: Display device changed state: "Built-in Screen", OFF
08-28 18:28:49.044  2387  2963 D BrightnessThermalClamper: Thermal status observer already started
08-28 18:28:49.049  2387  2935 D WindowManager: DeferredDisplayUpdater: partially applying DisplayInfo(1440 x 3200) immediately
08-28 18:28:49.050  2387  2935 I DisplayDevice: [0] Layerstack set to -1 for local:4630946736638489730
08-28 18:28:49.053  3291  3291 V DreamService[DozeService]: UpdateDoze mDozeScreenState=1 mDozeScreenBrightness=3 mDozeScreenBrightnessFloat=NaN
08-28 18:28:49.053  2387  6526 D DreamManagerService: Dream requested to start dozing: android.os.Binder@dc20716, screenState=OFF, reason=UNKNOWN, screenBrightnessFloat=NaN, screenBrightnessInt=3, useNormalBrightnessForDoze=false
08-28 18:28:49.238  2387  2937 I DisplayDeviceRepository: Display device changed render timings: "Built-in Screen", renderFrameRate=120.00001, presentationDeadlineNanos=13333333, appVsyncOffsetNanos=1000000, frameRateOverrides=[]
08-28 18:28:49.238  2387  2937 I DisplayDeviceRepository: Display device same: DisplayDeviceInfo{"Built-in Screen": uniqueId="local:4630946736638489730", 1440 x 3200, modeId 1, renderFrameRate 120.00001, hasArrSupport false, frameRateCategoryRate FrameRateCategoryRate {normal=60.0, high=90.0}, supportedRefreshRates [120.00001, 60.000004], defaultModeId 1, userPreferredModeId -1, supportedModes [{id=1, width=1440, height=3200, fps=120.00001, vsync=120.00001, synthetic=false, alternativeRefreshRates=[60.000004], supportedHdrTypes=[1, 2, 3, 4]}, {id=2, width=1440, height=3200, fps=60.000004, vsync=60.000004, synthetic=false, alternativeRefreshRates=[120.00001], supportedHdrTypes=[1, 2, 3, 4]}], colorMode 0, supportedColorModes [0, 7, 9], hdrCapabilities HdrCapabilities{mSupportedHdrTypes=[1, 2, 3, 4], mMaxLuminance=420.0, mMaxAverageLuminance=210.1615, mMinLuminance=0.323}, isForceSdr false, allmSupported false, gameContentTypeSupported false, density 560, 515.154 x 514.43 dpi, appVsyncOff 1000000, presDeadline 13333333, cutout DisplayCutout{insets=Rect(0, 137 - 0, 0) waterfall=Insets{left=0, top=0, right=0, bottom=0} boundingRect={Bounds=[Rect(0, 0 - 0, 0), Rect(0, 0 - 208, 137), Rect(0, 0 - 0, 0), Rect(0, 0 - 0, 0)]} cutoutPathParserInfo={CutoutPathParserInfo{displayWidth=1440 displayHeight=3200 physicalDisplayWidth=1440 physicalDisplayHeight=3200 density={3.5} cutoutSpec={M 127, 98 a 38, 38 0 1, 0 77,0 a 38, 38 0 1, 0 -77,0 Z M 0, 0 L 204, 0 Z M 0, 0 L 0, 147 @left} rotation={0} scale={1.0} physicalPixelDisplaySizeRatio={1.0}}} sideOverrides={}}, touch INTERNAL, rotation 0, type INTERNAL, address {port=130, model=0x40446d856b1774}, deviceProductInfo DeviceProductInfo{name=, manufacturerPnpId=QCM, productId=1, modelYear=null, manufactureDate=ManufactureDate{week=27, year=2006}, connectionToSinkType=1}, state OFF, committedState OFF, frameRateOverride , brightnessMinimum 0.0, brightnessMaximum 1.0, brightnessDefault 0.2627451, brightnessDim 0.05, hdrSdrRatio NaN, roundedCorners RoundedCorners{[RoundedCorner{position=TopLeft, radius=196, center=Point(196, 196)}, RoundedCorner{position=TopRight, radius=196, center=Point(1244, 196)}, RoundedCorner{position=BottomRight, radius=172, center=Point(1268, 3028)}, RoundedCorner{position=BottomLeft, radius=172, center=Point(172, 3028)}]}, FLAG_ALLOWED_TO_BE_DEFAULT_DISPLAY, FLAG_ROTATES_WITH_CONTENT, FLAG_SECURE, FLAG_SUPPORTS_PROTECTED_BUFFERS, FLAG_TRUSTED, installOrientation 0, displayShape DisplayShape{ spec=-535771232 displayWidth=1440 displayHeight=3200 physicalPixelDisplaySizeRatio=1.0 rotation=0 offsetX=0 offsetY=0 scale=1.0}}
08-28 18:28:49.239  2387  2935 D WindowManager: DeferredDisplayUpdater: partially applying DisplayInfo(1440 x 3200) immediately
08-28 18:28:49.252  2387  2937 I DisplayDeviceRepository: Display device changed render timings: "Built-in Screen", renderFrameRate=60.000004, presentationDeadlineNanos=16666666, appVsyncOffsetNanos=1000000, frameRateOverrides=[]
08-28 18:28:49.253  2387  2935 D WindowManager: DeferredDisplayUpdater: partially applying DisplayInfo(1440 x 3200) immediately
08-28 18:28:50.519  2387  3225 I MR2ServiceImpl: Updating composite discovery preference | preference: RouteDiscoveryRequest{ preferredFeatures={}, activeScan=false }, active routers: []
08-28 18:28:57.046   719  7628 I keystore2: system/security/keystore2/watchdog/src/lib.rs:377 - Watchdog thread idle -> terminating. Have a great day.
08-28 18:28:58.512  2387  2944 I ActivityManager: Start proc 7741:com.google.android.apps.photos/u0a537 for service {com.google.android.apps.photos/com.google.android.libraries.social.mediamonitor.MediaMonitorJobSchedulerService}
08-28 18:28:58.512  2387  2944 I ActivityManager: ProcessObserver broadcast disabled
08-28 18:28:59.062  2387  6635 W JobScheduler: Job didn't exist in JobStore: f17519f #u0a537/1034 com.google.android.apps.photos/com.google.android.libraries.social.mediamonitor.MediaMonitorJobSchedulerService
08-28 18:28:59.074  2387  6635 D CompatChangeReporter: Compat change id reported: 343977174; UID 10537; state: ENABLED
08-28 18:29:02.608  2387  2943 I ActivityManager: Waited long enough for: ServiceRecord{bda4819 u0 com.whatsapp/.messageservice.messaging.MessageService c:com.whatsapp}
08-28 18:29:17.457  2387  2387 D LoadedApk: Receiver not registered: com.android.server.UiModeManagerService$8@484eb0b
08-28 18:29:17.458  2387  2387 D Smart5gService: received intent: android.intent.action.BATTERY_CHANGED
08-28 18:29:17.459  2387  2387 D Smart5gService: subId 1 supports 5g EnhancedRadioCapability
08-28 18:29:17.461  2387  2387 D Smart5gService: shouldDisable5g: smart 5g is disabled for subId 1
08-28 18:29:17.461  2387  2387 D Smart5gService: update: subId=1 is5gAllowed=true shouldDisable=false
08-28 18:30:04.030  2387  2942 I ProcessStatsService: Pruning old procstats: /data/system/procstats/state-v2-2025-08-28-11-26-52.bin
08-28 18:30:08.983  2387  2387 D LoadedApk: Receiver not registered: com.android.server.UiModeManagerService$8@484eb0b
08-28 18:30:08.983  2387  2387 D Smart5gService: received intent: android.intent.action.BATTERY_CHANGED
08-28 18:30:08.984  2387  2387 D Smart5gService: subId 1 supports 5g EnhancedRadioCapability
08-28 18:30:08.985  2387  2387 D Smart5gService: shouldDisable5g: smart 5g is disabled for subId 1
08-28 18:30:08.985  2387  2387 D Smart5gService: update: subId=1 is5gAllowed=true shouldDisable=false
08-28 18:30:08.999  2387  3238 D BackgroundInstallControlService: Package event received: 0
08-28 18:30:09.003  2387  2944 I ActivityManager: Start proc 8046:com.android.settings/1000 for broadcast {com.android.settings/com.android.settings.fuelgauge.batteryusage.BatteryUsageBroadcastReceiver}
08-28 18:30:09.003  2387  2944 I ActivityManager: ProcessObserver broadcast disabled
08-28 18:30:09.038  2387  2871 W ActivityManager: Unable to start service Intent { xflg=0x4 cmp=com.google.android.turboadapter/.GoogleBatteryService } U=0: not found
08-28 18:30:09.038  2387  6628 W ActivityManager: Unable to start service Intent { xflg=0x4 cmp=com.google.android.turboadapter/.GoogleBatteryService } U=0: not found
08-28 18:30:09.047 18850 18850 E ActivityThread: Service com.google.android.apps.turbo.deadline.library.BatteryFlagService has leaked ServiceConnection ayw@e6b569b that was originally bound here
08-28 18:30:09.047 18850 18850 E ActivityThread: android.app.ServiceConnectionLeaked: Service com.google.android.apps.turbo.deadline.library.BatteryFlagService has leaked ServiceConnection ayw@e6b569b that was originally bound here
08-28 18:30:09.047 18850 18850 E ActivityThread: 	at android.app.LoadedApk$ServiceDispatcher.<init>(LoadedApk.java:2093)
08-28 18:30:09.047 18850 18850 E ActivityThread: 	at android.app.LoadedApk.getServiceDispatcherCommon(LoadedApk.java:1967)
08-28 18:30:09.047 18850 18850 E ActivityThread: 	at android.app.LoadedApk.getServiceDispatcher(LoadedApk.java:1946)
08-28 18:30:09.047 18850 18850 E ActivityThread: 	at android.app.ContextImpl.bindServiceCommon(ContextImpl.java:2217)
08-28 18:30:09.047 18850 18850 E ActivityThread: 	at android.app.ContextImpl.bindService(ContextImpl.java:2093)
08-28 18:30:09.047 18850 18850 E ActivityThread: 	at android.content.ContextWrapper.bindService(ContextWrapper.java:891)
08-28 18:30:09.047 18850 18850 E ActivityThread: 	at ayr.a(PG:199)
08-28 18:30:09.047 18850 18850 E ActivityThread: 	at ng.c(PG:19)
08-28 18:30:09.047 18850 18850 E ActivityThread: 	at com.google.android.apps.turbo.deadline.library.BatteryFlagService.c(PG:15)
08-28 18:30:09.047 18850 18850 E ActivityThread: 	at gn.run(PG:274)
08-28 18:30:09.047 18850 18850 E ActivityThread: 	at java.util.concurrent.Executors$RunnableAdapter.call(Executors.java:524)
08-28 18:30:09.047 18850 18850 E ActivityThread: 	at dzn.a(PG:3)
08-28 18:30:09.047 18850 18850 E ActivityThread: 	at dyu.run(PG:19)
08-28 18:30:09.047 18850 18850 E ActivityThread: 	at dzo.run(PG:5)
08-28 18:30:09.047 18850 18850 E ActivityThread: 	at java.util.concurrent.ThreadPoolExecutor.runWorker(ThreadPoolExecutor.java:1156)
08-28 18:30:09.047 18850 18850 E ActivityThread: 	at java.util.concurrent.ThreadPoolExecutor$Worker.run(ThreadPoolExecutor.java:651)
08-28 18:30:09.047 18850 18850 E ActivityThread: 	at java.lang.Thread.run(Thread.java:1119)
08-28 18:30:09.047  2387  2871 W ActivityManager: Unbind failed: could not find connection for android.os.BinderProxy@83fb756
08-28 18:30:09.052 18850 18850 E ActivityThread: Service com.google.android.apps.turbo.deadline.library.DeadlineUpdateJobService has leaked ServiceConnection ayw@411da11 that was originally bound here
08-28 18:30:09.052 18850 18850 E ActivityThread: android.app.ServiceConnectionLeaked: Service com.google.android.apps.turbo.deadline.library.DeadlineUpdateJobService has leaked ServiceConnection ayw@411da11 that was originally bound here
08-28 18:30:09.052 18850 18850 E ActivityThread: 	at android.app.LoadedApk$ServiceDispatcher.<init>(LoadedApk.java:2093)
08-28 18:30:09.052 18850 18850 E ActivityThread: 	at android.app.LoadedApk.getServiceDispatcherCommon(LoadedApk.java:1967)
08-28 18:30:09.052 18850 18850 E ActivityThread: 	at android.app.LoadedApk.getServiceDispatcher(LoadedApk.java:1946)
08-28 18:30:09.052 18850 18850 E ActivityThread: 	at android.app.ContextImpl.bindServiceCommon(ContextImpl.java:2217)
08-28 18:30:09.052 18850 18850 E ActivityThread: 	at android.app.ContextImpl.bindService(ContextImpl.java:2093)
08-28 18:30:09.052 18850 18850 E ActivityThread: 	at android.content.ContextWrapper.bindService(ContextWrapper.java:891)
08-28 18:30:09.052 18850 18850 E ActivityThread: 	at ayr.a(PG:276)
08-28 18:30:09.052 18850 18850 E ActivityThread: 	at ng.c(PG:19)
08-28 18:30:09.052 18850 18850 E ActivityThread: 	at com.google.android.apps.turbo.deadline.library.DeadlineUpdateJobService.c(PG:17)
08-28 18:30:09.052 18850 18850 E ActivityThread: 	at gn.run(PG:135)
08-28 18:30:09.052 18850 18850 E ActivityThread: 	at java.util.concurrent.Executors$RunnableAdapter.call(Executors.java:524)
08-28 18:30:09.052 18850 18850 E ActivityThread: 	at dzn.a(PG:3)
08-28 18:30:09.052 18850 18850 E ActivityThread: 	at dyu.run(PG:19)
08-28 18:30:09.052 18850 18850 E ActivityThread: 	at dzo.run(PG:5)
08-28 18:30:09.052 18850 18850 E ActivityThread: 	at java.util.concurrent.ThreadPoolExecutor.runWorker(ThreadPoolExecutor.java:1156)
08-28 18:30:09.052 18850 18850 E ActivityThread: 	at java.util.concurrent.ThreadPoolExecutor$Worker.run(ThreadPoolExecutor.java:651)
08-28 18:30:09.052 18850 18850 E ActivityThread: 	at java.lang.Thread.run(Thread.java:1119)
08-28 18:30:09.056  2387  2871 W ActivityManager: Unbind failed: could not find connection for android.os.BinderProxy@e97f2e2
08-28 18:31:15.070  2387  3238 D BackgroundInstallControlService: Package event received: 0
08-28 18:31:15.142  2387  3238 D BackgroundInstallControlService: Package event received: 0
08-28 18:31:32.159  2387  3044 D CompatChangeReporter: Compat change id reported: 151861875; UID 10676; state: ENABLED
08-28 18:31:32.177  2387  2871 W JobScheduler: Job didn't exist in JobStore: 8c742da #u0a633/12394 com.microsoft.appmanager/androidx.work.impl.background.systemjob.SystemJobService
08-28 18:31:32.180  2387  2944 I ActivityManager: Start proc 8451:com.google.android.apps.pixel.subzero/u0a676 for service {com.google.android.apps.pixel.subzero/androidx.work.impl.background.systemjob.SystemJobService}
08-28 18:31:32.180  2387  2944 I ActivityManager: ProcessObserver broadcast disabled
08-28 18:31:32.492  2387  3044 W JobServiceContext: Sending onNetworkChanged for a job that isn't started. JobStatus{ca80a43 androidx.work.systemjobscheduler:u0a676/872 @androidx.work.systemjobscheduler@com.google.android.apps.pixel.subzero/androidx.work.impl.background.systemjob.SystemJobService u=0 s=10676 TIME=-12s190ms:none NET READY}
08-28 18:31:32.593  2387  3238 D BackgroundInstallControlService: Package event received: 0
08-28 18:31:32.596  2387  3238 D BackgroundInstallControlService: Package event received: 0
08-28 18:31:32.603  2387  2944 I ActivityManager: Start proc 8496:com.google.android.apps.weather/u0a483 for service {com.google.android.apps.weather/com.google.android.apps.weather.api.server.Service}
08-28 18:31:32.603  2387  2944 I ActivityManager: ProcessObserver broadcast disabled
08-28 18:31:32.657  2387  2944 I ActivityManager: Start proc 8507:com.google.android.googlequicksearchbox:googleapp/u0a506 for broadcast {com.google.android.googlequicksearchbox/com.google.android.apps.search.googleapp.discover.subzero.broadcastreceivers.SubZeroDocumentPublishedBroadcastReceiver_Receiver}
08-28 18:31:32.657  2387  2944 I ActivityManager: ProcessObserver broadcast disabled
08-28 18:31:32.961  2387  3238 D BackgroundInstallControlService: Package event received: 0
08-28 18:31:33.228  2387  3238 D BackgroundInstallControlService: Package event received: 0
08-28 18:31:33.246  2387  2944 I ActivityManager: Start proc 8585:com.android.providers.calendar/u0a442 for content provider {com.android.providers.calendar/com.android.providers.calendar.CalendarProvider2}
08-28 18:31:33.247  2387  2944 I ActivityManager: ProcessObserver broadcast disabled
08-28 18:31:33.387  2387  6628 I ActivityManager: Process com.google.android.contacts (pid 31405) has died: cch+95 CEM 
08-28 18:31:33.451  8585  8604 E CalendarConfidenceChecker: Last check time 3393995 was too old. now=1917827 (boot count=137/138)
08-28 18:31:33.494  2387  3238 D BackgroundInstallControlService: Package event received: 0
08-28 18:31:33.545  2387  6628 D CompatChangeReporter: Compat change id reported: 319212206; UID 10676; state: ENABLED
08-28 18:31:37.210  2387  6628 D CompatChangeReporter: Compat change id reported: 311208629; UID 10676; state: ENABLED
08-28 18:31:37.233  2387  6628 D CompatChangeReporter: Compat change id reported: 311402873; UID 10676; state: ENABLED
08-28 18:31:37.233  2387  6628 D CompatChangeReporter: Compat change id reported: 323349338; UID 10676; state: ENABLED
08-28 18:31:54.953  2387  3238 D BackgroundInstallControlService: Package event received: 0
08-28 18:32:09.904  2387  3044 W JobServiceContext: Sending onNetworkChanged for a job that isn't started. JobStatus{bacb623 #u0a634/-2147482784 com.linkedin.android/androidx.work.impl.background.systemjob.SystemJobService u=0 s=10634 TIME=-9s585ms:none NET READY}
08-28 18:32:15.201  2387  3238 D BackgroundInstallControlService: Package event received: 0
08-28 18:32:15.201  2387  3238 D BackgroundInstallControlService: Package event received: 0
08-28 18:32:15.201  2387  3238 D BackgroundInstallControlService: Package event received: 0
08-28 18:32:15.202  2387  3238 D BackgroundInstallControlService: Package event received: 0
08-28 18:32:15.202  2387  3238 D BackgroundInstallControlService: Package event received: 0
08-28 18:32:15.202  2387  3238 D BackgroundInstallControlService: Package event received: 0
08-28 18:32:15.202  2387  3238 D BackgroundInstallControlService: Package event received: 0
08-28 18:32:15.203  2387  3238 D BackgroundInstallControlService: Package event received: 0
08-28 18:32:15.203  2387  3238 D BackgroundInstallControlService: Package event received: 0
08-28 18:32:15.203  2387  3238 D BackgroundInstallControlService: Package event received: 0
08-28 18:32:15.203  2387  3238 D BackgroundInstallControlService: Package event received: 0
08-28 18:32:15.203  2387  3238 D BackgroundInstallControlService: Package event received: 0
08-28 18:32:15.204  2387  3238 D BackgroundInstallControlService: Package event received: 0
08-28 18:32:15.204  2387  3238 D BackgroundInstallControlService: Package event received: 0
08-28 18:32:15.204  2387  3238 D BackgroundInstallControlService: Package event received: 0
08-28 18:32:17.460  2387  2387 D LoadedApk: Receiver not registered: com.android.server.UiModeManagerService$8@484eb0b
08-28 18:32:17.460  2387  2387 D Smart5gService: received intent: android.intent.action.BATTERY_CHANGED
08-28 18:32:17.461  2387  2387 D Smart5gService: subId 1 supports 5g EnhancedRadioCapability
08-28 18:32:17.463  2387  2387 D Smart5gService: shouldDisable5g: smart 5g is disabled for subId 1
08-28 18:32:17.463  2387  2387 D Smart5gService: update: subId=1 is5gAllowed=true shouldDisable=false
08-28 18:34:41.851  2387  3238 D BackgroundInstallControlService: Package event received: 0
08-28 18:34:41.851  2387  3238 D BackgroundInstallControlService: Package event received: 0
08-28 18:34:41.869  2387  6526 W ActivityManager: Unable to start service Intent { act=com.google.android.apps.aicore.aidl.IAICoreService xflg=0x4 cmp=com.google.android.aicore/com.google.android.apps.aicore.service.multiuser.AiCoreMultiUserService } U=0: not found
08-28 18:34:41.872  2387  6526 W ActivityManager: Unbind failed: could not find connection for android.os.BinderProxy@6e4f551
08-28 18:34:41.875  2387  6526 W ActivityManager: Unable to start service Intent { act=com.google.android.apps.aicore.aidl.IAICoreService xflg=0x4 cmp=com.google.android.aicore/com.google.android.apps.aicore.service.multiuser.AiCoreMultiUserService } U=0: not found
08-28 18:34:41.875  2387  6526 W ActivityManager: Unbind failed: could not find connection for android.os.BinderProxy@fe151b6
08-28 18:34:41.884  2387  6526 W ActivityManager: pid 5589 com.google.android.as sent binder code 9 with flags 2 to frozen apps and got error -74
08-28 18:36:00.014  2387  3238 D BackgroundInstallControlService: Package event received: 0
08-28 18:36:50.095  2387  2387 D LoadedApk: Receiver not registered: com.android.server.UiModeManagerService$8@484eb0b
08-28 18:36:50.096  2387  2387 D Smart5gService: received intent: android.intent.action.BATTERY_CHANGED
08-28 18:36:50.102  2387  2387 D Smart5gService: subId 1 supports 5g EnhancedRadioCapability
08-28 18:36:50.104  2387  2387 D Smart5gService: shouldDisable5g: smart 5g is disabled for subId 1
08-28 18:36:50.104  2387  2387 D Smart5gService: update: subId=1 is5gAllowed=true shouldDisable=false
08-28 18:36:50.113  2387  3238 D BackgroundInstallControlService: Package event received: 0
08-28 18:36:50.131  2387  6526 W ActivityManager: Unable to start service Intent { xflg=0x4 cmp=com.google.android.turboadapter/.GoogleBatteryService } U=0: not found
08-28 18:36:50.131  2387  6628 W ActivityManager: Unable to start service Intent { xflg=0x4 cmp=com.google.android.turboadapter/.GoogleBatteryService } U=0: not found
08-28 18:36:50.133 18850 18850 E ActivityThread: Service com.google.android.apps.turbo.deadline.library.DeadlineUpdateJobService has leaked ServiceConnection ayw@c6d02b2 that was originally bound here
08-28 18:36:50.133 18850 18850 E ActivityThread: android.app.ServiceConnectionLeaked: Service com.google.android.apps.turbo.deadline.library.DeadlineUpdateJobService has leaked ServiceConnection ayw@c6d02b2 that was originally bound here
08-28 18:36:50.133 18850 18850 E ActivityThread: 	at android.app.LoadedApk$ServiceDispatcher.<init>(LoadedApk.java:2093)
08-28 18:36:50.133 18850 18850 E ActivityThread: 	at android.app.LoadedApk.getServiceDispatcherCommon(LoadedApk.java:1967)
08-28 18:36:50.133 18850 18850 E ActivityThread: 	at android.app.LoadedApk.getServiceDispatcher(LoadedApk.java:1946)
08-28 18:36:50.133 18850 18850 E ActivityThread: 	at android.app.ContextImpl.bindServiceCommon(ContextImpl.java:2217)
08-28 18:36:50.133 18850 18850 E ActivityThread: 	at android.app.ContextImpl.bindService(ContextImpl.java:2093)
08-28 18:36:50.133 18850 18850 E ActivityThread: 	at android.content.ContextWrapper.bindService(ContextWrapper.java:891)
08-28 18:36:50.133 18850 18850 E ActivityThread: 	at ayr.a(PG:276)
08-28 18:36:50.133 18850 18850 E ActivityThread: 	at ng.c(PG:19)
08-28 18:36:50.133 18850 18850 E ActivityThread: 	at com.google.android.apps.turbo.deadline.library.DeadlineUpdateJobService.c(PG:17)
08-28 18:36:50.133 18850 18850 E ActivityThread: 	at gn.run(PG:135)
08-28 18:36:50.133 18850 18850 E ActivityThread: 	at java.util.concurrent.Executors$RunnableAdapter.call(Executors.java:524)
08-28 18:36:50.133 18850 18850 E ActivityThread: 	at dzn.a(PG:3)
08-28 18:36:50.133 18850 18850 E ActivityThread: 	at dyu.run(PG:19)
08-28 18:36:50.133 18850 18850 E ActivityThread: 	at dzo.run(PG:5)
08-28 18:36:50.133 18850 18850 E ActivityThread: 	at java.util.concurrent.ThreadPoolExecutor.runWorker(ThreadPoolExecutor.java:1156)
08-28 18:36:50.133 18850 18850 E ActivityThread: 	at java.util.concurrent.ThreadPoolExecutor$Worker.run(ThreadPoolExecutor.java:651)
08-28 18:36:50.133 18850 18850 E ActivityThread: 	at java.lang.Thread.run(Thread.java:1119)
08-28 18:36:50.133  2387  6673 W ActivityManager: Unbind failed: could not find connection for android.os.BinderProxy@90a145f
08-28 18:36:50.138 18850 18850 E ActivityThread: Service com.google.android.apps.turbo.deadline.library.BatteryFlagService has leaked ServiceConnection ayw@2427c14 that was originally bound here
08-28 18:36:50.138 18850 18850 E ActivityThread: android.app.ServiceConnectionLeaked: Service com.google.android.apps.turbo.deadline.library.BatteryFlagService has leaked ServiceConnection ayw@2427c14 that was originally bound here
08-28 18:36:50.138 18850 18850 E ActivityThread: 	at android.app.LoadedApk$ServiceDispatcher.<init>(LoadedApk.java:2093)
08-28 18:36:50.138 18850 18850 E ActivityThread: 	at android.app.LoadedApk.getServiceDispatcherCommon(LoadedApk.java:1967)
08-28 18:36:50.138 18850 18850 E ActivityThread: 	at android.app.LoadedApk.getServiceDispatcher(LoadedApk.java:1946)
08-28 18:36:50.138 18850 18850 E ActivityThread: 	at android.app.ContextImpl.bindServiceCommon(ContextImpl.java:2217)
08-28 18:36:50.138 18850 18850 E ActivityThread: 	at android.app.ContextImpl.bindService(ContextImpl.java:2093)
08-28 18:36:50.138 18850 18850 E ActivityThread: 	at android.content.ContextWrapper.bindService(ContextWrapper.java:891)
08-28 18:36:50.138 18850 18850 E ActivityThread: 	at ayr.a(PG:199)
08-28 18:36:50.138 18850 18850 E ActivityThread: 	at ng.c(PG:19)
08-28 18:36:50.138 18850 18850 E ActivityThread: 	at com.google.android.apps.turbo.deadline.library.BatteryFlagService.c(PG:15)
08-28 18:36:50.138 18850 18850 E ActivityThread: 	at gn.run(PG:274)
08-28 18:36:50.138 18850 18850 E ActivityThread: 	at java.util.concurrent.Executors$RunnableAdapter.call(Executors.java:524)
08-28 18:36:50.138 18850 18850 E ActivityThread: 	at dzn.a(PG:3)
08-28 18:36:50.138 18850 18850 E ActivityThread: 	at dyu.run(PG:19)
08-28 18:36:50.138 18850 18850 E ActivityThread: 	at dzo.run(PG:5)
08-28 18:36:50.138 18850 18850 E ActivityThread: 	at java.util.concurrent.ThreadPoolExecutor.runWorker(ThreadPoolExecutor.java:1156)
08-28 18:36:50.138 18850 18850 E ActivityThread: 	at java.util.concurrent.ThreadPoolExecutor$Worker.run(ThreadPoolExecutor.java:651)
08-28 18:36:50.138 18850 18850 E ActivityThread: 	at java.lang.Thread.run(Thread.java:1119)
08-28 18:36:50.138  2387  3957 W ActivityManager: Unbind failed: could not find connection for android.os.BinderProxy@bf9ceac
08-28 18:40:06.320  2387  3043 I UsageStatsService: User[0] Flushing usage stats to disk
08-28 18:40:06.409  2387  3238 D BackgroundInstallControlService: Package event received: 0
08-28 18:40:42.572  2387  2936 W NotifHistoryProto: notification package name (com.whatsapp) not found in string cache
08-28 18:40:42.572  2387  2936 W NotifHistoryProto: notification channel name (Group notifications) not found in string cache
08-28 18:40:42.572  2387  2936 W NotifHistoryProto: notification channel id (group_chat_defaults_12) not found in string cache
08-28 18:40:42.572  2387  2936 W NotifHistoryProto: notification package name (android) not found in string cache
08-28 18:40:42.572  2387  2936 W NotifHistoryProto: notification channel name (Module update complete) not found in string cache
08-28 18:40:42.572  2387  2936 W NotifHistoryProto: notification channel id (lsposed_module_updated) not found in string cache
08-28 18:40:42.572  2387  2936 W NotifHistoryProto: notification package name (android) not found in string cache
08-28 18:40:42.573  2387  2936 W NotifHistoryProto: notification channel name (Module update complete) not found in string cache
08-28 18:40:42.573  2387  2936 W NotifHistoryProto: notification channel id (lsposed_module_updated) not found in string cache
08-28 18:40:42.573  2387  2936 W NotifHistoryProto: notification package name (android) not found in string cache
08-28 18:40:42.573  2387  2936 W NotifHistoryProto: notification channel name (Module update complete) not found in string cache
08-28 18:40:42.573  2387  2936 W NotifHistoryProto: notification channel id (lsposed_module_updated) not found in string cache
08-28 18:40:42.573  2387  2936 W NotifHistoryProto: notification package name (com.google.android.dialer) not found in string cache
08-28 18:40:42.573  2387  2936 W NotifHistoryProto: notification channel name (Ongoing calls) not found in string cache
08-28 18:40:42.573  2387  2936 W NotifHistoryProto: notification channel id (phone_ongoing_call) not found in string cache
08-28 18:41:14.800  2387  3238 D BackgroundInstallControlService: Package event received: 0
08-28 18:41:14.864  2387  3238 D BackgroundInstallControlService: Package event received: 0
08-28 18:41:14.900  2387  3238 D BackgroundInstallControlService: Package event received: 0
08-28 18:41:14.983  2387  3238 D BackgroundInstallControlService: Package event received: 0
08-28 18:41:15.207  2387  3238 D BackgroundInstallControlService: Package event received: 0
08-28 18:41:15.295  2387  3238 D BackgroundInstallControlService: Package event received: 0
08-28 18:41:15.302  2387  3238 D BackgroundInstallControlService: Package event received: 0
08-28 18:41:15.456  2387  6673 I ContentCaptureManagerService: Data share request accepted by Content Capture service
08-28 18:42:21.268  2387  3238 D BackgroundInstallControlService: Package event received: 0
08-28 18:43:31.238  2387  2387 D LoadedApk: Receiver not registered: com.android.server.UiModeManagerService$8@484eb0b
08-28 18:43:31.238  2387  2387 D Smart5gService: received intent: android.intent.action.BATTERY_CHANGED
08-28 18:43:31.239  2387  2387 D Smart5gService: subId 1 supports 5g EnhancedRadioCapability
08-28 18:43:31.240  2387  2387 D Smart5gService: shouldDisable5g: smart 5g is disabled for subId 1
08-28 18:43:31.241  2387  2387 D Smart5gService: update: subId=1 is5gAllowed=true shouldDisable=false
08-28 18:43:31.254  2387  3238 D BackgroundInstallControlService: Package event received: 0
08-28 18:43:31.288  2387  6628 W ActivityManager: Unable to start service Intent { xflg=0x4 cmp=com.google.android.turboadapter/.GoogleBatteryService } U=0: not found
08-28 18:43:31.288  2387  6526 W ActivityManager: Unable to start service Intent { xflg=0x4 cmp=com.google.android.turboadapter/.GoogleBatteryService } U=0: not found
08-28 18:43:31.290 18850 18850 E ActivityThread: Service com.google.android.apps.turbo.deadline.library.BatteryFlagService has leaked ServiceConnection ayw@f2baf2d that was originally bound here
08-28 18:43:31.290 18850 18850 E ActivityThread: android.app.ServiceConnectionLeaked: Service com.google.android.apps.turbo.deadline.library.BatteryFlagService has leaked ServiceConnection ayw@f2baf2d that was originally bound here
08-28 18:43:31.290 18850 18850 E ActivityThread: 	at android.app.LoadedApk$ServiceDispatcher.<init>(LoadedApk.java:2093)
08-28 18:43:31.290 18850 18850 E ActivityThread: 	at android.app.LoadedApk.getServiceDispatcherCommon(LoadedApk.java:1967)
08-28 18:43:31.290 18850 18850 E ActivityThread: 	at android.app.LoadedApk.getServiceDispatcher(LoadedApk.java:1946)
08-28 18:43:31.290 18850 18850 E ActivityThread: 	at android.app.ContextImpl.bindServiceCommon(ContextImpl.java:2217)
08-28 18:43:31.290 18850 18850 E ActivityThread: 	at android.app.ContextImpl.bindService(ContextImpl.java:2093)
08-28 18:43:31.290 18850 18850 E ActivityThread: 	at android.content.ContextWrapper.bindService(ContextWrapper.java:891)
08-28 18:43:31.290 18850 18850 E ActivityThread: 	at ayr.a(PG:199)
08-28 18:43:31.290 18850 18850 E ActivityThread: 	at ng.c(PG:19)
08-28 18:43:31.290 18850 18850 E ActivityThread: 	at com.google.android.apps.turbo.deadline.library.BatteryFlagService.c(PG:15)
08-28 18:43:31.290 18850 18850 E ActivityThread: 	at gn.run(PG:274)
08-28 18:43:31.290 18850 18850 E ActivityThread: 	at java.util.concurrent.Executors$RunnableAdapter.call(Executors.java:524)
08-28 18:43:31.290 18850 18850 E ActivityThread: 	at dzn.a(PG:3)
08-28 18:43:31.290 18850 18850 E ActivityThread: 	at dyu.run(PG:19)
08-28 18:43:31.290 18850 18850 E ActivityThread: 	at dzo.run(PG:5)
08-28 18:43:31.290 18850 18850 E ActivityThread: 	at java.util.concurrent.ThreadPoolExecutor.runWorker(ThreadPoolExecutor.java:1156)
08-28 18:43:31.290 18850 18850 E ActivityThread: 	at java.util.concurrent.ThreadPoolExecutor$Worker.run(ThreadPoolExecutor.java:651)
08-28 18:43:31.290 18850 18850 E ActivityThread: 	at java.lang.Thread.run(Thread.java:1119)
08-28 18:43:31.290  2387  6673 W ActivityManager: Unbind failed: could not find connection for android.os.BinderProxy@805faa4
08-28 18:43:31.295 18850 18850 E ActivityThread: Service com.google.android.apps.turbo.deadline.library.DeadlineUpdateJobService has leaked ServiceConnection ayw@5411129 that was originally bound here
