08-28 18:26:51.553  3291  3291 D KeyguardViewMediator: KeyguardViewMediator queue processing message: START_KEYGUARD_EXIT_ANIM
08-28 18:26:51.553  3291  3291 E BcSmartspaceCard: No tap action can be set up
08-28 18:26:51.554 32298 32466 I .apps.wellbeing: AssetManager2(0xb40000721b81a658) locale list changing from [] to [en-US]
08-28 18:26:51.556  3291  3291 E BcSmartspaceCard: No tap action can be set up
08-28 18:26:51.557 32298 32466 I .apps.wellbeing: AssetManager2(0xb40000721b81a978) locale list changing from [] to [en-US]
08-28 18:26:51.559  3291  3291 D DeviceEntryIconViewBinder: Updating device entry icon image state ForegroundIconViewModel(type=LOCK, useAodVariant=false, tint=-1907998, padding=71)
08-28 18:26:51.563  2387  2871 I InputDispatcher: Touched window was removed: 4916180 UdfpsControllerOverlay in display %0
08-28 18:26:51.565 32298 32466 I .apps.wellbeing: AssetManager2(0xb40000721b816af8) locale list changing from [] to [en-US]
08-28 18:26:51.566 32298 32466 I .apps.wellbeing: AssetManager2(0xb40000721b815838) locale list changing from [] to [en-US]
08-28 18:26:51.575 32298 32466 I .apps.wellbeing: AssetManager2(0xb40000721b817778) locale list changing from [] to [en-US]
08-28 18:26:51.581   681   681 I lowmemorykiller: Kill 'com.facebook.katana' (30234), uid 10612, oom_score_adj 995 to free 192980kB rss, 46164kB swap; reason: low watermark is breached
08-28 18:26:51.582 32298 32466 I .apps.wellbeing: AssetManager2(0xb40000721b81a018) locale list changing from [] to [en-US]
08-28 18:26:51.595  3998  8159 I Auth    : (REDACTED) [GetTokenResponse] Decryption key=%s success, service=%s
08-28 18:26:51.595  5606 20332 I ecqc    : (REDACTED) appOpsListener %s %s
08-28 18:26:51.595  5606 20332 I ecqc    : (REDACTED) Ignoring irrelevant audio permission changes for package %s
08-28 18:26:51.599 32298 32466 I .apps.wellbeing: AssetManager2(0xb40000721b81c8b8) locale list changing from [] to [en-US]
08-28 18:26:51.599  2228  2792 D [GF_HAL][CaEntry]: [sendCommand] request token: 263, target: 1000, cmd id: 12
08-28 18:26:51.599  2228  2792 D [GF_HAL][CaEntry]: [sendCommand] carveout_ion_handle_fd = 0,carveout_ion_handle_len = 0 
08-28 18:26:51.601 32298 32466 I .apps.wellbeing: AssetManager2(0xb40000721b81ac98) locale list changing from [] to [en-US]
08-28 18:26:51.607 32298 32466 I .apps.wellbeing: AssetManager2(0xb40000721b8199d8) locale list changing from [] to [en-US]
08-28 18:26:51.611 32298 32466 I .apps.wellbeing: AssetManager2(0xb40000721b818a38) locale list changing from [] to [en-US]
08-28 18:26:51.625   695   706 E DrmLibFs: file_unlink is done and returns 0
08-28 18:26:51.635  3291  3291 D UdfpsTouchOverlayBinder: [com.android.systemui.biometrics.ui.view.UdfpsTouchOverlay{7c1846e V.E...... ......I. 0,0-1440,3200 #7f0a0959 app:id/udfps_touch_overlay}-detached]: update shouldHandleTouches=false
08-28 18:26:51.635  2387  6776 D FingerprintProvider/default: setIgnoreDisplayTouches set to true
08-28 18:26:51.639  1549  3711 I Codec2-Component: Client died ! notify and release the component !!
08-28 18:26:51.639  1549 30466 I QC2Comp : [avcD_43] Stats: Pending(0) i/p-done(0) Works: Q: 0/Done 0|Work-Rate: Q(0.0/s Avg=0.0/s) Done(0.000/s Avg=0.000/s)| Stream: 30.00fps 0.0Kbps
08-28 18:26:51.639  1549 30466 I QC2Comp : Mem-usage: 
08-28 18:26:51.639  1549 30466 I QC2Comp : Total Mem-usage: 0.000 MB
08-28 18:26:51.639  1549 30466 I QC2Comp : NOTE: handleReleaseCodec returning: 0 (OK=0)
08-28 18:26:51.639  1549  3711 I QC2Comp : NOTE: Release returning: 0 (OK=0)
08-28 18:26:51.639  1549  3711 I QC2CompStore: Deleting component(c2.qti.avc.decoder) id(43)
08-28 18:26:51.639  1549  3711 I QC2Comp : [avcD_43] Deallocated component c2.qti.avc.decoder [id=43]
08-28 18:26:51.641 32298 32466 I .apps.wellbeing: AssetManager2(0xb40000721b81bf58) locale list changing from [] to [en-US]
08-28 18:26:51.644  3291  3291 D WindowRootViewBlurInteractor: requestingBlurForShade for 0 false
08-28 18:26:51.644  2156  3332 I Codec2-Component@1.2: Client died ! notify and release the component !!
08-28 18:26:51.645  2387  2871 I ActivityManager: Process com.facebook.katana (pid 30234) has died: cch+95 CEM 
08-28 18:26:51.646  2387  2871 D CompatChangeReporter: Compat change id reported: 311208629; UID 10612; state: ENABLED
08-28 18:26:51.646  3291  3291 D WindowRootViewBlurInteractor: requestingBlurForShade for 0 false
08-28 18:26:51.646  2387  3185 D ConnectivityService: releasing NetworkRequest [ REQUEST id=716, [ Capabilities: INTERNET&NOT_RESTRICTED&TRUSTED&NOT_VCN_MANAGED&NOT_BANDWIDTH_CONSTRAINED Uid: 10612 RequestorUid: 10612 RequestorPkg: com.facebook.katana UnderlyingNetworks: Null] ] (release request)
08-28 18:26:51.646  2387  3185 D ConnectivityService: releasing NetworkRequest [ REQUEST id=721, [ Capabilities: INTERNET&NOT_RESTRICTED&TRUSTED&NOT_VCN_MANAGED&NOT_BANDWIDTH_CONSTRAINED Uid: 10612 RequestorUid: 10612 RequestorPkg: com.facebook.katana UnderlyingNetworks: Null] ] (release request)
08-28 18:26:51.647  2119 23773 E mediaserver: unlinkToDeath: removed reference to death recipient but unlink failed: DEAD_OBJECT
08-28 18:26:51.647  2119 25746 E mediaserver: unlinkToDeath: removed reference to death recipient but unlink failed: DEAD_OBJECT
08-28 18:26:51.649  2119 23773 E IPCThreadState: attemptIncStrongHandle(9): Not supported
08-28 18:26:51.650  2119 25746 E IPCThreadState: attemptIncStrongHandle(16): Not supported
08-28 18:26:51.651  3291  3291 D DeviceEntryIconViewBinder: Updating device entry icon image state ForegroundIconViewModel(type=LOCK, useAodVariant=false, tint=-1907998, padding=71)
08-28 18:26:51.651  2387  2945 I libprocessgroup: Removed cgroup /sys/fs/cgroup/apps/uid_10612/pid_30234
08-28 18:26:51.651  1317  1317 I Zygote  : Process 30234 exited due to signal 9 (Killed)
08-28 18:26:51.655  3291  3291 D WindowRootViewBlurInteractor: requestingBlurForShade for 0 false
08-28 18:26:51.656  3291  3291 W WindowOnBackDispatcher: sendCancelIfRunning: isInProgress=false callback=com.android.systemui.back.domain.interactor.BackActionInteractor$callback$2@7cc0da3
08-28 18:26:51.657 32298 32466 I .apps.wellbeing: AssetManager2(0xb40000721b817138) locale list changing from [] to [en-US]
08-28 18:26:51.659 32298 32466 I .apps.wellbeing: AssetManager2(0xb40000721b8164b8) locale list changing from [] to [en-US]
08-28 18:26:51.660 32298 32466 I .apps.wellbeing: AssetManager2(0xb40000721b816e18) locale list changing from [] to [en-US]
08-28 18:26:51.660 32557 32670 W RealtimeClientManager: Channel state: MqttChannelState{mConnectionState=CONNECTING, mDisconnectionReason=null, mLastConnectionMs=0, mLastDisconnectMs=1605032}
08-28 18:26:51.661  2387  3185 D InetDiagMessage: Destroyed 0 sockets, proto=IPPROTO_TCP, family=AF_INET, states=14
08-28 18:26:51.661  2387  3185 D InetDiagMessage: Destroyed 0 sockets, proto=IPPROTO_TCP, family=AF_INET6, states=14
08-28 18:26:51.661  2387  3185 D InetDiagMessage: Destroyed live tcp sockets for uids={10612} in 2ms
08-28 18:26:51.662  2156  3332 D BufferPoolAccessor2.0: bufferpool2 0xb40000788ae2b058 : 0(0 size) total buffers - 0(0 size) used buffers - 0/0 (recycle/alloc) - 0/0 (fetch/transfer)
08-28 18:26:51.662  2156  3332 D BufferPoolAccessor2.0: Destruction - bufferpool2 0xb40000788ae2b058 cached: 0/0M, 0/0% in use; allocs: 0, 0% recycled; transfers: 0, 0% unfetched
08-28 18:26:51.662  2387  3185 D InetDiagMessage: Destroyed 0 sockets, proto=IPPROTO_TCP, family=AF_INET, states=14
08-28 18:26:51.662  2387  3185 D InetDiagMessage: Destroyed 0 sockets, proto=IPPROTO_TCP, family=AF_INET6, states=14
08-28 18:26:51.662  2387  3185 D InetDiagMessage: Destroyed live tcp sockets for uids={20612} in 1ms
08-28 18:26:51.663 32298 32466 I .apps.wellbeing: AssetManager2(0xb40000721b819398) locale list changing from [] to [en-US]
08-28 18:26:51.664 32298 32466 I .apps.wellbeing: AssetManager2(0xb40000721b819cf8) locale list changing from [] to [en-US]
08-28 18:26:51.665 32298 32466 I .apps.wellbeing: AssetManager2(0xb40000721b81a338) locale list changing from [] to [en-US]
08-28 18:26:51.666 32298 32466 I .apps.wellbeing: AssetManager2(0xb40000721b8167d8) locale list changing from [] to [en-US]
08-28 18:26:51.671 32298 32466 I .apps.wellbeing: AssetManager2(0xb40000721b81b2d8) locale list changing from [] to [en-US]
08-28 18:26:51.673   695   706 E DrmLibFs: file_unlink is done and returns 0
08-28 18:26:51.676 32298 32466 I .apps.wellbeing: AssetManager2(0xb40000721b816198) locale list changing from [] to [en-US]
08-28 18:26:51.693 32298 32466 I .apps.wellbeing: AssetManager2(0xb40000721b815b58) locale list changing from [] to [en-US]
08-28 18:26:51.694 32298 32466 I .apps.wellbeing: AssetManager2(0xb40000721b81afb8) locale list changing from [] to [en-US]
08-28 18:26:51.696 32298 32466 I .apps.wellbeing: AssetManager2(0xb40000721b817a98) locale list changing from [] to [en-US]
08-28 18:26:51.697 32298 32466 I .apps.wellbeing: AssetManager2(0xb40000721b812958) locale list changing from [] to [en-US]
08-28 18:26:51.699 32298 32466 I .apps.wellbeing: AssetManager2(0xb40000721b818d58) locale list changing from [] to [en-US]
08-28 18:26:51.700 32298 32466 I .apps.wellbeing: AssetManager2(0xb40000721b811cd8) locale list changing from [] to [en-US]
08-28 18:26:51.705 32298 32466 I .apps.wellbeing: AssetManager2(0xb40000721b81b5f8) locale list changing from [] to [en-US]
08-28 18:26:51.709 32298 32466 I .apps.wellbeing: AssetManager2(0xb40000721b813c18) locale list changing from [] to [en-US]
08-28 18:26:51.709   695   706 E DrmLibFs: file_unlink is done and returns 0
08-28 18:26:51.709 32298 32466 I .apps.wellbeing: AssetManager2(0xb40000721b80de58) locale list changing from [] to [en-US]
08-28 18:26:51.711 32298 32466 I .apps.wellbeing: AssetManager2(0xb40000721b819078) locale list changing from [] to [en-US]
08-28 18:26:51.712 32298 32466 I .apps.wellbeing: AssetManager2(0xb40000721b80ead8) locale list changing from [] to [en-US]
08-28 18:26:51.713 32298 32466 I .apps.wellbeing: AssetManager2(0xb40000721b812318) locale list changing from [] to [en-US]
08-28 18:26:51.714 32298 32466 I .apps.wellbeing: AssetManager2(0xb40000721b815518) locale list changing from [] to [en-US]
08-28 18:26:51.717 32298 32466 I .apps.wellbeing: AssetManager2(0xb40000721b8138f8) locale list changing from [] to [en-US]
08-28 18:26:51.720 32298 32466 I .apps.wellbeing: AssetManager2(0xb40000721b84cc98) locale list changing from [] to [en-US]
08-28 18:26:51.722 32298 32466 I .apps.wellbeing: AssetManager2(0xb40000721b851ab8) locale list changing from [] to [en-US]
08-28 18:26:51.724 32298 32466 I .apps.wellbeing: AssetManager2(0xb40000721b84c338) locale list changing from [] to [en-US]
08-28 18:26:51.725 32298 32466 I .apps.wellbeing: AssetManager2(0xb40000721b84df58) locale list changing from [] to [en-US]
08-28 18:26:51.725 32298 32466 I .apps.wellbeing: AssetManager2(0xb40000721b852d78) locale list changing from [] to [en-US]
08-28 18:26:51.726 32298 32466 I .apps.wellbeing: AssetManager2(0xb40000721b853d18) locale list changing from [] to [en-US]
08-28 18:26:51.729 32298 32466 I .apps.wellbeing: AssetManager2(0xb40000721b8180d8) locale list changing from [] to [en-US]
08-28 18:26:51.731 32298 32466 I .apps.wellbeing: AssetManager2(0xb40000721b8536d8) locale list changing from [] to [en-US]
08-28 18:26:51.734 32298 32466 I .apps.wellbeing: AssetManager2(0xb40000721b852738) locale list changing from [] to [en-US]
08-28 18:26:51.736 32298 32466 I .apps.wellbeing: AssetManager2(0xb40000721b8106f8) locale list changing from [] to [en-US]
08-28 18:26:51.738 32298 32466 I .apps.wellbeing: AssetManager2(0xb40000721b814bb8) locale list changing from [] to [en-US]
08-28 18:26:51.739 32298 32466 I .apps.wellbeing: AssetManager2(0xb40000721b811378) locale list changing from [] to [en-US]
08-28 18:26:51.740 32298 32466 I .apps.wellbeing: AssetManager2(0xb40000721b810d38) locale list changing from [] to [en-US]
08-28 18:26:51.744   695   706 E DrmLibFs: file_unlink is done and returns 0
08-28 18:26:51.750 32298 32466 I .apps.wellbeing: AssetManager2(0xb40000721b8119b8) locale list changing from [] to [en-US]
08-28 18:26:51.754 32298 32466 I .apps.wellbeing: AssetManager2(0xb40000721b814ed8) locale list changing from [] to [en-US]
08-28 18:26:51.755 32298 32466 I .apps.wellbeing: AssetManager2(0xb40000721b80f758) locale list changing from [] to [en-US]
08-28 18:26:51.760 32298 32466 I .apps.wellbeing: AssetManager2(0xb40000721b814258) locale list changing from [] to [en-US]
08-28 18:26:51.761 32298 32466 I .apps.wellbeing: AssetManager2(0xb40000721b80e7b8) locale list changing from [] to [en-US]
08-28 18:26:51.770 32298 32466 I .apps.wellbeing: AssetManager2(0xb40000721b80e498) locale list changing from [] to [en-US]
08-28 18:26:51.776 32298 32466 I .apps.wellbeing: AssetManager2(0xb40000721b80db38) locale list changing from [] to [en-US]
08-28 18:26:51.777 32298 32466 I .apps.wellbeing: AssetManager2(0xb40000721b80edf8) locale list changing from [] to [en-US]
08-28 18:26:51.778 32298 32466 I .apps.wellbeing: AssetManager2(0xb40000721b83eb98) locale list changing from [] to [en-US]
08-28 18:26:51.779 32298 32466 I .apps.wellbeing: AssetManager2(0xb40000721b841a78) locale list changing from [] to [en-US]
08-28 18:26:51.780 32298 32466 I .apps.wellbeing: AssetManager2(0xb40000721b8420b8) locale list changing from [] to [en-US]
08-28 18:26:51.785 32298 32466 I .apps.wellbeing: AssetManager2(0xb40000721b837b18) locale list changing from [] to [en-US]
08-28 18:26:51.786 32298 32466 I .apps.wellbeing: AssetManager2(0xb40000721b835ef8) locale list changing from [] to [en-US]
08-28 18:26:51.788 32298 32466 I .apps.wellbeing: AssetManager2(0xb40000721b8377f8) locale list changing from [] to [en-US]
08-28 18:26:51.790 32298 32466 I .apps.wellbeing: AssetManager2(0xb40000721b8374d8) locale list changing from [] to [en-US]
08-28 18:26:51.794 32298 32466 I .apps.wellbeing: AssetManager2(0xb40000721b837e38) locale list changing from [] to [en-US]
08-28 18:26:51.809 32298 32466 I .apps.wellbeing: AssetManager2(0xb40000721b83bcb8) locale list changing from [] to [en-US]
08-28 18:26:51.814 32298 32466 I .apps.wellbeing: AssetManager2(0xb40000721b83ad18) locale list changing from [] to [en-US]
08-28 18:26:51.817 32298 32466 I .apps.wellbeing: AssetManager2(0xb40000721b840498) locale list changing from [] to [en-US]
08-28 18:26:51.819 32298 32466 I .apps.wellbeing: AssetManager2(0xb40000721b835598) locale list changing from [] to [en-US]
08-28 18:26:51.820 32298 32466 I .apps.wellbeing: AssetManager2(0xb40000721b839738) locale list changing from [] to [en-US]
08-28 18:26:51.830 32298 32466 I .apps.wellbeing: AssetManager2(0xb40000721b83a9f8) locale list changing from [] to [en-US]
08-28 18:26:51.831 32298 32466 I .apps.wellbeing: AssetManager2(0xb40000721b836538) locale list changing from [] to [en-US]
08-28 18:26:51.846  2228  2792 D [GF_HAL][HalContext]: [invokeCommand] err = 0, errno = GF_SUCCESS
08-28 18:26:51.846  2228  2792 D [GF_HAL][CaEntry]: [sendCommand] request token: 264, target: 1000, cmd id: 12
08-28 18:26:51.846  2228  2792 D [GF_HAL][CaEntry]: [sendCommand] carveout_ion_handle_fd = 0,carveout_ion_handle_len = 0 
08-28 18:26:51.895 32298 32466 I .apps.wellbeing: AssetManager2(0xb40000721b834c38) locale list changing from [] to [en-US]
08-28 18:26:51.897 32298 32466 I .apps.wellbeing: AssetManager2(0xb40000721b8358b8) locale list changing from [] to [en-US]
08-28 18:26:51.901 32298 32466 I .apps.wellbeing: AssetManager2(0xb40000721b839418) locale list changing from [] to [en-US]
08-28 18:26:51.904 32298 32466 I .apps.wellbeing: AssetManager2(0xb40000721b83b998) locale list changing from [] to [en-US]
08-28 18:26:51.908 32298 32466 I .apps.wellbeing: AssetManager2(0xb40000721b8371b8) locale list changing from [] to [en-US]
08-28 18:26:51.911 32298 32466 I .apps.wellbeing: AssetManager2(0xb40000721b835bd8) locale list changing from [] to [en-US]
08-28 18:26:51.913 32298 32466 I .apps.wellbeing: AssetManager2(0xb40000721b839d78) locale list changing from [] to [en-US]
08-28 18:26:51.914 32298 32466 I .apps.wellbeing: AssetManager2(0xb40000721b83c618) locale list changing from [] to [en-US]
08-28 18:26:51.915 32298 32466 I .apps.wellbeing: AssetManager2(0xb40000721b83a098) locale list changing from [] to [en-US]
08-28 18:26:51.917 32298 32466 I .apps.wellbeing: AssetManager2(0xb40000721b836858) locale list changing from [] to [en-US]
08-28 18:26:51.918 32298 32466 I .apps.wellbeing: AssetManager2(0xb40000721b838798) locale list changing from [] to [en-US]
08-28 18:26:51.919 32298 32466 I .apps.wellbeing: AssetManager2(0xb40000721b835278) locale list changing from [] to [en-US]
08-28 18:26:51.920 32298 32466 I .apps.wellbeing: AssetManager2(0xb40000721b8390f8) locale list changing from [] to [en-US]
08-28 18:26:51.921 32298 32466 I .apps.wellbeing: AssetManager2(0xb40000721b83a3b8) locale list changing from [] to [en-US]
08-28 18:26:51.924 32298 32466 I .apps.wellbeing: AssetManager2(0xb40000721b83b038) locale list changing from [] to [en-US]
08-28 18:26:51.925 32298 32466 I .apps.wellbeing: AssetManager2(0xb40000721b836218) locale list changing from [] to [en-US]
08-28 18:26:51.927 32298 32466 I .apps.wellbeing: AssetManager2(0xb40000721b834f58) locale list changing from [] to [en-US]
08-28 18:26:51.927 32298 32466 I .apps.wellbeing: AssetManager2(0xb40000721b836e98) locale list changing from [] to [en-US]
08-28 18:26:51.929 32298 32466 I .apps.wellbeing: AssetManager2(0xb40000721b838dd8) locale list changing from [] to [en-US]
08-28 18:26:51.932 32298 32466 I .apps.wellbeing: AssetManager2(0xb40000721b8326b8) locale list changing from [] to [en-US]
08-28 18:26:51.933  3291  3291 I KeyguardTransitionRepository: FINISHED transition: TransitionStep(from=LOCKSCREEN, to=GONE, value=1.0, transitionState=FINISHED, ownerName=FromLockscreenTransitionInteractor(keyguard interactor says keyguard is going away))
08-28 18:26:51.933 32298 32466 I .apps.wellbeing: AssetManager2(0xb40000721b82d898) locale list changing from [] to [en-US]
08-28 18:26:51.934  3291  3291 D AlternateBouncerInteractor: canShowAlternateBouncer changed to false
08-28 18:26:51.934  3291  3291 D StatusBarKeyguardViewManager: canShowAlternateBouncer turned false, maybe try hiding the alternate bouncer if it is already visible
08-28 18:26:51.934  3291  3291 D KeyguardUnlock: surfaceBehindEntryAnimator#onAnimationEnd
08-28 18:26:51.934  3291  3291 D KeyguardViewMediator: exitKeyguardAndFinishSurfaceBehindRemoteAnimation
08-28 18:26:51.935  3291  3459 D ResourceTrimmer: Sending TRIM_MEMORY_UI_HIDDEN.
08-28 18:26:51.935  3291  3459 D StatusBar##isHomeStatusBarAllowed: newValue: true
08-28 18:26:51.935 32298 32466 I .apps.wellbeing: AssetManager2(0xb40000721b82e518) locale list changing from [] to [en-US]
08-28 18:26:51.937 32298 32466 I .apps.wellbeing: AssetManager2(0xb40000721b82faf8) locale list changing from [] to [en-US]
08-28 18:26:51.942  2228  2792 D [GF_HAL][HalContext]: [invokeCommand] err = 0, errno = GF_SUCCESS
08-28 18:26:51.942  2228  2792 D [GF_HAL][CaEntry]: [sendCommand] request token: 265, target: 1000, cmd id: 12
08-28 18:26:51.942  2228  2792 D [GF_HAL][CaEntry]: [sendCommand] carveout_ion_handle_fd = 0,carveout_ion_handle_len = 0 
08-28 18:26:51.947  2228  2792 D [GF_HAL][HalContext]: [invokeCommand] err = 0, errno = GF_SUCCESS
08-28 18:26:51.947  2228  2792 D [GF_HAL][CustomizedFingerprintCore]: [onAuthStop] finger down stop processing.
08-28 18:26:51.947  2228  2792 D [GF_HAL][CaEntry]: [sendCommand] request token: 266, target: 1002, cmd id: 8
08-28 18:26:51.947  2228  2792 D [GF_HAL][CaEntry]: [sendCommand] carveout_ion_handle_fd = 0,carveout_ion_handle_len = 0 
08-28 18:26:51.952 32298 32466 I .apps.wellbeing: AssetManager2(0xb40000721b8310d8) locale list changing from [] to [en-US]
08-28 18:26:51.953  3291  3487 D KeyguardViewMediator: updateActivityLockScreenState(false, false, onKeyguardExitFinished: exitKeyguardAndFinishSurfaceBehindRemoteAnimation)
08-28 18:26:51.953  3291  3291 D DismissCallbackRegistry: notifyDismissSucceeded(0)
08-28 18:26:51.954  3291  3291 D KeyguardViewMediator: onKeyguardExitRemoteAnimationFinished#hideKeyguardViewAfterRemoteAnimation
08-28 18:26:51.955  3291  3291 D CentralSurfaces: occluded=false
08-28 18:26:51.955  3291  3291 D OngoingActionProgressController: setForceHidden false
08-28 18:26:51.955  3549  3549 D NfcService: applyScreenState: screenState = ON_UNLOCKED
08-28 18:26:51.955  3291  3291 D OngoingActionProgressController: setForceHidden false
08-28 18:26:51.955  3549  3549 D NfcService: applyScreenState: screenState != mScreenState=4
08-28 18:26:51.955  3549  3549 D NfcService: handleMessage: MSG_APPLY_SCREEN_STATEON_UNLOCKED
08-28 18:26:51.956  3291  3291 D CentralSurfaces: !shouldBeKeyguard mStatusBarStateController.isKeyguardRequested() false keyguardForDozing false wakeAndUnlocking false isWakingAndOccluded false
08-28 18:26:51.956  3291  3291 D CentralSurfaces: hideKeyguardImpl false
08-28 18:26:51.956  3291  3291 D SbStateController: setState: requested state SHADE!= upcomingState: KEYGUARD. This usually means the status bar state transition was interrupted before the upcoming state could be applied.
08-28 18:26:51.956  3549  3549 D NfcService: applyRouting
08-28 18:26:51.957  3549  3549 D libnfc_nci: nfcManager_doSetScreenState: state = 8 prevScreenState= 4, discovry_param = 1
08-28 18:26:51.957  2387  3238 D BackgroundInstallControlService: Package event received: 0
08-28 18:26:51.957  3291  3291 D WindowRootViewBlurInteractor: requestingBlurForShade for 0 false
08-28 18:26:51.958  1502  1502 E sensors.elliptic@2.0: Elliptic: activate() 0, 0
08-28 18:26:51.959  1502  1559 I Elliptic: Sensor.cpp(94) : I : ProximitySensor engine stop timestamp
08-28 18:26:51.959  1502  1559 I Elliptic: Sensor.cpp(96) : I : DEACTIVATE sensor with Handle = 0
08-28 18:26:51.959  3291  3291 D KeyguardService: Finish IRemoteAnimationRunner.
08-28 18:26:51.960  1502  1560 D elliptic_notify_audio_hal_hidl: setting value: ultrasound-proximity=0
08-28 18:26:51.960  1491  5555 D audio_hw_primary: start_output_stream: enter: stream(0xe8ac0010)usecase(12: audio-ull-playback) devices(0x2) is_haptic_usecase(0)
08-28 18:26:51.960  1491  5555 D audio_hw_primary: select_devices for use case (audio-ull-playback in:0 out:0 device:0x2)
08-28 18:26:51.960  1491  5555 D msm8974_platform: platform_get_output_snd_device: enter: output devices(0x2)
08-28 18:26:51.961  1491  5555 D ultrasound_extn: ultrasound_select_devices_pre ultrasound_enabled:1 usecase(audio-ull-playback), devices:2 in_snd_device(0, ), out_snd_device(2, speaker)
08-28 18:26:51.961  1491  5555 D ultrasound_extn: ultrasound_select_devices_pre usecase(audio-ull-playback), chg-to: in_snd_device(0, ), out_snd_device(0, )
08-28 18:26:51.961  1491  5555 D ultrasound_extn: dump_usecase_list: start ======================================
08-28 18:26:51.961  1491  5555 D ultrasound_extn: dump_usecase_list: enter sensor_activated:1 hw_port_enabled:1 suspended:0
08-28 18:26:51.961  1491  5555 D ultrasound_extn: dump_usecase_list: select_devices_pre usecase[#0]:(72, ultrasound-proximity-input) in_dev:(300, ultrasound-input) out_dv:(0, )
08-28 18:26:51.961  1491  5555 D ultrasound_extn: dump_usecase_list: select_devices_pre usecase[#1]:(71, ultrasound-proximity-output) in_dev:(0, ) out_dv:(132, ultrasound-output)
08-28 18:26:51.961  1491  5555 D ultrasound_extn: dump_usecase_list: select_devices_pre usecase[#2]:(12, audio-ull-playback) in_dev:(0, ) out_dv:(0, )
08-28 18:26:51.961  1491  5555 D ultrasound_extn: dump_usecase_list: end ======================================
08-28 18:26:51.961  1491  5555 I msm8974_platform: platform_check_and_set_codec_backend_cfg:becf: afe: bitwidth 16, samplerate 48000 channels 2, backend_idx 4 usecase = 12 device (speaker)
08-28 18:26:51.961  1491  5555 I msm8974_platform: platform_check_and_set_codec_backend_cfg: new_snd_devices[0] is 2
08-28 18:26:51.961  1491  5555 I msm8974_platform: platform_check_codec_backend_cfg:becf: afe: bitwidth 16, samplerate 48000 channels 2, backend_idx 4 usecase = 12 device (speaker)
08-28 18:26:51.962  2387  4189 D FingerprintProvider/default: Starting watchdog for fingerprint
08-28 18:26:51.962  2387  4189 E BiometricScheduler: Current operation is null,no need to start watchdog
08-28 18:26:51.962  2228  2792 D [GF_HAL][HalContext]: [invokeCommand] err = 0, errno = GF_SUCCESS
08-28 18:26:51.962  2228  2792 D [GF_HAL][Sensor]: [doSleep] ### sleep ###
08-28 18:26:51.962  3291  3340 V WindowManagerShell: Transition animation finished (aborted=false), notifying core (#174) android.os.BinderProxy@bee1cc@0
08-28 18:26:51.962  2228  2792 D [GF_HAL][CaEntry]: [sendCommand] request token: 267, target: 1001, cmd id: 23
08-28 18:26:51.962  2228  2792 D [GF_HAL][CaEntry]: [sendCommand] carveout_ion_handle_fd = 0,carveout_ion_handle_len = 0 
08-28 18:26:51.963  1491  5555 D msm8974_platform: platform_check_codec_backend_cfg:becf: updated afe: bitwidth 16, samplerate 48000 channels 2,backend_idx 4 usecase = 12 device (speaker)
08-28 18:26:51.963  2387  2934 V WindowManager: Finish Transition (#174): created at 08-28 18:26:51.499 collect-started=0.05ms request-sent=0.088ms started=2.76ms ready=2.753ms sent=12.676ms commit=5.845ms finished=464.116ms
08-28 18:26:51.964  1491  5555 D msm8974_platform: platform_check_codec_backend_cfg:becf: afe: set BE sample 96000, bit_width 24, channels 2 for TDM_RX_0
08-28 18:26:51.964  1491  5555 I msm8974_platform: platform_check_codec_backend_cfg:becf: afe: Codec selected backend: 4 updated bit width: 24 and sample rate: 96000
08-28 18:26:51.964  1491  5555 D audio_hw_primary: check_usecases_codec_backend:becf: force routing 0
08-28 18:26:51.964  2387  4189 W AS.PlaybackActivityMon: No piid assigned for invalid/internal port id 29
08-28 18:26:51.964  1491  5555 E msm8974_platform: platform_check_backends_match: Invalid snd_device2 = 
08-28 18:26:51.964  1491  5555 D audio_hw_primary: check_usecases_codec_backend:becf: (107) check_usecases curr device: speaker, usecase device: backends match 0
08-28 18:26:51.964  1491  5555 D audio_hw_primary: @@: usecase[0xecd41990]=ultrasound-proximity-input, uc_info[0xecd42590]=audio-ull-playback
08-28 18:26:51.964  1491  5555 D audio_hw_primary: check_usecases_codec_backend:becf: (107) check_usecases curr device: speaker, usecase device:ultrasound-output backends match 0
08-28 18:26:51.964  1491  5555 D audio_hw_primary: @@: usecase[0xecd42b30]=ultrasound-proximity-output, uc_info[0xecd42590]=audio-ull-playback
08-28 18:26:51.964  1491  5555 D audio_hw_primary: @@: uc_derive_snd_device=132, snd_device=2
08-28 18:26:51.964  1491  5555 E msm8974_platform: platform_check_backends_match: Invalid snd_device2 = 
08-28 18:26:51.964  1491  5555 D audio_hw_primary: check_usecases_codec_backend:becf: (107) check_usecases curr device: speaker, usecase device: backends match 0
08-28 18:26:51.964  1491  5555 D audio_hw_primary: @@: usecase[0xecd42590]=audio-ull-playback, uc_info[0xecd42590]=audio-ull-playback
08-28 18:26:51.964  1491  5555 D audio_hw_primary: check_usecases_codec_backend:becf: check_usecases num.of Usecases to switch 0
08-28 18:26:51.964  1491  5555 D hardware_info: hw_info_append_hw_type : device_name = speaker
08-28 18:26:51.964  1491  5555 D audio_hw_primary: enable_snd_device: snd_device(2: speaker)[SND_DEVICE_OUT_SPEAKER]
08-28 18:26:51.964  1491  5555 D msm8974_platform: platform_get_island_cfg_on_device:island cfg status on snd_device = (speaker 0)
08-28 18:26:51.964  1491  5555 I soundtrigger: audio_extn_sound_trigger_update_device_status: device 0x2 of type 0 for Event 1, with Raise=0
08-28 18:26:51.964  1491  5555 D audio_route: Apply path: speaker
08-28 18:26:51.964  3291  3876 D KeyguardService: setOccluded(false)
08-28 18:26:51.964  3291  3876 D KeyguardViewMediator: setOccluded(false)
08-28 18:26:51.964  3291  3340 V WindowManagerShell: Track 0 became idle
08-28 18:26:51.964  3291  3340 V WindowManagerShell: All active transition animations finished
08-28 18:26:51.964  3502  3502 D CannedAnimCoordinator: Wrong controller access from H2.w@44e7f48, actual provider null
08-28 18:26:51.964  3502  3502 D CannedAnimCoordinator: Wrong controller access from H2.w@44e7f48, actual provider null
08-28 18:26:51.965  3549 18058 D NfcService: applyRouting
08-28 18:26:51.966  3549  3549 D NfcService: applyScreenState: screenState = ON_UNLOCKED
08-28 18:26:51.966  3291  3291 W NotifRow: cancelAppearDrawing childKey: -1|android|27|null|1000 wasDrawing:false
08-28 18:26:51.967  3291  3291 W NotifRow: cancelAppearDrawing childKey: -1|android|26|null|1000 wasDrawing:false
08-28 18:26:51.973  1491 25131 D audio_hw_primary: adev_open: enter
08-28 18:26:51.973  1491 25131 D audio_hw_primary: adev_open: returning existing instance of adev
08-28 18:26:51.973  1491 25131 D audio_hw_primary: adev_open: exit
08-28 18:26:51.973  1491 25131 D audio_hw_primary: adev_set_parameters: enter: ultrasound-proximity=0
08-28 18:26:51.976  2228  2792 D [GF_HAL][HalContext]: [invokeCommand] err = 0, errno = GF_SUCCESS
08-28 18:26:51.976  2228  2792 D [GF_HAL][CustomizedSensor]: msg : 14
08-28 18:26:51.976  2228  2792 D [GF_HAL][DelmarHeartbeatRate]: [onMessage] onMessage msg:14
08-28 18:26:51.976  2228  2792 D [GF_HAL][CaEntry]: [sendCommand] request token: 268, target: 1001, cmd id: 26
08-28 18:26:51.976  2228  2792 D [GF_HAL][CaEntry]: [sendCommand] carveout_ion_handle_fd = 0,carveout_ion_handle_len = 0 
08-28 18:26:51.982  3291  3291 D KeyguardViewMediator: handleSetOccluded(false)
08-28 18:26:51.982  3291  3291 D KeyguardViewMediator: KeyguardViewMediator queue processing message: SET_OCCLUDED
08-28 18:26:51.985  2387  4189 D SystemServerTiming: getUserSwitchability-0
08-28 18:26:51.985  2387  4189 D SystemServerTiming: TM.isInCall
08-28 18:26:51.985  2228  2792 D [GF_HAL][HalContext]: [invokeCommand] err = 0, errno = GF_SUCCESS
08-28 18:26:51.985  2228  2792 D [GF_HAL][EventCenter]: [threadLoop] Wait get event
08-28 18:26:51.985  2228  2792 D [GF_HAL][EventCenter]: [threadLoop] Get event 4 end
08-28 18:26:51.985  2228  2792 D [GF_HAL][EventCenter]: [threadLoop] Wait get event
08-28 18:26:51.986  2387  4189 D SystemServerTiming: hasUserRestriction-DISALLOW_USER_SWITCH
08-28 18:26:51.986  2387  4189 D SystemServerTiming: getInt-ALLOW_USER_SWITCHING_WHEN_SYSTEM_USER_LOCKED
08-28 18:26:51.986  2387  4189 D SystemServerTiming: isUserUnlocked-USER_SYSTEM
08-28 18:26:51.992  2387  4189 W system_server: Large reply transaction of 315124 bytes, interface descriptor android.content.pm.IPackageManager, code 3
08-28 18:26:51.993  2387  3162 I ImeTracker: ru.andr7e.deviceinfohw:f738cfb1: onRequestHide at ORIGIN_SERVER reason HIDE_UNSPECIFIED_WINDOW fromUser false
08-28 18:26:51.994  5524  5524 D InsetsController: hide(ime(), fromIme=false)
08-28 18:26:51.994  5524  5524 I ImeTracker: ru.andr7e.deviceinfohw:f738cfb1: onCancelled at PHASE_CLIENT_ALREADY_HIDDEN
08-28 18:26:51.995 32298 32466 I .apps.wellbeing: AssetManager2(0xb40000721b834918) locale list changing from [] to [en-US]
08-28 18:26:51.997  1491  5555 D soundtrigger: audio_extn_sound_trigger_update_stream_status: uc_info->id 12 of type 0 for Event 3, with Raise=0
08-28 18:26:51.997  1491  5555 D audio_hw_utils: audio_extn_utils_send_app_type_cfg: usecase->out_snd_device speaker
08-28 18:26:51.997  1491  5555 I audio_hw_utils: ULL doesnt need sending app type cfg, returning
08-28 18:26:51.997  1491  5555 D DlbQdspGefDriver: eventCallback(): audio device 0x00000002 (sample rate 48000, channelMask 0x00000003, ACDB device id 15, app type 0x11137) becomes active!
08-28 18:26:51.997  1491  5555 D DlbQdspGefDriver: eventCallback(): Ignore values with unexpected app type 0x11137
08-28 18:26:51.997  1491  5555 D ACDB-LOADER: ACDB -> send_audio_cal, acdb_id = 15, path = 0, app id = 0x11137, sample rate = 48000, use_case = 0,buffer_idx_w_path =0, afe_sample_rate = 96000, cal_mode = 1, offset_index = 0
08-28 18:26:51.997  1491  5555 D ACDB-LOADER: ACDB -> send_asm_topology
08-28 18:26:51.997  1491  5555 D ACDB-LOADER: ACDB -> ACDB_CMD_GET_AUDPROC_STREAM_TOPOLOGY_ID
08-28 18:26:51.997  1491  5555 D ACDB-LOADER: ACDB -> send_adm_topology
08-28 18:26:51.997  1491  5555 D ACDB-LOADER: ACDB -> ACDB_CMD_GET_AUDPROC_COMMON_TOPOLOGY_ID
08-28 18:26:51.997  1491  5555 D ACDB-LOADER: ACDB -> send_audtable
08-28 18:26:51.997  1491  5555 D ACDB-LOADER: ACDB -> ACDB_CMD_GET_AUDPROC_INSTANCE_COMMON_TABLE_SIZE
08-28 18:26:51.997  1491  5555 D ACDB-LOADER: ACDB -> ACDB_CMD_GET_AUDPROC_INSTANCE_COMMON_TABLE
08-28 18:26:51.997  1491  5555 D ACDB-LOADER: ACDB -> AUDIO_SET_AUDPROC_CAL cal_type[11] acdb_id[15] app_type[69943]
08-28 18:26:51.997  1491  5555 D ACDB-LOADER: ACDB -> send_audvoltable
08-28 18:26:51.997  1491  5555 D ACDB-LOADER: ACDB -> ACDB_CMD_GET_AUDPROC_INSTANCE_GAIN_DEP_STEP_TABLE_SIZE
08-28 18:26:51.997  1491  5555 D android.hardware.audio.service: Failed to fetch the lookup information of the device 0000000F 
08-28 18:26:51.997  1491  5555 D ACDB-LOADER: Error: ACDB_CMD_GET_AUDPROC_INSTANCE_GAIN_DEP_STEP_TABLE_SIZE Returned = -19
08-28 18:26:51.997  1491  5555 D ACDB-LOADER: ACDB -> ACDB_CMD_GET_AUDPROC_INSTANCE_GAIN_DEP_STEP_TABLE, vol index 0
08-28 18:26:51.997  1491  5555 D android.hardware.audio.service: Failed to fetch the lookup information of the device 0000000F 
08-28 18:26:51.997  1491  5555 D ACDB-LOADER: Error: ACDB AudProc vol returned = -19
08-28 18:26:51.997  1491  5555 D ACDB-LOADER: ACDB -> AUDIO_SET_VOL_CAL cal type = 12
08-28 18:26:51.997  1491  5555 D ACDB-LOADER: ACDB -> ACDB_CMD_GET_AUDPROC_INSTANCE_STREAM_TABLE_SIZE
08-28 18:26:51.997  1491  5555 D ACDB-LOADER: ACDB -> send_audstrmtable
08-28 18:26:51.997  1491  5555 D ACDB-LOADER: ACDB -> ACDB_CMD_GET_AUDPROC_INSTANCE_STREAM_TABLE
08-28 18:26:51.997  1491  5555 D ACDB-LOADER: ACDB -> audstrm_cal->cal_type.cal_data.cal_size = 20
08-28 18:26:51.997  1491  5555 D ACDB-LOADER: ACDB -> send_afe_topology
08-28 18:26:51.997  1491  5555 D ACDB-LOADER: ACDB -> ACDB_CMD_GET_AFE_TOPOLOGY_ID
08-28 18:26:51.997  1491  5555 D ACDB-LOADER: ACDB -> GET_AFE_TOPOLOGY_ID for adcd_id 15, Topology Id 112fc
08-28 18:26:51.997  1491  5555 D ACDB-LOADER: ACDB -> send_afe_cal
08-28 18:26:51.997  1491  5555 D ACDB-LOADER: ACDB -> ACDB_CMD_GET_AFE_INSTANCE_COMMON_TABLE_SIZE
08-28 18:26:51.997  1491  5555 D android.hardware.audio.service: Failed to fetch the lookup information of the device 0000000F 
08-28 18:26:51.997  1491  5555 D ACDB-LOADER: Error: ACDB_CMD_GET_AFE_INSTANCE_COMMON_TABLE_SIZE Returned = -19
08-28 18:26:51.997  1491  5555 D ACDB-LOADER: ACDB -> ACDB_CMD_GET_AFE_INSTANCE_COMMON_TABLE
08-28 18:26:51.997  1491  5555 D android.hardware.audio.service: Failed to fetch the lookup information of the device 0000000F 
08-28 18:26:51.997  1491  5555 D ACDB-LOADER: Error: ACDB AFE returned = -19
08-28 18:26:51.997  1491  5555 D ACDB-LOADER: ACDB -> AUDIO_SET_AFE_CAL cal_type[16] acdb_id[15]
08-28 18:26:51.997  1491  5555 D ACDB-LOADER: ACDB -> send_hw_delay : acdb_id = 15 path = 0
08-28 18:26:51.997  1491  5555 D ACDB-LOADER: ACDB -> ACDB_AVSYNC_INFO: ACDB_CMD_GET_DEVICE_PROPERTY
08-28 18:26:51.997  1491  5555 D audio_hw_primary: enable_audio_route: apply mixer and update path: audio-ull-playback speaker
08-28 18:26:51.997  1491  5555 D audio_route: Apply path: audio-ull-playback speaker
08-28 18:26:51.998  1491  5555 D audio_hw_primary: [force reset] create audio-ull-playback speaker 1
08-28 18:26:51.998  1491  5555 D ultrasound_extn: ultrasound_select_devices_post: enter: engine_suspended: 0
08-28 18:26:51.998  1491  5555 D ultrasound_extn: dump_usecase_list: start ======================================
08-28 18:26:51.998  1491  5555 D ultrasound_extn: dump_usecase_list: enter sensor_activated:1 hw_port_enabled:1 suspended:0
08-28 18:26:51.998  1491  5555 D ultrasound_extn: dump_usecase_list: select_devices_post usecase[#0]:(72, ultrasound-proximity-input) in_dev:(300, ultrasound-input) out_dv:(0, )
08-28 18:26:51.998  1491  5555 D ultrasound_extn: dump_usecase_list: select_devices_post usecase[#1]:(71, ultrasound-proximity-output) in_dev:(0, ) out_dv:(132, ultrasound-output)
08-28 18:26:51.998  1491  5555 D ultrasound_extn: dump_usecase_list: select_devices_post usecase[#2]:(12, audio-ull-playback) in_dev:(0, ) out_dv:(2, speaker)
08-28 18:26:51.998  1491  5555 D ultrasound_extn: dump_usecase_list: TERT_TDM_RX_0 SampleRate		 KHZ_96
08-28 18:26:51.998  1491  5555 D ultrasound_extn: dump_usecase_list: TERT_TDM_RX_0 Format		 S24_LE
08-28 18:26:51.998  1491  5555 D ultrasound_extn: dump_usecase_list: TERT_TDM_RX_0 Channels		 Two
08-28 18:26:51.999  1491  5555 D ultrasound_extn: dump_usecase_list: TERT_TDM_RX_1 SampleRate		 KHZ_96
08-28 18:26:51.999  1491  5555 D ultrasound_extn: dump_usecase_list: TERT_TDM_RX_1 Format		 S24_LE
08-28 18:26:51.999  1491  5555 D ultrasound_extn: dump_usecase_list: TERT_TDM_RX_1 Channels		 One
08-28 18:26:51.999  1491  5555 D ultrasound_extn: dump_usecase_list: end ======================================
08-28 18:26:51.999  1491  5555 D audio_hw_primary: select_devices: done
08-28 18:26:51.999  1491  5555 D msm8974_platform: platform_set_channel_map mixer_ctl_name:Playback Channel Map13
08-28 18:26:51.999  1491  5555 D msm8974_platform: platform_set_channel_map: set mapping(1 2 0 0 0 0 0 0) for channel:2
08-28 18:26:51.999  1491  5555 E msm8974_platform: platform_set_channel_map: Could not set ctl, error:-22 ch_count:2
08-28 18:26:51.999  5563  5563 I GoogleInputMethodService: GoogleInputMethodService.onStartInput():1315 onStartInput(EditorInfo{EditorInfo{packageName=ru.andr7e.deviceinfohw, inputType=0, inputTypeString=NULL, enableLearning=false, autoCorrection=false, autoComplete=false, imeOptions=0, privateImeOptions=null, actionName=UNSPECIFIED, actionLabel=null, initialSelStart=-1, initialSelEnd=-1, initialCapsMode=0, label=null, fieldId=0, fieldName=null, extras=null, hintText=null, hintLocales=[]}}, false)
08-28 18:26:52.000  5563  5563 I Module  : DeviceLockedStatusModuleProvider$Module.updateDeviceLockedStatus():100 repeatCheckTimes = 1, locked = false
08-28 18:26:52.001 32298 32466 I .apps.wellbeing: AssetManager2(0xb40000721b833338) locale list changing from [] to [en-US]
08-28 18:26:51.995  2387  2387 W binder:2387_1: type=1400 audit(0.0:34373): avc:  denied  { read } for  name="661f16" dev="dm-41" ino=146483 scontext=u:r:system_server:s0 tcontext=u:object_r:system_data_root_file:s0 tclass=file permissive=0
08-28 18:26:52.001  2387  6628 I ImeTracker: system_server:53996df9: onRequestHide at ORIGIN_SERVER reason IME_REQUESTED_CHANGED_LISTENER fromUser false
08-28 18:26:52.002 32298 32466 I .apps.wellbeing: AssetManager2(0xb40000721b82f4b8) locale list changing from [] to [en-US]
08-28 18:26:52.003  2387  2937 I ImeTracker: system_server:53996df9: onCancelled at PHASE_SERVER_SHOULD_HIDE
08-28 18:26:52.004  3291  3291 W FrameTracker: Missed App frame:JANK_APPLICATION, 1391121, 107211091, CUJ=J<LOCKSCREEN_UNLOCK_ANIMATION::DismissPanel>
08-28 18:26:52.004  3291  3291 W FrameTracker: Missed SF frame:JANK_COMPOSER, 1391456, 17609552, CUJ=J<LOCKSCREEN_UNLOCK_ANIMATION::DismissPanel>
08-28 18:26:52.007 32298 32466 I .apps.wellbeing: AssetManager2(0xb40000721b82dbb8) locale list changing from [] to [en-US]
08-28 18:26:52.009 32298 32466 I .apps.wellbeing: AssetManager2(0xb40000721b8345f8) locale list changing from [] to [en-US]
08-28 18:26:52.010 32298 32466 I .apps.wellbeing: AssetManager2(0xb40000721b830138) locale list changing from [] to [en-US]
08-28 18:26:52.011  1491  5555 D audio_hw_primary: start_output_stream: exit
08-28 18:26:52.011  1491  5555 V msm8974_platform: platform_set_parameters: enter: cal_persist=0;cal_devid=2;cal_moduleid=0x1000a100;cal_caltype=0;cal_instanceid=0x0;cal_apptype=69940;cal_paramid=0x1000a114;cal_topoid=0x1000a100;cal_samplerate=48000;cal_data=CAAAAA==
08-28 18:26:52.011  1491  5555 D msm8974_platform: platform_get_output_snd_device: enter: output devices(0x2)
08-28 18:26:52.011  1491  5555 D msm8974_platform: Setting audio calibration for snd_device(2) acdb_id(15)
08-28 18:26:52.011  1491  5555 E ACDB-LOADER: [acdb_loader_adsp_set_audio_cal] active device/stream not found (result=-100) for topology 0x1000a100 and apptype 0x11134
08-28 18:26:52.011  1491  5555 E ACDB-LOADER: [acdb_loader_adsp_set_audio_cal] set parameters failed with status -100
08-28 18:26:52.011  1491  5555 D msm8974_platform: platform_set_parameters: exit with code(0)
08-28 18:26:52.011  1491  5555 D adsp_utils: set_channel_reverse mode: 0
08-28 18:26:52.011  1491  5555 V msm8974_platform: platform_set_parameters: enter: cal_persist=0;cal_devid=2;cal_moduleid=0x1000a100;cal_caltype=0;cal_instanceid=0x0;cal_apptype=69940;cal_paramid=0x1000a110;cal_topoid=0x1000a106;cal_samplerate=48000;cal_data=AAAAAA==
08-28 18:26:52.011  1491  5555 D msm8974_platform: platform_get_output_snd_device: enter: output devices(0x2)
08-28 18:26:52.011  1491  5555 D msm8974_platform: Setting audio calibration for snd_device(2) acdb_id(15)
08-28 18:26:52.011  1491  5555 E ACDB-LOADER: [acdb_loader_adsp_set_audio_cal] active device/stream not found (result=-100) for topology 0x1000a106 and apptype 0x11134
08-28 18:26:52.011  1491  5555 E ACDB-LOADER: [acdb_loader_adsp_set_audio_cal] set parameters failed with status -100
08-28 18:26:52.011  1491  5555 D msm8974_platform: platform_set_parameters: exit with code(0)
08-28 18:26:52.011  1491  5555 V msm8974_platform: platform_set_parameters: enter: cal_persist=0;cal_devid=2;cal_moduleid=0x1000a100;cal_caltype=0;cal_instanceid=0x0;cal_apptype=69940;cal_paramid=0x1000a110;cal_topoid=0x1000a100;cal_samplerate=48000;cal_data=AAAAAA==
08-28 18:26:52.011  1491  5555 D msm8974_platform: platform_get_output_snd_device: enter: output devices(0x2)
08-28 18:26:52.011  1491  5555 D msm8974_platform: Setting audio calibration for snd_device(2) acdb_id(15)
08-28 18:26:52.011  1491  5555 E ACDB-LOADER: [acdb_loader_adsp_set_audio_cal] active device/stream not found (result=-100) for topology 0x1000a100 and apptype 0x11134
08-28 18:26:52.011  1491  5555 E ACDB-LOADER: [acdb_loader_adsp_set_audio_cal] set parameters failed with status -100
08-28 18:26:52.011  1491  5555 D msm8974_platform: platform_set_parameters: exit with code(0)
08-28 18:26:52.011  1491  5555 V msm8974_platform: platform_set_parameters: enter: cal_persist=0;cal_devid=2;cal_moduleid=0x1000a100;cal_caltype=0;cal_instanceid=0x0;cal_apptype=69937;cal_paramid=0x1000a110;cal_topoid=0x1000a106;cal_samplerate=48000;cal_data=AAAAAA==
08-28 18:26:52.011  1491  5555 D msm8974_platform: platform_get_output_snd_device: enter: output devices(0x2)
08-28 18:26:52.011  1491  5555 D msm8974_platform: Setting audio calibration for snd_device(2) acdb_id(15)
08-28 18:26:52.011  1491  5555 E ACDB-LOADER: [acdb_loader_adsp_set_audio_cal] active device/stream not found (result=-100) for topology 0x1000a106 and apptype 0x11131
08-28 18:26:52.011  1491  5555 E ACDB-LOADER: [acdb_loader_adsp_set_audio_cal] set parameters failed with status -100
08-28 18:26:52.011  1491  5555 D msm8974_platform: platform_set_parameters: exit with code(0)
08-28 18:26:52.011  1491  5555 V msm8974_platform: platform_set_parameters: enter: cal_persist=0;cal_devid=2;cal_moduleid=0x1000a100;cal_caltype=0;cal_instanceid=0x0;cal_apptype=69937;cal_paramid=0x1000a110;cal_topoid=0x1000a100;cal_samplerate=48000;cal_data=AAAAAA==
08-28 18:26:52.011  1491  5555 D msm8974_platform: platform_get_output_snd_device: enter: output devices(0x2)
08-28 18:26:52.011  1491  5555 D msm8974_platform: Setting audio calibration for snd_device(2) acdb_id(15)
08-28 18:26:52.012  1491  5555 E ACDB-LOADER: [acdb_loader_adsp_set_audio_cal] active device/stream not found (result=-100) for topology 0x1000a100 and apptype 0x11131
08-28 18:26:52.012  1491  5555 E ACDB-LOADER: [acdb_loader_adsp_set_audio_cal] set parameters failed with status -100
08-28 18:26:52.012  1491  5555 D msm8974_platform: platform_set_parameters: exit with code(0)
08-28 18:26:52.012  1491  5555 V msm8974_platform: platform_set_parameters: enter: cal_persist=0;cal_devid=2;cal_moduleid=0x1000a100;cal_caltype=0;cal_instanceid=0x0;cal_apptype=69936;cal_paramid=0x1000a110;cal_topoid=0x1000a106;cal_samplerate=48000;cal_data=AAAAAA==
08-28 18:26:52.012  1491  5555 D msm8974_platform: platform_get_output_snd_device: enter: output devices(0x2)
08-28 18:26:52.012  1491  5555 D msm8974_platform: Setting audio calibration for snd_device(2) acdb_id(15)
08-28 18:26:52.012  1491  5555 E ACDB-LOADER: [acdb_loader_adsp_set_audio_cal] active device/stream not found (result=-100) for topology 0x1000a106 and apptype 0x11130
08-28 18:26:52.012  1491  5555 E ACDB-LOADER: [acdb_loader_adsp_set_audio_cal] set parameters failed with status -100
08-28 18:26:52.012  1491  5555 D msm8974_platform: platform_set_parameters: exit with code(0)
08-28 18:26:52.012  1491  5555 V msm8974_platform: platform_set_parameters: enter: cal_persist=0;cal_devid=2;cal_moduleid=0x1000a100;cal_caltype=0;cal_instanceid=0x0;cal_apptype=69936;cal_paramid=0x1000a110;cal_topoid=0x1000a100;cal_samplerate=48000;cal_data=AAAAAA==
08-28 18:26:52.012  1491  5555 D msm8974_platform: platform_get_output_snd_device: enter: output devices(0x2)
08-28 18:26:52.012  1491  5555 D msm8974_platform: Setting audio calibration for snd_device(2) acdb_id(15)
08-28 18:26:52.012  1491  5555 E ACDB-LOADER: [acdb_loader_adsp_set_audio_cal] active device/stream not found (result=-100) for topology 0x1000a100 and apptype 0x11130
08-28 18:26:52.012  1491  5555 E ACDB-LOADER: [acdb_loader_adsp_set_audio_cal] set parameters failed with status -100
08-28 18:26:52.012  1491  5555 D msm8974_platform: platform_set_parameters: exit with code(0)
08-28 18:26:52.012  1491  5555 D audio_hw_primary: check_and_set_karaok_parameters: is karaok rx device 0, is karaok tx device 0
08-28 18:26:52.012  1491  5555 V send_data_to_xlog: getCurrentDate
08-28 18:26:52.012  1491  5555 V send_data_to_xlog: current time is : 2025 year, 8 month, 28 daty
08-28 18:26:52.012  1491  5555 V send_data_to_xlog: do not need to seed data to xlog
08-28 18:26:52.012  1491  5555 V send_data_to_xlog: send_EarsCompensation_dailyuse_to_xlog
08-28 18:26:52.012  1491  5555 I send_data_to_xlog: get_headset_type the type is speaker
08-28 18:26:52.012  1491  5555 D send_data_to_xlog: send_misound_dailyuse_to_xlog, the headset type is speaker
08-28 18:26:52.012  1491  5555 D send_data_to_xlog:  send_misound_dailyuse_to_xlog: misound without usb
08-28 18:26:52.012  1491  5555 W qc_adm  : margin check: adm_request_focus_v2_1(p) failed diff -48
08-28 18:26:52.012  1491  5555 W qc_adm  : margin check: adm_abandon_focus(p) failed diff -48
08-28 18:26:52.012  1491 25131 V msm8974_platform: platform_set_parameters: enter: ultrasound-proximity=0
08-28 18:26:52.012  1491 25131 D msm8974_platform: platform_set_parameters: exit with code(0)
08-28 18:26:52.012  1491 25131 D audio_hw_cspl_cal: cirrus_cal_setparameters: enter 0xeb500010
08-28 18:26:52.012  1491 25131 D ultrasound_extn: ultrasound_extn_set_parameters: enable: 0 index: 0 parms: ultrasound-proximity=0
08-28 18:26:52.012  1491 25131 D ultrasound_extn: ultrasound_apply_ramp_down_path: ultrasound ::ramp_down_path
08-28 18:26:52.012  1491 25131 D audio_route: Apply path: ultrasound-rampdown
08-28 18:26:52.015 32298 32466 I .apps.wellbeing: AssetManager2(0xb40000721b833018) locale list changing from [] to [en-US]
08-28 18:26:52.015  5563  6507 E aksz    : Got more than one input Future failure. Logging failures after the first
08-28 18:26:52.015  5563  6507 E aksz    : andd: AICore is either not installed or the installed version is too low.
08-28 18:26:52.015  5563  6507 E aksz    : 	at anyi.n(PG:32)
08-28 18:26:52.015  5563  6507 E aksz    : 	at anyi.j(PG:1)
08-28 18:26:52.015  5563  6507 E aksz    : 	at lzq.a(PG:3)
08-28 18:26:52.015  5563  6507 E aksz    : 	at lwp.a(PG:1)
08-28 18:26:52.015  5563  6507 E aksz    : 	at maa.e(PG:11)
08-28 18:26:52.015  5563  6507 E aksz    : 	at lyq.e(PG:78)
08-28 18:26:52.015  5563  6507 E aksz    : 	at lyq.d(PG:36)
08-28 18:26:52.015  5563  6507 E aksz    : 	at lym.c(PG:4)
08-28 18:26:52.015  5563  6507 E aksz    : 	at wxl.cy(PG:47)
08-28 18:26:52.015  5563  6507 E aksz    : 	at yow.run(PG:72)
08-28 18:26:52.015  5563  6507 E aksz    : 	at android.os.Handler.handleCallback(Handler.java:995)
08-28 18:26:52.015  5563  6507 E aksz    : 	at android.os.Handler.dispatchMessage(Handler.java:103)
08-28 18:26:52.015  5563  6507 E aksz    : 	at android.os.Looper.loopOnce(Looper.java:248)
08-28 18:26:52.015  5563  6507 E aksz    : 	at android.os.Looper.loop(Looper.java:338)
08-28 18:26:52.015  5563  6507 E aksz    : 	at android.app.ActivityThread.main(ActivityThread.java:9063)
08-28 18:26:52.015  5563  6507 E aksz    : 	at java.lang.reflect.Method.invoke(Native Method)
08-28 18:26:52.015  5563  6507 E aksz    : 	at com.android.internal.os.RuntimeInit$MethodAndArgsCaller.run(RuntimeInit.java:596)
08-28 18:26:52.015  5563  6507 E aksz    : 	at com.android.internal.os.ZygoteInit.main(ZygoteInit.java:932)
08-28 18:26:52.017 32298 32466 I .apps.wellbeing: AssetManager2(0xb40000721b833658) locale list changing from [] to [en-US]
08-28 18:26:52.023 32298 32466 I .apps.wellbeing: AssetManager2(0xb40000721b82d578) locale list changing from [] to [en-US]
08-28 18:26:52.025 32298 32466 I .apps.wellbeing: AssetManager2(0xb40000721b831a38) locale list changing from [] to [en-US]
08-28 18:26:52.025  3291  3291 D DeviceEntryIconViewBinder: Updating device entry icon image state ForegroundIconViewModel(type=UNLOCK, useAodVariant=false, tint=-1907998, padding=71)
08-28 18:26:52.027 32298 32466 I .apps.wellbeing: AssetManager2(0xb40000721b82ded8) locale list changing from [] to [en-US]
08-28 18:26:52.029 32298 32466 I .apps.wellbeing: AssetManager2(0xb40000721b831718) locale list changing from [] to [en-US]
