08-28 18:21:21.478   682 31768 W libc    : Unable to set property "ctl.interface_start" to "aidl/stats": PROP_ERROR_HANDLE_CONTROL_MESSAGE (0x20)
08-28 18:21:21.478   682 31769 W libc    : Unable to set property "ctl.interface_start" to "aidl/stats": PROP_ERROR_HANDLE_CONTROL_MESSAGE (0x20)
08-28 18:21:21.703  1315 28448 W resolv  : SSL_connect ssl error =5, mark 0xf0064: Connection timed out
08-28 18:21:21.703  1315 28448 W resolv  : TLS Handshake failed
08-28 18:21:21.704  1315 29295 W resolv  : SSL_connect ssl error =5, mark 0xf0064: Connection timed out
08-28 18:21:21.705  1315 29295 W resolv  : TLS Handshake failed
08-28 18:21:21.743  2387  6526 D ConnectivityService: Data stall detected with methods: 1
08-28 18:21:21.744  3547  7949 D NetworkMonitor/100: isDataStall: result=1, tcp packets received=0, latest tcp fail rate=-1, consecutive dns timeout count=5
08-28 18:21:21.744  3547  7949 D NetworkMonitor/100: Suspecting data stall, reevaluate
08-28 18:21:21.836 30088 30260 E msys    : E[N mns]_OnDiskCacheGetData(561)=>Start post callback cache refresh DNS resolution
08-28 18:21:21.836 30088 30260 E msys    : E[N mns]_OnDiskCacheGetData(561)=>Start post callback cache refresh DNS resolution
08-28 18:21:21.839 30088 30260 W LibevQuicAsyncUDPSocket.h: setTosOrTrafficClass not implemented in LibevQuicAsyncUDPSocket
08-28 18:21:21.843  2117 14751 W ServiceManagerCppClient: Waited one second for stats (is service started? Number of threads started in the threadpool: 17. Are binder threads started and available?)
08-28 18:21:21.846   682 31777 W libc    : Unable to set property "ctl.interface_start" to "aidl/stats": PROP_ERROR_HANDLE_CONTROL_MESSAGE (0x20)
08-28 18:21:21.849 30088 30260 E msys    : E[N mns]_LogError(205)=>Failed to resolve using system DNS resolver, getaddrinfo(): No address associated with hostname
08-28 18:21:21.849 30088 30260 E MvfstCallbacks.cpp: onConnectionSetupError: error=TransportError: Internal Error, Error on socket write Operation not permitted, 
08-28 18:21:21.850 30088 30260 E msys    : E[N mns]_LogError(205)=>Failed to resolve using system DNS resolver, getaddrinfo(): No address associated with hostname
08-28 18:21:22.288  3583  4344 D SatelliteController: iisInCarrierRoamingNbIotNtn: satellite is disabled
08-28 18:21:22.477  1599  1692 W ServiceManagerCppClient: Waited one second for stats (is service started? Number of threads started in the threadpool: 6. Are binder threads started and available?)
08-28 18:21:22.477  2387  3412 W ServiceManagerCppClient: Waited one second for stats (is service started? Number of threads started in the threadpool: 32. Are binder threads started and available?)
08-28 18:21:22.481   682 31778 W libc    : Unable to set property "ctl.interface_start" to "aidl/stats": PROP_ERROR_HANDLE_CONTROL_MESSAGE (0x20)
08-28 18:21:22.482   682 31779 W libc    : Unable to set property "ctl.interface_start" to "aidl/stats": PROP_ERROR_HANDLE_CONTROL_MESSAGE (0x20)
08-28 18:21:22.845  2117 14751 W ServiceManagerCppClient: Waited one second for stats (is service started? Number of threads started in the threadpool: 17. Are binder threads started and available?)
08-28 18:21:22.848   682 31780 W libc    : Unable to set property "ctl.interface_start" to "aidl/stats": PROP_ERROR_HANDLE_CONTROL_MESSAGE (0x20)
08-28 18:21:22.858  2387  2963 I DisplayPowerController[0]: BrightnessEvent: brt=0.009072112 (16.0%), nits= 11.0539665, lux=0.0, reason=automatic, strat=AutomaticBrightnessStrategy, state=ON, stateReason=DEFAULT_POLICY, policy=BRIGHT, flags=, initBrt=0.027856966, rcmdBrt=0.009072112, preBrt=0.027856966, preLux=8.0, wasShortTermModelActive=false, autoBrightness=true (default), unclampedBrt=0.009072112, hbmMax=1.0, hbmMode=off, thrmMax=1.0, rbcStrength=81, powerFactor=1.0, physDisp=Built-in Screen(local:4630946736638489730), logicalId=0, slowChange=true, rampSpeed=0.04
08-28 18:21:22.864  2387  2937 I BrightnessSynchronizer: [130] New Update 0.009072112(f) set brightness values:  3(i)
08-28 18:21:22.865  2387  2937 I BrightnessSynchronizer: Swallowing update of 3(i) by update: {[130] 0.009072112(f), mUpdatedTypes=1, mConfirmedTypes=1, mTimeUpdated=1307241}
08-28 18:21:22.865  2387  2937 I BrightnessSynchronizer: Completed Update: {[130] 0.009072112(f), mUpdatedTypes=1, mConfirmedTypes=1, mTimeUpdated=1307241}
08-28 18:21:22.874  2205  3277 D libsensor-B2SNotifier: Backlight2SlpiNotifier brightness = 57
08-28 18:21:22.888  2205  3277 D libsensor-B2SNotifier: Backlight2SlpiNotifier brightness = 57
08-28 18:21:22.906  2205  3277 D libsensor-B2SNotifier: Backlight2SlpiNotifier brightness = 57
08-28 18:21:22.922  2205  3277 D libsensor-B2SNotifier: Backlight2SlpiNotifier brightness = 57
08-28 18:21:22.939  2205  3277 D libsensor-B2SNotifier: Backlight2SlpiNotifier brightness = 56
08-28 18:21:22.956  2205  3277 D libsensor-B2SNotifier: Backlight2SlpiNotifier brightness = 56
08-28 18:21:22.974  2205  3277 D libsensor-B2SNotifier: Backlight2SlpiNotifier brightness = 56
08-28 18:21:22.991  2205  3277 D libsensor-B2SNotifier: Backlight2SlpiNotifier brightness = 55
08-28 18:21:23.011  2205  3277 D libsensor-B2SNotifier: Backlight2SlpiNotifier brightness = 55
08-28 18:21:23.023  2205  3277 D libsensor-B2SNotifier: Backlight2SlpiNotifier brightness = 55
08-28 18:21:23.035  2205  3277 D libsensor-B2SNotifier: Backlight2SlpiNotifier brightness = 55
08-28 18:21:23.052  2205  3277 D libsensor-B2SNotifier: Backlight2SlpiNotifier brightness = 54
08-28 18:21:23.072  2205  3277 D libsensor-B2SNotifier: Backlight2SlpiNotifier brightness = 54
08-28 18:21:23.088  2205  3277 D libsensor-B2SNotifier: Backlight2SlpiNotifier brightness = 54
08-28 18:21:23.105  2205  3277 D libsensor-B2SNotifier: Backlight2SlpiNotifier brightness = 54
08-28 18:21:23.127  2205  3277 D libsensor-B2SNotifier: Backlight2SlpiNotifier brightness = 53
08-28 18:21:23.140  2205  3277 D libsensor-B2SNotifier: Backlight2SlpiNotifier brightness = 53
08-28 18:21:23.161  2205  3277 D libsensor-B2SNotifier: Backlight2SlpiNotifier brightness = 53
08-28 18:21:23.175  2205  3277 D libsensor-B2SNotifier: Backlight2SlpiNotifier brightness = 53
08-28 18:21:23.187  2205  3277 D libsensor-B2SNotifier: Backlight2SlpiNotifier brightness = 52
08-28 18:21:23.211  2205  3277 D libsensor-B2SNotifier: Backlight2SlpiNotifier brightness = 52
08-28 18:21:23.231  2205  3277 D libsensor-B2SNotifier: Backlight2SlpiNotifier brightness = 52
08-28 18:21:23.243  2205  3277 D libsensor-B2SNotifier: Backlight2SlpiNotifier brightness = 52
08-28 18:21:23.254  2205  3277 D libsensor-B2SNotifier: Backlight2SlpiNotifier brightness = 51
08-28 18:21:23.270  2205  3277 D libsensor-B2SNotifier: Backlight2SlpiNotifier brightness = 51
08-28 18:21:23.287  2205  3277 D libsensor-B2SNotifier: Backlight2SlpiNotifier brightness = 51
08-28 18:21:23.304  2205  3277 D libsensor-B2SNotifier: Backlight2SlpiNotifier brightness = 51
08-28 18:21:23.320  2205  3277 D libsensor-B2SNotifier: Backlight2SlpiNotifier brightness = 50
08-28 18:21:23.337  2205  3277 D libsensor-B2SNotifier: Backlight2SlpiNotifier brightness = 50
08-28 18:21:23.354  2205  3277 D libsensor-B2SNotifier: Backlight2SlpiNotifier brightness = 50
08-28 18:21:23.372  2205  3277 D libsensor-B2SNotifier: Backlight2SlpiNotifier brightness = 50
08-28 18:21:23.389  2205  3277 D libsensor-B2SNotifier: Backlight2SlpiNotifier brightness = 49
08-28 18:21:23.410  2205  3277 D libsensor-B2SNotifier: Backlight2SlpiNotifier brightness = 49
08-28 18:21:23.418  2205  3277 D libsensor-B2SNotifier: Backlight2SlpiNotifier brightness = 49
08-28 18:21:23.434  2205  3277 D libsensor-B2SNotifier: Backlight2SlpiNotifier brightness = 49
08-28 18:21:23.453  2205  3277 D libsensor-B2SNotifier: Backlight2SlpiNotifier brightness = 49
08-28 18:21:23.470  2205  3277 D libsensor-B2SNotifier: Backlight2SlpiNotifier brightness = 48
08-28 18:21:23.480  1599  1692 W ServiceManagerCppClient: Waited one second for stats (is service started? Number of threads started in the threadpool: 6. Are binder threads started and available?)
08-28 18:21:23.480  2387  3412 W ServiceManagerCppClient: Waited one second for stats (is service started? Number of threads started in the threadpool: 32. Are binder threads started and available?)
08-28 18:21:23.482   682 31819 W libc    : Unable to set property "ctl.interface_start" to "aidl/stats": PROP_ERROR_HANDLE_CONTROL_MESSAGE (0x20)
08-28 18:21:23.482   682 31818 W libc    : Unable to set property "ctl.interface_start" to "aidl/stats": PROP_ERROR_HANDLE_CONTROL_MESSAGE (0x20)
08-28 18:21:23.487  2205  3277 D libsensor-B2SNotifier: Backlight2SlpiNotifier brightness = 48
08-28 18:21:23.503  2205  3277 D libsensor-B2SNotifier: Backlight2SlpiNotifier brightness = 48
08-28 18:21:23.520  2205  3277 D libsensor-B2SNotifier: Backlight2SlpiNotifier brightness = 48
08-28 18:21:23.536  2205  3277 D libsensor-B2SNotifier: Backlight2SlpiNotifier brightness = 47
08-28 18:21:23.553  2205  3277 D libsensor-B2SNotifier: Backlight2SlpiNotifier brightness = 47
08-28 18:21:23.569  2205  3277 D libsensor-B2SNotifier: Backlight2SlpiNotifier brightness = 47
08-28 18:21:23.586  2205  3277 D libsensor-B2SNotifier: Backlight2SlpiNotifier brightness = 47
08-28 18:21:23.603  2205  3277 D libsensor-B2SNotifier: Backlight2SlpiNotifier brightness = 46
08-28 18:21:23.620  2205  3277 D libsensor-B2SNotifier: Backlight2SlpiNotifier brightness = 46
08-28 18:21:23.636  2205  3277 D libsensor-B2SNotifier: Backlight2SlpiNotifier brightness = 46
08-28 18:21:23.653  2205  3277 D libsensor-B2SNotifier: Backlight2SlpiNotifier brightness = 46
08-28 18:21:23.669  2205  3277 D libsensor-B2SNotifier: Backlight2SlpiNotifier brightness = 45
08-28 18:21:23.685  2205  3277 D libsensor-B2SNotifier: Backlight2SlpiNotifier brightness = 45
08-28 18:21:23.703  2205  3277 D libsensor-B2SNotifier: Backlight2SlpiNotifier brightness = 45
08-28 18:21:23.719  2205  3277 D libsensor-B2SNotifier: Backlight2SlpiNotifier brightness = 45
08-28 18:21:23.735  2205  3277 D libsensor-B2SNotifier: Backlight2SlpiNotifier brightness = 45
08-28 18:21:23.752  2205  3277 D libsensor-B2SNotifier: Backlight2SlpiNotifier brightness = 44
08-28 18:21:23.770  2205  3277 D libsensor-B2SNotifier: Backlight2SlpiNotifier brightness = 44
08-28 18:21:23.785  2205  3277 D libsensor-B2SNotifier: Backlight2SlpiNotifier brightness = 44
08-28 18:21:23.802  2205  3277 D libsensor-B2SNotifier: Backlight2SlpiNotifier brightness = 44
08-28 18:21:23.819  2205  3277 D libsensor-B2SNotifier: Backlight2SlpiNotifier brightness = 43
08-28 18:21:23.835  2205  3277 D libsensor-B2SNotifier: Backlight2SlpiNotifier brightness = 43
08-28 18:21:23.847  2117 14751 W ServiceManagerCppClient: Waited one second for stats (is service started? Number of threads started in the threadpool: 17. Are binder threads started and available?)
08-28 18:21:23.850   682 31842 W libc    : Unable to set property "ctl.interface_start" to "aidl/stats": PROP_ERROR_HANDLE_CONTROL_MESSAGE (0x20)
08-28 18:21:23.852  2205  3277 D libsensor-B2SNotifier: Backlight2SlpiNotifier brightness = 43
08-28 18:21:23.868  2205  3277 D libsensor-B2SNotifier: Backlight2SlpiNotifier brightness = 43
08-28 18:21:23.885  2205  3277 D libsensor-B2SNotifier: Backlight2SlpiNotifier brightness = 42
08-28 18:21:23.901  2205  3277 D libsensor-B2SNotifier: Backlight2SlpiNotifier brightness = 42
08-28 18:21:23.918  2205  3277 D libsensor-B2SNotifier: Backlight2SlpiNotifier brightness = 42
08-28 18:21:23.935  2205  3277 D libsensor-B2SNotifier: Backlight2SlpiNotifier brightness = 42
08-28 18:21:23.952  2205  3277 D libsensor-B2SNotifier: Backlight2SlpiNotifier brightness = 42
08-28 18:21:23.970  2205  3277 D libsensor-B2SNotifier: Backlight2SlpiNotifier brightness = 41
08-28 18:21:23.988  2205  3277 D libsensor-B2SNotifier: Backlight2SlpiNotifier brightness = 41
08-28 18:21:24.008  2205  3277 D libsensor-B2SNotifier: Backlight2SlpiNotifier brightness = 41
08-28 18:21:24.015  2205  3277 D libsensor-B2SNotifier: Backlight2SlpiNotifier brightness = 41
08-28 18:21:24.031  2205  3277 D libsensor-B2SNotifier: Backlight2SlpiNotifier brightness = 40
08-28 18:21:24.048  2205  3277 D libsensor-B2SNotifier: Backlight2SlpiNotifier brightness = 40
08-28 18:21:24.067  2205  3277 D libsensor-B2SNotifier: Backlight2SlpiNotifier brightness = 40
08-28 18:21:24.084  2205  3277 D libsensor-B2SNotifier: Backlight2SlpiNotifier brightness = 40
08-28 18:21:24.101  2205  3277 D libsensor-B2SNotifier: Backlight2SlpiNotifier brightness = 40
08-28 18:21:24.117  2205  3277 D libsensor-B2SNotifier: Backlight2SlpiNotifier brightness = 39
08-28 18:21:24.134  2205  3277 D libsensor-B2SNotifier: Backlight2SlpiNotifier brightness = 39
08-28 18:21:24.158  2205  3277 D libsensor-B2SNotifier: Backlight2SlpiNotifier brightness = 39
08-28 18:21:24.163  1607  1607 D DisplayModeController: setDesiredMode 4630946736638489730 {mode={fps=120.00 Hz, modePtr={id=0, vsyncRate=120.00 Hz, peakRefreshRate=120.00 Hz}}, emitEvent=true, force=false}
08-28 18:21:24.164  1525  1925 I SDM     : HWDeviceDRM::UpdateMixerAttributes: Mixer WxH 1440x3200-1 for Peripheral
08-28 18:21:24.165  1525  1925 I SDM     : HWCDisplay::SubmitDisplayConfig: Active configuration changed to: 0
08-28 18:21:24.171  2205  3278 D libsensor-F2SNotifier: DisplayFreq2SlpiNotifier display_freq = 120
08-28 18:21:24.176  2205  3277 D libsensor-B2SNotifier: Backlight2SlpiNotifier brightness = 39
08-28 18:21:24.191  2205  3277 D libsensor-B2SNotifier: Backlight2SlpiNotifier brightness = 38
08-28 18:21:24.203  2205  3277 D libsensor-B2SNotifier: Backlight2SlpiNotifier brightness = 38
08-28 18:21:24.217  2205  3277 D libsensor-B2SNotifier: Backlight2SlpiNotifier brightness = 38
08-28 18:21:24.227  2205  3277 D libsensor-B2SNotifier: Backlight2SlpiNotifier brightness = 38
08-28 18:21:24.235  2205  3277 D libsensor-B2SNotifier: Backlight2SlpiNotifier brightness = 38
08-28 18:21:24.243  2205  3277 D libsensor-B2SNotifier: Backlight2SlpiNotifier brightness = 38
08-28 18:21:24.252  2205  3277 D libsensor-B2SNotifier: Backlight2SlpiNotifier brightness = 38
08-28 18:21:24.260  2205  3277 D libsensor-B2SNotifier: Backlight2SlpiNotifier brightness = 38
08-28 18:21:24.268  2205  3277 D libsensor-B2SNotifier: Backlight2SlpiNotifier brightness = 37
08-28 18:21:24.277  2205  3277 D libsensor-B2SNotifier: Backlight2SlpiNotifier brightness = 37
08-28 18:21:24.285  2205  3277 D libsensor-B2SNotifier: Backlight2SlpiNotifier brightness = 37
08-28 18:21:24.293  2205  3277 D libsensor-B2SNotifier: Backlight2SlpiNotifier brightness = 37
08-28 18:21:24.302  2205  3277 D libsensor-B2SNotifier: Backlight2SlpiNotifier brightness = 37
08-28 18:21:24.310  2205  3277 D libsensor-B2SNotifier: Backlight2SlpiNotifier brightness = 37
08-28 18:21:24.318  2205  3277 D libsensor-B2SNotifier: Backlight2SlpiNotifier brightness = 37
08-28 18:21:24.326  2205  3277 D libsensor-B2SNotifier: Backlight2SlpiNotifier brightness = 37
08-28 18:21:24.335  2205  3277 D libsensor-B2SNotifier: Backlight2SlpiNotifier brightness = 37
08-28 18:21:24.343  2205  3277 D libsensor-B2SNotifier: Backlight2SlpiNotifier brightness = 37
08-28 18:21:24.352  2205  3277 D libsensor-B2SNotifier: Backlight2SlpiNotifier brightness = 36
08-28 18:21:24.360  2205  3277 D libsensor-B2SNotifier: Backlight2SlpiNotifier brightness = 36
08-28 18:21:24.368  2205  3277 D libsensor-B2SNotifier: Backlight2SlpiNotifier brightness = 36
08-28 18:21:24.376  2205  3277 D libsensor-B2SNotifier: Backlight2SlpiNotifier brightness = 36
08-28 18:21:24.385  2205  3277 D libsensor-B2SNotifier: Backlight2SlpiNotifier brightness = 36
08-28 18:21:24.393  2205  3277 D libsensor-B2SNotifier: Backlight2SlpiNotifier brightness = 36
08-28 18:21:24.403  2205  3277 D libsensor-B2SNotifier: Backlight2SlpiNotifier brightness = 36
08-28 18:21:24.413  2205  3277 D libsensor-B2SNotifier: Backlight2SlpiNotifier brightness = 36
08-28 18:21:24.420  2205  3277 D libsensor-B2SNotifier: Backlight2SlpiNotifier brightness = 36
08-28 18:21:24.426  2205  3277 D libsensor-B2SNotifier: Backlight2SlpiNotifier brightness = 35
08-28 18:21:24.435  2205  3277 D libsensor-B2SNotifier: Backlight2SlpiNotifier brightness = 35
08-28 18:21:24.443  2205  3277 D libsensor-B2SNotifier: Backlight2SlpiNotifier brightness = 35
08-28 18:21:24.452  2205  3277 D libsensor-B2SNotifier: Backlight2SlpiNotifier brightness = 35
08-28 18:21:24.463  2205  3277 D libsensor-B2SNotifier: Backlight2SlpiNotifier brightness = 35
08-28 18:21:24.472  2205  3277 D libsensor-B2SNotifier: Backlight2SlpiNotifier brightness = 35
08-28 18:21:24.481  1599  1692 W ServiceManagerCppClient: Waited one second for stats (is service started? Number of threads started in the threadpool: 6. Are binder threads started and available?)
08-28 18:21:24.481  2387  3412 W ServiceManagerCppClient: Waited one second for stats (is service started? Number of threads started in the threadpool: 32. Are binder threads started and available?)
08-28 18:21:24.483  2205  3277 D libsensor-B2SNotifier: Backlight2SlpiNotifier brightness = 35
08-28 18:21:24.483   682 31900 W libc    : Unable to set property "ctl.interface_start" to "aidl/stats": PROP_ERROR_HANDLE_CONTROL_MESSAGE (0x20)
08-28 18:21:24.483   682 31901 W libc    : Unable to set property "ctl.interface_start" to "aidl/stats": PROP_ERROR_HANDLE_CONTROL_MESSAGE (0x20)
08-28 18:21:24.489  2205  3277 D libsensor-B2SNotifier: Backlight2SlpiNotifier brightness = 35
08-28 18:21:24.496  2205  3277 D libsensor-B2SNotifier: Backlight2SlpiNotifier brightness = 35
08-28 18:21:24.503  2205  3277 D libsensor-B2SNotifier: Backlight2SlpiNotifier brightness = 35
08-28 18:21:24.512  2205  3277 D libsensor-B2SNotifier: Backlight2SlpiNotifier brightness = 34
08-28 18:21:24.520  2205  3277 D libsensor-B2SNotifier: Backlight2SlpiNotifier brightness = 34
08-28 18:21:24.526  2205  3277 D libsensor-B2SNotifier: Backlight2SlpiNotifier brightness = 34
08-28 18:21:24.534  2205  3277 D libsensor-B2SNotifier: Backlight2SlpiNotifier brightness = 34
08-28 18:21:24.543  2205  3277 D libsensor-B2SNotifier: Backlight2SlpiNotifier brightness = 34
08-28 18:21:24.552  2205  3277 D libsensor-B2SNotifier: Backlight2SlpiNotifier brightness = 34
08-28 18:21:24.562  2205  3277 D libsensor-B2SNotifier: Backlight2SlpiNotifier brightness = 34
08-28 18:21:24.564 29820 29820 D android.widget.GridLayout: horizontal constraints: x2-x0>=1373, x2-x1<=357, x1-x0<=122 are inconsistent; permanently removing: x2-x1<=357. 
08-28 18:21:24.565 29820 29820 D android.widget.GridLayout: horizontal constraints: x2-x0>=1373, x2-x1<=360, x1-x0<=122 are inconsistent; permanently removing: x2-x1<=360. 
08-28 18:21:24.572  2205  3277 D libsensor-B2SNotifier: Backlight2SlpiNotifier brightness = 34
08-28 18:21:24.583  2205  3277 D libsensor-B2SNotifier: Backlight2SlpiNotifier brightness = 34
08-28 18:21:24.589  2205  3277 D libsensor-B2SNotifier: Backlight2SlpiNotifier brightness = 33
08-28 18:21:24.595  2205  3277 D libsensor-B2SNotifier: Backlight2SlpiNotifier brightness = 33
08-28 18:21:24.603  2205  3277 D libsensor-B2SNotifier: Backlight2SlpiNotifier brightness = 33
08-28 18:21:24.609  2205  3277 D libsensor-B2SNotifier: Backlight2SlpiNotifier brightness = 33
08-28 18:21:24.615  2205  3277 D libsensor-B2SNotifier: Backlight2SlpiNotifier brightness = 33
08-28 18:21:24.622  2205  3277 D libsensor-B2SNotifier: Backlight2SlpiNotifier brightness = 33
08-28 18:21:24.628  3998 29397 I NearbyPresence: (REDACTED) %s verified [==] new request %s equals to the old request
08-28 18:21:24.629  2205  3277 D libsensor-B2SNotifier: Backlight2SlpiNotifier brightness = 33
08-28 18:21:24.637  2205  3277 D libsensor-B2SNotifier: Backlight2SlpiNotifier brightness = 33
08-28 18:21:24.648  2205  3277 D libsensor-B2SNotifier: Backlight2SlpiNotifier brightness = 33
08-28 18:21:24.656  2205  3277 D libsensor-B2SNotifier: Backlight2SlpiNotifier brightness = 33
08-28 18:21:24.664  2205  3277 D libsensor-B2SNotifier: Backlight2SlpiNotifier brightness = 33
08-28 18:21:24.673  2205  3277 D libsensor-B2SNotifier: Backlight2SlpiNotifier brightness = 32
08-28 18:21:24.681  2205  3277 D libsensor-B2SNotifier: Backlight2SlpiNotifier brightness = 32
08-28 18:21:24.690  2205  3277 D libsensor-B2SNotifier: Backlight2SlpiNotifier brightness = 32
08-28 18:21:24.696  2205  3277 D libsensor-B2SNotifier: Backlight2SlpiNotifier brightness = 32
08-28 18:21:24.709  2205  3277 D libsensor-B2SNotifier: Backlight2SlpiNotifier brightness = 32
08-28 18:21:24.715  2205  3277 D libsensor-B2SNotifier: Backlight2SlpiNotifier brightness = 32
08-28 18:21:24.722  2205  3277 D libsensor-B2SNotifier: Backlight2SlpiNotifier brightness = 32
08-28 18:21:24.729  2205  3277 D libsensor-B2SNotifier: Backlight2SlpiNotifier brightness = 32
08-28 18:21:24.737  2205  3277 D libsensor-B2SNotifier: Backlight2SlpiNotifier brightness = 32
08-28 18:21:24.745  2205  3277 D libsensor-B2SNotifier: Backlight2SlpiNotifier brightness = 32
08-28 18:21:24.754  2205  3277 D libsensor-B2SNotifier: Backlight2SlpiNotifier brightness = 32
08-28 18:21:24.763  2205  3277 D libsensor-B2SNotifier: Backlight2SlpiNotifier brightness = 31
08-28 18:21:24.775  2205  3277 D libsensor-B2SNotifier: Backlight2SlpiNotifier brightness = 31
08-28 18:21:24.783  2205  3277 D libsensor-B2SNotifier: Backlight2SlpiNotifier brightness = 31
08-28 18:21:24.792  2205  3277 D libsensor-B2SNotifier: Backlight2SlpiNotifier brightness = 31
08-28 18:21:24.803  2205  3277 D libsensor-B2SNotifier: Backlight2SlpiNotifier brightness = 31
08-28 18:21:24.813  2205  3277 D libsensor-B2SNotifier: Backlight2SlpiNotifier brightness = 31
08-28 18:21:24.823  2205  3277 D libsensor-B2SNotifier: Backlight2SlpiNotifier brightness = 31
08-28 18:21:24.832  2205  3277 D libsensor-B2SNotifier: Backlight2SlpiNotifier brightness = 31
08-28 18:21:24.842  2205  3277 D libsensor-B2SNotifier: Backlight2SlpiNotifier brightness = 31
08-28 18:21:24.848  2117 14751 W ServiceManagerCppClient: Waited one second for stats (is service started? Number of threads started in the threadpool: 17. Are binder threads started and available?)
08-28 18:21:24.850  2205  3277 D libsensor-B2SNotifier: Backlight2SlpiNotifier brightness = 30
08-28 18:21:24.850   682 31950 W libc    : Unable to set property "ctl.interface_start" to "aidl/stats": PROP_ERROR_HANDLE_CONTROL_MESSAGE (0x20)
08-28 18:21:24.858  2205  3277 D libsensor-B2SNotifier: Backlight2SlpiNotifier brightness = 30
08-28 18:21:24.866  2205  3277 D libsensor-B2SNotifier: Backlight2SlpiNotifier brightness = 30
08-28 18:21:24.875  2205  3277 D libsensor-B2SNotifier: Backlight2SlpiNotifier brightness = 30
08-28 18:21:24.883  2205  3277 D libsensor-B2SNotifier: Backlight2SlpiNotifier brightness = 30
08-28 18:21:24.892  2205  3277 D libsensor-B2SNotifier: Backlight2SlpiNotifier brightness = 30
08-28 18:21:24.900  2205  3277 D libsensor-B2SNotifier: Backlight2SlpiNotifier brightness = 30
08-28 18:21:24.908  2205  3277 D libsensor-B2SNotifier: Backlight2SlpiNotifier brightness = 30
08-28 18:21:24.916  2205  3277 D libsensor-B2SNotifier: Backlight2SlpiNotifier brightness = 30
08-28 18:21:24.924  2205  3277 D libsensor-B2SNotifier: Backlight2SlpiNotifier brightness = 30
08-28 18:21:24.933  2205  3277 D libsensor-B2SNotifier: Backlight2SlpiNotifier brightness = 30
08-28 18:21:24.943  2205  3277 D libsensor-B2SNotifier: Backlight2SlpiNotifier brightness = 29
08-28 18:21:24.953  2205  3277 D libsensor-B2SNotifier: Backlight2SlpiNotifier brightness = 29
08-28 18:21:24.959  2205  3277 D libsensor-B2SNotifier: Backlight2SlpiNotifier brightness = 29
08-28 18:21:24.966  2205  3277 D libsensor-B2SNotifier: Backlight2SlpiNotifier brightness = 29
08-28 18:21:24.974  2205  3277 D libsensor-B2SNotifier: Backlight2SlpiNotifier brightness = 29
08-28 18:21:24.982  2205  3277 D libsensor-B2SNotifier: Backlight2SlpiNotifier brightness = 29
08-28 18:21:24.991  2205  3277 D libsensor-B2SNotifier: Backlight2SlpiNotifier brightness = 29
08-28 18:21:24.999  2205  3277 D libsensor-B2SNotifier: Backlight2SlpiNotifier brightness = 29
08-28 18:21:25.007  2205  3277 D libsensor-B2SNotifier: Backlight2SlpiNotifier brightness = 29
08-28 18:21:25.016  2205  3277 D libsensor-B2SNotifier: Backlight2SlpiNotifier brightness = 29
08-28 18:21:25.024  2205  3277 D libsensor-B2SNotifier: Backlight2SlpiNotifier brightness = 28
08-28 18:21:25.032  2205  3277 D libsensor-B2SNotifier: Backlight2SlpiNotifier brightness = 28
08-28 18:21:25.040  2205  3277 D libsensor-B2SNotifier: Backlight2SlpiNotifier brightness = 28
08-28 18:21:25.044   719 31663 I keystore2: system/security/keystore2/watchdog/src/lib.rs:377 - Watchdog thread idle -> terminating. Have a great day.
08-28 18:21:25.049  2205  3277 D libsensor-B2SNotifier: Backlight2SlpiNotifier brightness = 28
08-28 18:21:25.057  2205  3277 D libsensor-B2SNotifier: Backlight2SlpiNotifier brightness = 28
08-28 18:21:25.065  2205  3277 D libsensor-B2SNotifier: Backlight2SlpiNotifier brightness = 28
08-28 18:21:25.074  2205  3277 D libsensor-B2SNotifier: Backlight2SlpiNotifier brightness = 28
08-28 18:21:25.080  3583  4344 D SatelliteController: iisInCarrierRoamingNbIotNtn: satellite is disabled
08-28 18:21:25.082  2205  3277 D libsensor-B2SNotifier: Backlight2SlpiNotifier brightness = 28
08-28 18:21:25.093  2205  3277 D libsensor-B2SNotifier: Backlight2SlpiNotifier brightness = 28
08-28 18:21:25.099  2205  3277 D libsensor-B2SNotifier: Backlight2SlpiNotifier brightness = 28
08-28 18:21:25.107  2205  3277 D libsensor-B2SNotifier: Backlight2SlpiNotifier brightness = 28
08-28 18:21:25.115  2205  3277 D libsensor-B2SNotifier: Backlight2SlpiNotifier brightness = 27
08-28 18:21:25.123  2205  3277 D libsensor-B2SNotifier: Backlight2SlpiNotifier brightness = 27
08-28 18:21:25.132  2205  3277 D libsensor-B2SNotifier: Backlight2SlpiNotifier brightness = 27
08-28 18:21:25.140  2205  3277 D libsensor-B2SNotifier: Backlight2SlpiNotifier brightness = 27
08-28 18:21:25.148  2205  3277 D libsensor-B2SNotifier: Backlight2SlpiNotifier brightness = 27
08-28 18:21:25.157  2205  3277 D libsensor-B2SNotifier: Backlight2SlpiNotifier brightness = 27
08-28 18:21:25.165  2205  3277 D libsensor-B2SNotifier: Backlight2SlpiNotifier brightness = 27
08-28 18:21:25.173  2205  3277 D libsensor-B2SNotifier: Backlight2SlpiNotifier brightness = 27
08-28 18:21:25.181  2205  3277 D libsensor-B2SNotifier: Backlight2SlpiNotifier brightness = 27
08-28 18:21:25.190  2205  3277 D libsensor-B2SNotifier: Backlight2SlpiNotifier brightness = 27
08-28 18:21:25.198  2205  3277 D libsensor-B2SNotifier: Backlight2SlpiNotifier brightness = 27
08-28 18:21:25.206  2205  3277 D libsensor-B2SNotifier: Backlight2SlpiNotifier brightness = 27
08-28 18:21:25.215  2205  3277 D libsensor-B2SNotifier: Backlight2SlpiNotifier brightness = 26
08-28 18:21:25.223  2205  3277 D libsensor-B2SNotifier: Backlight2SlpiNotifier brightness = 26
08-28 18:21:25.231  2205  3277 D libsensor-B2SNotifier: Backlight2SlpiNotifier brightness = 26
08-28 18:21:25.239  2205  3277 D libsensor-B2SNotifier: Backlight2SlpiNotifier brightness = 26
08-28 18:21:25.244  2205  3277 D libsensor-B2SNotifier: Backlight2SlpiNotifier brightness = 26
08-28 18:21:25.251  2205  3277 D libsensor-B2SNotifier: Backlight2SlpiNotifier brightness = 26
08-28 18:21:25.260  2205  3277 D libsensor-B2SNotifier: Backlight2SlpiNotifier brightness = 26
08-28 18:21:25.273  2205  3277 D libsensor-B2SNotifier: Backlight2SlpiNotifier brightness = 26
08-28 18:21:25.277  2205  3277 D libsensor-B2SNotifier: Backlight2SlpiNotifier brightness = 26
08-28 18:21:25.285  2205  3277 D libsensor-B2SNotifier: Backlight2SlpiNotifier brightness = 26
08-28 18:21:25.293  2205  3277 D libsensor-B2SNotifier: Backlight2SlpiNotifier brightness = 26
08-28 18:21:25.301  2205  3277 D libsensor-B2SNotifier: Backlight2SlpiNotifier brightness = 25
08-28 18:21:25.310  2205  3277 D libsensor-B2SNotifier: Backlight2SlpiNotifier brightness = 25
08-28 18:21:25.323  2205  3277 D libsensor-B2SNotifier: Backlight2SlpiNotifier brightness = 25
08-28 18:21:25.333  2205  3277 D libsensor-B2SNotifier: Backlight2SlpiNotifier brightness = 25
08-28 18:21:25.339  2205  3277 D libsensor-B2SNotifier: Backlight2SlpiNotifier brightness = 25
08-28 18:21:25.347  2205  3277 D libsensor-B2SNotifier: Backlight2SlpiNotifier brightness = 25
08-28 18:21:25.356  2205  3277 D libsensor-B2SNotifier: Backlight2SlpiNotifier brightness = 25
08-28 18:21:25.364  2205  3277 D libsensor-B2SNotifier: Backlight2SlpiNotifier brightness = 25
08-28 18:21:25.373  2205  3277 D libsensor-B2SNotifier: Backlight2SlpiNotifier brightness = 25
08-28 18:21:25.384  2205  3277 D libsensor-B2SNotifier: Backlight2SlpiNotifier brightness = 25
08-28 18:21:25.392  2205  3277 D libsensor-B2SNotifier: Backlight2SlpiNotifier brightness = 25
08-28 18:21:25.403  2205  3277 D libsensor-B2SNotifier: Backlight2SlpiNotifier brightness = 24
08-28 18:21:25.412  2205  3277 D libsensor-B2SNotifier: Backlight2SlpiNotifier brightness = 24
08-28 18:21:25.423  2205  3277 D libsensor-B2SNotifier: Backlight2SlpiNotifier brightness = 24
08-28 18:21:25.433  2205  3277 D libsensor-B2SNotifier: Backlight2SlpiNotifier brightness = 24
08-28 18:21:25.443  2205  3277 D libsensor-B2SNotifier: Backlight2SlpiNotifier brightness = 24
08-28 18:21:25.450  2205  3277 D libsensor-B2SNotifier: Backlight2SlpiNotifier brightness = 24
08-28 18:21:25.455  2205  3277 D libsensor-B2SNotifier: Backlight2SlpiNotifier brightness = 24
08-28 18:21:25.464  2205  3277 D libsensor-B2SNotifier: Backlight2SlpiNotifier brightness = 24
08-28 18:21:25.472  2205  3277 D libsensor-B2SNotifier: Backlight2SlpiNotifier brightness = 24
08-28 18:21:25.482  1599  1692 W ServiceManagerCppClient: Waited one second for stats (is service started? Number of threads started in the threadpool: 6. Are binder threads started and available?)
08-28 18:21:25.483  2387  3412 W ServiceManagerCppClient: Waited one second for stats (is service started? Number of threads started in the threadpool: 32. Are binder threads started and available?)
08-28 18:21:25.484  2205  3277 D libsensor-B2SNotifier: Backlight2SlpiNotifier brightness = 24
08-28 18:21:25.485   682 32026 W libc    : Unable to set property "ctl.interface_start" to "aidl/stats": PROP_ERROR_HANDLE_CONTROL_MESSAGE (0x20)
08-28 18:21:25.485   682 32027 W libc    : Unable to set property "ctl.interface_start" to "aidl/stats": PROP_ERROR_HANDLE_CONTROL_MESSAGE (0x20)
08-28 18:21:25.488  2205  3277 D libsensor-B2SNotifier: Backlight2SlpiNotifier brightness = 24
08-28 18:21:25.497  2205  3277 D libsensor-B2SNotifier: Backlight2SlpiNotifier brightness = 24
08-28 18:21:25.505  2205  3277 D libsensor-B2SNotifier: Backlight2SlpiNotifier brightness = 23
08-28 18:21:25.513  2205  3277 D libsensor-B2SNotifier: Backlight2SlpiNotifier brightness = 23
08-28 18:21:25.522  2205  3277 D libsensor-B2SNotifier: Backlight2SlpiNotifier brightness = 23
08-28 18:21:25.530  2205  3277 D libsensor-B2SNotifier: Backlight2SlpiNotifier brightness = 23
08-28 18:21:25.538  2205  3277 D libsensor-B2SNotifier: Backlight2SlpiNotifier brightness = 23
08-28 18:21:25.547  2205  3277 D libsensor-B2SNotifier: Backlight2SlpiNotifier brightness = 23
08-28 18:21:25.555  2205  3277 D libsensor-B2SNotifier: Backlight2SlpiNotifier brightness = 23
08-28 18:21:25.563  2205  3277 D libsensor-B2SNotifier: Backlight2SlpiNotifier brightness = 23
08-28 18:21:25.573  2205  3277 D libsensor-B2SNotifier: Backlight2SlpiNotifier brightness = 23
08-28 18:21:25.583  2205  3277 D libsensor-B2SNotifier: Backlight2SlpiNotifier brightness = 23
08-28 18:21:25.593  2205  3277 D libsensor-B2SNotifier: Backlight2SlpiNotifier brightness = 23
08-28 18:21:25.602  2205  3277 D libsensor-B2SNotifier: Backlight2SlpiNotifier brightness = 22
08-28 18:21:25.609  2205  3277 D libsensor-B2SNotifier: Backlight2SlpiNotifier brightness = 22
08-28 18:21:25.617  2205  3277 D libsensor-B2SNotifier: Backlight2SlpiNotifier brightness = 22
08-28 18:21:25.624  2205  3277 D libsensor-B2SNotifier: Backlight2SlpiNotifier brightness = 22
08-28 18:21:25.633  2205  3277 D libsensor-B2SNotifier: Backlight2SlpiNotifier brightness = 22
08-28 18:21:25.639  2205  3277 D libsensor-B2SNotifier: Backlight2SlpiNotifier brightness = 22
08-28 18:21:25.646  2205  3277 D libsensor-B2SNotifier: Backlight2SlpiNotifier brightness = 22
08-28 18:21:25.654  2205  3277 D libsensor-B2SNotifier: Backlight2SlpiNotifier brightness = 22
08-28 18:21:25.663  2205  3277 D libsensor-B2SNotifier: Backlight2SlpiNotifier brightness = 22
08-28 18:21:25.671  2205  3277 D libsensor-B2SNotifier: Backlight2SlpiNotifier brightness = 22
08-28 18:21:25.679  2205  3277 D libsensor-B2SNotifier: Backlight2SlpiNotifier brightness = 22
08-28 18:21:25.688  2205  3277 D libsensor-B2SNotifier: Backlight2SlpiNotifier brightness = 22
08-28 18:21:25.696  2205  3277 D libsensor-B2SNotifier: Backlight2SlpiNotifier brightness = 22
08-28 18:21:25.704  2205  3277 D libsensor-B2SNotifier: Backlight2SlpiNotifier brightness = 21
08-28 18:21:25.713  2205  3277 D libsensor-B2SNotifier: Backlight2SlpiNotifier brightness = 21
08-28 18:21:25.723  2205  3277 D libsensor-B2SNotifier: Backlight2SlpiNotifier brightness = 21
08-28 18:21:25.729  2205  3277 D libsensor-B2SNotifier: Backlight2SlpiNotifier brightness = 21
08-28 18:21:25.737  2205  3277 D libsensor-B2SNotifier: Backlight2SlpiNotifier brightness = 21
08-28 18:21:25.746  2205  3277 D libsensor-B2SNotifier: Backlight2SlpiNotifier brightness = 21
08-28 18:21:25.754  2205  3277 D libsensor-B2SNotifier: Backlight2SlpiNotifier brightness = 21
08-28 18:21:25.763  2205  3277 D libsensor-B2SNotifier: Backlight2SlpiNotifier brightness = 21
08-28 18:21:25.771  2205  3277 D libsensor-B2SNotifier: Backlight2SlpiNotifier brightness = 21
08-28 18:21:25.779  2205  3277 D libsensor-B2SNotifier: Backlight2SlpiNotifier brightness = 21
08-28 18:21:25.787  2205  3277 D libsensor-B2SNotifier: Backlight2SlpiNotifier brightness = 21
08-28 18:21:25.795  2205  3277 D libsensor-B2SNotifier: Backlight2SlpiNotifier brightness = 21
08-28 18:21:25.804  2205  3277 D libsensor-B2SNotifier: Backlight2SlpiNotifier brightness = 21
08-28 18:21:25.812  2205  3277 D libsensor-B2SNotifier: Backlight2SlpiNotifier brightness = 20
08-28 18:21:25.819  2205  3277 D libsensor-B2SNotifier: Backlight2SlpiNotifier brightness = 20
08-28 18:21:25.829  2205  3277 D libsensor-B2SNotifier: Backlight2SlpiNotifier brightness = 20
08-28 18:21:25.834  2205  3277 D libsensor-B2SNotifier: Backlight2SlpiNotifier brightness = 20
08-28 18:21:25.842  2205  3277 D libsensor-B2SNotifier: Backlight2SlpiNotifier brightness = 20
08-28 18:21:25.849  2205  3277 D libsensor-B2SNotifier: Backlight2SlpiNotifier brightness = 20
08-28 18:21:25.849  2117 14751 W ServiceManagerCppClient: Waited one second for stats (is service started? Number of threads started in the threadpool: 17. Are binder threads started and available?)
08-28 18:21:25.850   682 32073 W libc    : Unable to set property "ctl.interface_start" to "aidl/stats": PROP_ERROR_HANDLE_CONTROL_MESSAGE (0x20)
08-28 18:21:25.857  2205  3277 D libsensor-B2SNotifier: Backlight2SlpiNotifier brightness = 20
08-28 18:21:25.865  2205  3277 D libsensor-B2SNotifier: Backlight2SlpiNotifier brightness = 20
08-28 18:21:25.873  2205  3277 D libsensor-B2SNotifier: Backlight2SlpiNotifier brightness = 20
08-28 18:21:25.884  2205  3277 D libsensor-B2SNotifier: Backlight2SlpiNotifier brightness = 20
08-28 18:21:25.893  2205  3277 D libsensor-B2SNotifier: Backlight2SlpiNotifier brightness = 20
08-28 18:21:25.901  2205  3277 D libsensor-B2SNotifier: Backlight2SlpiNotifier brightness = 20
08-28 18:21:25.909  2205  3277 D libsensor-B2SNotifier: Backlight2SlpiNotifier brightness = 20
08-28 18:21:25.918  2205  3277 D libsensor-B2SNotifier: Backlight2SlpiNotifier brightness = 19
08-28 18:21:25.926  2205  3277 D libsensor-B2SNotifier: Backlight2SlpiNotifier brightness = 19
08-28 18:21:25.933  2205  3277 D libsensor-B2SNotifier: Backlight2SlpiNotifier brightness = 19
08-28 18:21:25.945  2205  3277 D libsensor-B2SNotifier: Backlight2SlpiNotifier brightness = 19
08-28 18:21:25.952  2205  3277 D libsensor-B2SNotifier: Backlight2SlpiNotifier brightness = 19
08-28 18:21:25.957  2205  3277 D libsensor-B2SNotifier: Backlight2SlpiNotifier brightness = 19
08-28 18:21:25.965  2205  3277 D libsensor-B2SNotifier: Backlight2SlpiNotifier brightness = 19
08-28 18:21:26.467 29820 29820 W 7e.deviceinfohw: type=1400 audit(0.0:25020): avc:  denied  { read } for  name="version" dev="proc" ino=4026532114 scontext=u:r:untrusted_app:s0:c119,c258,c512,c768 tcontext=u:object_r:proc_version:s0 tclass=file permissive=0 app=ru.andr7e.deviceinfohw
08-28 18:21:26.467 29820 29820 W 7e.deviceinfohw: type=1400 audit(0.0:25021): avc:  denied  { search } for  name="asound" dev="proc" ino=4026532090 scontext=u:r:untrusted_app:s0:c119,c258,c512,c768 tcontext=u:object_r:proc_asound:s0 tclass=dir permissive=0 app=ru.andr7e.deviceinfohw
08-28 18:21:26.484  1599  1692 W ServiceManagerCppClient: Waited one second for stats (is service started? Number of threads started in the threadpool: 6. Are binder threads started and available?)
08-28 18:21:26.484  2387  3412 W ServiceManagerCppClient: Waited one second for stats (is service started? Number of threads started in the threadpool: 32. Are binder threads started and available?)
08-28 18:21:26.485   682 32089 W libc    : Unable to set property "ctl.interface_start" to "aidl/stats": PROP_ERROR_HANDLE_CONTROL_MESSAGE (0x20)
08-28 18:21:26.486   682 32090 W libc    : Unable to set property "ctl.interface_start" to "aidl/stats": PROP_ERROR_HANDLE_CONTROL_MESSAGE (0x20)
08-28 18:21:26.850  2117 14751 W ServiceManagerCppClient: Waited one second for stats (is service started? Number of threads started in the threadpool: 17. Are binder threads started and available?)
08-28 18:21:26.852   682 32091 W libc    : Unable to set property "ctl.interface_start" to "aidl/stats": PROP_ERROR_HANDLE_CONTROL_MESSAGE (0x20)
08-28 18:21:27.151  2387  2387 W binder:2387_11: type=1400 audit(0.0:25022): avc:  denied  { read } for  name="661f16" dev="dm-41" ino=146483 scontext=u:r:system_server:s0 tcontext=u:object_r:system_data_root_file:s0 tclass=file permissive=0
08-28 18:21:27.151  2387  2387 W binder:2387_11: type=1400 audit(0.0:25023): avc:  denied  { read } for  name="661f16" dev="dm-41" ino=146483 scontext=u:r:system_server:s0 tcontext=u:object_r:system_data_root_file:s0 tclass=file permissive=0
08-28 18:21:27.151  2387  2387 W binder:2387_11: type=1400 audit(0.0:25024): avc:  denied  { read } for  name="661f16" dev="dm-41" ino=146483 scontext=u:r:system_server:s0 tcontext=u:object_r:system_data_root_file:s0 tclass=file permissive=0
08-28 18:21:27.319  3583  4344 D SatelliteController: iisInCarrierRoamingNbIotNtn: satellite is disabled
08-28 18:21:27.485  1599  1692 W ServiceManagerCppClient: Waited one second for stats (is service started? Number of threads started in the threadpool: 6. Are binder threads started and available?)
08-28 18:21:27.485  2387  3412 W ServiceManagerCppClient: Waited one second for stats (is service started? Number of threads started in the threadpool: 32. Are binder threads started and available?)
08-28 18:21:27.487   682 32092 W libc    : Unable to set property "ctl.interface_start" to "aidl/stats": PROP_ERROR_HANDLE_CONTROL_MESSAGE (0x20)
08-28 18:21:27.487   682 32093 W libc    : Unable to set property "ctl.interface_start" to "aidl/stats": PROP_ERROR_HANDLE_CONTROL_MESSAGE (0x20)
08-28 18:21:27.714  2387  4189 W ActivityManager: Unable to start service Intent { act=grpc.io.action.BIND xflg=0x4 cmp=com.google.android.apps.pixel.dcservice/.sdk.service.ExportedEndpointService } U=0: not found
08-28 18:21:27.715  2387  4189 W ActivityManager: Unbind failed: could not find connection for android.os.BinderProxy@b950d73
08-28 18:21:27.785  2387  4189 D CoreBackPreview: startBackNavigation currentTask=Task{9e211e6 #92 type=standard A=10631:ru.andr7e.deviceinfohw}, topRunningActivity=ActivityRecord{78402081 u0 ru.andr7e.deviceinfohw/.DeviceInfoActivity t92}, callbackInfo=OnBackInvokedCallbackInfo{mCallback=android.window.IOnBackInvokedCallback$Stub$Proxy@281f430, mPriority=0, mIsAnimationCallback=false, mOverrideBehavior=0}, currentFocus=Window{80b0a0 u0 ru.andr7e.deviceinfohw/ru.andr7e.deviceinfohw.DeviceInfoActivity}
08-28 18:21:27.786  3291  3340 D ShellBackPreview: Received backNavigationInfo:BackNavigationInfo{mType=TYPE_CALLBACK (4), mOnBackNavigationDone=android.os.RemoteCallback@7c39743, mOnBackInvokedCallback=android.window.IOnBackInvokedCallback$Stub$Proxy@73001c0, mPrepareRemoteAnimation=false, mAnimationCallback=false, mCustomizeAnimationInfo=null}
08-28 18:21:27.803  2387  4189 I InputDispatcher: Channel [Gesture Monitor] edge-swipe is stealing input gesture for device 5 from [80b0a0 ru.andr7e.deviceinfohw/ru.andr7e.deviceinfohw.DeviceInfoActivity, [Gesture Monitor] swipe-up, [Gesture Monitor] onehanded-touch]
08-28 18:21:27.851  2117 14751 W ServiceManagerCppClient: Waited one second for stats (is service started? Number of threads started in the threadpool: 17. Are binder threads started and available?)
08-28 18:21:27.853   682 32095 W libc    : Unable to set property "ctl.interface_start" to "aidl/stats": PROP_ERROR_HANDLE_CONTROL_MESSAGE (0x20)
08-28 18:21:27.888  3291  3340 D ShellBackPreview: Finishing gesture with event action: 1
08-28 18:21:27.888  3291  3340 D ShellBackPreview: onGestureFinished() mTriggerBack == true
08-28 18:21:27.888  3291  3340 D ShellBackPreview: Trigger back without dispatching to animator.
08-28 18:21:27.888  3291  3340 D ShellBackPreview: BackAnimationController: finishBackNavigation()
08-28 18:21:27.888  2387  6526 D CoreBackPreview: onBackNavigationDone backType=4, triggerBack=true
08-28 18:21:27.891  5563  5563 I StylusModule: StylusModule.onUpdateToolType():805 Update tool type = 0
