08-28 18:23:22.691  1491  5555 V send_data_to_xlog: current time is : 2025 year, 8 month, 28 daty
08-28 18:23:22.691  1491  5555 V send_data_to_xlog: do not need to seed data to xlog
08-28 18:23:22.691  1491  5555 V send_data_to_xlog: send_EarsCompensation_dailyuse_to_xlog
08-28 18:23:22.691  1491  5555 I send_data_to_xlog: get_headset_type the type is speaker
08-28 18:23:22.691  1491  5555 D send_data_to_xlog: send_misound_dailyuse_to_xlog, the headset type is speaker
08-28 18:23:22.691  1491  5555 D send_data_to_xlog:  send_misound_dailyuse_to_xlog: misound without usb
08-28 18:23:22.691  1491  5555 D audio_hw_primary: out_write: retry previous failed cal level set
08-28 18:23:22.691  1491  5555 D ACDB-LOADER: ACDB -> send_audvoltable
08-28 18:23:22.691  1491  5555 D ACDB-LOADER: ACDB -> ACDB_CMD_GET_AUDPROC_INSTANCE_GAIN_DEP_STEP_TABLE_SIZE
08-28 18:23:22.691  1491  5555 D android.hardware.audio.service: Failed to fetch the lookup information of the device 0000000F 
08-28 18:23:22.691  1491  5555 D ACDB-LOADER: Error: ACDB_CMD_GET_AUDPROC_INSTANCE_GAIN_DEP_STEP_TABLE_SIZE Returned = -19
08-28 18:23:22.691  1491  5555 D ACDB-LOADER: ACDB -> ACDB_CMD_GET_AUDPROC_INSTANCE_GAIN_DEP_STEP_TABLE, vol index 5
08-28 18:23:22.691  1491  5555 D android.hardware.audio.service: Failed to fetch the lookup information of the device 0000000F 
08-28 18:23:22.691  1491  5555 D ACDB-LOADER: Error: ACDB AudProc vol returned = -19
08-28 18:23:22.691  1491  5555 D ACDB-LOADER: ACDB -> AUDIO_SET_VOL_CAL cal type = 40
08-28 18:23:22.691  1491  5555 W qc_adm  : margin check: adm_request_focus_v2_1(p) failed diff -144
08-28 18:23:22.691  1491  5555 W qc_adm  : margin check: adm_abandon_focus(p) failed diff -144
08-28 18:23:22.711  1491  1491 D ACDB-LOADER: ACDB -> send_audvoltable
08-28 18:23:22.711  1491  1491 D ACDB-LOADER: ACDB -> ACDB_CMD_GET_AUDPROC_INSTANCE_GAIN_DEP_STEP_TABLE_SIZE
08-28 18:23:22.711  1491  1491 D android.hardware.audio.service: Failed to fetch the lookup information of the device 0000000F 
08-28 18:23:22.711  1491  1491 D ACDB-LOADER: Error: ACDB_CMD_GET_AUDPROC_INSTANCE_GAIN_DEP_STEP_TABLE_SIZE Returned = -19
08-28 18:23:22.711  1491  1491 D ACDB-LOADER: ACDB -> ACDB_CMD_GET_AUDPROC_INSTANCE_GAIN_DEP_STEP_TABLE, vol index 2
08-28 18:23:22.711  1491  1491 D android.hardware.audio.service: Failed to fetch the lookup information of the device 0000000F 
08-28 18:23:22.711  1491  1491 D ACDB-LOADER: Error: ACDB AudProc vol returned = -19
08-28 18:23:22.711  1491  1491 D ACDB-LOADER: ACDB -> AUDIO_SET_VOL_CAL cal type = 40
08-28 18:23:23.011  2117 14751 W ServiceManagerCppClient: Waited one second for stats (is service started? Number of threads started in the threadpool: 17. Are binder threads started and available?)
08-28 18:23:23.014   682  2835 W libc    : Unable to set property "ctl.interface_start" to "aidl/stats": PROP_ERROR_HANDLE_CONTROL_MESSAGE (0x20)
08-28 18:23:23.094 29752 29752 I ContentProtectionServic: CP service destroyed
08-28 18:23:23.097  2387  2387 I RemoteContentProtectionService: Connection status for: ComponentInfo{com.google.android.odad/com.google.android.apps.miphone.odad.contentprotection.ContentProtectionService} changed to: disconnected
08-28 18:23:23.684  1599  1692 W ServiceManagerCppClient: Waited one second for stats (is service started? Number of threads started in the threadpool: 6. Are binder threads started and available?)
08-28 18:23:23.686  2387  3412 W ServiceManagerCppClient: Waited one second for stats (is service started? Number of threads started in the threadpool: 32. Are binder threads started and available?)
08-28 18:23:23.688   682  2837 W libc    : Unable to set property "ctl.interface_start" to "aidl/stats": PROP_ERROR_HANDLE_CONTROL_MESSAGE (0x20)
08-28 18:23:23.689   682  2836 W libc    : Unable to set property "ctl.interface_start" to "aidl/stats": PROP_ERROR_HANDLE_CONTROL_MESSAGE (0x20)
08-28 18:23:23.945  2119  2828 D AudioTrack: stop(105): called with 77044 frames delivered
08-28 18:23:24.013  2117 14751 W ServiceManagerCppClient: Waited one second for stats (is service started? Number of threads started in the threadpool: 17. Are binder threads started and available?)
08-28 18:23:24.016   682  2838 W libc    : Unable to set property "ctl.interface_start" to "aidl/stats": PROP_ERROR_HANDLE_CONTROL_MESSAGE (0x20)
08-28 18:23:24.356  3291  2809 D RingtonePlayer: onCompletion() abandoning AudioFocus
08-28 18:23:24.358  2387  3411 I MediaFocusControl: abandonAudioFocus() from uid/pid 10555/3291 clientId=android.media.AudioManager@664cbf callingPack=com.android.systemui
08-28 18:23:24.358  3291  2809 D RingtonePlayer: onCompletion queue size=0
08-28 18:23:24.359  3291  2809 D RingtonePlayer: in onCompletion quitting looper Looper (Thread-14, tid 168) {135f2df}
08-28 18:23:24.359  3291  2809 I NotificationPlayer: About to release MediaPlayer piid:455 due to onCompletion
08-28 18:23:24.360  3291  2809 V MediaPlayer: resetDrmState:  mDrmInfo=null mDrmProvisioningThread=null mPrepareDrmInProgress=false mActiveDrmScheme=false
08-28 18:23:24.361  3291  2809 V MediaPlayer: cleanDrmObj: mDrmObj=null mDrmSessionId=null
08-28 18:23:24.361  2119 23773 D NuPlayerDriver: reset(0xeff81690) at state 6
08-28 18:23:24.371  2119  2839 I hw-BpHwBinder: onLastStrongRef automatically unlinking death recipients
08-28 18:23:24.371  2156  3332 I hw-BpHwBinder: onLastStrongRef automatically unlinking death recipients
08-28 18:23:24.372  2117  3011 E statsd_codec: Failed to write codec metrics to statsd (-2)
08-28 18:23:24.373  2156  3332 D BufferPoolAccessor2.0: Destruction - bufferpool2 0xb40000788ae261b8 cached: 0/0M, 0/0% in use; allocs: 0, 0% recycled; transfers: 0, 0% unfetched
08-28 18:23:24.375  2119  2819 D NuPlayerDriver: notifyResetComplete(0xeff81690)
08-28 18:23:24.375  2119 23773 W AMessage: failed to post message as target looper for handler 0 is gone.
08-28 18:23:24.391  1491  1491 D ACDB-LOADER: ACDB -> send_audvoltable
08-28 18:23:24.391  1491  1491 D ACDB-LOADER: ACDB -> ACDB_CMD_GET_AUDPROC_INSTANCE_GAIN_DEP_STEP_TABLE_SIZE
08-28 18:23:24.391  1491  1491 D android.hardware.audio.service: Failed to fetch the lookup information of the device 0000000F 
08-28 18:23:24.391  1491  1491 D ACDB-LOADER: Error: ACDB_CMD_GET_AUDPROC_INSTANCE_GAIN_DEP_STEP_TABLE_SIZE Returned = -19
08-28 18:23:24.391  1491  1491 D ACDB-LOADER: ACDB -> ACDB_CMD_GET_AUDPROC_INSTANCE_GAIN_DEP_STEP_TABLE, vol index 0
08-28 18:23:24.391  1491  1491 D android.hardware.audio.service: Failed to fetch the lookup information of the device 0000000F 
08-28 18:23:24.391  1491  1491 D ACDB-LOADER: Error: ACDB AudProc vol returned = -19
08-28 18:23:24.391  1491  1491 D ACDB-LOADER: ACDB -> AUDIO_SET_VOL_CAL cal type = 40
08-28 18:23:24.391  1595  2147 W audioserver: Binder 0xb40000705494b860 destroyed after setInheritRt before being parceled.
08-28 18:23:24.391  1595  2147 W audioserver: Binder 0xb40000705494b860 destroyed after setMinSchedulerPolicy before being parceled.
08-28 18:23:24.687  1599  1692 W ServiceManagerCppClient: Waited one second for stats (is service started? Number of threads started in the threadpool: 6. Are binder threads started and available?)
08-28 18:23:24.687  2387  3412 W ServiceManagerCppClient: Waited one second for stats (is service started? Number of threads started in the threadpool: 32. Are binder threads started and available?)
08-28 18:23:24.690   682  2843 W libc    : Unable to set property "ctl.interface_start" to "aidl/stats": PROP_ERROR_HANDLE_CONTROL_MESSAGE (0x20)
08-28 18:23:24.691   682  2844 W libc    : Unable to set property "ctl.interface_start" to "aidl/stats": PROP_ERROR_HANDLE_CONTROL_MESSAGE (0x20)
08-28 18:23:25.014  2117 14751 W ServiceManagerCppClient: Waited one second for stats (is service started? Number of threads started in the threadpool: 17. Are binder threads started and available?)
08-28 18:23:25.017   682  2845 W libc    : Unable to set property "ctl.interface_start" to "aidl/stats": PROP_ERROR_HANDLE_CONTROL_MESSAGE (0x20)
08-28 18:23:25.114  1607  1607 D DisplayModeController: setDesiredMode 4630946736638489730 {mode={fps=60.00 Hz, modePtr={id=1, vsyncRate=60.00 Hz, peakRefreshRate=60.00 Hz}}, emitEvent=true, force=false}
08-28 18:23:25.121  2387  2937 I DisplayDeviceRepository: Display device changed render timings: "Built-in Screen", renderFrameRate=60.000004, presentationDeadlineNanos=16666666, appVsyncOffsetNanos=1000000, frameRateOverrides=[]
08-28 18:23:25.121  1525  2069 I SDM     : HWDeviceDRM::UpdateMixerAttributes: Mixer WxH 1440x3200-1 for Peripheral
08-28 18:23:25.122  1525  2069 I SDM     : HWCDisplay::SubmitDisplayConfig: Active configuration changed to: 1
08-28 18:23:25.124  2387  2935 D WindowManager: DeferredDisplayUpdater: partially applying DisplayInfo(1440 x 3200) immediately
08-28 18:23:25.128  1491  1491 D audio_hw_primary: adev_set_parameters: enter: screen_state=on
08-28 18:23:25.128  1491  1491 V msm8974_platform: platform_set_parameters: enter: screen_state=on
08-28 18:23:25.129  1491  1491 D msm8974_platform: platform_set_parameters: exit with code(0)
08-28 18:23:25.129  1491  1491 D sound_trigger_hw: handle_screen_status_change: screen on
08-28 18:23:25.129  1491  1491 D audio_hw_cspl_cal: cirrus_cal_setparameters: enter 0xeb500010
08-28 18:23:25.129  1491  1491 D audio_hw_primary: adev_set_parameters: exit with code(0)
08-28 18:23:25.132  2205  3278 D libsensor-F2SNotifier: DisplayFreq2SlpiNotifier display_freq = 60
08-28 18:23:25.689  2387  3412 W ServiceManagerCppClient: Waited one second for stats (is service started? Number of threads started in the threadpool: 32. Are binder threads started and available?)
08-28 18:23:25.689  1599  1692 W ServiceManagerCppClient: Waited one second for stats (is service started? Number of threads started in the threadpool: 6. Are binder threads started and available?)
08-28 18:23:25.693   682  2848 W libc    : Unable to set property "ctl.interface_start" to "aidl/stats": PROP_ERROR_HANDLE_CONTROL_MESSAGE (0x20)
08-28 18:23:25.693   682  2847 W libc    : Unable to set property "ctl.interface_start" to "aidl/stats": PROP_ERROR_HANDLE_CONTROL_MESSAGE (0x20)
08-28 18:23:26.017  2117 14751 W ServiceManagerCppClient: Waited one second for stats (is service started? Number of threads started in the threadpool: 17. Are binder threads started and available?)
08-28 18:23:26.019   682  2849 W libc    : Unable to set property "ctl.interface_start" to "aidl/stats": PROP_ERROR_HANDLE_CONTROL_MESSAGE (0x20)
08-28 18:23:26.096 32557 32712 E MQTTBypassDGWStreamGroupConnection.cpp: connect failed. Callbacks terminated before ack received
08-28 18:23:26.100 32557 32617 E MQTTBypassDGWStreamGroupCallbacks.cpp: onStreamGroupError StreamGroupNetworkRequest request cancelled: max retries reached; last err (Error Domain=MNSSecureTCP Code=1 UserInfo=0xb40000724b836250 {MCFErrorDirectLocalizedFailureReasonKey=SecureTCP connection establish timeout})
08-28 18:23:26.104 32557 32617 W MQTTBypassDGWStreamGroupConnection.cpp: Restarting due to reason: StreamError
08-28 18:23:26.692  2387  3412 W ServiceManagerCppClient: Waited one second for stats (is service started? Number of threads started in the threadpool: 32. Are binder threads started and available?)
08-28 18:23:26.692  1599  1692 W ServiceManagerCppClient: Waited one second for stats (is service started? Number of threads started in the threadpool: 6. Are binder threads started and available?)
08-28 18:23:26.695   682  2850 W libc    : Unable to set property "ctl.interface_start" to "aidl/stats": PROP_ERROR_HANDLE_CONTROL_MESSAGE (0x20)
08-28 18:23:26.696   682  2851 W libc    : Unable to set property "ctl.interface_start" to "aidl/stats": PROP_ERROR_HANDLE_CONTROL_MESSAGE (0x20)
08-28 18:23:26.698 32557 32711 E msys    : E[N mns]_OnDiskCacheGetData(561)=>Start post callback cache refresh DNS resolution
08-28 18:23:26.699 32557 32711 W LibevQuicAsyncUDPSocket.h: setTosOrTrafficClass not implemented in LibevQuicAsyncUDPSocket
08-28 18:23:26.711 32557 32711 E MvfstCallbacks.cpp: onConnectionSetupError: error=TransportError: Internal Error, Error on socket write Operation not permitted, 
08-28 18:23:26.712 32557 32711 E msys    : E[N mns]_LogError(205)=>Failed to resolve using system DNS resolver, getaddrinfo(): No address associated with hostname
08-28 18:23:26.712 32557 32711 E msys    : E[N mns]_OnDiskCacheGetData(561)=>Start post callback cache refresh DNS resolution
08-28 18:23:26.714 32557 32711 E msys    : E[N mns]_LogError(205)=>Failed to resolve using system DNS resolver, getaddrinfo(): No address associated with hostname
08-28 18:23:27.018  2117 14751 W ServiceManagerCppClient: Waited one second for stats (is service started? Number of threads started in the threadpool: 17. Are binder threads started and available?)
08-28 18:23:27.022   682  2854 W libc    : Unable to set property "ctl.interface_start" to "aidl/stats": PROP_ERROR_HANDLE_CONTROL_MESSAGE (0x20)
08-28 18:23:27.113 32557 32711 E msys    : E[N mns]_OnDiskCacheGetData(561)=>Start post callback cache refresh DNS resolution
08-28 18:23:27.113 32557 32711 E msys    : E[N mns]_OnDiskCacheGetData(561)=>Start post callback cache refresh DNS resolution
08-28 18:23:27.116 32557 32711 W LibevQuicAsyncUDPSocket.h: setTosOrTrafficClass not implemented in LibevQuicAsyncUDPSocket
08-28 18:23:27.127 32557 32711 E MvfstCallbacks.cpp: onConnectionSetupError: error=TransportError: Internal Error, Error on socket write Operation not permitted, 
08-28 18:23:27.127 32557 32711 E msys    : E[N mns]_LogError(205)=>Failed to resolve using system DNS resolver, getaddrinfo(): No address associated with hostname
08-28 18:23:27.128 32557 32711 E msys    : E[N mns]_LogError(205)=>Failed to resolve using system DNS resolver, getaddrinfo(): No address associated with hostname
08-28 18:23:27.179  2387  2387 W binder:2387_11: type=1400 audit(0.0:31186): avc:  denied  { read } for  name="661f16" dev="dm-41" ino=146483 scontext=u:r:system_server:s0 tcontext=u:object_r:system_data_root_file:s0 tclass=file permissive=0
08-28 18:23:27.183  2387  2387 W binder:2387_11: type=1400 audit(0.0:31187): avc:  denied  { read } for  name="661f16" dev="dm-41" ino=146483 scontext=u:r:system_server:s0 tcontext=u:object_r:system_data_root_file:s0 tclass=file permissive=0
08-28 18:23:27.183  2387  2387 W binder:2387_11: type=1400 audit(0.0:31188): avc:  denied  { read } for  name="661f16" dev="dm-41" ino=146483 scontext=u:r:system_server:s0 tcontext=u:object_r:system_data_root_file:s0 tclass=file permissive=0
08-28 18:23:27.327  1491  1491 D audio_hw_primary: out_standby: enter: stream (0xe8ac0010) usecase(12: audio-ull-playback)
08-28 18:23:27.423  1491  1491 D audio_hw_primary: stop_output_stream: enter: usecase(12: audio-ull-playback)
08-28 18:23:27.423  1491  1491 V send_data_to_xlog: send_audio_bigdata_to_xlog
08-28 18:23:27.423  1491  1491 D audio_hw_primary: disable_audio_route: reset and update mixer path: audio-ull-playback speaker
08-28 18:23:27.425  1491  1491 D audio_hw_primary: [force reset] del audio-ull-playback speaker 1
08-28 18:23:27.425  1491  1491 D soundtrigger: audio_extn_sound_trigger_update_stream_status: uc_info->id 12 of type 0 for Event 2, with Raise=0
08-28 18:23:27.425  1491  1491 D soundtrigger: audio_extn_sound_trigger_update_stream_status: uc_info->id 12 of type 0 for Event 2, with Raise=0
08-28 18:23:27.425  1491  1491 D hardware_info: hw_info_append_hw_type : device_name = speaker
08-28 18:23:27.425  1491  1491 D audio_hw_primary: disable_snd_device: device ref cnt is 1[2]
08-28 18:23:27.425  1491  1491 D audio_hw_primary: disable_snd_device: snd_device(2: speaker)[SND_DEVICE_OUT_SPEAKER]
08-28 18:23:27.453  1491  1491 I soundtrigger: audio_extn_sound_trigger_update_device_status: device 0x2 of type 0 for Event 0, with Raise=0
08-28 18:23:27.453  1491  1491 D audio_hw_primary: stop_output_stream: exit: status(0)
08-28 18:23:27.453  1491  1491 D audio_hw_primary: out_standby: exit
08-28 18:23:27.566  2119 19434 D BufferPoolAccessor2.0: evictor expired: 3, evicted: 0
08-28 18:23:27.694  1599  1692 W ServiceManagerCppClient: Waited one second for stats (is service started? Number of threads started in the threadpool: 6. Are binder threads started and available?)
08-28 18:23:27.694  2387  3412 W ServiceManagerCppClient: Waited one second for stats (is service started? Number of threads started in the threadpool: 32. Are binder threads started and available?)
08-28 18:23:27.698   682  2862 W libc    : Unable to set property "ctl.interface_start" to "aidl/stats": PROP_ERROR_HANDLE_CONTROL_MESSAGE (0x20)
08-28 18:23:27.698   682  2863 W libc    : Unable to set property "ctl.interface_start" to "aidl/stats": PROP_ERROR_HANDLE_CONTROL_MESSAGE (0x20)
08-28 18:23:27.796  3291  3291 W TouchableRegionManager: onHeadsUpPinnedModeChanged
08-28 18:23:27.835  1607  1607 D DisplayModeController: setDesiredMode 4630946736638489730 {mode={fps=120.00 Hz, modePtr={id=0, vsyncRate=120.00 Hz, peakRefreshRate=120.00 Hz}}, emitEvent=true, force=false}
08-28 18:23:27.836  1525  2069 I SDM     : HWDeviceDRM::UpdateMixerAttributes: Mixer WxH 1440x3200-1 for Peripheral
08-28 18:23:27.837  1525  2069 I SDM     : HWCDisplay::SubmitDisplayConfig: Active configuration changed to: 0
08-28 18:23:27.843  2205  3278 D libsensor-F2SNotifier: DisplayFreq2SlpiNotifier display_freq = 120
08-28 18:23:27.862  2387  2937 I DisplayDeviceRepository: Display device changed render timings: "Built-in Screen", renderFrameRate=120.00001, presentationDeadlineNanos=13333333, appVsyncOffsetNanos=1000000, frameRateOverrides=[]
08-28 18:23:27.863  2387  2935 D WindowManager: DeferredDisplayUpdater: partially applying DisplayInfo(1440 x 3200) immediately
08-28 18:23:27.864  1491  1491 D audio_hw_primary: adev_set_parameters: enter: screen_state=on
08-28 18:23:27.864  1491  1491 V msm8974_platform: platform_set_parameters: enter: screen_state=on
08-28 18:23:27.864  1491  1491 D msm8974_platform: platform_set_parameters: exit with code(0)
08-28 18:23:27.864  1491  1491 D sound_trigger_hw: handle_screen_status_change: screen on
08-28 18:23:27.864  1491  1491 D audio_hw_cspl_cal: cirrus_cal_setparameters: enter 0xeb500010
08-28 18:23:27.864  1491  1491 D audio_hw_primary: adev_set_parameters: exit with code(0)
08-28 18:23:28.020  2117 14751 W ServiceManagerCppClient: Waited one second for stats (is service started? Number of threads started in the threadpool: 17. Are binder threads started and available?)
08-28 18:23:28.022   682  2865 W libc    : Unable to set property "ctl.interface_start" to "aidl/stats": PROP_ERROR_HANDLE_CONTROL_MESSAGE (0x20)
08-28 18:23:28.126  1607  1607 D DisplayModeController: setDesiredMode 4630946736638489730 {mode={fps=60.00 Hz, modePtr={id=1, vsyncRate=60.00 Hz, peakRefreshRate=60.00 Hz}}, emitEvent=true, force=false}
08-28 18:23:28.128  1525  2069 I SDM     : HWDeviceDRM::UpdateMixerAttributes: Mixer WxH 1440x3200-1 for Peripheral
08-28 18:23:28.128  1525  2069 I SDM     : HWCDisplay::SubmitDisplayConfig: Active configuration changed to: 1
08-28 18:23:28.133  2387  2937 I DisplayDeviceRepository: Display device changed render timings: "Built-in Screen", renderFrameRate=60.000004, presentationDeadlineNanos=16666666, appVsyncOffsetNanos=1000000, frameRateOverrides=[]
08-28 18:23:28.134  2387  2935 D WindowManager: DeferredDisplayUpdater: partially applying DisplayInfo(1440 x 3200) immediately
08-28 18:23:28.135  1491 24239 D audio_hw_primary: adev_set_parameters: enter: screen_state=on
08-28 18:23:28.135  1491 24239 V msm8974_platform: platform_set_parameters: enter: screen_state=on
08-28 18:23:28.135  1491 24239 D msm8974_platform: platform_set_parameters: exit with code(0)
08-28 18:23:28.135  1491 24239 D sound_trigger_hw: handle_screen_status_change: screen on
08-28 18:23:28.135  1491 24239 D audio_hw_cspl_cal: cirrus_cal_setparameters: enter 0xeb500010
08-28 18:23:28.135  1491 24239 D audio_hw_primary: adev_set_parameters: exit with code(0)
08-28 18:23:28.153  2205  3278 D libsensor-F2SNotifier: DisplayFreq2SlpiNotifier display_freq = 60
08-28 18:23:28.286  3291  3291 D InsetsController: hide(ime(), fromIme=false)
08-28 18:23:28.287  3291  3291 I ImeTracker: com.android.systemui:63835525: onRequestHide at ORIGIN_CLIENT reason HIDE_SOFT_INPUT_BY_INSETS_API fromUser false
08-28 18:23:28.287  3291  3291 I ImeTracker: com.android.systemui:63835525: onCancelled at PHASE_CLIENT_ALREADY_HIDDEN
08-28 18:23:28.331  3291  3291 W WindowOnBackDispatcher: sendCancelIfRunning: isInProgress=false callback=com.android.systemui.back.domain.interactor.BackActionInteractor$callback$2@7cc0da3
08-28 18:23:28.565  2156  2651 D BufferPoolAccessor2.0: evictor expired: 3, evicted: 0
08-28 18:23:28.697  1599  1692 W ServiceManagerCppClient: Waited one second for stats (is service started? Number of threads started in the threadpool: 6. Are binder threads started and available?)
08-28 18:23:28.697  2387  3412 W ServiceManagerCppClient: Waited one second for stats (is service started? Number of threads started in the threadpool: 32. Are binder threads started and available?)
08-28 18:23:28.700   682  2867 W libc    : Unable to set property "ctl.interface_start" to "aidl/stats": PROP_ERROR_HANDLE_CONTROL_MESSAGE (0x20)
08-28 18:23:28.700   682  2868 W libc    : Unable to set property "ctl.interface_start" to "aidl/stats": PROP_ERROR_HANDLE_CONTROL_MESSAGE (0x20)
08-28 18:23:29.021  2117 14751 W ServiceManagerCppClient: Waited one second for stats (is service started? Number of threads started in the threadpool: 17. Are binder threads started and available?)
08-28 18:23:29.023   682  2869 W libc    : Unable to set property "ctl.interface_start" to "aidl/stats": PROP_ERROR_HANDLE_CONTROL_MESSAGE (0x20)
08-28 18:23:29.565  2156  2651 D BufferPoolAccessor2.0: bufferpool2 0xb40000788ae25f68 : 0(0 size) total buffers - 0(0 size) used buffers - 89/93 (recycle/alloc) - 4/92 (fetch/transfer)
08-28 18:23:29.566  2156  2651 D BufferPoolAccessor2.0: evictor expired: 2, evicted: 1
08-28 18:23:29.566  2119 19434 D BufferPoolAccessor2.0: bufferpool2 0xeb6c2428 : 0(0 size) total buffers - 0(0 size) used buffers - 89/97 (recycle/alloc) - 8/190 (fetch/transfer)
08-28 18:23:29.567  2119 19434 D BufferPoolAccessor2.0: evictor expired: 1, evicted: 1
08-28 18:23:29.699  1599  1692 W ServiceManagerCppClient: Waited one second for stats (is service started? Number of threads started in the threadpool: 6. Are binder threads started and available?)
08-28 18:23:29.699  2387  3412 W ServiceManagerCppClient: Waited one second for stats (is service started? Number of threads started in the threadpool: 32. Are binder threads started and available?)
08-28 18:23:29.702   682  2870 W libc    : Unable to set property "ctl.interface_start" to "aidl/stats": PROP_ERROR_HANDLE_CONTROL_MESSAGE (0x20)
08-28 18:23:29.702   682  2872 W libc    : Unable to set property "ctl.interface_start" to "aidl/stats": PROP_ERROR_HANDLE_CONTROL_MESSAGE (0x20)
08-28 18:23:30.022  2117 14751 W ServiceManagerCppClient: Waited one second for stats (is service started? Number of threads started in the threadpool: 17. Are binder threads started and available?)
08-28 18:23:30.025   682  2874 W libc    : Unable to set property "ctl.interface_start" to "aidl/stats": PROP_ERROR_HANDLE_CONTROL_MESSAGE (0x20)
08-28 18:23:30.366  2387  2963 V DisplayPowerController[0]: Brightness [0.0] reason changing to: 'automatic [ dim ]', previous reason: 'automatic'.
08-28 18:23:30.367  2387  2963 I DisplayPowerController[0]: BrightnessEvent: brt=0.0 (0.0%), nits= 2.0, lux=0.0, reason=automatic [ dim ], strat=AutomaticBrightnessStrategy, state=ON, stateReason=KEY, policy=DIM, flags=, initBrt=0.009072112, rcmdBrt=0.009072112, preBrt=0.030799717, preLux=9.0, wasShortTermModelActive=false, autoBrightness=true (default), unclampedBrt=0.009072112, hbmMax=1.0, hbmMode=off, thrmMax=1.0, rbcStrength=81, powerFactor=1.0, physDisp=Built-in Screen(local:4630946736638489730), logicalId=0, slowChange=false, rampSpeed=0.5
08-28 18:23:30.381  2205  3277 D libsensor-B2SNotifier: Backlight2SlpiNotifier brightness = 18
08-28 18:23:30.394  2205  3277 D libsensor-B2SNotifier: Backlight2SlpiNotifier brightness = 16
08-28 18:23:30.412  2205  3277 D libsensor-B2SNotifier: Backlight2SlpiNotifier brightness = 14
08-28 18:23:30.427  2205  3277 D libsensor-B2SNotifier: Backlight2SlpiNotifier brightness = 13
08-28 18:23:30.444  2205  3277 D libsensor-B2SNotifier: Backlight2SlpiNotifier brightness = 11
08-28 18:23:30.460  2205  3277 D libsensor-B2SNotifier: Backlight2SlpiNotifier brightness = 10
08-28 18:23:30.477  2205  3277 D libsensor-B2SNotifier: Backlight2SlpiNotifier brightness = 9
08-28 18:23:30.494  2205  3277 D libsensor-B2SNotifier: Backlight2SlpiNotifier brightness = 8
08-28 18:23:30.511  2205  3277 D libsensor-B2SNotifier: Backlight2SlpiNotifier brightness = 6
08-28 18:23:30.527  2205  3277 D libsensor-B2SNotifier: Backlight2SlpiNotifier brightness = 5
08-28 18:23:30.543  2205  3277 D libsensor-B2SNotifier: Backlight2SlpiNotifier brightness = 5
08-28 18:23:30.561  2205  3277 D libsensor-B2SNotifier: Backlight2SlpiNotifier brightness = 4
08-28 18:23:30.577  2205  3277 D libsensor-B2SNotifier: Backlight2SlpiNotifier brightness = 3
08-28 18:23:30.593  2205  3277 D libsensor-B2SNotifier: Backlight2SlpiNotifier brightness = 2
08-28 18:23:30.610  2205  3277 D libsensor-B2SNotifier: Backlight2SlpiNotifier brightness = 2
08-28 18:23:30.629  2205  3277 D libsensor-B2SNotifier: Backlight2SlpiNotifier brightness = 1
08-28 18:23:30.644  2205  3277 D libsensor-B2SNotifier: Backlight2SlpiNotifier brightness = 1
08-28 18:23:30.660  2205  3277 D libsensor-B2SNotifier: Backlight2SlpiNotifier brightness = 1
08-28 18:23:30.677  2205  3277 D libsensor-B2SNotifier: Backlight2SlpiNotifier brightness = 1
08-28 18:23:30.694  2205  3277 D libsensor-B2SNotifier: Backlight2SlpiNotifier brightness = 1
08-28 18:23:30.701  2387  3412 W ServiceManagerCppClient: Waited one second for stats (is service started? Number of threads started in the threadpool: 32. Are binder threads started and available?)
08-28 18:23:30.701  1599  1692 W ServiceManagerCppClient: Waited one second for stats (is service started? Number of threads started in the threadpool: 6. Are binder threads started and available?)
08-28 18:23:30.703   682  2906 W libc    : Unable to set property "ctl.interface_start" to "aidl/stats": PROP_ERROR_HANDLE_CONTROL_MESSAGE (0x20)
08-28 18:23:30.704   682  2909 W libc    : Unable to set property "ctl.interface_start" to "aidl/stats": PROP_ERROR_HANDLE_CONTROL_MESSAGE (0x20)
08-28 18:23:30.710  2205  3277 D libsensor-B2SNotifier: Backlight2SlpiNotifier brightness = 1
08-28 18:23:31.024  2117 14751 W ServiceManagerCppClient: Waited one second for stats (is service started? Number of threads started in the threadpool: 17. Are binder threads started and available?)
08-28 18:23:31.027   682  2915 W libc    : Unable to set property "ctl.interface_start" to "aidl/stats": PROP_ERROR_HANDLE_CONTROL_MESSAGE (0x20)
08-28 18:23:31.312  2387  3185 D InetDiagMessage: Destroyed 0 sockets, proto=IPPROTO_TCP, family=AF_INET, states=14
08-28 18:23:31.315  2387  3185 D InetDiagMessage: Destroyed 0 sockets, proto=IPPROTO_TCP, family=AF_INET6, states=14
08-28 18:23:31.315  2387  3185 D InetDiagMessage: Destroyed live tcp sockets for uids={10487} in 7ms
08-28 18:23:31.317  2387  3185 D InetDiagMessage: Destroyed 0 sockets, proto=IPPROTO_TCP, family=AF_INET, states=14
08-28 18:23:31.320  2387  3185 D InetDiagMessage: Destroyed 0 sockets, proto=IPPROTO_TCP, family=AF_INET6, states=14
08-28 18:23:31.320  2387  3185 D InetDiagMessage: Destroyed live tcp sockets for uids={20487} in 5ms
08-28 18:23:31.702  1599  1692 W ServiceManagerCppClient: Waited one second for stats (is service started? Number of threads started in the threadpool: 6. Are binder threads started and available?)
08-28 18:23:31.703  2387  3412 W ServiceManagerCppClient: Waited one second for stats (is service started? Number of threads started in the threadpool: 32. Are binder threads started and available?)
08-28 18:23:31.706   682  2917 W libc    : Unable to set property "ctl.interface_start" to "aidl/stats": PROP_ERROR_HANDLE_CONTROL_MESSAGE (0x20)
08-28 18:23:31.706   682  2916 W libc    : Unable to set property "ctl.interface_start" to "aidl/stats": PROP_ERROR_HANDLE_CONTROL_MESSAGE (0x20)
08-28 18:23:32.025  2117 14751 W ServiceManagerCppClient: Waited one second for stats (is service started? Number of threads started in the threadpool: 17. Are binder threads started and available?)
08-28 18:23:32.028   682  2918 W libc    : Unable to set property "ctl.interface_start" to "aidl/stats": PROP_ERROR_HANDLE_CONTROL_MESSAGE (0x20)
08-28 18:23:32.705  2387  3412 W ServiceManagerCppClient: Waited one second for stats (is service started? Number of threads started in the threadpool: 32. Are binder threads started and available?)
08-28 18:23:32.705  1599  1692 W ServiceManagerCppClient: Waited one second for stats (is service started? Number of threads started in the threadpool: 6. Are binder threads started and available?)
08-28 18:23:32.708   682  2926 W libc    : Unable to set property "ctl.interface_start" to "aidl/stats": PROP_ERROR_HANDLE_CONTROL_MESSAGE (0x20)
08-28 18:23:32.709   682  2932 W libc    : Unable to set property "ctl.interface_start" to "aidl/stats": PROP_ERROR_HANDLE_CONTROL_MESSAGE (0x20)
08-28 18:23:33.027  2117 14751 W ServiceManagerCppClient: Waited one second for stats (is service started? Number of threads started in the threadpool: 17. Are binder threads started and available?)
08-28 18:23:33.029   682  2946 W libc    : Unable to set property "ctl.interface_start" to "aidl/stats": PROP_ERROR_HANDLE_CONTROL_MESSAGE (0x20)
08-28 18:23:33.362  2387  2963 I PowerGroup: Powering off display group due to timeout (groupId= 0, uid= 1000, millisSinceLastUserActivity=15001, lastUserActivityEvent=touch)...
08-28 18:23:33.364  2387  3231 D PocketService: Cannot detect Vendor pocket sensor, sensor is NULL
08-28 18:23:33.364  2387  2963 I PowerManagerService: Going to sleep due to timeout (uid 1000, screenOffTimeout=15000, activityTimeoutWM=-1, maxDimRatio=0.20000005, maxDimDur=7000)...
08-28 18:23:33.368  2387  3238 D BackgroundInstallControlService: Package event received: 0
08-28 18:23:33.368  5563  5563 I GoogleInputMethodService: GoogleInputMethodService.onFinishInput():2054 
08-28 18:23:33.375  5563  5563 I Module  : DeviceLockedStatusModuleProvider$Module.updateDeviceLockedStatus():100 repeatCheckTimes = 0, locked = false
08-28 18:23:33.376  3291  3458 D KeyguardTransitionRepository: (Internal) Setting current transition info: TransitionInfo(ownerName=FromGoneTransitionInteractor(Sleep transition triggered), from=GONE, to=DOZING, animated)
08-28 18:23:33.376  1607  2966 E HWComposer: getLuts: getLuts failed for display 4630946736638489730: UNSUPPORTED (8)
08-28 18:23:33.377  1502  1502 E sensors.elliptic@2.0: Elliptic: batch() 0
08-28 18:23:33.377  1502  1502 E sensors.elliptic@2.0: Elliptic: activate() 0, 1
08-28 18:23:33.383  1502  1559 I Elliptic: Sensor.cpp(47) : I : ACTIVATE sensor, handle = 0, notify-string = ultrasound-proximity, type = 0
08-28 18:23:33.383  1502  1559 I Elliptic: Sensor.cpp(54) : I : ProximitySensor t1 1437760578461 t2 1382889312284
08-28 18:23:33.383  1502  1559 I Elliptic: Sensor.cpp(57) : I : ProximitySensor checking if engine was started less than 1 second ago, diff 54871266177
08-28 18:23:33.383  1502  1559 I Elliptic: Sensor.cpp(60) : I : Engine stops 1 times after last event
08-28 18:23:33.384  1502  1560 D elliptic_notify_audio_hal_hidl: setting value: ultrasound-proximity=1
08-28 18:23:33.384  2387  3838 D BiometricUtils: isEncrypted: false isLockdown: false
08-28 18:23:33.385  3291  3291 D KeyguardViewMediator: KeyguardViewMediator queue processing message: NOTIFY_STARTED_GOING_TO_SLEEP
08-28 18:23:33.385  3291  3291 I KeyguardTransitionRepository: STARTED transition: TransitionStep(from=GONE, to=DOZING, value=0.0, transitionState=STARTED, ownerName=FromGoneTransitionInteractor(Sleep transition triggered))
08-28 18:23:33.386  2387  3226 D BiometricScheduler: [Added] {[26] com.android.server.biometrics.sensors.fingerprint.aidl.FingerprintAuthenticationClient, proto=3, owner=com.android.systemui, cookie=0, requestId=17, userId=0}, new queue size: 1
08-28 18:23:33.386  2387  3226 D BiometricScheduler: [Polled] {[26] com.android.server.biometrics.sensors.fingerprint.aidl.FingerprintAuthenticationClient, proto=3, owner=com.android.systemui, cookie=0, requestId=17, userId=0}, State: 0
08-28 18:23:33.386  2387  3226 D GestureAvailabilityTracker: Notifying gesture availability, active=false
08-28 18:23:33.386  2387  3226 D BiometricScheduler: [Started] {[26] com.android.server.biometrics.sensors.fingerprint.aidl.FingerprintAuthenticationClient, proto=3, owner=com.android.systemui, cookie=0, requestId=17, userId=0}
08-28 18:23:33.386  2387  3226 D BiometricStateCallback: State updated from 0 to 2, client {[26] com.android.server.biometrics.sensors.fingerprint.aidl.FingerprintAuthenticationClient, proto=3, owner=com.android.systemui, cookie=0, requestId=17, userId=0}
08-28 18:23:33.387  2387  3226 D Biometrics/AuthenticationClient: Requesting auth for com.android.systemui
08-28 18:23:33.388  3291  3890 D BiometricStatusRepositoryImpl: authenticationState updated: Started(biometricSourceType=FINGERPRINT, requestReason=DeviceEntryAuthentication)
08-28 18:23:33.390  2228  2228 D [GF_HAL][CustomizedSensorConfigProvider]: check hw_version: MP
08-28 18:23:33.390  2228  2228 D [GF_HAL][CustomizedSensorConfigProvider]: [getConfig] sensorNum=1
08-28 18:23:33.390  1491 24239 D audio_hw_primary: adev_open: enter
08-28 18:23:33.390  1491 24239 D audio_hw_primary: adev_open: returning existing instance of adev
08-28 18:23:33.390  1491 24239 D audio_hw_primary: adev_open: exit
08-28 18:23:33.390  2228  2228 E [GF_HAL][SensorConfigProvider]: [getConfig] open /data/vendor/goodix/gf_sensors.conf fail.
08-28 18:23:33.390  2228  2228 E [GF_HAL][SensorConfigProvider]: [getConfig] exit. err=GF_ERROR_FILE_OPEN_FAILED, errno=1080
08-28 18:23:33.390  2228  2228 D [GF_HAL][DelmarCustomizedProperty]: [getProductDeviceName] get product device name ret=5, buf=venus.
08-28 18:23:33.390  2228  2228 D [GF_HAL][CustomizedSensorConfigProvider]: [getSingleSensorLocation] get sensor location ret=9, property=1080,2092.
08-28 18:23:33.390  2228  2228 D [GF_HAL][CustomizedSensorConfigProvider]: [getSingleSensorLocation] get sensor size ret=7, property=190,190.
08-28 18:23:33.390  2228  2228 D [GF_HAL][CustomizedSensorConfigProvider]: [getSingleSensorLocation] center_x=1175, center_y=2187, radius=95
08-28 18:23:33.390  2228  2228 D [GF_HAL]: [getSensorLocations] sensor0 centerX=1175
08-28 18:23:33.390  2228  2228 D [GF_HAL]: [getSensorLocations] sensor0 centerY=2187
08-28 18:23:33.390  2228  2228 D [GF_HAL]: [getSensorLocations] light radius=95
08-28 18:23:33.390  2228  2228 D [GF_HAL]: authenticate
08-28 18:23:33.390  2228  2228 D [GF_HAL][HalContextExt]: [getHeartRateFlag] mHeartRateFlag = 0
08-28 18:23:33.390  2228  2228 D [GF_HAL][FingerprintCore]: [authenticate] Authenticate.
08-28 18:23:33.390  2228  2228 I [GF_HAL][DelmarHalUtils]: [checkModuleVerions] modules(4) version match passed: a71732e_2206348_4b2ec94_2020.12.03_16:09:49
08-28 18:23:33.390  2228  2228 D [GF_HAL][CaEntry]: [sendCommand] request token: 220, target: 1000, cmd id: 1
08-28 18:23:33.390  2228  2228 D [GF_HAL][CaEntry]: [sendCommand] carveout_ion_handle_fd = 0,carveout_ion_handle_len = 0 
08-28 18:23:33.390  2387  3838 I ColorDisplayService: Turning off night display
08-28 18:23:33.390  1491 24239 D audio_hw_primary: adev_set_parameters: enter: ultrasound-proximity=1
08-28 18:23:33.390  1491 24239 V msm8974_platform: platform_set_parameters: enter: ultrasound-proximity=1
08-28 18:23:33.391  1491 24239 D msm8974_platform: platform_set_parameters: exit with code(0)
08-28 18:23:33.391  1491 24239 D audio_hw_cspl_cal: cirrus_cal_setparameters: enter 0xeb500010
08-28 18:23:33.391  1491 24239 D ultrasound_extn: ultrasound_extn_set_parameters: enable: 1 index: 0 parms: ultrasound-proximity=1
08-28 18:23:33.391  1491 24239 D ultrasound_extn: ultrasound_extn_set_parameters: adev->ultrasound.sensor_activated:1
08-28 18:23:33.391  1491 24239 D ultrasound_extn: ultrasound_extn_start: enter
08-28 18:23:33.391  1491 24239 D ultrasound_extn: ultrasound_extn_start: start_refcount 0
08-28 18:23:33.391  1491 24239 D ultrasound_extn: ultrasound_extn_start: starting
08-28 18:23:33.391  1491 24239 D ultrasound_extn: ultrasound_start: enter
08-28 18:23:33.391  1491 24239 D ultrasound_extn: dump_usecase_list: start ======================================
08-28 18:23:33.391  1491 24239 D ultrasound_extn: dump_usecase_list: enter sensor_activated:1 hw_port_enabled:0 suspended:0
08-28 18:23:33.391  1491 24239 D ultrasound_extn: dump_usecase_list: end ======================================
08-28 18:23:33.391  1491 24239 D audio_route: Apply path: ultrasound-proximity
08-28 18:23:33.395  1491 24239 D ultrasound_extn: ultrasound_start: audio_route_apply_and_update_path err:0
08-28 18:23:33.395  1491 24239 D ultrasound_extn: ultrasound_enable_pseudo_port
08-28 18:23:33.395  1491 24239 D ultrasound_extn: ultrasound_set_pseudo_port_state: on is 1 adev->mode is 0
08-28 18:23:33.395  1491 24239 D ultrasound_extn: ultrasound_set_pseudo_port_state: enter, switch = On
08-28 18:23:33.395  1491 24239 D audio_route: Apply path: ultrasound-on
08-28 18:23:33.396  2387  2963 V DisplayPowerController[0]: Brightness [0.009072112] reason changing to: 'automatic', previous reason: 'automatic [ dim ]'.
08-28 18:23:33.396  2387  2963 I DisplayPowerController[0]: BrightnessEvent: brt=0.009072112 (16.0%), nits= 11.0539665, lux=0.0, reason=automatic, strat=AutomaticBrightnessStrategy, state=ON, stateReason=DEFAULT_POLICY, policy=OFF, flags=, initBrt=0.0, rcmdBrt=0.009072112, preBrt=0.030799717, preLux=9.0, wasShortTermModelActive=false, autoBrightness=true (default), unclampedBrt=0.009072112, hbmMax=1.0, hbmMode=off, thrmMax=1.0, rbcStrength=81, powerFactor=1.0, physDisp=Built-in Screen(local:4630946736638489730), logicalId=0, slowChange=false, rampSpeed=0.0
08-28 18:23:33.398  2228  2228 D [GF_HAL][HalContext]: [invokeCommand] err = 0, errno = GF_SUCCESS
08-28 18:23:33.398  2228  2228 D [GF_HAL][CustomizedFingerprintCore]: [notifyAcquiredInfo] transfer acquired info: 1001 to customized: 1021.
08-28 18:23:33.398  2228  2228 D [GF_HAL][FingerprintCore]: [notifyAcquiredInfo] acquired_info=1021
08-28 18:23:33.398  2228  2228 D android.hardware.biometrics.fingerprint-service.xiaomi: onAcquired(7, 21)
08-28 18:23:33.398  2228  2228 D [GF_HAL][CustomizedSensor]: msg : 8
08-28 18:23:33.398  2228  2228 D [GF_HAL][DelmarHeartbeatRate]: [onMessage] onMessage msg:8
08-28 18:23:33.399  5589  7028 I AiAiEcho: (REDACTED) Settings changed for uri: %s
08-28 18:23:33.399  2387  3226 V BiometricSchedulerOperation: started: {[26] com.android.server.biometrics.sensors.fingerprint.aidl.FingerprintAuthenticationClient, proto=3, owner=com.android.systemui, cookie=0, requestId=17, userId=0}, State: 2
08-28 18:23:33.400  5589  6330 I AiAiEcho: (REDACTED) Predicting[%d]: %s
08-28 18:23:33.400  5589  6330 I AiAiEcho: (REDACTED) EchoTargets: %s
08-28 18:23:33.400  5589  6330 I AiAiEcho: Filtered by AiAi flag check: %s
08-28 18:23:33.400  5589  6330 I AiAiEcho: #remoteViewsTwiddler: feature disabled.
08-28 18:23:33.401  3291  3291 D UdfpsController: showUdfpsOverlay | adding window reason=4
08-28 18:23:33.401  5589  6330 I AiAiEcho: (REDACTED) Predicting[%d]: %s
08-28 18:23:33.401  1491 24239 D ultrasound_extn: ultrasound_start: ultrasound suspend for rx path not enable
08-28 18:23:33.401  1491 24239 E ultrasound_extn: ultrasound_suspend_usecase: suspend
08-28 18:23:33.401  1491 24239 D ultrasound_extn: ultrasound_apply_ramp_down_path: ultrasound ::ramp_down_path
08-28 18:23:33.401  1491 24239 D audio_route: Apply path: ultrasound-rampdown
08-28 18:23:33.402  5589  6330 I AiAiEcho: (REDACTED) EchoTargets: %s
08-28 18:23:33.402  5589  6330 I AiAiEcho: Filtered by AiAi flag check: %s
08-28 18:23:33.402  5589  6330 I AiAiEcho: #remoteViewsTwiddler: feature disabled.
08-28 18:23:33.403  5589  6330 I AiAiEcho: (REDACTED) #postPredictionTargets: Sending updates to UISurface %s with targets# %s (types=[%s])
08-28 18:23:33.404  5589  7028 I AiAiEcho: (REDACTED) Settings changed for uri: %s
08-28 18:23:33.404  5589  6330 I AiAiEcho: (REDACTED) #postPredictionTargets: Sending updates to UISurface %s with targets# %s (types=[%s])
08-28 18:23:33.405  3291  3291 I ndroid.systemui: AssetManager2(0xb40000721b8934b8) locale list changing from [] to [en-US]
08-28 18:23:33.405  5589  6330 I AiAiEcho: (REDACTED) Predicting[%d]: %s
08-28 18:23:33.405  5589  6330 I AiAiEcho: (REDACTED) EchoTargets: %s
08-28 18:23:33.405  5589  6330 I AiAiEcho: Filtered by AiAi flag check: %s
08-28 18:23:33.406  3502  3502 D SsBaseTemplateCard: No text view can be set up
08-28 18:23:33.406  3502  3502 D SsBaseTemplateCard: Passed-in item info is null
08-28 18:23:33.406  3502  3502 D SsBaseTemplateCard: Passed-in item info is null
08-28 18:23:33.406  3502  3502 D SsBaseTemplateCard: Passed-in item info is null
08-28 18:23:33.406  3502  3502 I SsBaseTemplateCard: Secondary card pane is null
08-28 18:23:33.406  5589  6330 I AiAiEcho: #remoteViewsTwiddler: feature disabled.
08-28 18:23:33.406  5589  6330 I AiAiEcho: (REDACTED) Predicting[%d]: %s
08-28 18:23:33.406  5589  6330 I AiAiEcho: (REDACTED) EchoTargets: %s
08-28 18:23:33.406  5589  6330 I AiAiEcho: Filtered by AiAi flag check: %s
08-28 18:23:33.406  5589  6330 I AiAiEcho: #remoteViewsTwiddler: feature disabled.
08-28 18:23:33.407  5589  6330 I AiAiEcho: (REDACTED) #postPredictionTargets: Sending updates to UISurface %s with targets# %s (types=[%s])
08-28 18:23:33.407  5589  6330 I AiAiEcho: (REDACTED) #postPredictionTargets: Sending updates to UISurface %s with targets# %s (types=[%s])
08-28 18:23:33.407  3502  3502 D SsBaseTemplateCard: No text view can be set up
08-28 18:23:33.407  3502  3502 D SsBaseTemplateCard: Passed-in item info is null
08-28 18:23:33.407  3502  3502 D SsBaseTemplateCard: Passed-in item info is null
08-28 18:23:33.407  3502  3502 D SsBaseTemplateCard: Passed-in item info is null
08-28 18:23:33.407  3502  3502 I SsBaseTemplateCard: Secondary card pane is null
08-28 18:23:33.420  1491 24239 D audio_route: Apply path: ultrasound-suspend
08-28 18:23:33.422  1491 24239 D ultrasound_extn: ultrasound_start_tx: enter
08-28 18:23:33.422  1491 24239 D ultrasound_extn: ultrasound_capture_backends_match: snd_device1 = ultrasound-input, snd_device2 = 
08-28 18:23:33.422  1491 24239 E ultrasound_extn: ultrasound_capture_backends_match: Invalid snd_device = 
08-28 18:23:33.422  1491 24239 E ultrasound_extn: ultrasound_select_devices: ultrasound_select_devices get tx snd_device(300: ultrasound-input), rx snd_device(0: )
08-28 18:23:33.422  1491 24239 I msm8974_platform: platform_check_and_set_capture_codec_backend_cfg:txbecf: afe: bitwidth 0, samplerate 96000, channel 1 format 0, backend_idx 18 usecase = 72 device (ultrasound-input)
08-28 18:23:33.422  1491 24239 I msm8974_platform: platform_check_capture_codec_backend_cfg:txbecf: afe: Codec selected backend: 18 current bit width: 0 and sample rate: 96000, channels 1 format 0
08-28 18:23:33.422  1491 24239 W msm8974_platform: platform_get_backend_index:napb: Invalid device - 0 
08-28 18:23:33.422  1491 24239 D msm8974_platform: platform_check_capture_codec_backend_cfg:becf: afe: set BE sample 96000, bit_width 16, channels 1 for ULTRASOUND_TX_BACKEND
08-28 18:23:33.422  1491 24239 I msm8974_platform: platform_check_capture_codec_backend_cfg:txbecf: afe: current backend bit_width 16 sample_rate 96000 channels 1, format 0
08-28 18:23:33.422  1491 24239 D hardware_info: hw_info_append_hw_type : device_name = ultrasound-input
08-28 18:23:33.422  1491 24239 D audio_hw_primary: enable_snd_device: snd_device(300: ultrasound-input)[SND_DEVICE_IN_ULTRASOUND]
08-28 18:23:33.422  1491 24239 D msm8974_platform: platform_get_island_cfg_on_device:island cfg status on snd_device = (ultrasound-input 0)
08-28 18:23:33.422  1491 24239 I soundtrigger: audio_extn_sound_trigger_update_device_status: device 0x12c of type 1 for Event 1, with Raise=0
08-28 18:23:33.422  1491 24239 D audio_route: Apply path: ultrasound-input
08-28 18:23:33.440  1491 24239 D msm8974_platform: fluence nn disabled
08-28 18:23:33.440  1491 24239 D soundtrigger: audio_extn_sound_trigger_update_stream_status: uc_info->id 72 of type 1 for Event 3, with Raise=0
08-28 18:23:33.440  1491 24239 D audio_hw_utils: audio_extn_utils_send_app_type_cfg: usecase->in_snd_device ultrasound-input
08-28 18:23:33.440  1491 24239 E audio_hw_utils: send_app_type_cfg_for_device: Could not get ctl for mixer cmd - Audio Stream Capture 47 App Type Cfg
08-28 18:23:33.440  1491 24239 D msm8974_platform: fluence nn disabled
08-28 18:23:33.440  1491 24239 D audio_hw_primary: enable_audio_route: apply mixer and update path: ultrasound-proximity-input ultrasund-tx
08-28 18:23:33.440  1491 24239 D audio_route: Apply path: ultrasound-proximity-input ultrasund-tx
08-28 18:23:33.440  1491 24239 D audio_hw_primary: [force reset] create ultrasound-proximity-input ultrasund-tx 1
08-28 18:23:33.440  1491 24239 D ultrasound_extn: ultrasound_start_tx: pcm device id 47
08-28 18:23:33.457  1491 24239 D ultrasound_extn: ultrasound_start_tx: exit - success
08-28 18:23:33.458  1491 24239 D ultrasound_extn: ultrasound_start: ultrasound_start_tx err:0
08-28 18:23:33.458  1491 24239 D ultrasound_extn: ultrasound_start_rx: enter
08-28 18:23:33.458  1491 24239 D ultrasound_extn: ultrasound_new_rx_usecase: RX devices:2
08-28 18:23:33.458  1491 24239 E msm8974_platform: platform_check_backends_match: Invalid snd_device2 = 
08-28 18:23:33.458  1491 24239 E ultrasound_extn: ultrasound_select_devices: ultrasound_select_devices get tx snd_device(0: ), rx snd_device(132: ultrasound-output)
08-28 18:23:33.458  1491 24239 I msm8974_platform: platform_check_and_set_codec_backend_cfg:becf: afe: bitwidth 24, samplerate 96000 channels 1, backend_idx 5 usecase = 71 device (ultrasound-output)
08-28 18:23:33.458  1491 24239 I msm8974_platform: platform_check_and_set_codec_backend_cfg: new_snd_devices[0] is 132
08-28 18:23:33.458  1491 24239 I msm8974_platform: platform_check_codec_backend_cfg:becf: afe: bitwidth 24, samplerate 96000 channels 1, backend_idx 5 usecase = 71 device (ultrasound-output)
08-28 18:23:33.461  1491 24239 D msm8974_platform: platform_check_codec_backend_cfg:becf: updated afe: bitwidth 24, samplerate 96000 channels 1,backend_idx 5 usecase = 71 device (ultrasound-output)
08-28 18:23:33.461  1491 24239 D msm8974_platform: platform_check_codec_backend_cfg:becf: afe: set BE sample 96000, bit_width 24, channels 1 for ULTRASOUND_RX_BACKEND
08-28 18:23:33.461  1491 24239 I msm8974_platform: platform_check_codec_backend_cfg:becf: afe: Codec selected backend: 5 updated bit width: 24 and sample rate: 96000
08-28 18:23:33.461  1491 24239 D ultrasound_extn: ultrasound_check_usecases_codec_backend:becf: force routing 0
08-28 18:23:33.461  1491 24239 E msm8974_platform: platform_check_backends_match: Invalid snd_device2 = 
08-28 18:23:33.461  1491 24239 D ultrasound_extn: ultrasound_check_usecases_codec_backend:becf: check_usecases curr [71]=ultrasound-proximity-output device: ultrasound-output, usecase[72]=ultrasound-proximity-input device: backends match 0
08-28 18:23:33.461  1491 24239 E msm8974_platform: platform_check_backends_match: Invalid snd_device2 = 
08-28 18:23:33.461  1491 24239 D ultrasound_extn: ultrasound_check_usecases_codec_backend:becf: check_usecases curr [71]=ultrasound-proximity-output device: ultrasound-output, usecase[71]=ultrasound-proximity-output device: backends match 0
08-28 18:23:33.461  1491 24239 D ultrasound_extn: ultrasound_check_usecases_codec_backend:becf: check_usecases num.of Usecases to switch 0
08-28 18:23:33.461  1491 24239 D hardware_info: hw_info_append_hw_type : device_name = ultrasound-output
08-28 18:23:33.461  1491 24239 D audio_hw_primary: enable_snd_device: snd_device(132: ultrasound-output)[SND_DEVICE_OUT_ULTRASOUND]
08-28 18:23:33.461  1491 24239 D msm8974_platform: platform_get_island_cfg_on_device:island cfg status on snd_device = (ultrasound-output 0)
08-28 18:23:33.461  1491 24239 I soundtrigger: audio_extn_sound_trigger_update_device_status: device 0x84 of type 0 for Event 1, with Raise=0
08-28 18:23:33.461  1491 24239 D audio_route: Apply path: ultrasound-output
08-28 18:23:33.474  1491 24239 D soundtrigger: audio_extn_sound_trigger_update_stream_status: uc_info->id 71 of type 0 for Event 3, with Raise=0
08-28 18:23:33.474  1491 24239 D audio_hw_utils: audio_extn_utils_send_app_type_cfg: usecase->out_snd_device ultrasound-output
08-28 18:23:33.474  1491 24239 D audio_hw_primary: enable_audio_route: apply mixer and update path: ultrasound-proximity-output ultrasund-rx
08-28 18:23:33.474  1491 24239 E audio_route: unable to find path 'ultrasound-proximity-output ultrasund-rx'
08-28 18:23:33.474  1491 24239 D audio_hw_primary: [force reset] create ultrasound-proximity-output ultrasund-rx 1
08-28 18:23:33.474  1491 24239 D ultrasound_extn: ultrasound_start_rx: pcm device id 46
08-28 18:23:33.496  1491 24239 D ultrasound_extn: ultrasound_start_rx: exit - success
08-28 18:23:33.496  1491 24239 D ultrasound_extn: ultrasound_start: ultrasound_start_rx err:0
08-28 18:23:33.496  1491 24239 D ultrasound_extn: ultrasound_start: ultrasound_resume_usecase
08-28 18:23:33.496  1491 24239 D ultrasound_extn: ultrasound_resume_usecase: resume
08-28 18:23:33.498  1491 24239 D ultrasound_extn: dump_usecase_list: start ======================================
