08-28 18:21:53.814 27512 27542 I DialerStatusBarNotifier: com.android.dialer.incall.statusbarnotification.ui.StatusBarNotifier$1.onSuccess:234 Update finished successfully. updateInProgress set to false
08-28 18:21:53.814  2387  6717 D ConnectivityService: Returning UNBLOCKED NetworkInfo to uid=10612
08-28 18:21:53.814 27512 27542 I DialerStatusBarNotifier: com.android.dialer.incall.statusbarnotification.ui.StatusBarNotifier.onCallGraphUpdated:206 updateInProgress: false
08-28 18:21:53.814 27512 27542 I DialerStatusBarNotifier: com.android.dialer.incall.statusbarnotification.ui.StatusBarNotifier.getModel:451 Retrieving StatusBarNotificationModel when the existing model is not present.
08-28 18:21:53.814 27512 27542 I DialerInternalSemanticEventLoggerImpl: com.android.dialer.cui.impl.InternalSemanticEventLoggerImpl.handleEvent:147 CUI event: STATUS_BAR_NOTIFICATION_MODEL_EMPTY; uniqueCallId: 9a195b73-c47a-4a26-be3b-4a846a319adf
08-28 18:21:53.814 27512 27542 I DialerStatusBarNotifier: com.android.dialer.incall.statusbarnotification.ui.StatusBarNotifier.updateModelAndNotification:415 Received new model for Call: null - time to retrieve: 0
08-28 18:21:53.814 27512 27538 I DialerInCallLoggingImpl: com.android.dialer.incall.logging.impl.InCallLoggingImpl.addImpressionInternal:105 InCall-Impression: CUI_INFRA_CUI_EVENT_LOGGED, CallId: DialerCall_1, semantic event ID: null, CUI event ID: 427, CUI error ID: null
08-28 18:21:53.815 27512 27542 I DialerStatusBarNotifier: com.android.dialer.incall.statusbarnotification.ui.StatusBarNotifier.updateModelAndNotification:425 model unchanged, so no updates for now
08-28 18:21:53.815 27512 27542 I DialerStatusBarNotifier: com.android.dialer.incall.statusbarnotification.ui.StatusBarNotifier$1.onSuccess:234 Update finished successfully. updateInProgress set to false
08-28 18:21:53.816 27512 27557 I DialerPhoneLookupInfoConsolidator: com.android.dialer.phonelookup.consolidator.PhoneLookupInfoConsolidator.getName:209 nameSource: CP2_DEFAULT_DIRECTORY
08-28 18:21:53.816 27512 27557 I DialerCallQualityRatingDialogLauncher: com.android.dialer.callqualityrating.impl.service.CallQualityRatingDialogLauncher.shouldRequestFeedback:219 Feedback is not requested by CARRIERSERVICES.apk
08-28 18:21:53.817 27512 27539 I DialerCallQualityRatingDialogLauncher: com.android.dialer.callqualityrating.impl.service.CallQualityRatingDialogLauncher.unregisterReceiver:129 Unregistered FeedbackRequestReceiver
08-28 18:21:53.819  5606  6483 I hbox:interactor: AssetManager2(0xb40000721b7fb258) locale list changing from [] to [en-US]
08-28 18:21:53.820 30234 30316 W JobInfo : Job 'com.facebook.katana/com.facebook.conditionalworker.ConditionalWorkerService#-1199678986' has a deadline with no functional constraints. The deadline won't improve job execution latency. Consider removing the deadline.
08-28 18:21:53.820 27512 27558 I DialerInCallLoggingImpl: com.android.dialer.incall.logging.impl.InCallLoggingImpl.addImpressionInternal:114 InCall-Impression: CALL_SPECIFIC_PSD_DB_UPDATE_SUCCEEDED, CallId: DialerCall_1
08-28 18:21:53.821  2387  6776 W JobInfo : Job 'com.facebook.katana/com.facebook.conditionalworker.ConditionalWorkerService#-1199678986' has a deadline with no functional constraints. The deadline won't improve job execution latency. Consider removing the deadline.
08-28 18:21:53.822  2387  6644 I Telecom : PhoneStateBroadcaster: Broadcasted state change: 0: CSW.sDc(cap)@Axc
08-28 18:21:53.822  2387  6644 I Telecom : IncomingCallNotifier: updateIncomingCall: foundIncomingcall = null: CSW.sDc(cap)@Axc
08-28 18:21:53.823  2119 23773 D NuPlayerDriver: NuPlayerDriver(0xeff80dd0) created, clientPid(2387)
08-28 18:21:53.823   683   683 I hwservicemanager: getTransport: Cannot find entry android.hardware.media.omx@1.0::IOmx/default in either framework or device VINTF manifest.
08-28 18:21:53.824  2119 23773 D MediaPlayerService: OMX service is not available
08-28 18:21:53.824 27512 31548 I DialerDualSimDualActiveImpl: com.android.dialer.dualsim.dualsimdualactive.impl.DualSimDualActiveImpl.getImsMmTelManager:385 No ImsMmTelManager found in cache, creating new instance
08-28 18:21:53.825  2387  8941 I Telecom : PhoneAccountRegistrar: getSimCallManager: SimCallManager for subId 1 queried, returning: null: TSI.gPA(cast)@Axg
08-28 18:21:53.826  2387  3893 D SystemServerTiming: hasUserRestriction-DISALLOW_USER_SWITCH
08-28 18:21:53.826  2387  3893 D SystemServerTiming: getInt-ALLOW_USER_SWITCHING_WHEN_SYSTEM_USER_LOCKED
08-28 18:21:53.826  2387  3893 D SystemServerTiming: isUserUnlocked-USER_SYSTEM
08-28 18:21:53.826  2387  3660 I Telecom : CallAudioRouteController: updateCallAudioState: updating call audio state to [AudioState isMuted: false, route: SPEAKER, supportedRouteMask: EARPIECE, SPEAKER, activeBluetoothDevice: [null], supportedBluetoothDevices: []]: CSW.sDc->CARC.pM_UPDATE_SYSTEM_AUDIO_ROUTE(cap)@Axc
08-28 18:21:53.827  2387  3660 I Telecom : InCallController: Calling onAudioStateChanged, audioState: [AudioState isMuted: false, route: SPEAKER, supportedRouteMask: EARPIECE, SPEAKER, activeBluetoothDevice: [null], supportedBluetoothDevices: []] -> [AudioState isMuted: false, route: SPEAKER, supportedRouteMask: EARPIECE, SPEAKER, activeBluetoothDevice: [null], supportedBluetoothDevices: []]: CSW.sDc->CARC.pM_UPDATE_SYSTEM_AUDIO_ROUTE(cap)@Axc
08-28 18:21:53.827  2387  3660 I Telecom : CallEndpointController: onCallAudioStateChanged, audioState: [AudioState isMuted: false, route: SPEAKER, supportedRouteMask: EARPIECE, SPEAKER, activeBluetoothDevice: [null], supportedBluetoothDevices: []] -> [AudioState isMuted: false, route: SPEAKER, supportedRouteMask: EARPIECE, SPEAKER, activeBluetoothDevice: [null], supportedBluetoothDevices: []]: CSW.sDc->CARC.pM_UPDATE_SYSTEM_AUDIO_ROUTE(cap)@Axc
08-28 18:21:53.827  2387  3660 I Telecom : InCallController: Calling onAvailableCallEndpointsChanged: CSW.sDc->CARC.pM_UPDATE_SYSTEM_AUDIO_ROUTE(cap)@Axc
08-28 18:21:53.829  3502  3502 I NotificationListener: received notification removed event - com.google.android.dialer#UserHandle{0},category=-1
08-28 18:21:53.830 27512 30042 I DialerDualSimDualActiveImpl: com.android.dialer.dualsim.dualsimdualactive.impl.DualSimDualActiveImpl.getImsMmTelManager:385 No ImsMmTelManager found in cache, creating new instance
08-28 18:21:53.830  2387  2387 I Telecom : VoipCallMonitor: onNotificationRemoved: Call-Style notification=[StatusBarNotification(pkg=com.google.android.dialer user=UserHandle{0} id=1 tag=null key=0|com.google.android.dialer|1|null|10490: Notification(channel=phone_ongoing_call shortcut=null contentView=null vibrate=null sound=null defaults=0 flags=ONGOING_EVENT|ONLY_ALERT_ONCE|NO_CLEAR|FOREGROUND_SERVICE|NO_DISMISS color=0xff464747 category=call actions=3 vis=PRIVATE publicVersion=Notification(channel=null shortcut=null contentView=null vibrate=null sound=null defaults=0 flags=0 color=0xff464747 vis=PRIVATE)))] removed
08-28 18:21:53.831  2387  3660 I Telecom : InCallController: Calling onCallEndpointChanged: CSW.sDc->CARC.pM_UPDATE_SYSTEM_AUDIO_ROUTE(cap)@Axc
08-28 18:21:53.832  2387  3893 D SystemServerTiming: getUserSwitchability-0
08-28 18:21:53.832  2387  3893 D SystemServerTiming: TM.isInCall
08-28 18:21:53.832  2387  3660 I Telecom : InCallController: Calling onMuteStateChanged: CSW.sDc->CARC.pM_UPDATE_SYSTEM_AUDIO_ROUTE(cap)@Axc
08-28 18:21:53.832  2387  3660 I Telecom : CallAudioRouteController: Message received: SWITCH_FOCUS=4001, arg1=2: CSW.sDc->CAMSM.pM_1001->CARC.pM_SWITCH_FOCUS(cap)@Axc
08-28 18:21:53.832  2387  3660 I Telecom : CallAudioRouteController: handleSwitchFocus: focus (2): CSW.sDc->CAMSM.pM_1001->CARC.pM_SWITCH_FOCUS(cap)@Axc
08-28 18:21:53.832  2387  6644 I Telecom : Event: RecordEntry TC@2: CONF_CALLS_CHANGED, : CSW.sCC(cap)@Axw
08-28 18:21:53.832  3583  3583 I TelecomFramework: TelephonyConnectionService: onAvailableCallEndpointsChanged TC@2_1: (CSW.sDc->CARC.pM_UPDATE_SYSTEM_AUDIO_ROUTE)->CS.oACEC->H.CS.cASC(cap/cast)@E-Axc
08-28 18:21:53.833  2387  6644 I Telecom : InCallController: Sending updateCall [Call id=TC@2, state=DISCONNECTED, tpac=ComponentInfo{com.android.phone/com.android.services.telephony.TelephonyConnectionService}, 1, UserHandle{0}, cmgr=ComponentInfo{com.android.phone/com.android.services.telephony.TelephonyConnectionService}, 1, UserHandle{0}, handle=tel:**********, vidst=A, childs(0), has_parent(false), cap=[ hld sup_hld mut !v2a], prop=[]], voip=false: CSW.sCC(cap)@Axw
08-28 18:21:53.833  3583  3583 W TelecomFramework: TelephonyConnectionService: onAvailableCallEndpointsChanged - Cannot find conference TC@2_1: (CSW.sDc->CARC.pM_UPDATE_SYSTEM_AUDIO_ROUTE)->CS.oACEC->H.CS.cASC(cap/cast)@E-Axc
08-28 18:21:53.833  3583  3583 I TelecomFramework: TelephonyConnectionService: onCallEndpointChanged TC@2_1 [CallEndpoint Name: Speaker, Type: SPEAKER, Identifier: c72c0181-ae60-4f7d-befd-6eefcc2028f3]: (CSW.sDc->CARC.pM_UPDATE_SYSTEM_AUDIO_ROUTE)->CS.oCEC->H.CS.cASC(cap/cast)@E-Axc
08-28 18:21:53.833  3583  3583 W TelecomFramework: TelephonyConnectionService: onCallEndpointChanged - Cannot find conference TC@2_1: (CSW.sDc->CARC.pM_UPDATE_SYSTEM_AUDIO_ROUTE)->CS.oCEC->H.CS.cASC(cap/cast)@E-Axc
08-28 18:21:53.833  3583  3583 I TelecomFramework: TelephonyConnectionService: onMuteStateChanged TC@2_1 false: (CSW.sDc->CARC.pM_UPDATE_SYSTEM_AUDIO_ROUTE)->CS.oMSC->H.CS.cASC(cap/cast)@E-Axc
08-28 18:21:53.833  3583  3583 W TelecomFramework: TelephonyConnectionService: onMuteStateChanged - Cannot find conference TC@2_1: (CSW.sDc->CARC.pM_UPDATE_SYSTEM_AUDIO_ROUTE)->CS.oMSC->H.CS.cASC(cap/cast)@E-Axc
08-28 18:21:53.833  2387  6644 I Telecom : InCallController: updateCall: skip update for disconnected call to BT ICS: CSW.sCC(cap)@Axw
08-28 18:21:53.834  3583  3583 I TelecomFramework: TelephonyConnectionService: onAudioStateChanged TC@2_1 [AudioState isMuted: false, route: SPEAKER, supportedRouteMask: EARPIECE, SPEAKER, activeBluetoothDevice: [null], supportedBluetoothDevices: []]: (CSW.sDc->CARC.pM_UPDATE_SYSTEM_AUDIO_ROUTE)->CS.cASC->H.CS.cASC(cap/cast)@E-Axc
08-28 18:21:53.834  3583  3583 W TelecomFramework: TelephonyConnectionService: onCallAudioStateChanged - Cannot find conference TC@2_1: (CSW.sDc->CARC.pM_UPDATE_SYSTEM_AUDIO_ROUTE)->CS.cASC->H.CS.cASC(cap/cast)@E-Axc
08-28 18:21:53.834  2387  6644 I Telecom : InCallController: Components updated: [ComponentInfo{android/com.android.ecm.EnhancedConfirmationCallTrackerService}, ComponentInfo{com.google.android.dialer/com.android.incallui.InCallServiceImpl}, ComponentInfo{com.google.android.gms/com.google.android.gms.bankscamwarning.services.BankScamCallDetectionService}, ComponentInfo{com.chiller3.bcr/com.chiller3.bcr.RecorderInCallService}]: CSW.sCC(cap)@Axw
08-28 18:21:53.835  2387  3893 D SystemServerTiming: hasUserRestriction-DISALLOW_USER_SWITCH
08-28 18:21:53.835  2387  3008 I Telecom : Event: RecordEntry TC@2: CONF_CALLS_CHANGED, : CSW.sCC(cap)@Ax4
08-28 18:21:53.835  2387  3893 D SystemServerTiming: getInt-ALLOW_USER_SWITCHING_WHEN_SYSTEM_USER_LOCKED
08-28 18:21:53.835  2387  3893 D SystemServerTiming: isUserUnlocked-USER_SYSTEM
08-28 18:21:53.835  2387  3008 I Telecom : InCallController: Sending updateCall [Call id=TC@2, state=DISCONNECTED, tpac=ComponentInfo{com.android.phone/com.android.services.telephony.TelephonyConnectionService}, 1, UserHandle{0}, cmgr=ComponentInfo{com.android.phone/com.android.services.telephony.TelephonyConnectionService}, 1, UserHandle{0}, handle=tel:**********, vidst=A, childs(0), has_parent(false), cap=[ hld sup_hld mut !v2a], prop=[]], voip=false: CSW.sCC(cap)@Ax4
08-28 18:21:53.835  2387  3008 I Telecom : InCallController: updateCall: skip update for disconnected call to BT ICS: CSW.sCC(cap)@Ax4
08-28 18:21:53.835  2387  3008 I Telecom : InCallController: Components updated: [ComponentInfo{android/com.android.ecm.EnhancedConfirmationCallTrackerService}, ComponentInfo{com.google.android.dialer/com.android.incallui.InCallServiceImpl}, ComponentInfo{com.google.android.gms/com.google.android.gms.bankscamwarning.services.BankScamCallDetectionService}, ComponentInfo{com.chiller3.bcr/com.chiller3.bcr.RecorderInCallService}]: CSW.sCC(cap)@Ax4
08-28 18:21:53.836  2387  3008 I Telecom : CallsManager: markCallAsRemoved; callid=TC@2, immediate.: CSW.rC(cap)@Ax8
08-28 18:21:53.836  5606  5829 I ecqc    : (REDACTED) appOpsListener %s %s
08-28 18:21:53.836  5606  5829 I ecqc    : (REDACTED) Ignoring irrelevant audio permission changes for package %s
08-28 18:21:53.837  2387  2387 I Telecom : ConnectionServiceWrapper: Call count decrement 0, com.android.phone/com.android.services.telephony.TelephonyConnectionService: CSW.rC->CM.pR(cap)@Ax8
08-28 18:21:53.837  2387  2387 I Telecom : ConnectionServiceWrapper: Service unbound ComponentInfo{com.android.phone/com.android.services.telephony.TelephonyConnectionService}, from unbind.: CSW.rC->CM.pR(cap)@Ax8
08-28 18:21:53.839  5606  6483 I hbox:interactor: AssetManager2(0xb40000721b7f6d98) locale list changing from [] to [en-US]
08-28 18:21:53.839  2387  3732 I Telecom : ConnectionServiceFocusManager: updateConnectionServiceFocus connSvr = null: CSW.rC->CM.pR->CSFM.oCSD(cap)@Ax8
08-28 18:21:53.839  2387  3732 I Telecom : ConnectionServiceFocusManager: updateConnectionServiceFocus connSvr = null: CSW.rC->CM.pR->CSFM.oCSD(cap)@Ax8
08-28 18:21:53.839  2387  2387 I Telecom : CallsManager: handleConnectionServiceDeath: service [ConnectionServiceWrapper componentName=ComponentInfo{com.android.phone/com.android.services.telephony.TelephonyConnectionService}] died: CSW.rC->CM.pR(cap)@Ax8
08-28 18:21:53.839  2387  3732 I Telecom : ConnectionServiceFocusManager: updateCurrentFocusCall: mCurrentFocus is null: CSW.rC->CM.pR->CSFM.oCSD(cap)@Ax8
08-28 18:21:53.840  2119 32358 D GenericSource: FileSource remote
08-28 18:21:53.841 27512 27558 I DialerDualSimDualActiveImpl: com.android.dialer.dualsim.dualsimdualactive.impl.DualSimDualActiveImpl.isSubscriptionDsdaRegistration:279 Not all subscription registration states are registered.
08-28 18:21:53.841 30234 30234 W fb4a.AppComponentFactory: Instantiating BroadcastReceiver
08-28 18:21:53.842  2387  2387 I Telecom : Event: RecordEntry TC@2: DESTROYED, null: CSW.rC->CM.pR(cap)@Ax8
08-28 18:21:53.845  2387  2387 I Telecom : InCallController: onCallRemoved: [Call id=TC@2, state=DISCONNECTED, tpac=ComponentInfo{com.android.phone/com.android.services.telephony.TelephonyConnectionService}, 1, UserHandle{0}, cmgr=ComponentInfo{com.android.phone/com.android.services.telephony.TelephonyConnectionService}, 1, UserHandle{0}, handle=tel:**********, vidst=A, childs(0), has_parent(false), cap=[ hld sup_hld mut !v2a], prop=[]], voip=false: CSW.rC->CM.pR(cap)@Ax8
08-28 18:21:53.846  2387  2387 I Telecom : InCallController: onSetCamera callId=TC@2, cameraId=null: CSW.rC->CM.pR(cap)@Ax8
08-28 18:21:53.846  2387  2387 I Telecom : TelecomWakeLock: WakeLock already released with id: 26: CSW.rC->CM.pR(cap)@Ax8
08-28 18:21:53.846  2387  2387 I Telecom : InCallWakeLockController: Releasing full wake lock: CSW.rC->CM.pR(cap)@Ax8
08-28 18:21:53.846  2387  2387 W Telecom : CallDiagnosticServiceController: maybeUnbindCallScreeningService - already unbound: CSW.rC->CM.pR(cap)@Ax8
08-28 18:21:53.846  2387  2387 I Telecom : CallAudioManager: updateForegroundCall; oldFg=none, newFg=none, aDC=, ring=, hold=: CSW.rC->CM.pR(cap)@Ax8
08-28 18:21:53.846  2387  2387 I Telecom : ProximitySensorManager: All calls removed, resetting proximity sensor to default state: CSW.rC->CM.pR(cap)@Ax8
08-28 18:21:53.846  2387  2387 I Telecom : TelecomWakeLock: WakeLock already released with id: 32: CSW.rC->CM.pR(cap)@Ax8
08-28 18:21:53.846  2387  2387 I Telecom : CallAnomalyWatchdog: onCallRemoved: call=[Call id=TC@2, state=DISCONNECTED, tpac=ComponentInfo{com.android.phone/com.android.services.telephony.TelephonyConnectionService}, 1, UserHandle{0}, cmgr=ComponentInfo{com.android.phone/com.android.services.telephony.TelephonyConnectionService}, 1, UserHandle{0}, handle=tel:**********, vidst=A, childs(0), has_parent(false), cap=[ hld sup_hld mut !v2a], prop=[]], voip=false: CSW.rC->CM.pR(cap)@Ax8
08-28 18:21:53.846  2387  2387 I Telecom : IncomingCallNotifier: updateIncomingCall: foundIncomingcall = null: CSW.rC->CM.pR(cap)@Ax8
08-28 18:21:53.846 30234 30234 W fb4a.AppComponentFactory: Instantiating BroadcastReceiver
08-28 18:21:53.852  2387  2387 D MediaSessionService: Global priority session updated - user id=0 package=com.android.server.telecom active=false
08-28 18:21:53.852  2387  2387 D MediaSessionService: onSessionActiveStateChanged: record=com.android.server.telecom/HeadsetMediaButton/1 (userId=0) playbackState=null
08-28 18:21:53.853  2387  2387 D MediaRouter: onRestoreRoute() : route=RouteInfo{ name=Phone, description=null, status=null, category=RouteCategory{ name=System types=ROUTE_TYPE_LIVE_AUDIO ROUTE_TYPE_LIVE_VIDEO  groupable=false }, supportedTypes=ROUTE_TYPE_LIVE_AUDIO ROUTE_TYPE_LIVE_VIDEO , presentationDisplay=null }
08-28 18:21:53.853  2387  2387 V MediaRouter: Selecting route: RouteInfo{ name=Phone, description=null, status=null, category=RouteCategory{ name=System types=ROUTE_TYPE_LIVE_AUDIO ROUTE_TYPE_LIVE_VIDEO  groupable=false }, supportedTypes=ROUTE_TYPE_LIVE_AUDIO ROUTE_TYPE_LIVE_VIDEO , presentationDisplay=null }
08-28 18:21:53.853  1491  1491 D DlbDlbEffect: handle_EFFECT_CMD_SET_PARAM()
08-28 18:21:53.854  1491  1491 D DlbDlbEffect: handle_EFFECT_CMD_SET_PARAM()
08-28 18:21:53.854  1570  1588 V DolbyManagerService: doOnDapParamUpdate() entry
08-28 18:21:53.854  1491 25131 D DlbDapEffectContext: onDapParamUpdate()
08-28 18:21:53.854  3998  3998 I Dtdi    : (REDACTED) [MediaControllerFilter] packageName=%s resolved=%s
08-28 18:21:53.855  1491 25131 D DlbDapEffectContext: onDapParamUpdate()
08-28 18:21:53.855  1570  1588 V DolbyManagerService: doOnDapParamUpdate() exit
08-28 18:21:53.856  2119 32357 I GenericSource: start
08-28 18:21:53.855  3507  3507 I MediaPlayerList: onMediaKeyEventSessionChanged: token=com.google.android.youtube
08-28 18:21:53.857  3507  3507 W MediaPlayerList: com.google.android.youtube is already the active player
08-28 18:21:53.858  2119 32365 D CCodec  : allocate(c2.android.vorbis.decoder)
08-28 18:21:53.861  3507  3507 I MediaPlayerList: sendMediaUpdate: Creating a one item queue for a player with no queue
08-28 18:21:53.861  3507  3507 I bluetooth: system/btif/avrcp/avrcp_service.cc:536 SendMediaUpdate: track_changed=false :  play_state=false :  queue=false
08-28 18:21:53.861 27512 27543 I DialerCallingCardRepositoryImpl: com.google.android.libraries.contacts.callingcard.impl.CallingCardRepositoryImpl$getCallingCard$2.invokeSuspend:124 Calling cards get for [1]
08-28 18:21:53.862  2119 32365 I CCodec  : setting up 'default' as default (vendor) store
08-28 18:21:53.862  5606  6483 I hbox:interactor: AssetManager2(0xb40000721b7fb578) locale list changing from [] to [en-US]
08-28 18:21:53.865  2119 32365 I CCodec  : Created component [c2.android.vorbis.decoder] for [c2.android.vorbis.decoder]
08-28 18:21:53.866  2119 32365 D CCodecConfig: read media type: audio/vorbis
08-28 18:21:53.868  2119 32365 D ReflectedParamUpdater: extent() != 1 for single value type: algo.buffers.max-count.values
08-28 18:21:53.869  2119 32365 D ReflectedParamUpdater: extent() != 1 for single value type: output.subscribed-indices.values
08-28 18:21:53.869  2119 32365 D ReflectedParamUpdater: extent() != 1 for single value type: input.buffers.allocator-ids.values
08-28 18:21:53.869  2119 32365 D ReflectedParamUpdater: extent() != 1 for single value type: output.buffers.allocator-ids.values
08-28 18:21:53.870  2119 32365 D ReflectedParamUpdater: extent() != 1 for single value type: algo.buffers.allocator-ids.values
08-28 18:21:53.870  2119 32365 D ReflectedParamUpdater: extent() != 1 for single value type: output.buffers.pool-ids.values
08-28 18:21:53.870  2119 32365 D ReflectedParamUpdater: extent() != 1 for single value type: algo.buffers.pool-ids.values
08-28 18:21:53.870  2387  8941 I CallLog : addEntryAndRemoveExpiredEntries: provider uri=content://0@call_log/calls
08-28 18:21:53.872  2119 32365 I CCodecConfig: query failed after returning 8 values (BAD_INDEX)
08-28 18:21:53.872  2119 32365 D CCodecConfig: c2 config diff is Dict {
08-28 18:21:53.872  2119 32365 D CCodecConfig:   c2::u32 coded.bitrate.value = 64000
08-28 18:21:53.872  2119 32365 D CCodecConfig:   c2::u32 input.buffers.max-size.value = 32768
08-28 18:21:53.872  2119 32365 D CCodecConfig:   c2::u32 input.delay.value = 0
08-28 18:21:53.872  2119 32365 D CCodecConfig:   string input.media-type.value = "audio/vorbis"
08-28 18:21:53.872  2119 32365 D CCodecConfig:   c2::u32 output.large-frame.max-size = 0
08-28 18:21:53.872  2119 32365 D CCodecConfig:   c2::u32 output.large-frame.threshold-size = 0
08-28 18:21:53.872  2119 32365 D CCodecConfig:   string output.media-type.value = "audio/raw"
08-28 18:21:53.872  2119 32365 D CCodecConfig:   c2::u32 raw.channel-count.value = 1
08-28 18:21:53.872  2119 32365 D CCodecConfig:   c2::u32 raw.sample-rate.value = 48000
08-28 18:21:53.872  2119 32365 D CCodecConfig: }
08-28 18:21:53.872 27512 27545 W DialerPatrickCpgStorage: com.android.dialer.patrick.impl.storage.PatrickCpgStorage.fetch:106 Failed to fetch the data. ERROR_CALLING_CARD_ID_NOT_EXIST
08-28 18:21:53.874  2119 32364 E MediaCodec: Media Quality Service not found.
08-28 18:21:53.875 27512 27539 I DialerSingletonScopedExternalsLogging: com.google.android.dialershared.externals.logging.SingletonScopedExternalsLogging.recordCallMethodInvocation:75 event: POWER_MANAGER_IS_WAKE_LOCK_LEVEL_SUPPORTED, function parameters: [32], return value: true
08-28 18:21:53.876 27512 27539 I DialerAccelerometerTracker: com.android.dialer.incall.proximitysensor.impl.incall.AccelerometerTracker.disable:158 disable
08-28 18:21:53.876 27512 27539 I DialerAccelerometerTracker: com.android.dialer.incall.proximitysensor.impl.incall.AccelerometerTracker.disable:167 resetting orientation
08-28 18:21:53.876 27512 27539 I DialerSystemCallLogGlobalContentObserver: com.android.dialer.calllog.systemcalllogobserver.SystemCallLogGlobalContentObserver$1.traceWrappedOnChange:42 change detected, selfChange: false, URI: content://call_log/calls
08-28 18:21:53.876 27512 27539 I DialerAnnotatedCallLogRefreshStarterImpl: com.android.dialer.calllog.refresh.impl.AnnotatedCallLogRefreshStarterImpl.refreshWithoutDirtyCheck:56 refreshWithoutDirtyCheck
08-28 18:21:53.876 27512 27545 I DialerAnnotatedCallLogRefreshRequestRegulator: com.android.dialer.calllog.refresh.impl.AnnotatedCallLogRefreshRequestRegulator.throttleInternalSequentially:116 throttle sequentially
08-28 18:21:53.876 27512 27539 I DialerSuggestContactsGlobalContentObserver: com.android.dialer.suggestcontacts.impl.SuggestContactsGlobalContentObserver$1.traceWrappedOnChange:54 change detected, selfChange: false, URI: content://call_log/calls
08-28 18:21:53.876 27512 27545 I DialerAnnotatedCallLogRefreshRequestRegulator: com.android.dialer.calllog.refresh.impl.AnnotatedCallLogRefreshRequestRegulator.throttleInternalSequentially:164 Refreshing without dirty check
08-28 18:21:53.876 27512 27539 I DialerFrequentsSuggestContacts: com.android.dialer.suggestcontacts.impl.FrequentsSuggestContacts.calculateAndSaveScore:308 calculateAndSaveScore
08-28 18:21:53.876 27512 27545 I DialerRefreshAnnotatedCallLogWorker: com.android.dialer.calllog.refresh.impl.RefreshAnnotatedCallLogWorker.refresh:148 submitting serialized refresh request
08-28 18:21:53.877 27512 27542 I DialerRefreshAnnotatedCallLogWorker: com.android.dialer.calllog.refresh.impl.RefreshAnnotatedCallLogWorker.checkDirtyAndRebuildIfNecessary:176 isDirty: true
08-28 18:21:53.877 27512 27542 I DialerRefreshAnnotatedCallLogWorker: com.android.dialer.calllog.refresh.impl.RefreshAnnotatedCallLogWorker.rebuild:210 filling systemCallLogDataSource
08-28 18:21:53.878 24878 25365 I CallLogProvider: insert uid/pid=1000/2387, uri=content://call_log/calls, rowId=5380
08-28 18:21:53.879  2387  3238 D BackgroundInstallControlService: Package event received: 0
08-28 18:21:53.879  1547 32353 D vendor.qti.vibrator: Notifying on complete
08-28 18:21:53.880  1547  1547 D vendor.qti.vibrator: QTI Vibrator off
08-28 18:21:53.877  2119 32365 D CCodec  : [c2.android.vorbis.decoder] buffers are bound to CCodec for this session
08-28 18:21:53.881  2119 32365 D CCodecConfig: no c2 equivalents for durationUs
08-28 18:21:53.881  2119 32365 D CCodecConfig: no c2 equivalents for csd-1
08-28 18:21:53.881  2119 32365 D CCodecConfig: no c2 equivalents for flags
08-28 18:21:53.881  5606  6483 I hbox:interactor: AssetManager2(0xb40000721b7f9c78) locale list changing from [] to [en-US]
08-28 18:21:53.882  2119 32365 D CCodecConfig: c2 config diff is   c2::u32 coded.bitrate.value = 224000
08-28 18:21:53.882  2119 32365 D CCodecConfig:   c2::u32 raw.channel-count.value = 2
08-28 18:21:53.883  2119 32365 W Codec2Client: query -- param skipped: index = 1107298332.
08-28 18:21:53.883  2119 32365 D CCodec  : encoding statistics level = 0
08-28 18:21:53.883  2119 32365 D CCodec  : setup formats input: AMessage(what = 0x00000000) = {
08-28 18:21:53.883  2119 32365 D CCodec  :   int32_t bitrate = 224000
08-28 18:21:53.883  2119 32365 D CCodec  :   int32_t channel-count = 2
08-28 18:21:53.883  2119 32365 D CCodec  :   int32_t max-input-size = 32768
08-28 18:21:53.883  2119 32365 D CCodec  :   string mime = "audio/vorbis"
08-28 18:21:53.883  2119 32365 D CCodec  :   int32_t sample-rate = 48000
08-28 18:21:53.883  2119 32365 D CCodec  : }
08-28 18:21:53.883  2119 32365 D CCodec  : setup formats output: AMessage(what = 0x00000000) = {
08-28 18:21:53.883  2119 32365 D CCodec  :   int32_t buffer-batch-max-output-size = 0
08-28 18:21:53.883  2119 32365 D CCodec  :   int32_t buffer-batch-threshold-output-size = 0
08-28 18:21:53.883  2119 32365 D CCodec  :   int32_t channel-count = 2
08-28 18:21:53.883  2119 32365 D CCodec  :   string mime = "audio/raw"
08-28 18:21:53.883  2119 32365 D CCodec  :   int32_t sample-rate = 48000
08-28 18:21:53.883  2119 32365 D CCodec  :   int32_t channel-mask = 3
08-28 18:21:53.883  2119 32365 D CCodec  :   int32_t android._config-pcm-encoding = 2
08-28 18:21:53.883  2119 32365 D CCodec  : }
08-28 18:21:53.883  2119 32365 I CCodecConfig: query failed after returning 8 values (BAD_INDEX)
08-28 18:21:53.884  2119 32365 I MediaCodec: MediaCodec will operate in async mode
08-28 18:21:53.884  2119 32364 D MediaCodec: keep callback message for reclaim
08-28 18:21:53.885  2119 32365 W Codec2Client: query -- param skipped: index = 1342179345.
08-28 18:21:53.885  2119 32365 W Codec2Client: query -- param skipped: index = 2415921170.
08-28 18:21:53.886  2119 32365 D CCodecBufferChannel: [c2.android.vorbis.decoder#610] Created input block pool with allocatorID 16 => poolID 27 - OK (0)
08-28 18:21:53.886  2119 32365 I CCodecBufferChannel: [c2.android.vorbis.decoder#610] Created output block pool with allocatorID 16 => poolID 70 - OK
08-28 18:21:53.886  2119 32365 D CCodecBufferChannel: [c2.android.vorbis.decoder#610] Configured output block pool ids 70 => OK
08-28 18:21:53.886  2156  3726 E Codec2-ComponentInterface: We have a failed config
08-28 18:21:53.887  2156 32366 D SimpleC2Component: Using output block pool with poolID 70 => got 70 - 0
08-28 18:21:53.892  2117 14751 W ServiceManagerCppClient: Waited one second for stats (is service started? Number of threads started in the threadpool: 17. Are binder threads started and available?)
08-28 18:21:53.893 27512 27543 I DialerCallingCardRepositoryImpl: com.google.android.libraries.contacts.callingcard.impl.CallingCardRepositoryImpl$getCallingCard$2.invokeSuspend:124 Calling cards get for [1]
08-28 18:21:53.894   682 32367 W libc    : Unable to set property "ctl.interface_start" to "aidl/stats": PROP_ERROR_HANDLE_CONTROL_MESSAGE (0x20)
08-28 18:21:53.896 27512 27542 W DialerPatrickCpgStorage: com.android.dialer.patrick.impl.storage.PatrickCpgStorage.fetch:106 Failed to fetch the data. ERROR_CALLING_CARD_ID_NOT_EXIST
08-28 18:21:53.897  5606  6483 I hbox:interactor: AssetManager2(0xb40000721b7fc838) locale list changing from [] to [en-US]
08-28 18:21:53.897 27512 27557 I DialerSingletonScopedExternalsLogging: com.google.android.dialershared.externals.logging.SingletonScopedExternalsLogging.recordCallMethodInvocation:75 event: POWER_MANAGER_IS_WAKE_LOCK_LEVEL_SUPPORTED, function parameters: [32], return value: true
08-28 18:21:53.898 27512 27557 I DialerAccelerometerTracker: com.android.dialer.incall.proximitysensor.impl.incall.AccelerometerTracker.disable:158 disable
08-28 18:21:53.898 27512 27557 I DialerAccelerometerTracker: com.android.dialer.incall.proximitysensor.impl.incall.AccelerometerTracker.disable:167 resetting orientation
08-28 18:21:53.898 27512 27557 I DialerSingletonScopedExternalsLogging: com.google.android.dialershared.externals.logging.SingletonScopedExternalsLogging.recordCallMethodInvocation:75 event: POWER_MANAGER_IS_WAKE_LOCK_LEVEL_SUPPORTED, function parameters: [32], return value: true
08-28 18:21:53.898 27512 27557 I DialerAccelerometerTracker: com.android.dialer.incall.proximitysensor.impl.incall.AccelerometerTracker.disable:158 disable
08-28 18:21:53.898 27512 27557 I DialerAccelerometerTracker: com.android.dialer.incall.proximitysensor.impl.incall.AccelerometerTracker.disable:167 resetting orientation
08-28 18:21:53.898  1595 12059 D AudioFlinger: Client defaulted notificationFrames to 12000 for frameCount 24000
08-28 18:21:53.898  1595 12059 I AF::PthrPatchRecord: creating track with enforcement level 0
08-28 18:21:53.898 27512 27542 I DialerSingletonScopedExternalsLogging: com.google.android.dialershared.externals.logging.SingletonScopedExternalsLogging.recordCallMethodInvocation:75 event: POWER_MANAGER_IS_WAKE_LOCK_LEVEL_SUPPORTED, function parameters: [32], return value: true
08-28 18:21:53.898  1595 12059 W AF::TrackHandle: OpPlayAudio: not muting track:97 usage:2 for service UID 1000
08-28 18:21:53.898 27512 27542 I DialerAccelerometerTracker: com.android.dialer.incall.proximitysensor.impl.incall.AccelerometerTracker.disable:158 disable
08-28 18:21:53.898 27512 27542 I DialerAccelerometerTracker: com.android.dialer.incall.proximitysensor.impl.incall.AccelerometerTracker.disable:167 resetting orientation
08-28 18:21:53.904  1491 25131 I EffectsFactory: EffectCreate() create_effect
08-28 18:21:53.905  1491 25131 W msm8974_platform: platform_send_gain_dep_cal: Voice call in progress .. ignore setting new cal
08-28 18:21:53.905  1491 25131 E volume_listener: check_and_set_gain_dep_cal: Failed to set gain dep cal level
08-28 18:21:53.907  1491  1491 W msm8974_platform: platform_send_gain_dep_cal: Voice call in progress .. ignore setting new cal
08-28 18:21:53.907  1491  1491 E volume_listener: check_and_set_gain_dep_cal: Failed to set gain dep cal level
08-28 18:21:53.912  2387  2942 I system_server: AssetManager2(0xb40000721b972898) locale list changing from [] to [en-US]
08-28 18:21:53.912  5606  6483 I hbox:interactor: AssetManager2(0xb40000721b7faf38) locale list changing from [] to [en-US]
08-28 18:21:53.914  5606  6483 I hbox:interactor: AssetManager2(0xb40000721b7fa5d8) locale list changing from [] to [en-US]
08-28 18:21:53.914  1491 25131 D DlbDlbEffect: handle_EFFECT_CMD_SET_PARAM()
08-28 18:21:53.914  1491 25131 D DlbDlbEffect: handle_EFFECT_CMD_SET_PARAM()
08-28 18:21:53.915  1570  1588 V DolbyManagerService: doOnDapParamUpdate() entry
08-28 18:21:53.915  1491 25131 D DlbDapEffectContext: onDapParamUpdate()
08-28 18:21:53.916  1491 25131 D DlbDapEffectContext: onDapParamUpdate()
08-28 18:21:53.917  1570  1588 V DolbyManagerService: doOnDapParamUpdate() exit
08-28 18:21:53.919  5606  6483 I hbox:interactor: AssetManager2(0xb40000721b7f8058) locale list changing from [] to [en-US]
08-28 18:21:53.924  5606  6483 I hbox:interactor: AssetManager2(0xb40000721b7f76f8) locale list changing from [] to [en-US]
08-28 18:21:53.925  2119 23773 D MediaPlayerService: onAudioDeviceUpdate deviceIds: 3
08-28 18:21:53.926  2119 32363 D AudioTrack: getTimestamp_l(103): device stall time corrected using current time 1338303308030
08-28 18:21:53.928  5606  6483 I hbox:interactor: AssetManager2(0xb40000721b7f7a18) locale list changing from [] to [en-US]
08-28 18:21:53.932  1491 25131 D DlbDlbEffect: handle_EFFECT_CMD_SET_PARAM()
08-28 18:21:53.932  5606  6483 I hbox:interactor: AssetManager2(0xb40000721b7f5498) locale list changing from [] to [en-US]
08-28 18:21:53.932  1491 25131 D DlbDlbEffect: handle_EFFECT_CMD_SET_PARAM()
08-28 18:21:53.933  1570  1588 V DolbyManagerService: doOnDapParamUpdate() entry
08-28 18:21:53.933  1491 25131 D DlbDapEffectContext: onDapParamUpdate()
08-28 18:21:53.933  1491 25131 D DlbDapEffectContext: onDapParamUpdate()
08-28 18:21:53.933  1570  1588 V DolbyManagerService: doOnDapParamUpdate() exit
08-28 18:21:53.934  5606  6483 I hbox:interactor: AssetManager2(0xb40000721b7f73d8) locale list changing from [] to [en-US]
08-28 18:21:53.936  5606  6483 I hbox:interactor: AssetManager2(0xb40000721b7f5178) locale list changing from [] to [en-US]
08-28 18:21:53.938  5606  6483 I hbox:interactor: AssetManager2(0xb40000721b7eea58) locale list changing from [] to [en-US]
08-28 18:21:53.940  5606  6483 I hbox:interactor: AssetManager2(0xb40000721b7f2298) locale list changing from [] to [en-US]
08-28 18:21:53.942  2387  2942 I system_server: AssetManager2(0xb40000721b97d798) locale list changing from [] to [en-US]
08-28 18:21:53.943  2387  3185 D InetDiagMessage: Destroyed 0 sockets, proto=IPPROTO_TCP, family=AF_INET, states=14
08-28 18:21:53.944  5606  6483 I hbox:interactor: AssetManager2(0xb40000721b7ef9f8) locale list changing from [] to [en-US]
08-28 18:21:53.944  2387  3185 D InetDiagMessage: Destroyed 0 sockets, proto=IPPROTO_TCP, family=AF_INET6, states=14
08-28 18:21:53.945  2387  3185 D InetDiagMessage: Destroyed live tcp sockets for uids={10640} in 4ms
08-28 18:21:53.945  1491 25131 W msm8974_platform: platform_send_gain_dep_cal: Voice call in progress .. ignore setting new cal
08-28 18:21:53.945  1491 25131 E volume_listener: check_and_set_gain_dep_cal: Failed to set gain dep cal level
08-28 18:21:53.946  2387  3185 D InetDiagMessage: Destroyed 0 sockets, proto=IPPROTO_TCP, family=AF_INET, states=14
08-28 18:21:53.947  2387  3185 D InetDiagMessage: Destroyed 0 sockets, proto=IPPROTO_TCP, family=AF_INET6, states=14
08-28 18:21:53.947  5606  6483 I hbox:interactor: AssetManager2(0xb40000721b7f3b98) locale list changing from [] to [en-US]
08-28 18:21:53.947  2387  3185 D InetDiagMessage: Destroyed live tcp sockets for uids={20640} in 2ms
08-28 18:21:53.949  5606  6483 I hbox:interactor: AssetManager2(0xb40000721b7f3558) locale list changing from [] to [en-US]
08-28 18:21:53.950  2387  2942 I system_server: AssetManager2(0xb40000721b978fb8) locale list changing from [] to [en-US]
08-28 18:21:53.951  5606  6483 I hbox:interactor: AssetManager2(0xb40000721b7f0998) locale list changing from [] to [en-US]
08-28 18:21:53.953  5606  6483 I hbox:interactor: AssetManager2(0xb40000721b7f1c58) locale list changing from [] to [en-US]
08-28 18:21:53.956  5606  6483 I hbox:interactor: AssetManager2(0xb40000721b7f41d8) locale list changing from [] to [en-US]
08-28 18:21:53.961 24878 24896 W SQLiteLog: (28) double-quoted string literal: ""
08-28 18:21:53.962 24878 24896 W SQLiteLog: (28) double-quoted string literal: ""
08-28 18:21:53.972  5606  6483 I hbox:interactor: AssetManager2(0xb40000721b7f44f8) locale list changing from [] to [en-US]
08-28 18:21:53.973 24878 24897 I CallLogProvider: delete uid/pid=1000/2387, uri=content://call_log/calls, numChanged=0
08-28 18:21:53.979  2387  8941 I CallLog : addEntry: cleaned up 0 old entries
08-28 18:21:53.979  2387  8941 I Telecom : CallLogManager: LogCall; logged callId=TC@2, uri=content://0@call_log/calls/5380
08-28 18:21:53.983  5606  6483 I hbox:interactor: AssetManager2(0xb40000721b7f0fd8) locale list changing from [] to [en-US]
08-28 18:21:53.985  2387  2942 I system_server: AssetManager2(0xb40000721b976a38) locale list changing from [] to [en-US]
08-28 18:21:53.986 27512 27534 I DialerSystemCallLogDataSourceKt: com.android.dialer.calllog.datasources.systemcalllog.SystemCallLogDataSourceKt.fillFromSystemCallLog:180 found 999 entries
08-28 18:21:53.986 27512 27534 I DialerDialerPhoneNumberUtil: com.android.dialer.phonenumberproto.DialerPhoneNumberUtil.parse:106 country ISO set to default region
08-28 18:21:53.986 27512 27534 I DialerDialerPhoneNumberUtil: com.android.dialer.phonenumberproto.DialerPhoneNumberUtil.parse:193 normalized number is set to valid number
08-28 18:21:53.988 27512 27534 I DialerSystemCallLogDataSourceKt: com.android.dialer.calllog.datasources.systemcalllog.SystemCallLogDataSourceKt.fillFromSystemCallLog:265 found 1 call log entries to remove
08-28 18:21:53.989 27512 27557 I DialerRefreshAnnotatedCallLogWorker: com.android.dialer.calllog.refresh.impl.RefreshAnnotatedCallLogWorker.rebuild:226 filling CallLogChangeBroadcaster
08-28 18:21:53.989  5606  6483 I hbox:interactor: AssetManager2(0xb40000721b7ef6d8) locale list changing from [] to [en-US]
08-28 18:21:53.989 27512 27557 I DialerRefreshAnnotatedCallLogWorker: com.android.dialer.calllog.refresh.impl.RefreshAnnotatedCallLogWorker.rebuild:226 filling PhoneLookupDataSource
08-28 18:21:53.991  2387  3185 D InetDiagMessage: Destroyed 0 sockets, proto=IPPROTO_TCP, family=AF_INET, states=14
08-28 18:21:53.993  2387  3185 D InetDiagMessage: Destroyed 0 sockets, proto=IPPROTO_TCP, family=AF_INET6, states=14
08-28 18:21:53.993  2387  3185 D InetDiagMessage: Destroyed live tcp sockets for uids={10634} in 3ms
08-28 18:21:53.993  2387  3238 D BackgroundInstallControlService: Package event received: 0
08-28 18:21:53.993  5606  6483 I hbox:interactor: AssetManager2(0xb40000721b7f0cb8) locale list changing from [] to [en-US]
08-28 18:21:53.994  2387  3185 D InetDiagMessage: Destroyed 0 sockets, proto=IPPROTO_TCP, family=AF_INET, states=14
08-28 18:21:53.994 27512 27543 I DialerSystemBlockedNumberPhoneLookupContributor: com.android.dialer.phonelookup.blockednumber.SystemBlockedNumberPhoneLookupContributor.getMostRecentInfo:106 getMostRecentInfo
08-28 18:21:53.995 27512 27542 I DialerDataStoreReverseLookupSettings: com.android.dialer.reverselookup.settings.DataStoreReverseLookupSettings.isAapmEnabledByUser:185 Darpa is present
08-28 18:21:53.996  2387  3185 D InetDiagMessage: Destroyed 0 sockets, proto=IPPROTO_TCP, family=AF_INET6, states=14
08-28 18:21:53.996  2387  3238 D BackgroundInstallControlService: Package event received: 0
08-28 18:21:53.996  2387  3185 D InetDiagMessage: Destroyed live tcp sockets for uids={20634} in 3ms
08-28 18:21:53.997 27512 27558 I DialerSpamDenylistDialerMoiraiAvailability: com.android.dialer.spam.moirai.spamdenylist.SpamDenylistDialerMoiraiAvailability.isAvailable:124 Disabled due to no enabled known country [CONTEXT ratelimit_period="1 MINUTES" skipped=7 ]
08-28 18:21:53.997 27512 27558 I DialerMoiraiIntegrationImpl: com.android.dialer.spam.moirai.impl.MoiraiIntegrationImpl.isAvailable:101 Disabled due to availability returning false for role: sre@a594693 [CONTEXT ratelimit_period="1 MINUTES" skipped=7 ]
08-28 18:21:53.999  5606  6483 I hbox:interactor: AssetManager2(0xb40000721b7f25b8) locale list changing from [] to [en-US]
08-28 18:21:54.001 27512 27543 I DialerLegacyCountryDetector: com.android.dialer.location.LegacyCountryDetector.getCurrentCountryIso:98 returning Redacted-2-chars
08-28 18:21:54.001  2387  3185 D InetDiagMessage: Destroyed 2 sockets, proto=IPPROTO_TCP, family=AF_INET, states=14
08-28 18:21:54.002  5606  6483 I hbox:interactor: AssetManager2(0xb40000721b7f1938) locale list changing from [] to [en-US]
08-28 18:21:54.002 29752 29752 I ContentProtectionServic: CP service created
08-28 18:21:54.004  2387  3185 D InetDiagMessage: Destroyed 0 sockets, proto=IPPROTO_TCP, family=AF_INET6, states=14
08-28 18:21:54.004  2387  3185 D InetDiagMessage: Destroyed live tcp sockets for uids={10670} in 5ms
08-28 18:21:54.006  2387  3185 D InetDiagMessage: Destroyed 0 sockets, proto=IPPROTO_TCP, family=AF_INET, states=14
08-28 18:21:54.007  2387  3185 D InetDiagMessage: Destroyed 0 sockets, proto=IPPROTO_TCP, family=AF_INET6, states=14
08-28 18:21:54.007  2387  3185 D InetDiagMessage: Destroyed live tcp sockets for uids={20670} in 3ms
08-28 18:21:54.008  2387  2387 I RemoteContentProtectionService: Connection status for: ComponentInfo{com.google.android.odad/com.google.android.apps.miphone.odad.contentprotection.ContentProtectionService} changed to: connected
08-28 18:21:54.009 29752 29752 I ContentProtectionServic: CP service onConnected
08-28 18:21:54.010 29752 29914 I bne     : Starting to build the allowlist
08-28 18:21:54.015 27512 27539 I DialerFixedDialingNumberPhoneLookupContributor: com.android.dialer.fixeddialingnumber.impl.phonelookup.FixedDialingNumberPhoneLookupContributor.getFdnListFromUri:242 empty cursor
08-28 18:21:54.016 27512 27557 I DialerFixedDialingNumberPhoneLookupContributor: com.android.dialer.fixeddialingnumber.impl.phonelookup.FixedDialingNumberPhoneLookupContributor.getFdnListFromUri:242 empty cursor
08-28 18:21:54.016 27512 27534 V ClearcutMetricXmitter: Transmission is done.
08-28 18:21:54.017  5606  6483 I hbox:interactor: AssetManager2(0xb40000721b7f28d8) locale list changing from [] to [en-US]
08-28 18:21:54.018 27512 27534 I DialerPhoneLookupInfoConsolidator: com.android.dialer.phonelookup.consolidator.PhoneLookupInfoConsolidator.getName:209 nameSource: CP2_DEFAULT_DIRECTORY
08-28 18:21:54.018 27512 27534 I DialerPhoneLookupInfoConsolidator: com.android.dialer.phonelookup.consolidator.PhoneLookupInfoConsolidator.getGeolocation:399 nameSource: CP2_DEFAULT_DIRECTORY
08-28 18:21:54.018 27512 27551 V ClearcutMetricXmitter: Transmission is done.
08-28 18:21:54.018  5606  6483 I hbox:interactor: AssetManager2(0xb40000721b7ec1b8) locale list changing from [] to [en-US]
08-28 18:21:54.020  2387  2942 I system_server: AssetManager2(0xb40000721b97bb78) locale list changing from [] to [en-US]
08-28 18:21:54.020  5606  6483 I hbox:interactor: AssetManager2(0xb40000721b7e7cf8) locale list changing from [] to [en-US]
08-28 18:21:54.021 27512 27542 I DialerPhoneLookupInfoConsolidator: com.android.dialer.phonelookup.consolidator.PhoneLookupInfoConsolidator.getName:209 nameSource: CP2_DEFAULT_DIRECTORY
08-28 18:21:54.021 27512 27542 I DialerPhoneLookupInfoConsolidator: com.android.dialer.phonelookup.consolidator.PhoneLookupInfoConsolidator.getGeolocation:399 nameSource: CP2_DEFAULT_DIRECTORY
08-28 18:21:54.021 27512 27542 I DialerPhoneLookupInfoConsolidator: com.android.dialer.phonelookup.consolidator.PhoneLookupInfoConsolidator.getName:209 nameSource: CP2_DEFAULT_DIRECTORY
08-28 18:21:54.021 27512 27542 I DialerPhoneLookupInfoConsolidator: com.android.dialer.phonelookup.consolidator.PhoneLookupInfoConsolidator.getGeolocation:399 nameSource: CP2_DEFAULT_DIRECTORY
08-28 18:21:54.021 27512 27542 I DialerPhoneLookupInfoConsolidator: com.android.dialer.phonelookup.consolidator.PhoneLookupInfoConsolidator.getName:209 nameSource: CP2_DEFAULT_DIRECTORY
08-28 18:21:54.021 27512 27542 I DialerPhoneLookupInfoConsolidator: com.android.dialer.phonelookup.consolidator.PhoneLookupInfoConsolidator.getGeolocation:399 nameSource: CP2_DEFAULT_DIRECTORY
08-28 18:21:54.021 27512 27542 I DialerPhoneLookupInfoConsolidator: com.android.dialer.phonelookup.consolidator.PhoneLookupInfoConsolidator.getName:209 nameSource: CP2_DEFAULT_DIRECTORY
08-28 18:21:54.021 27512 27542 I DialerPhoneLookupInfoConsolidator: com.android.dialer.phonelookup.consolidator.PhoneLookupInfoConsolidator.getGeolocation:399 nameSource: CP2_DEFAULT_DIRECTORY
08-28 18:21:54.022 27512 27542 I DialerPhoneLookupInfoConsolidator: com.android.dialer.phonelookup.consolidator.PhoneLookupInfoConsolidator.getName:209 nameSource: CP2_DEFAULT_DIRECTORY
08-28 18:21:54.022 27512 27542 I DialerPhoneLookupInfoConsolidator: com.android.dialer.phonelookup.consolidator.PhoneLookupInfoConsolidator.getGeolocation:399 nameSource: CP2_DEFAULT_DIRECTORY
08-28 18:21:54.022 27512 27542 I DialerPhoneLookupInfoConsolidator: com.android.dialer.phonelookup.consolidator.PhoneLookupInfoConsolidator.getName:209 nameSource: CP2_DEFAULT_DIRECTORY
08-28 18:21:54.022 27512 27542 I DialerPhoneLookupInfoConsolidator: com.android.dialer.phonelookup.consolidator.PhoneLookupInfoConsolidator.getGeolocation:399 nameSource: CP2_DEFAULT_DIRECTORY
08-28 18:21:54.022 27512 27542 I DialerPhoneLookupInfoConsolidator: com.android.dialer.phonelookup.consolidator.PhoneLookupInfoConsolidator.getName:209 nameSource: CP2_DEFAULT_DIRECTORY
08-28 18:21:54.022 27512 27542 I DialerPhoneLookupInfoConsolidator: com.android.dialer.phonelookup.consolidator.PhoneLookupInfoConsolidator.getGeolocation:399 nameSource: CP2_DEFAULT_DIRECTORY
08-28 18:21:54.022 27512 27542 I DialerPhoneLookupInfoConsolidator: com.android.dialer.phonelookup.consolidator.PhoneLookupInfoConsolidator.getName:209 nameSource: CP2_DEFAULT_DIRECTORY
08-28 18:21:54.022 27512 27542 I DialerPhoneLookupInfoConsolidator: com.android.dialer.phonelookup.consolidator.PhoneLookupInfoConsolidator.getGeolocation:399 nameSource: CP2_DEFAULT_DIRECTORY
08-28 18:21:54.022 27512 27542 I DialerPhoneLookupInfoConsolidator: com.android.dialer.phonelookup.consolidator.PhoneLookupInfoConsolidator.getName:209 nameSource: CP2_DEFAULT_DIRECTORY
08-28 18:21:54.022 27512 27542 I DialerPhoneLookupInfoConsolidator: com.android.dialer.phonelookup.consolidator.PhoneLookupInfoConsolidator.getGeolocation:399 nameSource: CP2_DEFAULT_DIRECTORY
08-28 18:21:54.022 27512 27542 I DialerPhoneLookupInfoConsolidator: com.android.dialer.phonelookup.consolidator.PhoneLookupInfoConsolidator.getName:209 nameSource: CP2_DEFAULT_DIRECTORY
08-28 18:21:54.022 27512 27542 I DialerPhoneLookupInfoConsolidator: com.android.dialer.phonelookup.consolidator.PhoneLookupInfoConsolidator.getGeolocation:399 nameSource: CP2_DEFAULT_DIRECTORY
08-28 18:21:54.022 27512 27542 I DialerPhoneLookupInfoConsolidator: com.android.dialer.phonelookup.consolidator.PhoneLookupInfoConsolidator.getName:209 nameSource: CP2_DEFAULT_DIRECTORY
08-28 18:21:54.022 27512 27542 I DialerPhoneLookupInfoConsolidator: com.android.dialer.phonelookup.consolidator.PhoneLookupInfoConsolidator.getGeolocation:399 nameSource: CP2_DEFAULT_DIRECTORY
08-28 18:21:54.022 27512 27542 I DialerPhoneLookupInfoConsolidator: com.android.dialer.phonelookup.consolidator.PhoneLookupInfoConsolidator.getName:209 nameSource: CP2_DEFAULT_DIRECTORY
08-28 18:21:54.022 27512 27542 I DialerPhoneLookupInfoConsolidator: com.android.dialer.phonelookup.consolidator.PhoneLookupInfoConsolidator.getGeolocation:399 nameSource: CP2_DEFAULT_DIRECTORY
08-28 18:21:54.022 27512 27542 I DialerPhoneLookupInfoConsolidator: com.android.dialer.phonelookup.consolidator.PhoneLookupInfoConsolidator.getName:209 nameSource: CP2_DEFAULT_DIRECTORY
08-28 18:21:54.022 27512 27542 I DialerPhoneLookupInfoConsolidator: com.android.dialer.phonelookup.consolidator.PhoneLookupInfoConsolidator.getGeolocation:399 nameSource: CP2_DEFAULT_DIRECTORY
08-28 18:21:54.022 27512 27542 I DialerPhoneLookupInfoConsolidator: com.android.dialer.phonelookup.consolidator.PhoneLookupInfoConsolidator.getName:209 nameSource: CP2_DEFAULT_DIRECTORY
08-28 18:21:54.022 27512 27542 I DialerPhoneLookupInfoConsolidator: com.android.dialer.phonelookup.consolidator.PhoneLookupInfoConsolidator.getGeolocation:399 nameSource: CP2_DEFAULT_DIRECTORY
08-28 18:21:54.022 27512 27542 I DialerPhoneLookupInfoConsolidator: com.android.dialer.phonelookup.consolidator.PhoneLookupInfoConsolidator.getName:209 nameSource: CP2_DEFAULT_DIRECTORY
08-28 18:21:54.022 27512 27542 I DialerPhoneLookupInfoConsolidator: com.android.dialer.phonelookup.consolidator.PhoneLookupInfoConsolidator.getGeolocation:399 nameSource: CP2_DEFAULT_DIRECTORY
08-28 18:21:54.023 27512 27542 I DialerPhoneLookupInfoConsolidator: com.android.dialer.phonelookup.consolidator.PhoneLookupInfoConsolidator.getName:209 nameSource: CP2_DEFAULT_DIRECTORY
08-28 18:21:54.023 27512 27542 I DialerPhoneLookupInfoConsolidator: com.android.dialer.phonelookup.consolidator.PhoneLookupInfoConsolidator.getGeolocation:399 nameSource: CP2_DEFAULT_DIRECTORY
08-28 18:21:54.023 27512 27542 I DialerPhoneLookupInfoConsolidator: com.android.dialer.phonelookup.consolidator.PhoneLookupInfoConsolidator.getName:209 nameSource: CP2_DEFAULT_DIRECTORY
08-28 18:21:54.023 27512 27542 I DialerPhoneLookupInfoConsolidator: com.android.dialer.phonelookup.consolidator.PhoneLookupInfoConsolidator.getGeolocation:399 nameSource: CP2_DEFAULT_DIRECTORY
08-28 18:21:54.023 27512 27542 I DialerPhoneLookupInfoConsolidator: com.android.dialer.phonelookup.consolidator.PhoneLookupInfoConsolidator.getName:209 nameSource: CP2_DEFAULT_DIRECTORY
08-28 18:21:54.023 27512 27542 I DialerPhoneLookupInfoConsolidator: com.android.dialer.phonelookup.consolidator.PhoneLookupInfoConsolidator.getGeolocation:399 nameSource: CP2_DEFAULT_DIRECTORY
08-28 18:21:54.023 27512 27542 I DialerPhoneLookupInfoConsolidator: com.android.dialer.phonelookup.consolidator.PhoneLookupInfoConsolidator.getName:209 nameSource: CP2_DEFAULT_DIRECTORY
08-28 18:21:54.023 27512 27542 I DialerPhoneLookupInfoConsolidator: com.android.dialer.phonelookup.consolidator.PhoneLookupInfoConsolidator.getGeolocation:399 nameSource: CP2_DEFAULT_DIRECTORY
08-28 18:21:54.023 27512 27542 I DialerPhoneLookupInfoConsolidator: com.android.dialer.phonelookup.consolidator.PhoneLookupInfoConsolidator.getName:209 nameSource: CP2_DEFAULT_DIRECTORY
08-28 18:21:54.023 27512 27542 I DialerPhoneLookupInfoConsolidator: com.android.dialer.phonelookup.consolidator.PhoneLookupInfoConsolidator.getGeolocation:399 nameSource: CP2_DEFAULT_DIRECTORY
08-28 18:21:54.023 27512 27542 I DialerPhoneLookupInfoConsolidator: com.android.dialer.phonelookup.consolidator.PhoneLookupInfoConsolidator.getName:209 nameSource: CP2_DEFAULT_DIRECTORY
