08-28 18:53:16.824  3291 18829 W MediaPlayer: 	at android.content.ContentProviderProxy.openTypedAssetFile(ContentProviderNative.java:814)
08-28 18:53:16.824  3291 18829 W MediaPlayer: 	at android.content.ContentResolver.openTypedAssetFileDescriptor(ContentResolver.java:2045)
08-28 18:53:16.824  3291 18829 W MediaPlayer: 	at android.content.ContentResolver.openAssetFileDescriptor(ContentResolver.java:1860)
08-28 18:53:16.824  3291 18829 W MediaPlayer: 	at android.content.ContentResolver.openAssetFileDescriptor(ContentResolver.java:1775)
08-28 18:53:16.824  3291 18829 W MediaPlayer: 	at android.media.MediaPlayer.attemptDataSource(MediaPlayer.java:1156)
08-28 18:53:16.824  3291 18829 W MediaPlayer: 	at android.media.MediaPlayer.setDataSource(MediaPlayer.java:1113)
08-28 18:53:16.824  3291 18829 W MediaPlayer: 	at android.media.MediaPlayer.setDataSource(MediaPlayer.java:1050)
08-28 18:53:16.824  3291 18829 W MediaPlayer: 	at com.android.systemui.media.NotificationPlayer$CreationAndCompletionThread.run(go/retraceme df0f22695a77fcf4e53329f7e0db9557dd30d637b7bcd47f272f7060c1ec50db:107)
08-28 18:53:16.827 18793 18793 I Q       : SCALER_STREAM_CONFIGURATION_MAP ok
08-28 18:53:16.830  2107 19629 I AttributionAndPermissionUtils: checkPermission (forDataDelivery 0 startDataDelivery 0): Permission hard denied for client attribution [uid 10631, pid 18793, packageName "<unknown>"]
08-28 18:53:16.830 18793 18793 I Q       : SCALER_STREAM_CONFIGURATION_MAP ok
08-28 18:53:16.831  2107 19629 I AttributionAndPermissionUtils: checkPermission (forDataDelivery 0 startDataDelivery 0): Permission hard denied for client attribution [uid 10631, pid 18793, packageName "<unknown>"]
08-28 18:53:16.832 18793 18793 I Q       : SCALER_STREAM_CONFIGURATION_MAP ok
08-28 18:53:16.835  2107 19629 I AttributionAndPermissionUtils: checkPermission (forDataDelivery 0 startDataDelivery 0): Permission hard denied for client attribution [uid 10631, pid 18793, packageName "<unknown>"]
08-28 18:53:16.836 18793 18793 I Q       : SCALER_STREAM_CONFIGURATION_MAP ok
08-28 18:53:16.836  5552 18660 D MediaProvider: Open with FUSE. FilePath: /storage/emulated/0/Android/media/com.google.android.soundpicker/Notifications/sound_picker_track_333.ogg. Uid: 10555. Media Capabilities Uid: 0. ShouldRedact: false. ShouldTranscode: false
08-28 18:53:16.838  2107 19629 I AttributionAndPermissionUtils: checkPermission (forDataDelivery 0 startDataDelivery 0): Permission hard denied for client attribution [uid 10631, pid 18793, packageName "<unknown>"]
08-28 18:53:16.840 18793 18793 I Q       : SCALER_STREAM_CONFIGURATION_MAP ok
08-28 18:53:16.842  2107 19629 I AttributionAndPermissionUtils: checkPermission (forDataDelivery 0 startDataDelivery 0): Permission hard denied for client attribution [uid 10631, pid 18793, packageName "<unknown>"]
08-28 18:53:16.843 18793 18793 I Q       : SCALER_STREAM_CONFIGURATION_MAP ok
08-28 18:53:16.844  3291  3291 W TouchableRegionManager: onHeadsUpPinnedModeChanged
08-28 18:53:16.845  2107 19629 I AttributionAndPermissionUtils: checkPermission (forDataDelivery 0 startDataDelivery 0): Permission hard denied for client attribution [uid 10631, pid 18793, packageName "<unknown>"]
08-28 18:53:16.846 18793 18793 I Q       : SCALER_STREAM_CONFIGURATION_MAP ok
08-28 18:53:16.848  2107 19629 I AttributionAndPermissionUtils: checkPermission (forDataDelivery 0 startDataDelivery 0): Permission hard denied for client attribution [uid 10631, pid 18793, packageName "<unknown>"]
08-28 18:53:16.849  2119  2119 D NuPlayerDriver: NuPlayerDriver(0xeff83e90) created, clientPid(3291)
08-28 18:53:16.849 18793 18793 I Q       : SCALER_STREAM_CONFIGURATION_MAP ok
08-28 18:53:16.849   683   683 I hwservicemanager: getTransport: Cannot find entry android.hardware.media.omx@1.0::IOmx/default in either framework or device VINTF manifest.
08-28 18:53:16.849  2119  2119 D MediaPlayerService: OMX service is not available
08-28 18:53:16.851  2107 19629 I AttributionAndPermissionUtils: checkPermission (forDataDelivery 0 startDataDelivery 0): Permission hard denied for client attribution [uid 10631, pid 18793, packageName "<unknown>"]
08-28 18:53:16.852 18793 18793 I Q       : SCALER_STREAM_CONFIGURATION_MAP ok
08-28 18:53:16.854  2107 19629 I AttributionAndPermissionUtils: checkPermission (forDataDelivery 0 startDataDelivery 0): Permission hard denied for client attribution [uid 10631, pid 18793, packageName "<unknown>"]
08-28 18:53:16.855 18793 18793 I Q       : SCALER_STREAM_CONFIGURATION_MAP ok
08-28 18:53:16.857  2107 19629 I AttributionAndPermissionUtils: checkPermission (forDataDelivery 0 startDataDelivery 0): Permission hard denied for client attribution [uid 10631, pid 18793, packageName "<unknown>"]
08-28 18:53:16.858 18793 18793 I Q       : SCALER_STREAM_CONFIGURATION_MAP ok
08-28 18:53:16.860  2107 19629 I AttributionAndPermissionUtils: checkPermission (forDataDelivery 0 startDataDelivery 0): Permission hard denied for client attribution [uid 10631, pid 18793, packageName "<unknown>"]
08-28 18:53:16.860  2119 18832 D GenericSource: FileSource remote
08-28 18:53:16.860 18793 18793 I Q       : SCALER_STREAM_CONFIGURATION_MAP ok
08-28 18:53:16.862  2107 19629 I AttributionAndPermissionUtils: checkPermission (forDataDelivery 0 startDataDelivery 0): Permission hard denied for client attribution [uid 10631, pid 18793, packageName "<unknown>"]
08-28 18:53:16.863 18793 18793 I Q       : SCALER_STREAM_CONFIGURATION_MAP ok
08-28 18:53:16.869  2107 19629 I AttributionAndPermissionUtils: checkPermission (forDataDelivery 0 startDataDelivery 0): Permission hard denied for client attribution [uid 10631, pid 18793, packageName "<unknown>"]
08-28 18:53:16.870 18793 18793 I Q       : SCALER_STREAM_CONFIGURATION_MAP ok
08-28 18:53:16.871  3291  3291 D DeviceEntryIconViewBinder: Initializing device entry fgIconView
08-28 18:53:16.873  2107 19629 I AttributionAndPermissionUtils: checkPermission (forDataDelivery 0 startDataDelivery 0): Permission hard denied for client attribution [uid 10631, pid 18793, packageName "<unknown>"]
08-28 18:53:16.873 18793 18793 I Q       : SCALER_STREAM_CONFIGURATION_MAP ok
08-28 18:53:16.875 18793 18793 I Y       : camera2
08-28 18:53:16.877  2387  6607 D SystemServerTiming: getUserSwitchability-0
08-28 18:53:16.877  2387  6607 D SystemServerTiming: TM.isInCall
08-28 18:53:16.877  2387  6607 D SystemServerTiming: hasUserRestriction-DISALLOW_USER_SWITCH
08-28 18:53:16.877  2387  6607 D SystemServerTiming: getInt-ALLOW_USER_SWITCHING_WHEN_SYSTEM_USER_LOCKED
08-28 18:53:16.877  2387  6607 D SystemServerTiming: isUserUnlocked-USER_SYSTEM
08-28 18:53:16.877  2387  6608 D SystemServerTiming: getUserSwitchability-0
08-28 18:53:16.877  2387  6608 D SystemServerTiming: TM.isInCall
08-28 18:53:16.878  2387  6608 D SystemServerTiming: hasUserRestriction-DISALLOW_USER_SWITCH
08-28 18:53:16.878  2387  6608 D SystemServerTiming: getInt-ALLOW_USER_SWITCHING_WHEN_SYSTEM_USER_LOCKED
08-28 18:53:16.878  2387  6608 D SystemServerTiming: isUserUnlocked-USER_SYSTEM
08-28 18:53:16.878  3291  3291 D BiometricsRepositoryImpl: currentUser authFlags changed, new value: AuthenticationFlags(userId=0, flag=0)
08-28 18:53:16.878  3291  3291 D BiometricsRepositoryImpl: currentUser authFlags changed, new value: AuthenticationFlags(userId=0, flag=0)
08-28 18:53:16.884  2387  3238 D BackgroundInstallControlService: Package event received: 0
08-28 18:53:16.884  2387  3238 D BackgroundInstallControlService: Package event received: 0
08-28 18:53:16.885 18793 18793 I 7e.deviceinfohw: AssetManager2(0xb40000721b7dfff8) locale list changing from [] to [en-US]
08-28 18:53:16.887  3291 18829 D RingtonePlayer: requesting AudioFocus
08-28 18:53:16.888  2387  6607 I MediaFocusControl: requestAudioFocus() from uid/pid 10555/3291 AA=USAGE_NOTIFICATION/CONTENT_TYPE_SONIFICATION clientId=android.media.AudioManager@d0ac187 callingPack=com.android.systemui req=3 flags=0x0 sdk=36
08-28 18:53:16.888 18793 18793 I MainActivity: GLES Version: 196610
08-28 18:53:16.888 18793 18793 I AdrenoGLES-0: QUALCOMM build                   : 329cf4c2a7, I63533b1e29
08-28 18:53:16.888 18793 18793 I AdrenoGLES-0: Build Date                       : 01/31/23
08-28 18:53:16.888 18793 18793 I AdrenoGLES-0: OpenGL ES Shader Compiler Version: EV031.35.01.12
08-28 18:53:16.888 18793 18793 I AdrenoGLES-0: Local Branch                     : 
08-28 18:53:16.888 18793 18793 I AdrenoGLES-0: Remote Branch                    : refs/tags/AU_LINUX_ANDROID_LA.UM.9.14.11.00.00.571.148
08-28 18:53:16.888 18793 18793 I AdrenoGLES-0: Remote Branch                    : NONE
08-28 18:53:16.888 18793 18793 I AdrenoGLES-0: Reconstruct Branch               : NOTHING
08-28 18:53:16.888 18793 18793 I AdrenoGLES-0: Build Config                     : S P 10.0.7 AArch64
08-28 18:53:16.888 18793 18793 I AdrenoGLES-0: Driver Path                      : /vendor/lib64/egl/libGLESv2_adreno.so
08-28 18:53:16.889  2387  6607 I AS.FadeOutManager: unfadeOutUid() uid:10555
08-28 18:53:16.889  3291 18829 D RingtonePlayer: notification will be delayed by 500ms
08-28 18:53:16.890 18793 18834 I LSPosed-Bridge: SimpleSpoofer: Spoofed ro.build.description = mustang_beta-user 16 BP41.250725.006 12701944 release-keys
08-28 18:53:16.891 18793 18793 I AdrenoGLES-0: PFP: 0x016dc094, ME: 0x00000000
08-28 18:53:16.893 18793 18793 I MainActivity: Device EGL Version: 1.0
08-28 18:53:16.894 18793 18793 I MainActivity: GLES Major version is: 3
08-28 18:53:16.898 18793 18793 I ContentCaptureHelper: Setting logging level to OFF
08-28 18:53:16.904  3291  3291 D BiometricsRepositoryImpl: currentUser authFlags changed, new value: AuthenticationFlags(userId=0, flag=0)
08-28 18:53:16.904  3291  3291 D BiometricsRepositoryImpl: currentUser authFlags changed, new value: AuthenticationFlags(userId=0, flag=0)
08-28 18:53:16.904  3291  3291 D BiometricsRepositoryImpl: currentUser authFlags changed, new value: AuthenticationFlags(userId=0, flag=0)
08-28 18:53:16.904  3291  3291 D BiometricsRepositoryImpl: currentUser authFlags changed, new value: AuthenticationFlags(userId=0, flag=0)
08-28 18:53:16.914 18793 18834 W ModemPowerProfile: getAverageBatteryDrainMaH called with unexpected key: 0x0, drain:SLEEP,RAT:DEFAULT
08-28 18:53:16.914 18793 18834 W ModemPowerProfile: getAverageBatteryDrainMaH called with unexpected key: 0x10000000, drain:IDLE,RAT:DEFAULT
08-28 18:53:16.914 18793 18834 W ModemPowerProfile: getAverageBatteryDrainMaH called with unexpected key: 0x20000000, drain:RX,RAT:DEFAULT
08-28 18:53:16.915 18793 18834 W ModemPowerProfile: getAverageBatteryDrainMaH called with unexpected key: 0x30000000, drain:TX,level:0,RAT:DEFAULT
08-28 18:53:16.915 18793 18834 W ModemPowerProfile: getAverageBatteryDrainMaH called with unexpected key: 0x31000000, drain:TX,level:1,RAT:DEFAULT
08-28 18:53:16.915 18793 18834 W ModemPowerProfile: getAverageBatteryDrainMaH called with unexpected key: 0x32000000, drain:TX,level:2,RAT:DEFAULT
08-28 18:53:16.915 18793 18834 W ModemPowerProfile: getAverageBatteryDrainMaH called with unexpected key: 0x33000000, drain:TX,level:3,RAT:DEFAULT
08-28 18:53:16.915 18793 18834 W ModemPowerProfile: getAverageBatteryDrainMaH called with unexpected key: 0x34000000, drain:TX,level:4,RAT:DEFAULT
08-28 18:53:16.922 18793 18836 I Gralloc4: Adding additional valid usage bits: 0x8202000
08-28 18:53:16.925  2387  6611 V GrammaticalInflectionUtils: AttributionSource: android.content.AttributionSource@2345c8c2 does not have READ_SYSTEM_GRAMMATICAL_GENDER permission.
08-28 18:53:16.930  3291  3340 V WindowManagerShell: Transition requested (#236): android.os.BinderProxy@e5e39d9 TransitionRequestInfo { type = OPEN, triggerTask = TaskInfo{userId=0 taskId=115 effectiveUid=10631 displayId=0 isRunning=true baseIntent=Intent { flg=0x10000000 cmp=ru.andr7e.deviceinfohw/.MainActivity } baseActivity=ComponentInfo{ru.andr7e.deviceinfohw/ru.andr7e.deviceinfohw.MainActivity} topActivity=ComponentInfo{ru.andr7e.deviceinfohw/ru.andr7e.deviceinfohw.DeviceInfoActivity} origActivity=null realActivity=ComponentInfo{ru.andr7e.deviceinfohw/ru.andr7e.deviceinfohw.MainActivity} numActivities=2 lastActiveTime=3221305 supportsMultiWindow=true resizeMode=1 isResizeable=true minWidth=-1 minHeight=-1 defaultMinSize=220 token=WCT{android.window.IWindowContainerToken$Stub$Proxy@a94ef9e} topActivityType=1 pictureInPictureParams=null shouldDockBigOverlays=false launchIntoPipHostTaskId=-1 lastParentTaskIdBeforePip=-1 displayCutoutSafeInsets=Rect(0, 0 - 0, 0) topActivityInfo=ActivityInfo{4a05a7f ru.andr7e.deviceinfohw.DeviceInfoActivity} launchCookies=[] positionInParent=Point(0, 0) parentTaskId=-1 isFocused=true isVisible=true isVisibleRequested=true isTopActivityNoDisplay=false isSleeping=false locusId=null displayAreaFeatureId=1 isTopActivityTransparent=false isActivityStackTransparent=false lastNonFullscreenBounds=Rect(373, 908 - 1068, 2348) capturedLink=null capturedLinkTimestamp=0 requestedVisibleTypes=-9 topActivityRequestOpenInBrowserEducationTimestamp=0 appCompatTaskInfo=AppCompatTaskInfo { topActivityInSizeCompat=false eligibleForLetterboxEducation= false isLetterboxEducationEnabled= false isLetterboxDoubleTapEnabled= false eligibleForUserAspectRatioButton= false topActivityBoundsLetterboxed= false isFromLetterboxDoubleTap= false topActivityLetterboxVerticalPosition= -1 topActivityLetterboxHorizontalPosition= -1 topActivityLetterboxWidth=-1 topActivityLetterboxHeight=-1 topActivityAppBounds=Rect(0, 137 - 1440, 3120) isUserFullscreenOverrideEnabled=false isSystemFullscreenOverrideEnabled=false hasMinAspectRatioOverride=false topActivityLetterboxBounds=null cameraCompatTaskInfo=CameraCompatTaskInfo { freeformCameraCompatMode=inactive}} topActivityMainWindowFrame=null}, pipChange = null, remoteTransition = null, displayChange = null, flags = 0, debugId = 236 }
08-28 18:53:16.930  3291  3340 D ShellSplitScreen: logExit: no-op, mLoggerSessionId is null
08-28 18:53:16.931  2387  6611 I ActivityTaskManager: START u0 {xflg=0x4 cmp=ru.andr7e.deviceinfohw/.DeviceInfoActivity} with LAUNCH_MULTIPLE from uid 10631 (sr=39862213) (BAL_ALLOW_VISIBLE_WINDOW) result code=0
08-28 18:53:16.935  2387  3238 D BackgroundInstallControlService: Package event received: 0
08-28 18:53:16.937  3291  6758 V WindowManagerShell: onTransitionReady(transaction=10252086946173)
08-28 18:53:16.938  2387  2934 V WindowManager: Sent Transition (#236) createdAt=08-28 18:53:16.926 via request=TransitionRequestInfo { type = OPEN, triggerTask = TaskInfo{userId=0 taskId=115 effectiveUid=10631 displayId=0 isRunning=true baseIntent=Intent { flg=0x10000000 cmp=ru.andr7e.deviceinfohw/.MainActivity } baseActivity=ComponentInfo{ru.andr7e.deviceinfohw/ru.andr7e.deviceinfohw.MainActivity} topActivity=ComponentInfo{ru.andr7e.deviceinfohw/ru.andr7e.deviceinfohw.DeviceInfoActivity} origActivity=null realActivity=ComponentInfo{ru.andr7e.deviceinfohw/ru.andr7e.deviceinfohw.MainActivity} numActivities=2 lastActiveTime=3221305 supportsMultiWindow=true resizeMode=1 isResizeable=true minWidth=-1 minHeight=-1 defaultMinSize=220 token=WCT{RemoteToken{23acdb3 Task{dc75d1a #115 type=standard A=10631:ru.andr7e.deviceinfohw}}} topActivityType=1 pictureInPictureParams=null shouldDockBigOverlays=false launchIntoPipHostTaskId=-1 lastParentTaskIdBeforePip=-1 displayCutoutSafeInsets=Rect(0, 0 - 0, 0) topActivityInfo=ActivityInfo{8a351d5 ru.andr7e.deviceinfohw.DeviceInfoActivity} launchCookies=[] positionInParent=Point(0, 0) parentTaskId=-1 isFocused=true isVisible=true isVisibleRequested=true isTopActivityNoDisplay=false isSleeping=false locusId=null displayAreaFeatureId=1 isTopActivityTransparent=false isActivityStackTransparent=false lastNonFullscreenBounds=Rect(373, 908 - 1068, 2348) capturedLink=null capturedLinkTimestamp=0 requestedVisibleTypes=-9 topActivityRequestOpenInBrowserEducationTimestamp=0 appCompatTaskInfo=AppCompatTaskInfo { topActivityInSizeCompat=false eligibleForLetterboxEducation= false isLetterboxEducationEnabled= false isLetterboxDoubleTapEnabled= false eligibleForUserAspectRatioButton= false topActivityBoundsLetterboxed= false isFromLetterboxDoubleTap= false topActivityLetterboxVerticalPosition= -1 topActivityLetterboxHorizontalPosition= -1 topActivityLetterboxWidth=-1 topActivityLetterboxHeight=-1 topActivityAppBounds=Rect(0, 137 - 1440, 3120) isUserFullscreenOverrideEnabled=false isSystemFullscreenOverrideEnabled=false hasMinAspectRatioOverride=false topActivityLetterboxBounds=null cameraCompatTaskInfo=CameraCompatTaskInfo { freeformCameraCompatMode=inactive}} topActivityMainWindowFrame=null}, pipChange = null, remoteTransition = null, displayChange = null, flags = 0, debugId = 236 }
08-28 18:53:16.938  2387  2934 V WindowManager:     startWCT=WindowContainerTransaction { changes= {} hops= [] errorCallbackToken=null taskFragmentOrganizer=null }
08-28 18:53:16.938  3291  3340 V WindowManagerShell: onTransitionReady (#236) android.os.BinderProxy@e5e39d9: {id=236 t=OPEN f=0x0 trk=0 r=[0@Point(0, 0)] c=[
08-28 18:53:16.938  3291  3340 V WindowManagerShell:         {m=OPEN f=STARTING_WINDOW_TRANSFER|FILLS_TASK|IS_BEHIND_STARTING_WINDOW leash=Surface(name=ActivityRecord{71859444 u0 ru.andr7e.deviceinfohw/.DeviceInfoActivity)/@0x1136a4c sb=Rect(0, 0 - 0, 0) eb=Rect(0, 0 - 1440, 3200) epz=Point(1440, 3200) d=-1->0 r=-1->0:-1 bc=fffafafa component=ru.andr7e.deviceinfohw/.DeviceInfoActivity},
08-28 18:53:16.938  3291  3340 V WindowManagerShell:         {m=TO_BACK f=FILLS_TASK|IS_BEHIND_STARTING_WINDOW leash=Surface(name=ActivityRecord{39862213 u0 ru.andr7e.deviceinfohw/.MainActivity)/@0x26f9a95 sb=Rect(0, 0 - 1440, 3200) eb=Rect(0, 0 - 1440, 3200) epz=Point(1440, 3200) d=0 bc=fffafafa component=ru.andr7e.deviceinfohw/.MainActivity}
08-28 18:53:16.938  3291  3340 V WindowManagerShell:     ]}
08-28 18:53:16.938  2387  2934 V WindowManager:     info={id=236 t=OPEN f=0x0 trk=0 r=[0@Point(0, 0)] c=[
08-28 18:53:16.938  2387  2934 V WindowManager:         {m=OPEN f=STARTING_WINDOW_TRANSFER|FILLS_TASK|IS_BEHIND_STARTING_WINDOW leash=Surface(name=ActivityRecord{71859444 u0 ru.andr7e.deviceinfohw/.DeviceInfoActivity)/@0xf1eefbf sb=Rect(0, 0 - 0, 0) eb=Rect(0, 0 - 1440, 3200) epz=Point(1440, 3200) d=-1->0 r=-1->0:-1 bc=fffafafa component=ru.andr7e.deviceinfohw/.DeviceInfoActivity},
08-28 18:53:16.938  2387  2934 V WindowManager:         {m=TO_BACK f=FILLS_TASK|IS_BEHIND_STARTING_WINDOW leash=Surface(name=ActivityRecord{39862213 u0 ru.andr7e.deviceinfohw/.MainActivity)/@0xcc791de sb=Rect(0, 0 - 1440, 3200) eb=Rect(0, 0 - 1440, 3200) epz=Point(1440, 3200) d=0 bc=fffafafa component=ru.andr7e.deviceinfohw/.MainActivity}
08-28 18:53:16.938  2387  2934 V WindowManager:     ]}
08-28 18:53:16.938  3291  3340 V WindowManagerShell: Non-visible anim so abort: (#236) android.os.BinderProxy@e5e39d9@0
08-28 18:53:16.939  3291  3340 V WindowManagerShell: Transition animation finished (aborted=true), notifying core (#236) android.os.BinderProxy@e5e39d9@0
08-28 18:53:16.940 18793 18793 I 7e.deviceinfohw: AssetManager2(0xb40000721b7e2578) locale list changing from [] to [en-US]
08-28 18:53:16.941  2387  2934 V WindowManager: Finish Transition (#236): created at 08-28 18:53:16.926 collect-started=0.055ms request-sent=3.208ms started=6.576ms ready=9.631ms sent=11.126ms finished=14.443ms
08-28 18:53:16.942  3291  3340 V WindowManagerShell: Track 0 became idle
08-28 18:53:16.942  3291  3340 V WindowManagerShell: All active transition animations finished
08-28 18:53:16.947  2387  3238 D BackgroundInstallControlService: Package event received: 0
08-28 18:53:16.947  2387  3238 D BackgroundInstallControlService: Package event received: 0
08-28 18:53:16.949 18793 18793 V Configuration: Updating configuration, locales updated from [en_US_#u-mu-celsius] to [en]
08-28 18:53:16.949 18793 18793 I 7e.deviceinfohw: AssetManager2(0xb40000721b7e2578) locale list changing from [en-US] to [en]
08-28 18:53:16.951  2387  6608 D ConnectivityService: requestNetwork for uid/pid:10555/3291 asUid: 10631 activeRequest: null callbackRequest: 952 [NetworkRequest [ REQUEST id=953, [ Capabilities: INTERNET&NOT_RESTRICTED&TRUSTED&NOT_VCN_MANAGED&NOT_BANDWIDTH_CONSTRAINED Uid: 10631 RequestorUid: 10555 RequestorPkg: com.android.systemui UnderlyingNetworks: Null] ]] callback flags: 0 order: 2147483647 isUidTracked: false declaredMethods: AVAIL|BLK
08-28 18:53:16.952  2387  3185 D ConnectivityService: NetReassign [953 : null  100] [c 0] [a 0] [i 1]
08-28 18:53:16.952  2387  3178 D OemPaidWifiNetworkFactory: got request NetworkRequest [ REQUEST id=953, [ Capabilities: INTERNET&NOT_RESTRICTED&TRUSTED&NOT_VCN_MANAGED&NOT_BANDWIDTH_CONSTRAINED Uid: 10631 RequestorUid: 10555 RequestorPkg: com.android.systemui UnderlyingNetworks: Null] ]
08-28 18:53:16.952  2387  3178 D MultiInternetWifiNetworkFactory: got request NetworkRequest [ REQUEST id=953, [ Capabilities: INTERNET&NOT_RESTRICTED&TRUSTED&NOT_VCN_MANAGED&NOT_BANDWIDTH_CONSTRAINED Uid: 10631 RequestorUid: 10555 RequestorPkg: com.android.systemui UnderlyingNetworks: Null] ]
08-28 18:53:16.952  2387  3178 D WifiNetworkFactory: got request NetworkRequest [ REQUEST id=953, [ Capabilities: INTERNET&NOT_RESTRICTED&TRUSTED&NOT_VCN_MANAGED&NOT_BANDWIDTH_CONSTRAINED Uid: 10631 RequestorUid: 10555 RequestorPkg: com.android.systemui UnderlyingNetworks: Null] ]
08-28 18:53:16.952  2387  3178 D UntrustedWifiNetworkFactory: got request NetworkRequest [ REQUEST id=953, [ Capabilities: INTERNET&NOT_RESTRICTED&TRUSTED&NOT_VCN_MANAGED&NOT_BANDWIDTH_CONSTRAINED Uid: 10631 RequestorUid: 10555 RequestorPkg: com.android.systemui UnderlyingNetworks: Null] ]
08-28 18:53:16.958 18793 18793 W TabLayout: MODE_SCROLLABLE + GRAVITY_FILL is not supported, GRAVITY_START will be used instead
08-28 18:53:16.977  3291  3291 D DeviceEntryIconViewBinder: Updating device entry icon image state ForegroundIconViewModel(type=UNLOCK, useAodVariant=false, tint=-1907998, padding=71)
08-28 18:53:16.985 18793 18793 I ContentCaptureHelper: Setting logging level to OFF
08-28 18:53:16.988 18793 18793 D VRI[MainActivity]: visibilityChanged oldVisibility=true newVisibility=false
08-28 18:53:17.004 18793 18793 I LSPosed-Bridge: SimpleSpoofer: Spoofed ro.board.platform = mustang
08-28 18:53:17.075 18793 18793 W WindowOnBackDispatcher: sendCancelIfRunning: isInProgress=false callback=android.view.ViewRootImpl$$ExternalSyntheticLambda13@35c0dbc
08-28 18:53:17.077 18793 18793 D ViewRootImpl: Skipping stats log for color mode
08-28 18:53:17.078  2387  2934 I ActivityTaskManager: Displayed ru.andr7e.deviceinfohw/.DeviceInfoActivity for user 0: +964ms
08-28 18:53:17.082  2387  3238 D BackgroundInstallControlService: Package event received: 0
08-28 18:53:17.109  2387  3162 I ImeTracker: ru.andr7e.deviceinfohw:17eea909: onRequestHide at ORIGIN_SERVER reason HIDE_UNSPECIFIED_WINDOW fromUser false
08-28 18:53:17.110 18793 18793 D InsetsController: hide(ime(), fromIme=false)
08-28 18:53:17.110 18793 18793 I ImeTracker: ru.andr7e.deviceinfohw:17eea909: onCancelled at PHASE_CLIENT_ALREADY_HIDDEN
08-28 18:53:17.116  5563  5563 I GoogleInputMethodService: GoogleInputMethodService.onFinishInput():2054 
08-28 18:53:17.117  2387  6607 I ImeTracker: system_server:d9cd6fe: onRequestHide at ORIGIN_SERVER reason IME_REQUESTED_CHANGED_LISTENER fromUser false
08-28 18:53:17.117  5563  5563 I Module  : DeviceLockedStatusModuleProvider$Module.updateDeviceLockedStatus():100 repeatCheckTimes = 0, locked = false
08-28 18:53:17.117  2387  2937 I ImeTracker: system_server:d9cd6fe: onCancelled at PHASE_SERVER_SHOULD_HIDE
08-28 18:53:17.117  5563  5563 I GoogleInputMethodService: GoogleInputMethodService.onStartInput():1315 onStartInput(EditorInfo{EditorInfo{packageName=ru.andr7e.deviceinfohw, inputType=0, inputTypeString=NULL, enableLearning=false, autoCorrection=false, autoComplete=false, imeOptions=0, privateImeOptions=null, actionName=UNSPECIFIED, actionLabel=null, initialSelStart=-1, initialSelEnd=-1, initialCapsMode=0, label=null, fieldId=0, fieldName=null, extras=null, hintText=null, hintLocales=[]}}, false)
08-28 18:53:17.118  5563  5563 I Module  : DeviceLockedStatusModuleProvider$Module.updateDeviceLockedStatus():100 repeatCheckTimes = 1, locked = false
08-28 18:53:17.126  5563 18864 E aksz    : Got more than one input Future failure. Logging failures after the first
08-28 18:53:17.126  5563 18864 E aksz    : andd: AICore is either not installed or the installed version is too low.
08-28 18:53:17.126  5563 18864 E aksz    : 	at anyi.n(PG:32)
08-28 18:53:17.126  5563 18864 E aksz    : 	at anyi.j(PG:1)
08-28 18:53:17.126  5563 18864 E aksz    : 	at lzq.a(PG:3)
08-28 18:53:17.126  5563 18864 E aksz    : 	at lwp.a(PG:1)
08-28 18:53:17.126  5563 18864 E aksz    : 	at maa.e(PG:11)
08-28 18:53:17.126  5563 18864 E aksz    : 	at lyq.e(PG:78)
08-28 18:53:17.126  5563 18864 E aksz    : 	at lyq.d(PG:36)
08-28 18:53:17.126  5563 18864 E aksz    : 	at lym.c(PG:4)
08-28 18:53:17.126  5563 18864 E aksz    : 	at wxl.cy(PG:47)
08-28 18:53:17.126  5563 18864 E aksz    : 	at yow.run(PG:72)
08-28 18:53:17.126  5563 18864 E aksz    : 	at android.os.Handler.handleCallback(Handler.java:995)
08-28 18:53:17.126  5563 18864 E aksz    : 	at android.os.Handler.dispatchMessage(Handler.java:103)
08-28 18:53:17.126  5563 18864 E aksz    : 	at android.os.Looper.loopOnce(Looper.java:248)
08-28 18:53:17.126  5563 18864 E aksz    : 	at android.os.Looper.loop(Looper.java:338)
08-28 18:53:17.126  5563 18864 E aksz    : 	at android.app.ActivityThread.main(ActivityThread.java:9063)
08-28 18:53:17.126  5563 18864 E aksz    : 	at java.lang.reflect.Method.invoke(Native Method)
08-28 18:53:17.126  5563 18864 E aksz    : 	at com.android.internal.os.RuntimeInit$MethodAndArgsCaller.run(RuntimeInit.java:596)
08-28 18:53:17.126  5563 18864 E aksz    : 	at com.android.internal.os.ZygoteInit.main(ZygoteInit.java:932)
08-28 18:53:17.155  2387  6607 I MediaFocusControl: abandonAudioFocus() from uid/pid 10666/17578 clientId=android.media.AudioManager@3694c7d callingPack=com.whatsapp
08-28 18:53:17.155  2387  6607 I MediaFocusControl: AudioFocus  removeFocusStackEntry(): removing entry for android.media.AudioManager@3694c7d
08-28 18:53:17.325  2387  3238 D BackgroundInstallControlService: Package event received: 0
08-28 18:53:17.391  3291 18829 D RingtonePlayer: player.start piid:535
08-28 18:53:17.391  2119 18831 I GenericSource: start
08-28 18:53:17.392  1491 24552 D DlbDlbEffect: handle_EFFECT_CMD_SET_PARAM()
08-28 18:53:17.393  1491 24552 D DlbDlbEffect: handle_EFFECT_CMD_SET_PARAM()
08-28 18:53:17.392  1570  1588 V DolbyManagerService: doOnDapParamUpdate() entry
08-28 18:53:17.394  1491 24552 D DlbDapEffectContext: onDapParamUpdate()
08-28 18:53:17.394  1491 24552 D DlbDapEffectContext: onDapParamUpdate()
08-28 18:53:17.395  1570  1588 V DolbyManagerService: doOnDapParamUpdate() exit
08-28 18:53:17.399  3291  3291 D MediaRouter: onRestoreRoute() : route=RouteInfo{ name=Phone, description=null, status=null, category=RouteCategory{ name=System types=ROUTE_TYPE_LIVE_AUDIO ROUTE_TYPE_LIVE_VIDEO  groupable=false }, supportedTypes=ROUTE_TYPE_LIVE_AUDIO ROUTE_TYPE_LIVE_VIDEO , presentationDisplay=null }
08-28 18:53:17.399  3291  3291 V MediaRouter: Selecting route: RouteInfo{ name=Phone, description=null, status=null, category=RouteCategory{ name=System types=ROUTE_TYPE_LIVE_AUDIO ROUTE_TYPE_LIVE_VIDEO  groupable=false }, supportedTypes=ROUTE_TYPE_LIVE_AUDIO ROUTE_TYPE_LIVE_VIDEO , presentationDisplay=null }
08-28 18:53:17.399  2119 18867 D CCodec  : allocate(c2.android.vorbis.decoder)
08-28 18:53:17.402  2119 18867 I CCodec  : setting up 'default' as default (vendor) store
08-28 18:53:17.404  2156  3726 D BufferPoolAccessor2.0: bufferpool2 0xb40000788ae27d78 : 0(0 size) total buffers - 0(0 size) used buffers - 0/0 (recycle/alloc) - 0/0 (fetch/transfer)
08-28 18:53:17.404  2156  3726 D BufferPoolAccessor2.0: bufferpool2 0xb40000788ae29248 : 0(0 size) total buffers - 0(0 size) used buffers - 11/15 (recycle/alloc) - 4/14 (fetch/transfer)
08-28 18:53:17.404  2156  3726 D BufferPoolAccessor2.0: bufferpool2 0xb40000788ae261b8 : 0(0 size) total buffers - 0(0 size) used buffers - 0/0 (recycle/alloc) - 0/0 (fetch/transfer)
08-28 18:53:17.405  2119 18867 I CCodec  : Created component [c2.android.vorbis.decoder] for [c2.android.vorbis.decoder]
08-28 18:53:17.406  2119 18867 D CCodecConfig: read media type: audio/vorbis
08-28 18:53:17.406 17578 18521 D BufferPoolAccessor2.0: Destruction - bufferpool2 0xb4000072db87afc8 cached: 0/0M, 0/0% in use; allocs: 1016, 100% recycled; transfers: 1016, 100% unfetched
08-28 18:53:17.408  2119 18867 D ReflectedParamUpdater: extent() != 1 for single value type: algo.buffers.max-count.values
08-28 18:53:17.409  2119 18867 D ReflectedParamUpdater: extent() != 1 for single value type: output.subscribed-indices.values
08-28 18:53:17.409  2119 18867 D ReflectedParamUpdater: extent() != 1 for single value type: input.buffers.allocator-ids.values
08-28 18:53:17.409  2119 18867 D ReflectedParamUpdater: extent() != 1 for single value type: output.buffers.allocator-ids.values
08-28 18:53:17.409  2119 18867 D ReflectedParamUpdater: extent() != 1 for single value type: algo.buffers.allocator-ids.values
08-28 18:53:17.409  2119 18867 D ReflectedParamUpdater: extent() != 1 for single value type: output.buffers.pool-ids.values
08-28 18:53:17.409  2119 18867 D ReflectedParamUpdater: extent() != 1 for single value type: algo.buffers.pool-ids.values
08-28 18:53:17.412  2119 18867 I CCodecConfig: query failed after returning 8 values (BAD_INDEX)
08-28 18:53:17.412  2119 18867 D CCodecConfig: c2 config diff is Dict {
08-28 18:53:17.412  2119 18867 D CCodecConfig:   c2::u32 coded.bitrate.value = 64000
08-28 18:53:17.412  2119 18867 D CCodecConfig:   c2::u32 input.buffers.max-size.value = 32768
08-28 18:53:17.412  2119 18867 D CCodecConfig:   c2::u32 input.delay.value = 0
08-28 18:53:17.412  2119 18867 D CCodecConfig:   string input.media-type.value = "audio/vorbis"
08-28 18:53:17.412  2119 18867 D CCodecConfig:   c2::u32 output.large-frame.max-size = 0
08-28 18:53:17.412  2119 18867 D CCodecConfig:   c2::u32 output.large-frame.threshold-size = 0
08-28 18:53:17.412  2119 18867 D CCodecConfig:   string output.media-type.value = "audio/raw"
08-28 18:53:17.412  2119 18867 D CCodecConfig:   c2::u32 raw.channel-count.value = 1
08-28 18:53:17.412  2119 18867 D CCodecConfig:   c2::u32 raw.sample-rate.value = 48000
08-28 18:53:17.412  2119 18867 D CCodecConfig: }
08-28 18:53:17.414  2119 18866 E MediaCodec: Media Quality Service not found.
08-28 18:53:17.414  2119 18867 D CCodec  : [c2.android.vorbis.decoder] buffers are bound to CCodec for this session
08-28 18:53:17.414  2119 18867 D CCodecConfig: no c2 equivalents for durationUs
08-28 18:53:17.414  2119 18867 D CCodecConfig: no c2 equivalents for csd-1
08-28 18:53:17.414  2119 18867 D CCodecConfig: no c2 equivalents for flags
08-28 18:53:17.415  2119 18867 D CCodecConfig: c2 config diff is   c2::u32 coded.bitrate.value = 120000
08-28 18:53:17.415  2119 18867 W Codec2Client: query -- param skipped: index = 1107298332.
08-28 18:53:17.415  2119 18867 D CCodec  : encoding statistics level = 0
08-28 18:53:17.416  2119 18867 D CCodec  : setup formats input: AMessage(what = 0x00000000) = {
08-28 18:53:17.416  2119 18867 D CCodec  :   int32_t bitrate = 120000
08-28 18:53:17.416  2119 18867 D CCodec  :   int32_t channel-count = 1
08-28 18:53:17.416  2119 18867 D CCodec  :   int32_t max-input-size = 32768
08-28 18:53:17.416  2119 18867 D CCodec  :   string mime = "audio/vorbis"
08-28 18:53:17.416  2119 18867 D CCodec  :   int32_t sample-rate = 48000
08-28 18:53:17.416  2119 18867 D CCodec  : }
08-28 18:53:17.416  2119 18867 D CCodec  : setup formats output: AMessage(what = 0x00000000) = {
08-28 18:53:17.416  2119 18867 D CCodec  :   int32_t buffer-batch-max-output-size = 0
08-28 18:53:17.416  2119 18867 D CCodec  :   int32_t buffer-batch-threshold-output-size = 0
08-28 18:53:17.416  2119 18867 D CCodec  :   int32_t channel-count = 1
08-28 18:53:17.416  2119 18867 D CCodec  :   string mime = "audio/raw"
08-28 18:53:17.416  2119 18867 D CCodec  :   int32_t sample-rate = 48000
08-28 18:53:17.416  2119 18867 D CCodec  :   int32_t channel-mask = 1
08-28 18:53:17.416  2119 18867 D CCodec  :   int32_t android._config-pcm-encoding = 2
08-28 18:53:17.416  2119 18867 D CCodec  : }
08-28 18:53:17.416  2119 18867 I CCodecConfig: query failed after returning 8 values (BAD_INDEX)
08-28 18:53:17.417  2119 18867 I MediaCodec: MediaCodec will operate in async mode
08-28 18:53:17.417  2119 18866 D MediaCodec: keep callback message for reclaim
08-28 18:53:17.417  2119 18867 W Codec2Client: query -- param skipped: index = 1342179345.
08-28 18:53:17.417  2119 18867 W Codec2Client: query -- param skipped: index = 2415921170.
08-28 18:53:17.419  2119 18867 D BufferPoolAccessor2.0: bufferpool2 0xeb6c1c48 : 4(131072 size) total buffers - 4(131072 size) used buffers - 11/19 (recycle/alloc) - 8/34 (fetch/transfer)
08-28 18:53:17.420  2156  3726 D BufferPoolAccessor2.0: bufferpool2 0xb40000788ae24f38 : 0(0 size) total buffers - 0(0 size) used buffers - 1/4 (recycle/alloc) - 3/4 (fetch/transfer)
08-28 18:53:17.420  2156  2701 D BufferPoolAccessor2.0: Destruction - bufferpool2 0xb40000788ae24f38 cached: 0/0M, 0/0% in use; allocs: 4, 25% recycled; transfers: 4, 25% unfetched
08-28 18:53:17.420  2119 18867 D CCodecBufferChannel: [c2.android.vorbis.decoder#559] Created input block pool with allocatorID 16 => poolID 34 - OK (0)
08-28 18:53:17.420  2156  2701 D BufferPoolAccessor2.0: bufferpool2 0xb40000788ae2a968 : 0(0 size) total buffers - 0(0 size) used buffers - 89/93 (recycle/alloc) - 4/92 (fetch/transfer)
08-28 18:53:17.420  2156  2703 D BufferPoolAccessor2.0: Destruction - bufferpool2 0xb40000788ae2a968 cached: 0/0M, 0/0% in use; allocs: 93, 96% recycled; transfers: 92, 96% unfetched
08-28 18:53:17.421  2119 18867 I CCodecBufferChannel: [c2.android.vorbis.decoder#559] Created output block pool with allocatorID 16 => poolID 92 - OK
08-28 18:53:17.421  2119 18867 D CCodecBufferChannel: [c2.android.vorbis.decoder#559] Configured output block pool ids 92 => OK
08-28 18:53:17.421  2156  3726 E Codec2-ComponentInterface: We have a failed config
08-28 18:53:17.422  2156 18868 D SimpleC2Component: Using output block pool with poolID 92 => got 92 - 0
08-28 18:53:17.431  3291  3389 W WindowOnBackDispatcher: sendCancelIfRunning: isInProgress=false callback=android.view.ViewRootImpl$$ExternalSyntheticLambda13@92bb966
08-28 18:53:17.435  1595  1851 D AudioFlinger: Client defaulted notificationFrames to 12000 for frameCount 24000
08-28 18:53:17.435  1595  1851 I AF::PthrPatchRecord: creating track with enforcement level 0
08-28 18:53:17.444  1491  1520 I EffectsFactory: EffectCreate() create_effect
08-28 18:53:17.449  1491  1520 D ACDB-LOADER: ACDB -> send_audvoltable
08-28 18:53:17.449  1491  1520 D ACDB-LOADER: ACDB -> ACDB_CMD_GET_AUDPROC_INSTANCE_GAIN_DEP_STEP_TABLE_SIZE
08-28 18:53:17.449  1491  1520 D android.hardware.audio.service: Failed to fetch the lookup information of the device 0000000F 
08-28 18:53:17.449  1491  1520 D ACDB-LOADER: Error: ACDB_CMD_GET_AUDPROC_INSTANCE_GAIN_DEP_STEP_TABLE_SIZE Returned = -19
08-28 18:53:17.449  1491  1520 D ACDB-LOADER: ACDB -> ACDB_CMD_GET_AUDPROC_INSTANCE_GAIN_DEP_STEP_TABLE, vol index 5
08-28 18:53:17.449  1491  1520 D android.hardware.audio.service: Failed to fetch the lookup information of the device 0000000F 
08-28 18:53:17.449  1491  1520 D ACDB-LOADER: Error: ACDB AudProc vol returned = -19
08-28 18:53:17.449  1491  1520 D ACDB-LOADER: ACDB -> AUDIO_SET_VOL_CAL cal type = 40
08-28 18:53:17.449  1491  5555 D audio_hw_primary: start_output_stream: enter: stream(0xe8ac0010)usecase(12: audio-ull-playback) devices(0x2) is_haptic_usecase(0)
08-28 18:53:17.449  1491  5555 D audio_hw_primary: select_devices for use case (audio-ull-playback in:0 out:0 device:0x2)
08-28 18:53:17.449  1491  5555 D msm8974_platform: platform_get_output_snd_device: enter: output devices(0x2)
08-28 18:53:17.449  1491  5555 D ultrasound_extn: ultrasound_select_devices_pre ultrasound_enabled:0 usecase(audio-ull-playback), devices:2 in_snd_device(0, ), out_snd_device(2, speaker)
08-28 18:53:17.449  1491  5555 D ultrasound_extn: dump_usecase_list: start ======================================
08-28 18:53:17.449  1491  5555 D ultrasound_extn: dump_usecase_list: enter sensor_activated:0 hw_port_enabled:0 suspended:0
08-28 18:53:17.449  1491  5555 D ultrasound_extn: dump_usecase_list: select_devices_pre usecase[#0]:(0, deep-buffer-playback) in_dev:(0, ) out_dv:(2, speaker)
08-28 18:53:17.449  1491  5555 D ultrasound_extn: dump_usecase_list: select_devices_pre usecase[#1]:(12, audio-ull-playback) in_dev:(0, ) out_dv:(0, )
08-28 18:53:17.449  1491  5555 D ultrasound_extn: dump_usecase_list: end ======================================
08-28 18:53:17.449  1491  5555 I msm8974_platform: platform_check_and_set_codec_backend_cfg:becf: afe: bitwidth 16, samplerate 48000 channels 2, backend_idx 4 usecase = 12 device (speaker)
08-28 18:53:17.449  1491  5555 I msm8974_platform: platform_check_and_set_codec_backend_cfg: new_snd_devices[0] is 2
08-28 18:53:17.449  1491  5555 I msm8974_platform: platform_check_codec_backend_cfg:becf: afe: bitwidth 16, samplerate 48000 channels 2, backend_idx 4 usecase = 12 device (speaker)
08-28 18:53:17.449  1491  5555 D msm8974_platform: platform_check_codec_backend_cfg:napb: (0) - (deep-buffer-playback)id (0) sr 48000 bw (24) ch (2) device speaker
08-28 18:53:17.450  2119  2232 D MediaPlayerService: onAudioDeviceUpdate deviceIds: 3
08-28 18:53:17.453  1491  1520 D DlbDlbEffect: handle_EFFECT_CMD_SET_PARAM()
08-28 18:53:17.453  1491  1520 D DlbDlbEffect: handle_EFFECT_CMD_SET_PARAM()
08-28 18:53:17.454  1570  1588 V DolbyManagerService: doOnDapParamUpdate() entry
08-28 18:53:17.454  1491  1520 D DlbDapEffectContext: onDapParamUpdate()
08-28 18:53:17.454  1491  5555 D msm8974_platform: platform_check_codec_backend_cfg:becf: updated afe: bitwidth 24, samplerate 48000 channels 2,backend_idx 4 usecase = 12 device (speaker)
08-28 18:53:17.454  1491  5555 D msm8974_platform: platform_check_codec_backend_cfg:becf: afe: set BE sample 96000, bit_width 24, channels 2 for TDM_RX_0
08-28 18:53:17.454  1491  5555 I msm8974_platform: platform_check_codec_backend_cfg:becf: afe: Codec selected backend: 4 updated bit width: 24 and sample rate: 96000
08-28 18:53:17.454  1491  5555 D audio_hw_primary: check_usecases_codec_backend:becf: force routing 0
08-28 18:53:17.454  1491  5555 D audio_hw_primary: check_usecases_codec_backend:becf: (107) check_usecases curr device: speaker, usecase device:speaker backends match 1
08-28 18:53:17.454  1491  5555 D audio_hw_primary: @@: usecase[0xecd42b90]=deep-buffer-playback, uc_info[0xecd41990]=audio-ull-playback
08-28 18:53:17.454  1491  1520 D DlbDapEffectContext: onDapParamUpdate()
08-28 18:53:17.454  1491  5555 D audio_hw_primary: @@: uc_derive_snd_device=2, snd_device=2
08-28 18:53:17.454  1491  5555 E msm8974_platform: platform_check_backends_match: Invalid snd_device2 = 
08-28 18:53:17.454  1491  5555 D audio_hw_primary: check_usecases_codec_backend:becf: (107) check_usecases curr device: speaker, usecase device: backends match 0
08-28 18:53:17.454  1491  5555 D audio_hw_primary: @@: usecase[0xecd41990]=audio-ull-playback, uc_info[0xecd41990]=audio-ull-playback
08-28 18:53:17.454  1491  5555 D audio_hw_primary: check_usecases_codec_backend:becf: check_usecases num.of Usecases to switch 0
08-28 18:53:17.454  1491  5555 D hardware_info: hw_info_append_hw_type : device_name = speaker
08-28 18:53:17.454  1491  5555 D soundtrigger: audio_extn_sound_trigger_update_stream_status: uc_info->id 12 of type 0 for Event 3, with Raise=0
08-28 18:53:17.454  1491  5555 D audio_hw_utils: audio_extn_utils_send_app_type_cfg: usecase->out_snd_device speaker
08-28 18:53:17.454  1491  5555 I audio_hw_utils: ULL doesnt need sending app type cfg, returning
08-28 18:53:17.454  1491  5555 D DlbQdspGefDriver: eventCallback(): audio device 0x00000002 (sample rate 48000, channelMask 0x00000003, ACDB device id 15, app type 0x11137) becomes active!
08-28 18:53:17.454  1491  5555 D DlbQdspGefDriver: eventCallback(): Ignore values with unexpected app type 0x11137
08-28 18:53:17.454  1491  5555 D ACDB-LOADER: ACDB -> send_audio_cal, acdb_id = 15, path = 0, app id = 0x11137, sample rate = 48000, use_case = 0,buffer_idx_w_path =0, afe_sample_rate = 96000, cal_mode = 1, offset_index = 0
08-28 18:53:17.454  1491  5555 D ACDB-LOADER: ACDB -> send_asm_topology
08-28 18:53:17.454  1570  1588 V DolbyManagerService: doOnDapParamUpdate() exit
08-28 18:53:17.454  1491  5555 D ACDB-LOADER: ACDB -> ACDB_CMD_GET_AUDPROC_STREAM_TOPOLOGY_ID
08-28 18:53:17.454  1491  5555 D ACDB-LOADER: ACDB -> send_adm_topology
08-28 18:53:17.454  1491  5555 D ACDB-LOADER: ACDB -> ACDB_CMD_GET_AUDPROC_COMMON_TOPOLOGY_ID
08-28 18:53:17.454  1491  5555 D ACDB-LOADER: ACDB -> send_audtable
08-28 18:53:17.454  1491  5555 D ACDB-LOADER: ACDB -> ACDB_CMD_GET_AUDPROC_INSTANCE_COMMON_TABLE_SIZE
08-28 18:53:17.455  1491  5555 D ACDB-LOADER: ACDB -> ACDB_CMD_GET_AUDPROC_INSTANCE_COMMON_TABLE
08-28 18:53:17.455  1491  5555 D ACDB-LOADER: ACDB -> AUDIO_SET_AUDPROC_CAL cal_type[11] acdb_id[15] app_type[69943]
08-28 18:53:17.455  1491  5555 D ACDB-LOADER: ACDB -> send_audvoltable
08-28 18:53:17.455  1491  5555 D ACDB-LOADER: ACDB -> ACDB_CMD_GET_AUDPROC_INSTANCE_GAIN_DEP_STEP_TABLE_SIZE
08-28 18:53:17.455  1491  5555 D android.hardware.audio.service: Failed to fetch the lookup information of the device 0000000F 
08-28 18:53:17.455  1491  5555 D ACDB-LOADER: Error: ACDB_CMD_GET_AUDPROC_INSTANCE_GAIN_DEP_STEP_TABLE_SIZE Returned = -19
08-28 18:53:17.455  1491  5555 D ACDB-LOADER: ACDB -> ACDB_CMD_GET_AUDPROC_INSTANCE_GAIN_DEP_STEP_TABLE, vol index 0
08-28 18:53:17.455  1491  5555 D android.hardware.audio.service: Failed to fetch the lookup information of the device 0000000F 
08-28 18:53:17.455  1491  5555 D ACDB-LOADER: Error: ACDB AudProc vol returned = -19
08-28 18:53:17.455  1491  5555 D ACDB-LOADER: ACDB -> AUDIO_SET_VOL_CAL cal type = 12
08-28 18:53:17.455  1491  5555 D ACDB-LOADER: ACDB -> ACDB_CMD_GET_AUDPROC_INSTANCE_STREAM_TABLE_SIZE
08-28 18:53:17.455  1491  5555 D ACDB-LOADER: ACDB -> send_audstrmtable
08-28 18:53:17.455  1491  5555 D ACDB-LOADER: ACDB -> ACDB_CMD_GET_AUDPROC_INSTANCE_STREAM_TABLE
08-28 18:53:17.455  1491  5555 D ACDB-LOADER: ACDB -> audstrm_cal->cal_type.cal_data.cal_size = 20
08-28 18:53:17.455  1491  5555 D ACDB-LOADER: ACDB -> send_afe_topology
08-28 18:53:17.455  1491  5555 D ACDB-LOADER: ACDB -> ACDB_CMD_GET_AFE_TOPOLOGY_ID
08-28 18:53:17.455  1491  5555 D ACDB-LOADER: ACDB -> GET_AFE_TOPOLOGY_ID for adcd_id 15, Topology Id 112fc
08-28 18:53:17.455  1491  5555 D ACDB-LOADER: ACDB -> send_afe_cal
08-28 18:53:17.455  1491  5555 D ACDB-LOADER: ACDB -> ACDB_CMD_GET_AFE_INSTANCE_COMMON_TABLE_SIZE
08-28 18:53:17.455  1491  5555 D android.hardware.audio.service: Failed to fetch the lookup information of the device 0000000F 
08-28 18:53:17.455  1491  5555 D ACDB-LOADER: Error: ACDB_CMD_GET_AFE_INSTANCE_COMMON_TABLE_SIZE Returned = -19
08-28 18:53:17.455  1491  5555 D ACDB-LOADER: ACDB -> ACDB_CMD_GET_AFE_INSTANCE_COMMON_TABLE
08-28 18:53:17.455  1491  5555 D android.hardware.audio.service: Failed to fetch the lookup information of the device 0000000F 
08-28 18:53:17.455  1491  5555 D ACDB-LOADER: Error: ACDB AFE returned = -19
08-28 18:53:17.455  1491  5555 D ACDB-LOADER: ACDB -> AUDIO_SET_AFE_CAL cal_type[16] acdb_id[15]
08-28 18:53:17.455  1491  5555 D ACDB-LOADER: ACDB -> send_hw_delay : acdb_id = 15 path = 0
08-28 18:53:17.455  1491  5555 D ACDB-LOADER: ACDB -> ACDB_AVSYNC_INFO: ACDB_CMD_GET_DEVICE_PROPERTY
08-28 18:53:17.455  1491  5555 D audio_hw_primary: enable_audio_route: apply mixer and update path: audio-ull-playback speaker
08-28 18:53:17.455  1491  5555 D audio_route: Apply path: audio-ull-playback speaker
08-28 18:53:17.457  1491  5555 D audio_hw_primary: [force reset] create audio-ull-playback speaker 1
08-28 18:53:17.457  1491  5555 D ultrasound_extn: ultrasound_select_devices_post: enter: engine_suspended: 0
08-28 18:53:17.457  1491  5555 D ultrasound_extn: dump_usecase_list: start ======================================
08-28 18:53:17.457  1491  5555 D ultrasound_extn: dump_usecase_list: enter sensor_activated:0 hw_port_enabled:0 suspended:0
08-28 18:53:17.457  1491  5555 D ultrasound_extn: dump_usecase_list: select_devices_post usecase[#0]:(0, deep-buffer-playback) in_dev:(0, ) out_dv:(2, speaker)
08-28 18:53:17.457  1491  5555 D ultrasound_extn: dump_usecase_list: select_devices_post usecase[#1]:(12, audio-ull-playback) in_dev:(0, ) out_dv:(2, speaker)
08-28 18:53:17.457  2387  2387 D LoadedApk: Receiver not registered: com.android.server.UiModeManagerService$8@484eb0b
08-28 18:53:17.458  2387  2387 D Smart5gService: received intent: android.intent.action.BATTERY_CHANGED
08-28 18:53:17.458  2387  2387 D Smart5gService: subId 1 supports 5g EnhancedRadioCapability
08-28 18:53:17.460  2387  2387 D Smart5gService: shouldDisable5g: smart 5g is disabled for subId 1
08-28 18:53:17.460  2387  2387 D Smart5gService: update: subId=1 is5gAllowed=true shouldDisable=false
08-28 18:53:17.461  1491  5555 D ultrasound_extn: dump_usecase_list: TERT_TDM_RX_0 SampleRate		 KHZ_96
08-28 18:53:17.464  1491  5555 D ultrasound_extn: dump_usecase_list: TERT_TDM_RX_0 Format		 S24_LE
08-28 18:53:17.464  1491  1520 D DlbDlbEffect: handle_EFFECT_CMD_SET_PARAM()
08-28 18:53:17.464  1491  1520 D DlbDlbEffect: handle_EFFECT_CMD_SET_PARAM()
08-28 18:53:17.464  1570  1588 V DolbyManagerService: doOnDapParamUpdate() entry
08-28 18:53:17.464  1491  1520 D DlbDapEffectContext: onDapParamUpdate()
08-28 18:53:17.465  1491  1520 D DlbDapEffectContext: onDapParamUpdate()
08-28 18:53:17.465  1570  1588 V DolbyManagerService: doOnDapParamUpdate() exit
08-28 18:53:17.467  1491  5555 D ultrasound_extn: dump_usecase_list: TERT_TDM_RX_0 Channels		 Two
08-28 18:53:17.470  1491  5555 D ultrasound_extn: dump_usecase_list: TERT_TDM_RX_1 SampleRate		 KHZ_96
08-28 18:53:17.472  1491  5555 D ultrasound_extn: dump_usecase_list: TERT_TDM_RX_1 Format		 S24_LE
08-28 18:53:17.474  1491  5555 D ultrasound_extn: dump_usecase_list: TERT_TDM_RX_1 Channels		 One
08-28 18:53:17.474  1491  5555 D ultrasound_extn: dump_usecase_list: end ======================================
08-28 18:53:17.474  1491  5555 D audio_hw_primary: select_devices: done
08-28 18:53:17.474  1491  5555 D msm8974_platform: platform_set_channel_map mixer_ctl_name:Playback Channel Map13
08-28 18:53:17.474  1491  5555 D msm8974_platform: platform_set_channel_map: set mapping(1 2 0 0 0 0 0 0) for channel:2
08-28 18:53:17.474  1491  5555 E msm8974_platform: platform_set_channel_map: Could not set ctl, error:-22 ch_count:2
08-28 18:53:17.484  1491  5555 D audio_hw_primary: start_output_stream: exit
08-28 18:53:17.484  1491  5555 V msm8974_platform: platform_set_parameters: enter: cal_persist=0;cal_devid=2;cal_moduleid=0x1000a100;cal_caltype=0;cal_instanceid=0x0;cal_apptype=69940;cal_paramid=0x1000a114;cal_topoid=0x1000a100;cal_samplerate=48000;cal_data=CAAAAA==
08-28 18:53:17.484  1491  5555 D msm8974_platform: platform_get_output_snd_device: enter: output devices(0x2)
08-28 18:53:17.484  1491  5555 D msm8974_platform: Setting audio calibration for snd_device(2) acdb_id(15)
08-28 18:53:17.484  1491  5555 D msm8974_platform: platform_set_parameters: exit with code(0)
08-28 18:53:17.484  1491  5555 D adsp_utils: set_channel_reverse mode: 0
08-28 18:53:17.484  1491  5555 V msm8974_platform: platform_set_parameters: enter: cal_persist=0;cal_devid=2;cal_moduleid=0x1000a100;cal_caltype=0;cal_instanceid=0x0;cal_apptype=69940;cal_paramid=0x1000a110;cal_topoid=0x1000a106;cal_samplerate=48000;cal_data=AAAAAA==
08-28 18:53:17.484  1491  5555 D msm8974_platform: platform_get_output_snd_device: enter: output devices(0x2)
08-28 18:53:17.484  1491  5555 D msm8974_platform: Setting audio calibration for snd_device(2) acdb_id(15)
08-28 18:53:17.484  1491  5555 E ACDB-LOADER: [acdb_loader_adsp_set_audio_cal] active device/stream not found (result=-100) for topology 0x1000a106 and apptype 0x11134
08-28 18:53:17.484  1491  5555 E ACDB-LOADER: [acdb_loader_adsp_set_audio_cal] set parameters failed with status -100
08-28 18:53:17.484  1491  5555 D msm8974_platform: platform_set_parameters: exit with code(0)
08-28 18:53:17.485  1491  5555 V msm8974_platform: platform_set_parameters: enter: cal_persist=0;cal_devid=2;cal_moduleid=0x1000a100;cal_caltype=0;cal_instanceid=0x0;cal_apptype=69940;cal_paramid=0x1000a110;cal_topoid=0x1000a100;cal_samplerate=48000;cal_data=AAAAAA==
08-28 18:53:17.485  1491  5555 D msm8974_platform: platform_get_output_snd_device: enter: output devices(0x2)
08-28 18:53:17.485  1491  5555 D msm8974_platform: Setting audio calibration for snd_device(2) acdb_id(15)
08-28 18:53:17.485  1491  5555 D msm8974_platform: platform_set_parameters: exit with code(0)
08-28 18:53:17.485  1491  5555 V msm8974_platform: platform_set_parameters: enter: cal_persist=0;cal_devid=2;cal_moduleid=0x1000a100;cal_caltype=0;cal_instanceid=0x0;cal_apptype=69937;cal_paramid=0x1000a110;cal_topoid=0x1000a106;cal_samplerate=48000;cal_data=AAAAAA==
08-28 18:53:17.485  1491  5555 D msm8974_platform: platform_get_output_snd_device: enter: output devices(0x2)
08-28 18:53:17.485  1491  5555 D msm8974_platform: Setting audio calibration for snd_device(2) acdb_id(15)
08-28 18:53:17.485  1491  5555 E ACDB-LOADER: [acdb_loader_adsp_set_audio_cal] active device/stream not found (result=-100) for topology 0x1000a106 and apptype 0x11131
08-28 18:53:17.485  1491  5555 E ACDB-LOADER: [acdb_loader_adsp_set_audio_cal] set parameters failed with status -100
08-28 18:53:17.485  1491  5555 D msm8974_platform: platform_set_parameters: exit with code(0)
