08-28 18:48:03.884 13621 13777 I LogSaver: LogSaver new instance with filename: carrier_services
08-28 18:48:03.886 13654 13841 I KeyProviderManager: Loaded keybox from XML setting
08-28 18:48:03.887  3998  5631 I FontLog : (REDACTED) Pulling font file for id = %d, cache size = %d
08-28 18:48:03.887  3998  4048 I FontLog : (REDACTED) Pulling font file for id = %d, cache size = %d
08-28 18:48:03.887 13654 13885 D nativeloader: Load /data/data/com.instagram.android/lib-compressed/libigtigonusdidrequestinterceptor.so using class loader ns clns-9 (caller=/data/app/~~OWm8v3n43o3fJjVMj_vt1A==/com.instagram.android-jJ5iuVYN-cjX3Y10hHO3SA==/base.apk): ok
08-28 18:48:03.888 13654 13883 I KeyProviderManager: Loaded keybox from XML setting
08-28 18:48:03.888  2387  3178 D OemPaidWifiNetworkFactory: got request NetworkRequest [ REQUEST id=871, [ Capabilities: INTERNET&NOT_RESTRICTED&TRUSTED&NOT_VCN_MANAGED&NOT_BANDWIDTH_CONSTRAINED Uid: 10628 RequestorUid: 10628 RequestorPkg: com.instagram.android UnderlyingNetworks: Null] ]
08-28 18:48:03.889 13654 13849 W AppInitScheduler|Run:   Finished FeedRequestInitializer in 6ms
08-28 18:48:03.889 13654 13849 W AppInitScheduler|Schedule:   Executing 136:TNTSPostInitializer
08-28 18:48:03.889  2387  3178 D MultiInternetWifiNetworkFactory: got request NetworkRequest [ REQUEST id=871, [ Capabilities: INTERNET&NOT_RESTRICTED&TRUSTED&NOT_VCN_MANAGED&NOT_BANDWIDTH_CONSTRAINED Uid: 10628 RequestorUid: 10628 RequestorPkg: com.instagram.android UnderlyingNetworks: Null] ]
08-28 18:48:03.889 13654 13849 W AppInitScheduler|Run: Running TNTSPostInitializer
08-28 18:48:03.889  2387  3178 D WifiNetworkFactory: got request NetworkRequest [ REQUEST id=871, [ Capabilities: INTERNET&NOT_RESTRICTED&TRUSTED&NOT_VCN_MANAGED&NOT_BANDWIDTH_CONSTRAINED Uid: 10628 RequestorUid: 10628 RequestorPkg: com.instagram.android UnderlyingNetworks: Null] ]
08-28 18:48:03.890  2387  3178 D UntrustedWifiNetworkFactory: got request NetworkRequest [ REQUEST id=871, [ Capabilities: INTERNET&NOT_RESTRICTED&TRUSTED&NOT_VCN_MANAGED&NOT_BANDWIDTH_CONSTRAINED Uid: 10628 RequestorUid: 10628 RequestorPkg: com.instagram.android UnderlyingNetworks: Null] ]
08-28 18:48:03.890 13654 13849 D nativeloader: Load /data/data/com.instagram.android/lib-compressed/libtrafficntsmanagerpost.so using class loader ns clns-9 (caller=/data/app/~~OWm8v3n43o3fJjVMj_vt1A==/com.instagram.android-jJ5iuVYN-cjX3Y10hHO3SA==/base.apk): ok
08-28 18:48:03.890  2387  3185 D ConnectivityService: NetReassign [871 : null  100] [c 1] [a 1] [i 3]
08-28 18:48:03.891 13654 13885 D nativeloader: Load /data/data/com.instagram.android/lib-compressed/libtigonzerocodeattestationrequestinterceptor.so using class loader ns clns-9 (caller=/data/app/~~OWm8v3n43o3fJjVMj_vt1A==/com.instagram.android-jJ5iuVYN-cjX3Y10hHO3SA==/base.apk): ok
08-28 18:48:03.893 13654 13849 W AppInitScheduler|Run:   Finished TNTSPostInitializer in 4ms
08-28 18:48:03.893 13654 13849 W AppInitScheduler|Schedule:   Executing 114:EagerReelNetworkRequestInitializer
08-28 18:48:03.893 13654 13849 W AppInitScheduler|Run: Running EagerReelNetworkRequestInitializer
08-28 18:48:03.894 13654 13849 W AppInitScheduler|Run:   Finished EagerReelNetworkRequestInitializer in 0ms
08-28 18:48:03.894 13654 13849 W AppInitScheduler|Schedule:   Executing 117:IgSharedPreferencesInitializer
08-28 18:48:03.894 13654 13849 W AppInitScheduler|Run: Running IgSharedPreferencesInitializer
08-28 18:48:03.894 13654 13885 D nativeloader: Load /data/data/com.instagram.android/lib-compressed/libtntstigonrequestint.so using class loader ns clns-9 (caller=/data/app/~~OWm8v3n43o3fJjVMj_vt1A==/com.instagram.android-jJ5iuVYN-cjX3Y10hHO3SA==/base.apk): ok
08-28 18:48:03.894 13654 13849 W AppInitScheduler|Run:   Finished IgSharedPreferencesInitializer in 0ms
08-28 18:48:03.894 13654 13849 W AppInitScheduler|Schedule:   Executing 122:IgDataStoreInitializer
08-28 18:48:03.894 13654 13849 W AppInitScheduler|Run: Running IgDataStoreInitializer
08-28 18:48:03.895 13654 13849 W AppInitScheduler|Run:   Finished IgDataStoreInitializer in 1ms
08-28 18:48:03.895 13654 13849 W AppInitScheduler|Schedule:   Executing 18:QPLInitializer
08-28 18:48:03.895 13654 13849 W AppInitScheduler|Run: Running QPLInitializer
08-28 18:48:03.897 13654 13885 D nativeloader: Load /data/data/com.instagram.android/lib-compressed/libsixresponseinterceptor.so using class loader ns clns-9 (caller=/data/app/~~OWm8v3n43o3fJjVMj_vt1A==/com.instagram.android-jJ5iuVYN-cjX3Y10hHO3SA==/base.apk): ok
08-28 18:48:03.903 13654 13849 W AppInitScheduler|Run:   Finished QPLInitializer in 8ms
08-28 18:48:03.903 13654 13849 W AppInitScheduler|Schedule:   Executing 129:LwQPLReplay
08-28 18:48:03.903 13654 13849 W AppInitScheduler|Schedule:   Executing 141:UsdidInitializer
08-28 18:48:03.903 13654 13849 W AppInitScheduler|Run: Running LwQPLReplay
08-28 18:48:03.903 13654 13883 I KeyProviderManager: Loaded keybox from XML setting
08-28 18:48:03.904 13621 13777 I BugleBackup: Registering preference change listener for "bugle".
08-28 18:48:03.904 13654 13849 W AppInitScheduler|Run:   Finished LwQPLReplay in 1ms
08-28 18:48:03.904 13654 13849 W AppInitScheduler|Schedule:   Executing 124:MessageQueueRedInitializer
08-28 18:48:03.904 13654 13849 W AppInitScheduler|Run: Running MessageQueueRedInitializer
08-28 18:48:03.906 13654 13841 I KeyProviderManager: Loaded keybox from XML setting
08-28 18:48:03.908 13654 13849 W AppInitScheduler|Run:   Finished MessageQueueRedInitializer in 4ms
08-28 18:48:03.908 13654 13849 W AppInitScheduler|Schedule:   Executing 103:UnexpectedEventReporterInitializer
08-28 18:48:03.908 13654 13849 W AppInitScheduler|Run: Running UnexpectedEventReporterInitializer
08-28 18:48:03.908 13654 13849 W AppInitScheduler|Run:   Finished UnexpectedEventReporterInitializer in 0ms
08-28 18:48:03.908 13654 13849 W AppInitScheduler|Schedule:   Executing 74:MessageQueueTimelineInitializer
08-28 18:48:03.908 13654 13849 W AppInitScheduler|Run: Running MessageQueueTimelineInitializer
08-28 18:48:03.908 13654 13849 W AppInitScheduler|Run:   Finished MessageQueueTimelineInitializer in 0ms
08-28 18:48:03.908 13654 13849 W AppInitScheduler|Schedule:   Executing 72:MemoryManagerInitializer
08-28 18:48:03.908 13654 13849 W AppInitScheduler|Run: Running MemoryManagerInitializer
08-28 18:48:03.908 13654 13841 I KeyProviderManager: Loaded keybox from XML setting
08-28 18:48:03.909 13654 13849 W AppInitScheduler|Run:   Finished MemoryManagerInitializer in 1ms
08-28 18:48:03.909 13654 13849 W AppInitScheduler|Schedule:   Executing 25:AppStartupTrackerInitializer
08-28 18:48:03.909 13654 13849 W AppInitScheduler|Run: Running AppStartupTrackerInitializer
08-28 18:48:03.910   681   681 I lowmemorykiller: Kill 'com.android.vending:instant_app_installer' (1301), uid 10481, oom_score_adj 975 to free 99628kB rss, 26880kB swap; reason: low watermark is breached
08-28 18:48:03.911 13654 13849 W AppInitScheduler|Run:   Finished AppStartupTrackerInitializer in 1ms
08-28 18:48:03.911 13654 13849 W AppInitScheduler|Schedule:   Executing 47:FacebookAccountInitializer
08-28 18:48:03.911 13654 13849 W AppInitScheduler|Run: Running FacebookAccountInitializer
08-28 18:48:03.912 13654 13849 W AppInitScheduler|Run:   Finished FacebookAccountInitializer in 1ms
08-28 18:48:03.912 13654 13849 W AppInitScheduler|Schedule:   Executing 38:CacheKeyGeneratorInitializer
08-28 18:48:03.912 13654 13849 W AppInitScheduler|Run: Running CacheKeyGeneratorInitializer
08-28 18:48:03.912 13654 13849 W AppInitScheduler|Run:   Finished CacheKeyGeneratorInitializer in 0ms
08-28 18:48:03.913 13654 13849 W AppInitScheduler|Schedule:   Executing 20:IgFixieAppInitializer
08-28 18:48:03.913 13654 13849 W AppInitScheduler|Run: Running IgFixieAppInitializer
08-28 18:48:03.913 13654 13849 W AppInitScheduler|Run:   Finished IgFixieAppInitializer in 0ms
08-28 18:48:03.913 13654 13849 W AppInitScheduler|Schedule:   Executing 100:ThemeInitializer
08-28 18:48:03.913 13654 13849 W AppInitScheduler|Run: Running ThemeInitializer
08-28 18:48:03.914 13654 13883 I KeyProviderManager: Loaded keybox from XML setting
08-28 18:48:03.914 13654 13893 W QPLConfig: failed to load config
08-28 18:48:03.914 13654 13893 W QPLConfig: java.io.FileNotFoundException: /data/user/0/com.instagram.android/app_qpl/qpl_sampling_config_v2.null: open failed: ENOENT (No such file or directory)
08-28 18:48:03.914 13654 13893 W QPLConfig: 	at libcore.io.IoBridge.open(IoBridge.java:574)
08-28 18:48:03.914 13654 13893 W QPLConfig: 	at java.io.FileInputStream.<init>(FileInputStream.java:179)
08-28 18:48:03.914 13654 13893 W QPLConfig: 	at X.3pi.A00(:37)
08-28 18:48:03.914 13654 13893 W QPLConfig: 	at X.3qm.A01(:4)
08-28 18:48:03.914 13654 13893 W QPLConfig: 	at X.3qn.run(:29)
08-28 18:48:03.914 13654 13893 W QPLConfig: 	at X.2rr.run(:2)
08-28 18:48:03.914 13654 13893 W QPLConfig: 	at X.2pt.run(:25)
08-28 18:48:03.914 13654 13893 W QPLConfig: 	at X.1xk.run(:43)
08-28 18:48:03.914 13654 13893 W QPLConfig: 	at X.2pt.run(:25)
08-28 18:48:03.914 13654 13893 W QPLConfig: 	at java.util.concurrent.ThreadPoolExecutor.runWorker(ThreadPoolExecutor.java:1156)
08-28 18:48:03.914 13654 13893 W QPLConfig: 	at java.util.concurrent.ThreadPoolExecutor$Worker.run(ThreadPoolExecutor.java:651)
08-28 18:48:03.914 13654 13893 W QPLConfig: 	at X.0kl.run(:99)
08-28 18:48:03.914 13654 13893 W QPLConfig: 	at java.lang.Thread.run(Thread.java:1119)
08-28 18:48:03.914 13654 13893 W QPLConfig: 	at X.3aY.run(:8)
08-28 18:48:03.914 13654 13893 W QPLConfig: Caused by: android.system.ErrnoException: open failed: ENOENT (No such file or directory)
08-28 18:48:03.914 13654 13893 W QPLConfig: 	at libcore.io.Linux.open(Native Method)
08-28 18:48:03.914 13654 13893 W QPLConfig: 	at libcore.io.ForwardingOs.open(ForwardingOs.java:568)
08-28 18:48:03.914 13654 13893 W QPLConfig: 	at libcore.io.BlockGuardOs.open(BlockGuardOs.java:274)
08-28 18:48:03.914 13654 13893 W QPLConfig: 	at libcore.io.ForwardingOs.open(ForwardingOs.java:568)
08-28 18:48:03.914 13654 13893 W QPLConfig: 	at android.app.ActivityThread$AndroidOs.open(ActivityThread.java:8949)
08-28 18:48:03.914 13654 13893 W QPLConfig: 	at libcore.io.IoBridge.open(IoBridge.java:560)
08-28 18:48:03.914 13654 13893 W QPLConfig: 	... 13 more
08-28 18:48:03.917 13654 13918 W LibevQuicAsyncUDPSocket.h: setTosOrTrafficClass not implemented in LibevQuicAsyncUDPSocket
08-28 18:48:03.919 13654 13921 W MDCLLight: Failed to load class from parent: androidx.datastore.preferences.protobuf.Extension
08-28 18:48:03.919 13654 13921 W MDCLLight: java.lang.ClassNotFoundException: androidx.datastore.preferences.protobuf.Extension
08-28 18:48:03.919 13654 13921 W MDCLLight: 	at java.lang.Class.classForName(Native Method)
08-28 18:48:03.919 13654 13921 W MDCLLight: 	at java.lang.BootClassLoader.findClass(ClassLoader.java:2698)
08-28 18:48:03.919 13654 13921 W MDCLLight: 	at java.lang.BootClassLoader.loadClass(ClassLoader.java:2758)
08-28 18:48:03.919 13654 13921 W MDCLLight: 	at java.lang.ClassLoader.loadClass(ClassLoader.java:573)
08-28 18:48:03.919 13654 13921 W MDCLLight: 	at com.facebook.common.dextricks.MultiDexClassLoaderLight.loadFromParent(:4)
08-28 18:48:03.919 13654 13921 W MDCLLight: 	at com.facebook.common.dextricks.MultiDexClassLoaderLight.loadClass(:38)
08-28 18:48:03.919 13654 13921 W MDCLLight: 	at java.lang.ClassLoader.loadClass(ClassLoader.java:625)
08-28 18:48:03.919 13654 13921 W MDCLLight: 	at java.lang.ClassLoader.loadClass(ClassLoader.java:573)
08-28 18:48:03.919 13654 13921 W MDCLLight: 	at java.lang.Class.classForName(Native Method)
08-28 18:48:03.919 13654 13921 W MDCLLight: 	at java.lang.Class.forName(Class.java:597)
08-28 18:48:03.919 13654 13921 W MDCLLight: 	at java.lang.Class.forName(Class.java:502)
08-28 18:48:03.919 13654 13921 W MDCLLight: 	at X.6mw.<clinit>(:2)
08-28 18:48:03.919 13654 13921 W MDCLLight: 	at androidx.datastore.core.SingleProcessDataStore.A04(:87)
08-28 18:48:03.919 13654 13921 W MDCLLight: 	at androidx.datastore.core.SingleProcessDataStore.A05(:94)
08-28 18:48:03.919 13654 13921 W MDCLLight: 	at androidx.datastore.core.SingleProcessDataStore.A01(:155)
08-28 18:48:03.919 13654 13921 W MDCLLight: 	at androidx.datastore.core.SingleProcessDataStore.A03(:66)
08-28 18:48:03.919 13654 13921 W MDCLLight: 	at X.96j.invokeSuspend(:1141)
08-28 18:48:03.919 13654 13921 W MDCLLight: 	at X.96j.invoke(:10)
08-28 18:48:03.919 13654 13921 W MDCLLight: 	at X.96j.invokeSuspend(:1837)
08-28 18:48:03.919 13654 13921 W MDCLLight: 	at X.5xv.resumeWith(:15)
08-28 18:48:03.919 13654 13921 W MDCLLight: 	at X.5yg.run(:97)
08-28 18:48:03.919 13654 13921 W MDCLLight: 	at X.6ew.run(:3)
08-28 18:48:03.919 13654 13921 W MDCLLight: 	at X.6ho.run(:2)
08-28 18:48:03.919 13654 13921 W MDCLLight: 	at X.4je.A01(:0)
08-28 18:48:03.919 13654 13921 W MDCLLight: 	at X.6hp.run(:79)
08-28 18:48:03.919 13654 13921 W MDCLLight: Caused by: java.lang.NoClassDefFoundError: Class not found using the boot class loader; no stack trace available
08-28 18:48:03.919 13654 13921 W MDCLLight: tryFallbackLoadDex: fallbackLoader is null, unable to fallback load dex for androidx.datastore.preferences.protobuf.Extension
08-28 18:48:03.919 13654 13921 E MDCLLight: Fallback load dex failed for androidx.datastore.preferences.protobuf.Extension
08-28 18:48:03.920 13654 13921 W MDCLLight: Failed to load class from parent: androidx.datastore.preferences.protobuf.ExtensionRegistry
08-28 18:48:03.920 13654 13921 W MDCLLight: java.lang.ClassNotFoundException: androidx.datastore.preferences.protobuf.ExtensionRegistry
08-28 18:48:03.920 13654 13921 W MDCLLight: 	at java.lang.Class.classForName(Native Method)
08-28 18:48:03.920 13654 13921 W MDCLLight: 	at java.lang.BootClassLoader.findClass(ClassLoader.java:2698)
08-28 18:48:03.920 13654 13921 W MDCLLight: 	at java.lang.BootClassLoader.loadClass(ClassLoader.java:2758)
08-28 18:48:03.920 13654 13921 W MDCLLight: 	at java.lang.ClassLoader.loadClass(ClassLoader.java:573)
08-28 18:48:03.920 13654 13921 W MDCLLight: 	at com.facebook.common.dextricks.MultiDexClassLoaderLight.loadFromParent(:4)
08-28 18:48:03.920 13654 13921 W MDCLLight: 	at com.facebook.common.dextricks.MultiDexClassLoaderLight.loadClass(:38)
08-28 18:48:03.920 13654 13921 W MDCLLight: 	at java.lang.ClassLoader.loadClass(ClassLoader.java:625)
08-28 18:48:03.920 13654 13921 W MDCLLight: 	at java.lang.ClassLoader.loadClass(ClassLoader.java:573)
08-28 18:48:03.920 13654 13921 W MDCLLight: 	at java.lang.Class.classForName(Native Method)
08-28 18:48:03.920 13654 13921 W MDCLLight: 	at java.lang.Class.forName(Class.java:597)
08-28 18:48:03.920 13654 13921 W MDCLLight: 	at java.lang.Class.forName(Class.java:502)
08-28 18:48:03.920 13654 13921 W MDCLLight: 	at X.6my.<clinit>(:2)
08-28 18:48:03.920 13654 13921 W MDCLLight: 	at androidx.datastore.core.SingleProcessDataStore.A04(:98)
08-28 18:48:03.920 13654 13921 W MDCLLight: 	at androidx.datastore.core.SingleProcessDataStore.A05(:94)
08-28 18:48:03.920 13654 13921 W MDCLLight: 	at androidx.datastore.core.SingleProcessDataStore.A01(:155)
08-28 18:48:03.920 13654 13921 W MDCLLight: 	at androidx.datastore.core.SingleProcessDataStore.A03(:66)
08-28 18:48:03.920 13654 13921 W MDCLLight: 	at X.96j.invokeSuspend(:1141)
08-28 18:48:03.920 13654 13921 W MDCLLight: 	at X.96j.invoke(:10)
08-28 18:48:03.920 13654 13921 W MDCLLight: 	at X.96j.invokeSuspend(:1837)
08-28 18:48:03.920 13654 13921 W MDCLLight: 	at X.5xv.resumeWith(:15)
08-28 18:48:03.920 13654 13921 W MDCLLight: 	at X.5yg.run(:97)
08-28 18:48:03.920 13654 13921 W MDCLLight: 	at X.6ew.run(:3)
08-28 18:48:03.920 13654 13921 W MDCLLight: 	at X.6ho.run(:2)
08-28 18:48:03.920 13654 13921 W MDCLLight: 	at X.4je.A01(:0)
08-28 18:48:03.920 13654 13921 W MDCLLight: 	at X.6hp.run(:79)
08-28 18:48:03.920 13654 13921 W MDCLLight: Caused by: java.lang.NoClassDefFoundError: Class not found using the boot class loader; no stack trace available
08-28 18:48:03.920 13654 13921 W MDCLLight: tryFallbackLoadDex: fallbackLoader is null, unable to fallback load dex for androidx.datastore.preferences.protobuf.ExtensionRegistry
08-28 18:48:03.920 13654 13921 E MDCLLight: Fallback load dex failed for androidx.datastore.preferences.protobuf.ExtensionRegistry
08-28 18:48:03.920 13654 13921 W MDCLLight: Failed to load class from parent: androidx.datastore.preferences.protobuf.DescriptorMessageInfoFactory
08-28 18:48:03.920 13654 13921 W MDCLLight: java.lang.ClassNotFoundException: androidx.datastore.preferences.protobuf.DescriptorMessageInfoFactory
08-28 18:48:03.920 13654 13921 W MDCLLight: 	at java.lang.Class.classForName(Native Method)
08-28 18:48:03.920 13654 13921 W MDCLLight: 	at java.lang.BootClassLoader.findClass(ClassLoader.java:2698)
08-28 18:48:03.920 13654 13921 W MDCLLight: 	at java.lang.BootClassLoader.loadClass(ClassLoader.java:2758)
08-28 18:48:03.920 13654 13921 W MDCLLight: 	at java.lang.ClassLoader.loadClass(ClassLoader.java:573)
08-28 18:48:03.920 13654 13921 W MDCLLight: 	at com.facebook.common.dextricks.MultiDexClassLoaderLight.loadFromParent(:4)
08-28 18:48:03.920 13654 13921 W MDCLLight: 	at com.facebook.common.dextricks.MultiDexClassLoaderLight.loadClass(:38)
08-28 18:48:03.920 13654 13921 W MDCLLight: 	at java.lang.ClassLoader.loadClass(ClassLoader.java:625)
08-28 18:48:03.920 13654 13921 W MDCLLight: 	at java.lang.ClassLoader.loadClass(ClassLoader.java:573)
08-28 18:48:03.920 13654 13921 W MDCLLight: 	at java.lang.Class.classForName(Native Method)
08-28 18:48:03.920 13654 13921 W MDCLLight: 	at java.lang.Class.forName(Class.java:597)
08-28 18:48:03.920 13654 13921 W MDCLLight: 	at java.lang.Class.forName(Class.java:502)
08-28 18:48:03.920 13654 13921 W MDCLLight: 	at X.6nd.<init>(:4)
08-28 18:48:03.920 13654 13921 W MDCLLight: 	at X.6nc.<init>(:12)
08-28 18:48:03.920 13654 13921 W MDCLLight: 	at X.6nc.<clinit>(:2)
08-28 18:48:03.920 13654 13921 W MDCLLight: 	at androidx.datastore.core.SingleProcessDataStore.A04(:134)
08-28 18:48:03.920 13654 13921 W MDCLLight: 	at androidx.datastore.core.SingleProcessDataStore.A05(:94)
08-28 18:48:03.920 13654 13921 W MDCLLight: 	at androidx.datastore.core.SingleProcessDataStore.A01(:155)
08-28 18:48:03.920 13654 13921 W MDCLLight: 	at androidx.datastore.core.SingleProcessDataStore.A03(:66)
08-28 18:48:03.920 13654 13921 W MDCLLight: 	at X.96j.invokeSuspend(:1141)
08-28 18:48:03.920 13654 13921 W MDCLLight: 	at X.96j.invoke(:10)
08-28 18:48:03.920 13654 13921 W MDCLLight: 	at X.96j.invokeSuspend(:1837)
08-28 18:48:03.920 13654 13921 W MDCLLight: 	at X.5xv.resumeWith(:15)
08-28 18:48:03.920 13654 13921 W MDCLLight: 	at X.5yg.run(:97)
08-28 18:48:03.920 13654 13921 W MDCLLight: 	at X.6ew.run(:3)
08-28 18:48:03.920 13654 13921 W MDCLLight: 	at X.6ho.run(:2)
08-28 18:48:03.920 13654 13921 W MDCLLight: 	at X.4je.A01(:0)
08-28 18:48:03.920 13654 13921 W MDCLLight: 	at X.6hp.run(:79)
08-28 18:48:03.920 13654 13921 W MDCLLight: Caused by: java.lang.NoClassDefFoundError: Class not found using the boot class loader; no stack trace available
08-28 18:48:03.920 13654 13921 W MDCLLight: tryFallbackLoadDex: fallbackLoader is null, unable to fallback load dex for androidx.datastore.preferences.protobuf.DescriptorMessageInfoFactory
08-28 18:48:03.920 13654 13921 E MDCLLight: Fallback load dex failed for androidx.datastore.preferences.protobuf.DescriptorMessageInfoFactory
08-28 18:48:03.920 13654 13921 W MDCLLight: Failed to load class from parent: androidx.datastore.preferences.protobuf.GeneratedMessageV3
08-28 18:48:03.920 13654 13921 W MDCLLight: java.lang.ClassNotFoundException: androidx.datastore.preferences.protobuf.GeneratedMessageV3
08-28 18:48:03.920 13654 13921 W MDCLLight: 	at java.lang.Class.classForName(Native Method)
08-28 18:48:03.920 13654 13921 W MDCLLight: 	at java.lang.BootClassLoader.findClass(ClassLoader.java:2698)
08-28 18:48:03.920 13654 13921 W MDCLLight: 	at java.lang.BootClassLoader.loadClass(ClassLoader.java:2758)
08-28 18:48:03.920 13654 13921 W MDCLLight: 	at java.lang.ClassLoader.loadClass(ClassLoader.java:573)
08-28 18:48:03.920 13654 13921 W MDCLLight: 	at com.facebook.common.dextricks.MultiDexClassLoaderLight.loadFromParent(:4)
08-28 18:48:03.920 13654 13921 W MDCLLight: 	at com.facebook.common.dextricks.MultiDexClassLoaderLight.loadClass(:38)
08-28 18:48:03.920 13654 13921 W MDCLLight: 	at java.lang.ClassLoader.loadClass(ClassLoader.java:625)
08-28 18:48:03.920 13654 13921 W MDCLLight: 	at java.lang.ClassLoader.loadClass(ClassLoader.java:573)
08-28 18:48:03.920 13654 13921 W MDCLLight: 	at java.lang.Class.classForName(Native Method)
08-28 18:48:03.920 13654 13921 W MDCLLight: 	at java.lang.Class.forName(Class.java:597)
08-28 18:48:03.920 13654 13921 W MDCLLight: 	at java.lang.Class.forName(Class.java:502)
08-28 18:48:03.920 13654 13921 W MDCLLight: 	at X.6nn.<clinit>(:2)
08-28 18:48:03.920 13654 13921 W MDCLLight: 	at X.6nc.A00(:21)
08-28 18:48:03.920 13654 13921 W MDCLLight: 	at androidx.datastore.core.SingleProcessDataStore.A04(:140)
08-28 18:48:03.920 13654 13921 W MDCLLight: 	at androidx.datastore.core.SingleProcessDataStore.A05(:94)
08-28 18:48:03.920 13654 13921 W MDCLLight: 	at androidx.datastore.core.SingleProcessDataStore.A01(:155)
08-28 18:48:03.920 13654 13921 W MDCLLight: 	at androidx.datastore.core.SingleProcessDataStore.A03(:66)
08-28 18:48:03.920 13654 13921 W MDCLLight: 	at X.96j.invokeSuspend(:1141)
08-28 18:48:03.920 13654 13921 W MDCLLight: 	at X.96j.invoke(:10)
08-28 18:48:03.920 13654 13921 W MDCLLight: 	at X.96j.invokeSuspend(:1837)
08-28 18:48:03.920 13654 13921 W MDCLLight: 	at X.5xv.resumeWith(:15)
08-28 18:48:03.920 13654 13921 W MDCLLight: 	at X.5yg.run(:97)
08-28 18:48:03.920 13654 13921 W MDCLLight: 	at X.6ew.run(:3)
08-28 18:48:03.920 13654 13921 W MDCLLight: 	at X.6ho.run(:2)
08-28 18:48:03.920 13654 13921 W MDCLLight: 	at X.4je.A01(:0)
08-28 18:48:03.920 13654 13921 W MDCLLight: 	at X.6hp.run(:79)
08-28 18:48:03.920 13654 13921 W MDCLLight: Caused by: java.lang.NoClassDefFoundError: Class not found using the boot class loader; no stack trace available
08-28 18:48:03.920 13654 13921 W MDCLLight: tryFallbackLoadDex: fallbackLoader is null, unable to fallback load dex for androidx.datastore.preferences.protobuf.GeneratedMessageV3
08-28 18:48:03.920 13654 13921 E MDCLLight: Fallback load dex failed for androidx.datastore.preferences.protobuf.GeneratedMessageV3
08-28 18:48:03.921 13654 13921 W MDCLLight: Failed to load class from parent: androidx.datastore.preferences.protobuf.UnknownFieldSetSchema
08-28 18:48:03.921 13654 13921 W MDCLLight: java.lang.ClassNotFoundException: androidx.datastore.preferences.protobuf.UnknownFieldSetSchema
08-28 18:48:03.921 13654 13921 W MDCLLight: 	at java.lang.Class.classForName(Native Method)
08-28 18:48:03.921 13654 13921 W MDCLLight: 	at java.lang.BootClassLoader.findClass(ClassLoader.java:2698)
08-28 18:48:03.921 13654 13921 W MDCLLight: 	at java.lang.BootClassLoader.loadClass(ClassLoader.java:2758)
08-28 18:48:03.921 13654 13921 W MDCLLight: 	at java.lang.ClassLoader.loadClass(ClassLoader.java:573)
08-28 18:48:03.921 13654 13921 W MDCLLight: 	at com.facebook.common.dextricks.MultiDexClassLoaderLight.loadFromParent(:4)
08-28 18:48:03.921 13654 13921 W MDCLLight: 	at com.facebook.common.dextricks.MultiDexClassLoaderLight.loadClass(:38)
08-28 18:48:03.921 13654 13921 W MDCLLight: 	at java.lang.ClassLoader.loadClass(ClassLoader.java:625)
08-28 18:48:03.921 13654 13921 W MDCLLight: 	at java.lang.ClassLoader.loadClass(ClassLoader.java:573)
08-28 18:48:03.921 13654 13921 W MDCLLight: 	at java.lang.Class.classForName(Native Method)
08-28 18:48:03.921 13654 13921 W MDCLLight: 	at java.lang.Class.forName(Class.java:597)
08-28 18:48:03.921 13654 13921 W MDCLLight: 	at java.lang.Class.forName(Class.java:502)
08-28 18:48:03.921 13654 13921 W MDCLLight: 	at X.6nn.<clinit>(:14)
08-28 18:48:03.921 13654 13921 W MDCLLight: 	at X.6nc.A00(:21)
08-28 18:48:03.921 13654 13921 W MDCLLight: 	at androidx.datastore.core.SingleProcessDataStore.A04(:140)
08-28 18:48:03.921 13654 13921 W MDCLLight: 	at androidx.datastore.core.SingleProcessDataStore.A05(:94)
08-28 18:48:03.921 13654 13921 W MDCLLight: 	at androidx.datastore.core.SingleProcessDataStore.A01(:155)
08-28 18:48:03.921 13654 13921 W MDCLLight: 	at androidx.datastore.core.SingleProcessDataStore.A03(:66)
08-28 18:48:03.921 13654 13921 W MDCLLight: 	at X.96j.invokeSuspend(:1141)
08-28 18:48:03.921 13654 13921 W MDCLLight: 	at X.96j.invoke(:10)
08-28 18:48:03.921 13654 13921 W MDCLLight: 	at X.96j.invokeSuspend(:1837)
08-28 18:48:03.921 13654 13921 W MDCLLight: 	at X.5xv.resumeWith(:15)
08-28 18:48:03.921 13654 13921 W MDCLLight: 	at X.5yg.run(:97)
08-28 18:48:03.921 13654 13921 W MDCLLight: 	at X.6ew.run(:3)
08-28 18:48:03.921 13654 13921 W MDCLLight: 	at X.6ho.run(:2)
08-28 18:48:03.921 13654 13921 W MDCLLight: 	at X.4je.A01(:0)
08-28 18:48:03.921 13654 13921 W MDCLLight: 	at X.6hp.run(:79)
08-28 18:48:03.921 13654 13921 W MDCLLight: Caused by: java.lang.NoClassDefFoundError: Class not found using the boot class loader; no stack trace available
08-28 18:48:03.921 13654 13921 W MDCLLight: tryFallbackLoadDex: fallbackLoader is null, unable to fallback load dex for androidx.datastore.preferences.protobuf.UnknownFieldSetSchema
08-28 18:48:03.921 13654 13921 E MDCLLight: Fallback load dex failed for androidx.datastore.preferences.protobuf.UnknownFieldSetSchema
08-28 18:48:03.922 13654 13921 W MDCLLight: Failed to load class from parent: androidx.datastore.preferences.protobuf.UnknownFieldSetSchema
08-28 18:48:03.922 13654 13921 W MDCLLight: java.lang.ClassNotFoundException: androidx.datastore.preferences.protobuf.UnknownFieldSetSchema
08-28 18:48:03.922 13654 13921 W MDCLLight: 	at java.lang.Class.classForName(Native Method)
08-28 18:48:03.922 13654 13921 W MDCLLight: 	at java.lang.BootClassLoader.findClass(ClassLoader.java:2698)
08-28 18:48:03.922 13654 13921 W MDCLLight: 	at java.lang.BootClassLoader.loadClass(ClassLoader.java:2758)
08-28 18:48:03.922 13654 13921 W MDCLLight: 	at java.lang.ClassLoader.loadClass(ClassLoader.java:573)
08-28 18:48:03.922 13654 13921 W MDCLLight: 	at com.facebook.common.dextricks.MultiDexClassLoaderLight.loadFromParent(:4)
08-28 18:48:03.922 13654 13921 W MDCLLight: 	at com.facebook.common.dextricks.MultiDexClassLoaderLight.loadClass(:38)
08-28 18:48:03.922 13654 13921 W MDCLLight: 	at java.lang.ClassLoader.loadClass(ClassLoader.java:625)
08-28 18:48:03.922 13654 13921 W MDCLLight: 	at java.lang.ClassLoader.loadClass(ClassLoader.java:573)
08-28 18:48:03.922 13654 13921 W MDCLLight: 	at java.lang.Class.classForName(Native Method)
08-28 18:48:03.922 13654 13921 W MDCLLight: 	at java.lang.Class.forName(Class.java:597)
08-28 18:48:03.922 13654 13921 W MDCLLight: 	at java.lang.Class.forName(Class.java:502)
08-28 18:48:03.922 13654 13921 W MDCLLight: 	at X.6nn.<clinit>(:51)
08-28 18:48:03.922 13654 13921 W MDCLLight: 	at X.6nc.A00(:21)
08-28 18:48:03.922 13654 13921 W MDCLLight: 	at androidx.datastore.core.SingleProcessDataStore.A04(:140)
08-28 18:48:03.922 13654 13921 W MDCLLight: 	at androidx.datastore.core.SingleProcessDataStore.A05(:94)
08-28 18:48:03.922 13654 13921 W MDCLLight: 	at androidx.datastore.core.SingleProcessDataStore.A01(:155)
08-28 18:48:03.922 13654 13921 W MDCLLight: 	at androidx.datastore.core.SingleProcessDataStore.A03(:66)
08-28 18:48:03.922 13654 13921 W MDCLLight: 	at X.96j.invokeSuspend(:1141)
08-28 18:48:03.922 13654 13921 W MDCLLight: 	at X.96j.invoke(:10)
08-28 18:48:03.922 13654 13921 W MDCLLight: 	at X.96j.invokeSuspend(:1837)
08-28 18:48:03.922 13654 13921 W MDCLLight: 	at X.5xv.resumeWith(:15)
08-28 18:48:03.922 13654 13921 W MDCLLight: 	at X.5yg.run(:97)
08-28 18:48:03.922 13654 13921 W MDCLLight: 	at X.6ew.run(:3)
08-28 18:48:03.922 13654 13921 W MDCLLight: 	at X.6ho.run(:2)
08-28 18:48:03.922 13654 13921 W MDCLLight: 	at X.4je.A01(:0)
08-28 18:48:03.922 13654 13921 W MDCLLight: 	at X.6hp.run(:79)
08-28 18:48:03.922 13654 13921 W MDCLLight: Caused by: java.lang.NoClassDefFoundError: Class not found using the boot class loader; no stack trace available
08-28 18:48:03.922 13654 13921 W MDCLLight: tryFallbackLoadDex: fallbackLoader is null, unable to fallback load dex for androidx.datastore.preferences.protobuf.UnknownFieldSetSchema
08-28 18:48:03.922 13654 13921 E MDCLLight: Fallback load dex failed for androidx.datastore.preferences.protobuf.UnknownFieldSetSchema
08-28 18:48:03.922 13654 13921 W MDCLLight: Failed to load class from parent: org.robolectric.Robolectric
08-28 18:48:03.922 13654 13921 W MDCLLight: java.lang.ClassNotFoundException: org.robolectric.Robolectric
08-28 18:48:03.922 13654 13921 W MDCLLight: 	at java.lang.Class.classForName(Native Method)
08-28 18:48:03.922 13654 13921 W MDCLLight: 	at java.lang.BootClassLoader.findClass(ClassLoader.java:2698)
08-28 18:48:03.922 13654 13921 W MDCLLight: 	at java.lang.BootClassLoader.loadClass(ClassLoader.java:2758)
08-28 18:48:03.922 13654 13921 W MDCLLight: 	at java.lang.ClassLoader.loadClass(ClassLoader.java:573)
08-28 18:48:03.922 13654 13921 W MDCLLight: 	at com.facebook.common.dextricks.MultiDexClassLoaderLight.loadFromParent(:4)
08-28 18:48:03.922 13654 13921 W MDCLLight: 	at com.facebook.common.dextricks.MultiDexClassLoaderLight.loadClass(:38)
08-28 18:48:03.922 13654 13921 W MDCLLight: 	at java.lang.ClassLoader.loadClass(ClassLoader.java:625)
08-28 18:48:03.922 13654 13921 W MDCLLight: 	at java.lang.ClassLoader.loadClass(ClassLoader.java:573)
08-28 18:48:03.922 13654 13921 W MDCLLight: 	at java.lang.Class.classForName(Native Method)
08-28 18:48:03.922 13654 13921 W MDCLLight: 	at java.lang.Class.forName(Class.java:597)
08-28 18:48:03.922 13654 13921 W MDCLLight: 	at java.lang.Class.forName(Class.java:502)
08-28 18:48:03.922 13654 13921 W MDCLLight: 	at X.6pf.<clinit>(:14)
08-28 18:48:03.922 13654 13921 W MDCLLight: 	at X.6pa.<clinit>(:9)
08-28 18:48:03.922 13654 13921 W MDCLLight: 	at X.6oy.<clinit>(:87)
08-28 18:48:03.922 13654 13921 W MDCLLight: 	at X.6ox.<clinit>(:0)
08-28 18:48:03.922 13654 13921 W MDCLLight: 	at X.6ow.<clinit>(:0)
08-28 18:48:03.922 13654 13921 W MDCLLight: 	at X.6mf.A03(:37)
08-28 18:48:03.922 13654 13921 W MDCLLight: 	at X.6nh.Dha(:77)
08-28 18:48:03.922 13654 13921 W MDCLLight: 	at X.6nk.Dha(:14)
08-28 18:48:03.922 13654 13921 W MDCLLight: 	at X.6nc.A00(:51)
08-28 18:48:03.922 13654 13921 W MDCLLight: 	at androidx.datastore.core.SingleProcessDataStore.A04(:140)
08-28 18:48:03.922 13654 13921 W MDCLLight: 	at androidx.datastore.core.SingleProcessDataStore.A05(:94)
08-28 18:48:03.922 13654 13921 W MDCLLight: 	at androidx.datastore.core.SingleProcessDataStore.A01(:155)
08-28 18:48:03.922 13654 13921 W MDCLLight: 	at androidx.datastore.core.SingleProcessDataStore.A03(:66)
08-28 18:48:03.922 13654 13921 W MDCLLight: 	at X.96j.invokeSuspend(:1141)
08-28 18:48:03.922 13654 13921 W MDCLLight: 	at X.96j.invoke(:10)
08-28 18:48:03.922 13654 13921 W MDCLLight: 	at X.96j.invokeSuspend(:1837)
08-28 18:48:03.922 13654 13921 W MDCLLight: 	at X.5xv.resumeWith(:15)
08-28 18:48:03.922 13654 13921 W MDCLLight: 	at X.5yg.run(:97)
08-28 18:48:03.922 13654 13921 W MDCLLight: 	at X.6ew.run(:3)
08-28 18:48:03.922 13654 13921 W MDCLLight: 	at X.6ho.run(:2)
08-28 18:48:03.922 13654 13921 W MDCLLight: 	at X.4je.A01(:0)
08-28 18:48:03.922 13654 13921 W MDCLLight: 	at X.6hp.run(:79)
08-28 18:48:03.922 13654 13921 W MDCLLight: Caused by: java.lang.NoClassDefFoundError: Class not found using the boot class loader; no stack trace available
08-28 18:48:03.922 13654 13921 W MDCLLight: tryFallbackLoadDex: fallbackLoader is null, unable to fallback load dex for org.robolectric.Robolectric
08-28 18:48:03.922 13654 13921 E MDCLLight: Fallback load dex failed for org.robolectric.Robolectric
08-28 18:48:03.923 13654 13921 W MDCLLight: Failed to load class from parent: androidx.datastore.preferences.protobuf.NewInstanceSchemaFull
08-28 18:48:03.923 13654 13921 W MDCLLight: java.lang.ClassNotFoundException: androidx.datastore.preferences.protobuf.NewInstanceSchemaFull
08-28 18:48:03.923 13654 13921 W MDCLLight: 	at java.lang.Class.classForName(Native Method)
08-28 18:48:03.923 13654 13921 W MDCLLight: 	at java.lang.BootClassLoader.findClass(ClassLoader.java:2698)
08-28 18:48:03.923 13654 13921 W MDCLLight: 	at java.lang.BootClassLoader.loadClass(ClassLoader.java:2758)
08-28 18:48:03.923 13654 13921 W MDCLLight: 	at java.lang.ClassLoader.loadClass(ClassLoader.java:573)
08-28 18:48:03.923 13654 13921 W MDCLLight: 	at com.facebook.common.dextricks.MultiDexClassLoaderLight.loadFromParent(:4)
08-28 18:48:03.923 13654 13921 W MDCLLight: 	at com.facebook.common.dextricks.MultiDexClassLoaderLight.loadClass(:38)
08-28 18:48:03.923 13654 13921 W MDCLLight: 	at java.lang.ClassLoader.loadClass(ClassLoader.java:625)
08-28 18:48:03.923 13654 13921 W MDCLLight: 	at java.lang.ClassLoader.loadClass(ClassLoader.java:573)
08-28 18:48:03.923 13654 13921 W MDCLLight: 	at java.lang.Class.classForName(Native Method)
08-28 18:48:03.923 13654 13921 W MDCLLight: 	at java.lang.Class.forName(Class.java:597)
08-28 18:48:03.923 13654 13921 W MDCLLight: 	at java.lang.Class.forName(Class.java:502)
08-28 18:48:03.923 13654 13921 W MDCLLight: 	at X.6pu.<clinit>(:3)
08-28 18:48:03.923 13654 13921 W MDCLLight: 	at X.6nc.A00(:124)
08-28 18:48:03.923 13654 13921 W MDCLLight: 	at androidx.datastore.core.SingleProcessDataStore.A04(:140)
08-28 18:48:03.923 13654 13921 W MDCLLight: 	at androidx.datastore.core.SingleProcessDataStore.A05(:94)
08-28 18:48:03.923 13654 13921 W MDCLLight: 	at androidx.datastore.core.SingleProcessDataStore.A01(:155)
08-28 18:48:03.923 13654 13921 W MDCLLight: 	at androidx.datastore.core.SingleProcessDataStore.A03(:66)
08-28 18:48:03.923 13654 13921 W MDCLLight: 	at X.96j.invokeSuspend(:1141)
08-28 18:48:03.923 13654 13921 W MDCLLight: 	at X.96j.invoke(:10)
08-28 18:48:03.923 13654 13921 W MDCLLight: 	at X.96j.invokeSuspend(:1837)
08-28 18:48:03.923 13654 13921 W MDCLLight: 	at X.5xv.resumeWith(:15)
08-28 18:48:03.923 13654 13921 W MDCLLight: 	at X.5yg.run(:97)
08-28 18:48:03.923 13654 13921 W MDCLLight: 	at X.6ew.run(:3)
08-28 18:48:03.923 13654 13921 W MDCLLight: 	at X.6ho.run(:2)
08-28 18:48:03.923 13654 13921 W MDCLLight: 	at X.4je.A01(:0)
08-28 18:48:03.923 13654 13921 W MDCLLight: 	at X.6hp.run(:79)
08-28 18:48:03.923 13654 13921 W MDCLLight: Caused by: java.lang.NoClassDefFoundError: Class not found using the boot class loader; no stack trace available
08-28 18:48:03.923 13654 13921 W MDCLLight: tryFallbackLoadDex: fallbackLoader is null, unable to fallback load dex for androidx.datastore.preferences.protobuf.NewInstanceSchemaFull
08-28 18:48:03.923 13654 13921 E MDCLLight: Fallback load dex failed for androidx.datastore.preferences.protobuf.NewInstanceSchemaFull
08-28 18:48:03.926 13654 13921 W MDCLLight: Failed to load class from parent: androidx.datastore.preferences.protobuf.ExtensionSchemaFull
08-28 18:48:03.926 13654 13921 W MDCLLight: java.lang.ClassNotFoundException: androidx.datastore.preferences.protobuf.ExtensionSchemaFull
08-28 18:48:03.926 13654 13921 W MDCLLight: 	at java.lang.Class.classForName(Native Method)
08-28 18:48:03.926 13654 13921 W MDCLLight: 	at java.lang.BootClassLoader.findClass(ClassLoader.java:2698)
08-28 18:48:03.926 13654 13921 W MDCLLight: 	at java.lang.BootClassLoader.loadClass(ClassLoader.java:2758)
08-28 18:48:03.926 13654 13921 W MDCLLight: 	at java.lang.ClassLoader.loadClass(ClassLoader.java:573)
08-28 18:48:03.926 13654 13921 W MDCLLight: 	at com.facebook.common.dextricks.MultiDexClassLoaderLight.loadFromParent(:4)
08-28 18:48:03.926 13654 13921 W MDCLLight: 	at com.facebook.common.dextricks.MultiDexClassLoaderLight.loadClass(:38)
08-28 18:48:03.926 13654 13921 W MDCLLight: 	at java.lang.ClassLoader.loadClass(ClassLoader.java:625)
08-28 18:48:03.926 13654 13921 W MDCLLight: 	at java.lang.ClassLoader.loadClass(ClassLoader.java:573)
08-28 18:48:03.926 13654 13921 W MDCLLight: 	at java.lang.Class.classForName(Native Method)
08-28 18:48:03.926 13654 13921 W MDCLLight: 	at java.lang.Class.forName(Class.java:597)
08-28 18:48:03.926 13654 13921 W MDCLLight: 	at java.lang.Class.forName(Class.java:502)
08-28 18:48:03.926 13654 13921 W MDCLLight: 	at X.6qh.<clinit>(:10)
08-28 18:48:03.926 13654 13921 W MDCLLight: 	at X.6nc.A00(:132)
08-28 18:48:03.926 13654 13921 W MDCLLight: 	at androidx.datastore.core.SingleProcessDataStore.A04(:140)
08-28 18:48:03.926 13654 13921 W MDCLLight: 	at androidx.datastore.core.SingleProcessDataStore.A05(:94)
08-28 18:48:03.926 13654 13921 W MDCLLight: 	at androidx.datastore.core.SingleProcessDataStore.A01(:155)
08-28 18:48:03.926 13654 13921 W MDCLLight: 	at androidx.datastore.core.SingleProcessDataStore.A03(:66)
08-28 18:48:03.926 13654 13921 W MDCLLight: 	at X.96j.invokeSuspend(:1141)
08-28 18:48:03.926 13654 13921 W MDCLLight: 	at X.96j.invoke(:10)
08-28 18:48:03.926 13654 13921 W MDCLLight: 	at X.96j.invokeSuspend(:1837)
08-28 18:48:03.926 13654 13921 W MDCLLight: 	at X.5xv.resumeWith(:15)
08-28 18:48:03.926 13654 13921 W MDCLLight: 	at X.5yg.run(:97)
08-28 18:48:03.926 13654 13921 W MDCLLight: 	at X.6ew.run(:3)
08-28 18:48:03.926 13654 13921 W MDCLLight: 	at X.6ho.run(:2)
08-28 18:48:03.926 13654 13921 W MDCLLight: 	at X.4je.A01(:0)
08-28 18:48:03.926 13654 13921 W MDCLLight: 	at X.6hp.run(:79)
08-28 18:48:03.926 13654 13921 W MDCLLight: Caused by: java.lang.NoClassDefFoundError: Class not found using the boot class loader; no stack trace available
08-28 18:48:03.926 13654 13921 W MDCLLight: tryFallbackLoadDex: fallbackLoader is null, unable to fallback load dex for androidx.datastore.preferences.protobuf.ExtensionSchemaFull
08-28 18:48:03.926 13654 13921 E MDCLLight: Fallback load dex failed for androidx.datastore.preferences.protobuf.ExtensionSchemaFull
08-28 18:48:03.927 13654 13921 W MDCLLight: Failed to load class from parent: androidx.datastore.preferences.protobuf.MapFieldSchemaFull
08-28 18:48:03.927 13654 13921 W MDCLLight: java.lang.ClassNotFoundException: androidx.datastore.preferences.protobuf.MapFieldSchemaFull
08-28 18:48:03.927 13654 13921 W MDCLLight: 	at java.lang.Class.classForName(Native Method)
08-28 18:48:03.927 13654 13921 W MDCLLight: 	at java.lang.BootClassLoader.findClass(ClassLoader.java:2698)
08-28 18:48:03.927 13654 13921 W MDCLLight: 	at java.lang.BootClassLoader.loadClass(ClassLoader.java:2758)
08-28 18:48:03.927 13654 13921 W MDCLLight: 	at java.lang.ClassLoader.loadClass(ClassLoader.java:573)
08-28 18:48:03.927 13654 13921 W MDCLLight: 	at com.facebook.common.dextricks.MultiDexClassLoaderLight.loadFromParent(:4)
08-28 18:48:03.927 13654 13921 W MDCLLight: 	at com.facebook.common.dextricks.MultiDexClassLoaderLight.loadClass(:38)
08-28 18:48:03.927 13654 13921 W MDCLLight: 	at java.lang.ClassLoader.loadClass(ClassLoader.java:625)
08-28 18:48:03.927 13654 13921 W MDCLLight: 	at java.lang.ClassLoader.loadClass(ClassLoader.java:573)
08-28 18:48:03.927 13654 13921 W MDCLLight: 	at java.lang.Class.classForName(Native Method)
08-28 18:48:03.927 13654 13921 W MDCLLight: 	at java.lang.Class.forName(Class.java:597)
08-28 18:48:03.927 13654 13921 W MDCLLight: 	at java.lang.Class.forName(Class.java:502)
08-28 18:48:03.927 13654 13921 W MDCLLight: 	at X.6qt.<clinit>(:3)
08-28 18:48:03.927 13654 13921 W MDCLLight: 	at X.6nc.A00(:134)
08-28 18:48:03.927 13654 13921 W MDCLLight: 	at androidx.datastore.core.SingleProcessDataStore.A04(:140)
08-28 18:48:03.927 13654 13921 W MDCLLight: 	at androidx.datastore.core.SingleProcessDataStore.A05(:94)
08-28 18:48:03.927 13654 13921 W MDCLLight: 	at androidx.datastore.core.SingleProcessDataStore.A01(:155)
08-28 18:48:03.927 13654 13921 W MDCLLight: 	at androidx.datastore.core.SingleProcessDataStore.A03(:66)
08-28 18:48:03.927 13654 13921 W MDCLLight: 	at X.96j.invokeSuspend(:1141)
08-28 18:48:03.927 13654 13921 W MDCLLight: 	at X.96j.invoke(:10)
08-28 18:48:03.927 13654 13921 W MDCLLight: 	at X.96j.invokeSuspend(:1837)
08-28 18:48:03.927 13654 13921 W MDCLLight: 	at X.5xv.resumeWith(:15)
08-28 18:48:03.927 13654 13921 W MDCLLight: 	at X.5yg.run(:97)
08-28 18:48:03.927 13654 13921 W MDCLLight: 	at X.6ew.run(:3)
08-28 18:48:03.927 13654 13921 W MDCLLight: 	at X.6ho.run(:2)
08-28 18:48:03.927 13654 13921 W MDCLLight: 	at X.4je.A01(:0)
08-28 18:48:03.927 13654 13921 W MDCLLight: 	at X.6hp.run(:79)
08-28 18:48:03.927 13654 13921 W MDCLLight: Caused by: java.lang.NoClassDefFoundError: Class not found using the boot class loader; no stack trace available
08-28 18:48:03.927 13654 13921 W MDCLLight: tryFallbackLoadDex: fallbackLoader is null, unable to fallback load dex for androidx.datastore.preferences.protobuf.MapFieldSchemaFull
08-28 18:48:03.927 13654 13921 E MDCLLight: Fallback load dex failed for androidx.datastore.preferences.protobuf.MapFieldSchemaFull
08-28 18:48:03.934 13654 13849 W AppInitScheduler|Run:   Finished ThemeInitializer in 21ms
08-28 18:48:03.934 13654 13849 W AppInitScheduler|Schedule:   Executing 66:LanguageInitializer
08-28 18:48:03.934 13654 13849 W AppInitScheduler|Run: Running LanguageInitializer
08-28 18:48:03.935 13654 13849 W FrscLanguagePackLoader: Loading FRSC strings for locale (en)
08-28 18:48:03.935  2387  2871 D ConnectivityService: requestNetwork for uid/pid:10628/13654 activeRequest: null callbackRequest: 872 [NetworkRequest [ REQUEST id=873, [ Capabilities: INTERNET&NOT_RESTRICTED&TRUSTED&NOT_VCN_MANAGED&NOT_BANDWIDTH_CONSTRAINED Uid: 10628 RequestorUid: 10628 RequestorPkg: com.instagram.android UnderlyingNetworks: Null] ]] callback flags: 0 order: 2147483647 isUidTracked: false declaredMethods: AVAIL|LOST|NC
08-28 18:48:03.935 13621 13810 I Bugle   : DatabaseHelperBasic: sqlite version is 3.44.3
08-28 18:48:03.937  2387  3185 D ConnectivityService: NetReassign [873 : null  100] [c 0] [a 1] [i 1]
08-28 18:48:03.937  2387  3178 D OemPaidWifiNetworkFactory: got request NetworkRequest [ REQUEST id=873, [ Capabilities: INTERNET&NOT_RESTRICTED&TRUSTED&NOT_VCN_MANAGED&NOT_BANDWIDTH_CONSTRAINED Uid: 10628 RequestorUid: 10628 RequestorPkg: com.instagram.android UnderlyingNetworks: Null] ]
08-28 18:48:03.937  2387  3178 D MultiInternetWifiNetworkFactory: got request NetworkRequest [ REQUEST id=873, [ Capabilities: INTERNET&NOT_RESTRICTED&TRUSTED&NOT_VCN_MANAGED&NOT_BANDWIDTH_CONSTRAINED Uid: 10628 RequestorUid: 10628 RequestorPkg: com.instagram.android UnderlyingNetworks: Null] ]
08-28 18:48:03.937  2387  3178 D WifiNetworkFactory: got request NetworkRequest [ REQUEST id=873, [ Capabilities: INTERNET&NOT_RESTRICTED&TRUSTED&NOT_VCN_MANAGED&NOT_BANDWIDTH_CONSTRAINED Uid: 10628 RequestorUid: 10628 RequestorPkg: com.instagram.android UnderlyingNetworks: Null] ]
08-28 18:48:03.937  2387  3178 D UntrustedWifiNetworkFactory: got request NetworkRequest [ REQUEST id=873, [ Capabilities: INTERNET&NOT_RESTRICTED&TRUSTED&NOT_VCN_MANAGED&NOT_BANDWIDTH_CONSTRAINED Uid: 10628 RequestorUid: 10628 RequestorPkg: com.instagram.android UnderlyingNetworks: Null] ]
08-28 18:48:03.937 13654 13841 I KeyProviderManager: Loaded keybox from XML setting
08-28 18:48:03.938 13654 13849 D CACHE_HINTS: Entering madvise file
08-28 18:48:03.938 13654 13849 D CACHE_HINTS: MADVISE_RAND file 0x7055503000 10129407 /data/data/com.instagram.android/app_restricks/layouts.bin
08-28 18:48:03.939  3998  8789 I gle.android.gms: AssetManager2(0xb40000721b8778f8) locale list changing from [] to [en-US]
08-28 18:48:03.940  2387  6628 I ActivityManager: Process com.android.vending:instant_app_installer (pid 1301) has died: cch+75 CEM 
08-28 18:48:03.940 13654 13841 I KeyProviderManager: Loaded keybox from XML setting
08-28 18:48:03.941  2387  2945 I libprocessgroup: Removed cgroup /sys/fs/cgroup/apps/uid_10481/pid_1301
08-28 18:48:03.941  1317  1317 I Zygote  : Process 1301 exited due to signal 9 (Killed)
08-28 18:48:03.943 13654 13841 I KeyProviderManager: Loaded keybox from XML setting
08-28 18:48:03.944 13654 13927 W FrscLanguagePackLoader: FRSC English strings buffer size - (limit : 1034410, capacity : 1034410)
08-28 18:48:03.944 13654 13849 W AppInitScheduler|Run:   Finished LanguageInitializer in 10ms
08-28 18:48:03.944 13654 13849 W AppInitScheduler|Schedule:   Executing 91:ReelRequestInitializer
08-28 18:48:03.944 13654 13849 W AppInitScheduler|Run: Running ReelRequestInitializer
08-28 18:48:03.948 13654 13849 W AppInitScheduler|Run:   Finished ReelRequestInitializer in 4ms
08-28 18:48:03.948 13654 13849 W AppInitScheduler|Schedule:   Executing 64:JestE2EInitializer
08-28 18:48:03.948 13654 13849 W AppInitScheduler|Run: Running JestE2EInitializer
08-28 18:48:03.948 13654 13849 W AppInitScheduler|Run:   Finished JestE2EInitializer in 1ms
08-28 18:48:03.948 13654 13849 W AppInitScheduler|Schedule:   Executing 37:BloksInitializer
08-28 18:48:03.948 13654 13849 W AppInitScheduler|Run: Running BloksInitializer
08-28 18:48:03.948 13621 13810 I BugleDataModel: HeavyWorkQueueEmptyObserver: Starting observation of WorkQueueWorkManagerTable
08-28 18:48:03.949 13654 13849 W AppInitScheduler|Run:   Finished BloksInitializer in 0ms
08-28 18:48:03.949 13654 13849 W AppInitScheduler|Schedule:   Executing 104:YogaInitializer
08-28 18:48:03.949 13654 13849 W AppInitScheduler|Run: Running YogaInitializer
08-28 18:48:03.949 13654 13849 W AppInitScheduler|Run:   Finished YogaInitializer in 0ms
08-28 18:48:03.949 13654 13849 W AppInitScheduler|Schedule:   Executing 96:SignalManagerEarlyInitializer
08-28 18:48:03.949 13654 13849 W AppInitScheduler|Run: Running SignalManagerEarlyInitializer
08-28 18:48:03.950 13654 13849 W AppInitScheduler|Run:   Finished SignalManagerEarlyInitializer in 1ms
08-28 18:48:03.950 13654 13849 W AppInitScheduler|Schedule:   Executing 19:QplXplatDelayedInitializer
08-28 18:48:03.950 13654 13849 W AppInitScheduler|Run: Running QplXplatDelayedInitializer
08-28 18:48:03.951 13654 13849 W AppInitScheduler|Run:   Finished QplXplatDelayedInitializer in 1ms
08-28 18:48:03.951 13654 13849 W AppInitScheduler|Schedule:   Executing 119:HeroServiceControllerEarlyInitializer
08-28 18:48:03.951 13654 13849 W AppInitScheduler|Run: Running HeroServiceControllerEarlyInitializer
08-28 18:48:03.951 13654 13849 W AppInitScheduler|Run:   Finished HeroServiceControllerEarlyInitializer in 0ms
08-28 18:48:03.951 13654 13849 W AppInitScheduler|Schedule:   Executing 57:ImageInfraInitializer
08-28 18:48:03.951 13654 13849 W AppInitScheduler|Run: Running ImageInfraInitializer
08-28 18:48:03.953 13654 13849 W AppInitScheduler|Run:   Finished ImageInfraInitializer in 2ms
08-28 18:48:03.953 13654 13849 W AppInitScheduler|Schedule:   Executing 95:ShareToFeedInitializer
08-28 18:48:03.953 13654 13849 W AppInitScheduler|Run: Running ShareToFeedInitializer
08-28 18:48:03.954 13654 13849 W AppInitScheduler|Run:   Finished ShareToFeedInitializer in 1ms
08-28 18:48:03.954 13654 13849 W AppInitScheduler|Schedule:   Executing 48:FeedCacheInitializer
08-28 18:48:03.954 13654 13849 W AppInitScheduler|Run: Running FeedCacheInitializer
08-28 18:48:03.955 13654 13849 W AppInitScheduler|Run:   Finished FeedCacheInitializer in 1ms
08-28 18:48:03.955 13654 13849 W AppInitScheduler|Schedule:   Executing 22:AdsCacheInitializer
08-28 18:48:03.955 13654 13849 W AppInitScheduler|Run: Running AdsCacheInitializer
08-28 18:48:03.955 13654 13841 I KeyProviderManager: Loaded keybox from XML setting
08-28 18:48:03.957 13654 13841 I KeyProviderManager: Loaded keybox from XML setting
08-28 18:48:03.958  5606  5822 I ecqc    : (REDACTED) appOpsListener %s %s
08-28 18:48:03.958  5606  5822 I ecqc    : (REDACTED) Ignoring irrelevant audio permission changes for package %s
08-28 18:48:03.958 13654 13841 I KeyProviderManager: Loaded keybox from XML setting
08-28 18:48:03.959 13654 13849 W AppInitScheduler|Run:   Finished AdsCacheInitializer in 3ms
08-28 18:48:03.959 13654 13849 W AppInitScheduler|Schedule:   Executing 108:ReelsCacheInitializer
08-28 18:48:03.959 13654 13849 W AppInitScheduler|Run: Running ReelsCacheInitializer
08-28 18:48:03.959 13654 13849 W AppInitScheduler|Run:   Finished ReelsCacheInitializer in 0ms
08-28 18:48:03.959 13654 13849 W AppInitScheduler|Schedule:   Executing 128:ClipsTabInitializer
08-28 18:48:03.959 13654 13849 W AppInitScheduler|Run: Running ClipsTabInitializer
08-28 18:48:03.959 13654 13849 W AppInitScheduler|Run:   Finished ClipsTabInitializer in 0ms
08-28 18:48:03.959 13654 13849 W AppInitScheduler|Schedule:   Executing 24:AppBackgroundListenerInitializer
08-28 18:48:03.959 13654 13849 W AppInitScheduler|Run: Running AppBackgroundListenerInitializer
08-28 18:48:03.959  2387  6635 D ConnectivityService: Returning UNBLOCKED NetworkInfo to uid=10628
08-28 18:48:03.961  3998  8789 E IPCThreadState: Process seems to be sending too many oneway calls.
08-28 18:48:03.961  3998  8789 W IPCThreadState: CallStack::getCurrentInternal not linked, returning null
08-28 18:48:03.961  3998  8789 W oneway spamming: CallStack::logStackInternal not linked
08-28 18:48:03.961  3998  8789 W BpBinder: Large outgoing transaction of 451232 bytes, interface descriptor , code 4 was sent
08-28 18:48:03.961 13654 13849 W AppInitScheduler|Run:   Finished AppBackgroundListenerInitializer in 2ms
08-28 18:48:03.961 13654 13849 W AppInitScheduler|Schedule:   Executing 132:TypefaceInitializer
08-28 18:48:03.962 13654 13849 W AppInitScheduler|Run: Running TypefaceInitializer
08-28 18:48:03.962 13654 13849 W AppInitScheduler|Run:   Finished TypefaceInitializer in 0ms
08-28 18:48:03.962 13654 13849 W AppInitScheduler|Schedule:   Executing 127:ActivityViewInflaterInitializer
08-28 18:48:03.962 13654 13849 W AppInitScheduler|Run: Running ActivityViewInflaterInitializer
08-28 18:48:03.962 13654 13849 W AppInitScheduler|Run:   Finished ActivityViewInflaterInitializer in 0ms
08-28 18:48:03.962 13654 13849 W AppInitScheduler|Schedule:   Executing 61:PluginInitializer
08-28 18:48:03.962 13654 13849 W AppInitScheduler|Schedule:   Executing 140:DirectInitializer
08-28 18:48:03.962 13654 13849 W AppInitScheduler|Run: Running PluginInitializer
