--------- beginning of main
08-28 18:23:50.958  2205  3277 D libsensor-B2SNotifier: Backlight2SlpiNotifier brightness = 26
08-28 18:23:50.976  2205  3277 D libsensor-B2SNotifier: Backlight2SlpiNotifier brightness = 26
08-28 18:23:50.992  2205  3277 D libsensor-B2SNotifier: Backlight2SlpiNotifier brightness = 26
08-28 18:23:51.009  2205  3277 D libsensor-B2SNotifier: Backlight2SlpiNotifier brightness = 26
08-28 18:23:51.026  2205  3277 D libsensor-B2SNotifier: Backlight2SlpiNotifier brightness = 26
08-28 18:23:51.042  2205  3277 D libsensor-B2SNotifier: Backlight2SlpiNotifier brightness = 25
08-28 18:23:51.049  2117 14751 W ServiceManagerCppClient: Waited one second for stats (is service started? Number of threads started in the threadpool: 17. Are binder threads started and available?)
08-28 18:23:51.051   682  4032 W libc    : Unable to set property "ctl.interface_start" to "aidl/stats": PROP_ERROR_HANDLE_CONTROL_MESSAGE (0x20)
08-28 18:23:51.059  2205  3277 D libsensor-B2SNotifier: Backlight2SlpiNotifier brightness = 25
08-28 18:23:51.076  2205  3277 D libsensor-B2SNotifier: Backlight2SlpiNotifier brightness = 25
08-28 18:23:51.091  2205  3277 D libsensor-B2SNotifier: Backlight2SlpiNotifier brightness = 25
08-28 18:23:51.109  2205  3277 D libsensor-B2SNotifier: Backlight2SlpiNotifier brightness = 25
08-28 18:23:51.125  2205  3277 D libsensor-B2SNotifier: Backlight2SlpiNotifier brightness = 25
08-28 18:23:51.142  2205  3277 D libsensor-B2SNotifier: Backlight2SlpiNotifier brightness = 24
08-28 18:23:51.158  2205  3277 D libsensor-B2SNotifier: Backlight2SlpiNotifier brightness = 24
08-28 18:23:51.174  2205  3277 D libsensor-B2SNotifier: Backlight2SlpiNotifier brightness = 24
08-28 18:23:51.190  2205  3277 D libsensor-B2SNotifier: Backlight2SlpiNotifier brightness = 24
08-28 18:23:51.207  2205  3277 D libsensor-B2SNotifier: Backlight2SlpiNotifier brightness = 24
08-28 18:23:51.225  2205  3277 D libsensor-B2SNotifier: Backlight2SlpiNotifier brightness = 24
08-28 18:23:51.240  2205  3277 D libsensor-B2SNotifier: Backlight2SlpiNotifier brightness = 23
08-28 18:23:51.258  2205  3277 D libsensor-B2SNotifier: Backlight2SlpiNotifier brightness = 23
08-28 18:23:51.274  2205  3277 D libsensor-B2SNotifier: Backlight2SlpiNotifier brightness = 23
08-28 18:23:51.291  2205  3277 D libsensor-B2SNotifier: Backlight2SlpiNotifier brightness = 23
08-28 18:23:51.308  2205  3277 D libsensor-B2SNotifier: Backlight2SlpiNotifier brightness = 23
08-28 18:23:51.324  2205  3277 D libsensor-B2SNotifier: Backlight2SlpiNotifier brightness = 23
08-28 18:23:51.341  2205  3277 D libsensor-B2SNotifier: Backlight2SlpiNotifier brightness = 22
08-28 18:23:51.358  2205  3277 D libsensor-B2SNotifier: Backlight2SlpiNotifier brightness = 22
08-28 18:23:51.374  2205  3277 D libsensor-B2SNotifier: Backlight2SlpiNotifier brightness = 22
08-28 18:23:51.391  2205  3277 D libsensor-B2SNotifier: Backlight2SlpiNotifier brightness = 22
08-28 18:23:51.409  2205  3277 D libsensor-B2SNotifier: Backlight2SlpiNotifier brightness = 22
08-28 18:23:51.424  2205  3277 D libsensor-B2SNotifier: Backlight2SlpiNotifier brightness = 22
08-28 18:23:51.440  2205  3277 D libsensor-B2SNotifier: Backlight2SlpiNotifier brightness = 21
08-28 18:23:51.456  2205  3277 D libsensor-B2SNotifier: Backlight2SlpiNotifier brightness = 21
08-28 18:23:51.473  2205  3277 D libsensor-B2SNotifier: Backlight2SlpiNotifier brightness = 21
08-28 18:23:51.490  2205  3277 D libsensor-B2SNotifier: Backlight2SlpiNotifier brightness = 21
08-28 18:23:51.508  2205  3277 D libsensor-B2SNotifier: Backlight2SlpiNotifier brightness = 21
08-28 18:23:51.523  2205  3277 D libsensor-B2SNotifier: Backlight2SlpiNotifier brightness = 21
08-28 18:23:51.540  2205  3277 D libsensor-B2SNotifier: Backlight2SlpiNotifier brightness = 20
08-28 18:23:51.558  2205  3277 D libsensor-B2SNotifier: Backlight2SlpiNotifier brightness = 20
08-28 18:23:51.574  2205  3277 D libsensor-B2SNotifier: Backlight2SlpiNotifier brightness = 20
08-28 18:23:51.590  2205  3277 D libsensor-B2SNotifier: Backlight2SlpiNotifier brightness = 20
08-28 18:23:51.607  2205  3277 D libsensor-B2SNotifier: Backlight2SlpiNotifier brightness = 20
08-28 18:23:51.622  2205  3277 D libsensor-B2SNotifier: Backlight2SlpiNotifier brightness = 20
08-28 18:23:51.639  2205  3277 D libsensor-B2SNotifier: Backlight2SlpiNotifier brightness = 20
08-28 18:23:51.656  2205  3277 D libsensor-B2SNotifier: Backlight2SlpiNotifier brightness = 19
08-28 18:23:51.738  1599  1692 W ServiceManagerCppClient: Waited one second for stats (is service started? Number of threads started in the threadpool: 6. Are binder threads started and available?)
08-28 18:23:51.738  2387  3412 W ServiceManagerCppClient: Waited one second for stats (is service started? Number of threads started in the threadpool: 32. Are binder threads started and available?)
08-28 18:23:51.742   682  4121 W libc    : Unable to set property "ctl.interface_start" to "aidl/stats": PROP_ERROR_HANDLE_CONTROL_MESSAGE (0x20)
08-28 18:23:51.742   682  4120 W libc    : Unable to set property "ctl.interface_start" to "aidl/stats": PROP_ERROR_HANDLE_CONTROL_MESSAGE (0x20)
08-28 18:23:52.050  2117 14751 W ServiceManagerCppClient: Waited one second for stats (is service started? Number of threads started in the threadpool: 17. Are binder threads started and available?)
08-28 18:23:52.052   682  4122 W libc    : Unable to set property "ctl.interface_start" to "aidl/stats": PROP_ERROR_HANDLE_CONTROL_MESSAGE (0x20)
08-28 18:23:52.367  1607  1607 D DisplayModeController: setDesiredMode 4630946736638489730 {mode={fps=120.00 Hz, modePtr={id=0, vsyncRate=120.00 Hz, peakRefreshRate=120.00 Hz}}, emitEvent=true, force=false}
08-28 18:23:52.368  1525  1925 I SDM     : HWDeviceDRM::UpdateMixerAttributes: Mixer WxH 1440x3200-1 for Peripheral
08-28 18:23:52.368  1525  1925 I SDM     : HWCDisplay::SubmitDisplayConfig: Active configuration changed to: 0
08-28 18:23:52.376  2205  3278 D libsensor-F2SNotifier: DisplayFreq2SlpiNotifier display_freq = 120
--------- beginning of system
08-28 18:23:52.399  2387  2937 I DisplayDeviceRepository: Display device changed render timings: "Built-in Screen", renderFrameRate=120.00001, presentationDeadlineNanos=13333333, appVsyncOffsetNanos=1000000, frameRateOverrides=[]
08-28 18:23:52.402  2387  2935 D WindowManager: DeferredDisplayUpdater: partially applying DisplayInfo(1440 x 3200) immediately
08-28 18:23:52.403  1491 24239 D audio_hw_primary: adev_set_parameters: enter: screen_state=on
08-28 18:23:52.403  1491 24239 V msm8974_platform: platform_set_parameters: enter: screen_state=on
08-28 18:23:52.403  1491 24239 D msm8974_platform: platform_set_parameters: exit with code(0)
08-28 18:23:52.403  1491 24239 D sound_trigger_hw: handle_screen_status_change: screen on
08-28 18:23:52.403  1491 24239 D audio_hw_cspl_cal: cirrus_cal_setparameters: enter 0xeb500010
08-28 18:23:52.403  1491 24239 D audio_hw_primary: adev_set_parameters: exit with code(0)
08-28 18:23:52.740  2387  3412 W ServiceManagerCppClient: Waited one second for stats (is service started? Number of threads started in the threadpool: 32. Are binder threads started and available?)
08-28 18:23:52.740  1599  1692 W ServiceManagerCppClient: Waited one second for stats (is service started? Number of threads started in the threadpool: 6. Are binder threads started and available?)
08-28 18:23:52.742   682  4125 W libc    : Unable to set property "ctl.interface_start" to "aidl/stats": PROP_ERROR_HANDLE_CONTROL_MESSAGE (0x20)
08-28 18:23:52.742   682  4127 W libc    : Unable to set property "ctl.interface_start" to "aidl/stats": PROP_ERROR_HANDLE_CONTROL_MESSAGE (0x20)
08-28 18:23:53.051  2117 14751 W ServiceManagerCppClient: Waited one second for stats (is service started? Number of threads started in the threadpool: 17. Are binder threads started and available?)
08-28 18:23:53.053   682  4130 W libc    : Unable to set property "ctl.interface_start" to "aidl/stats": PROP_ERROR_HANDLE_CONTROL_MESSAGE (0x20)
08-28 18:23:53.593 32557 32711 E msys    : E[N mns]_OnDiskCacheGetData(561)=>Start post callback cache refresh DNS resolution
08-28 18:23:53.594 32557 32711 W LibevQuicAsyncUDPSocket.h: setTosOrTrafficClass not implemented in LibevQuicAsyncUDPSocket
08-28 18:23:53.599 32557 32711 E MvfstCallbacks.cpp: onConnectionSetupError: error=TransportError: Internal Error, Error on socket write Operation not permitted, 
08-28 18:23:53.599 32557 32711 E msys    : E[N mns]_LogError(205)=>Failed to resolve using system DNS resolver, getaddrinfo(): No address associated with hostname
08-28 18:23:53.599 32557 32711 E msys    : E[N mns]_OnDiskCacheGetData(561)=>Start post callback cache refresh DNS resolution
08-28 18:23:53.600 32557 32711 E msys    : E[N mns]_LogError(205)=>Failed to resolve using system DNS resolver, getaddrinfo(): No address associated with hostname
08-28 18:23:53.742  1599  1692 W ServiceManagerCppClient: Waited one second for stats (is service started? Number of threads started in the threadpool: 6. Are binder threads started and available?)
08-28 18:23:53.742  2387  3412 W ServiceManagerCppClient: Waited one second for stats (is service started? Number of threads started in the threadpool: 32. Are binder threads started and available?)
08-28 18:23:53.742 32557 32711 E msys    : E[N mns]_OnDiskCacheGetData(561)=>Start post callback cache refresh DNS resolution
08-28 18:23:53.742 32557 32711 E msys    : E[N mns]_OnDiskCacheGetData(561)=>Start post callback cache refresh DNS resolution
08-28 18:23:53.744   682  4145 W libc    : Unable to set property "ctl.interface_start" to "aidl/stats": PROP_ERROR_HANDLE_CONTROL_MESSAGE (0x20)
08-28 18:23:53.744   682  4142 W libc    : Unable to set property "ctl.interface_start" to "aidl/stats": PROP_ERROR_HANDLE_CONTROL_MESSAGE (0x20)
08-28 18:23:53.744 32557 32711 W LibevQuicAsyncUDPSocket.h: setTosOrTrafficClass not implemented in LibevQuicAsyncUDPSocket
08-28 18:23:53.749 32557 32711 E msys    : E[N mns]_LogError(205)=>Failed to resolve using system DNS resolver, getaddrinfo(): No address associated with hostname
08-28 18:23:53.749 32557 32711 E msys    : E[N mns]_LogError(205)=>Failed to resolve using system DNS resolver, getaddrinfo(): No address associated with hostname
08-28 18:23:53.749 32557 32711 E MvfstCallbacks.cpp: onConnectionSetupError: error=TransportError: Internal Error, Error on socket write Operation not permitted, 
08-28 18:23:54.052  2117 14751 W ServiceManagerCppClient: Waited one second for stats (is service started? Number of threads started in the threadpool: 17. Are binder threads started and available?)
08-28 18:23:54.054   682  4147 W libc    : Unable to set property "ctl.interface_start" to "aidl/stats": PROP_ERROR_HANDLE_CONTROL_MESSAGE (0x20)
08-28 18:23:54.445  2387  2963 I DisplayPowerController[0]: BrightnessEvent: brt=0.009072112 (16.0%), nits= 11.0539665, lux=0.0, reason=automatic, strat=AutomaticBrightnessStrategy, state=ON, stateReason=KEY, policy=BRIGHT, flags=, initBrt=0.00923824, rcmdBrt=0.009072112, preBrt=0.00923824, preLux=0.70530915, wasShortTermModelActive=false, autoBrightness=true (default), unclampedBrt=0.009072112, hbmMax=1.0, hbmMode=off, thrmMax=1.0, rbcStrength=81, powerFactor=1.0, physDisp=Built-in Screen(local:4630946736638489730), logicalId=0, slowChange=true, rampSpeed=0.04
08-28 18:23:54.455  2205  3277 D libsensor-B2SNotifier: Backlight2SlpiNotifier brightness = 19
08-28 18:23:54.465  2205  3277 D libsensor-B2SNotifier: Backlight2SlpiNotifier brightness = 19
08-28 18:23:54.473  2205  3277 D libsensor-B2SNotifier: Backlight2SlpiNotifier brightness = 19
08-28 18:23:54.480  2205  3277 D libsensor-B2SNotifier: Backlight2SlpiNotifier brightness = 19
08-28 18:23:54.489  2205  3277 D libsensor-B2SNotifier: Backlight2SlpiNotifier brightness = 19
08-28 18:23:54.743  1599  1692 W ServiceManagerCppClient: Waited one second for stats (is service started? Number of threads started in the threadpool: 6. Are binder threads started and available?)
08-28 18:23:54.743  2387  3412 W ServiceManagerCppClient: Waited one second for stats (is service started? Number of threads started in the threadpool: 32. Are binder threads started and available?)
08-28 18:23:54.745   682  4155 W libc    : Unable to set property "ctl.interface_start" to "aidl/stats": PROP_ERROR_HANDLE_CONTROL_MESSAGE (0x20)
08-28 18:23:54.745   682  4156 W libc    : Unable to set property "ctl.interface_start" to "aidl/stats": PROP_ERROR_HANDLE_CONTROL_MESSAGE (0x20)
08-28 18:23:55.053  2117 14751 W ServiceManagerCppClient: Waited one second for stats (is service started? Number of threads started in the threadpool: 17. Are binder threads started and available?)
08-28 18:23:55.055   682  4157 W libc    : Unable to set property "ctl.interface_start" to "aidl/stats": PROP_ERROR_HANDLE_CONTROL_MESSAGE (0x20)
08-28 18:23:55.312  3583  3583 D TelephonyManager: requestModemActivityInfo: Sending result to app: ModemActivityInfo{ mTimestamp=1459689 mSleepTimeMs=23388 mIdleTimeMs=29914 mActivityStatsTechSpecificInfo=[{mRat=UNKNOWN,mFrequencyRange=UNKNOWN,mTxTimeMs[]=[100590, 2639, 231322, 66278, 89794],mRxTimeMs=903643}]}
08-28 18:23:55.520   965   965 D android.widget.GridLayout: horizontal constraints: x2-x0>=1373, x2-x1<=357, x1-x0<=122 are inconsistent; permanently removing: x2-x1<=357. 
08-28 18:23:55.520   965   965 D android.widget.GridLayout: horizontal constraints: x2-x0>=1373, x2-x1<=360, x1-x0<=122 are inconsistent; permanently removing: x2-x1<=360. 
08-28 18:23:55.683  3998  4136 I GmsCoreXrpcWrapper: (REDACTED) Returning a channel provider with trafficStatsTag=%d trafficStatsUid=%d
08-28 18:23:55.683  3998  4136 I GmsCoreXrpcWrapper: (REDACTED) Returning a channel provider with trafficStatsTag=%d trafficStatsUid=%d
08-28 18:23:55.683  3998  4136 I GmsCoreXrpcWrapper: (REDACTED) Returning a channel provider with trafficStatsTag=%d trafficStatsUid=%d
08-28 18:23:55.684  3998  4136 I GmsCoreXrpcWrapper: (REDACTED) Returning a channel provider with trafficStatsTag=%d trafficStatsUid=%d
08-28 18:23:55.744  1599  1692 W ServiceManagerCppClient: Waited one second for stats (is service started? Number of threads started in the threadpool: 6. Are binder threads started and available?)
08-28 18:23:55.745  2387  3412 W ServiceManagerCppClient: Waited one second for stats (is service started? Number of threads started in the threadpool: 32. Are binder threads started and available?)
08-28 18:23:55.746   682  4158 W libc    : Unable to set property "ctl.interface_start" to "aidl/stats": PROP_ERROR_HANDLE_CONTROL_MESSAGE (0x20)
08-28 18:23:55.746   682  4159 W libc    : Unable to set property "ctl.interface_start" to "aidl/stats": PROP_ERROR_HANDLE_CONTROL_MESSAGE (0x20)
08-28 18:23:56.054  2117 14751 W ServiceManagerCppClient: Waited one second for stats (is service started? Number of threads started in the threadpool: 17. Are binder threads started and available?)
08-28 18:23:56.057   682  4161 W libc    : Unable to set property "ctl.interface_start" to "aidl/stats": PROP_ERROR_HANDLE_CONTROL_MESSAGE (0x20)
08-28 18:23:56.064  3998  4136 I GmsCoreXrpcWrapper: (REDACTED) Returning a channel provider with trafficStatsTag=%d trafficStatsUid=%d
08-28 18:23:56.064  3998  4136 I GmsCoreXrpcWrapper: (REDACTED) Returning a channel provider with trafficStatsTag=%d trafficStatsUid=%d
08-28 18:23:56.064  3998  4136 I GmsCoreXrpcWrapper: (REDACTED) Returning a channel provider with trafficStatsTag=%d trafficStatsUid=%d
08-28 18:23:56.064  3998  4136 I GmsCoreXrpcWrapper: (REDACTED) Returning a channel provider with trafficStatsTag=%d trafficStatsUid=%d
08-28 18:23:56.430  3998  4136 I GmsCoreXrpcWrapper: (REDACTED) Returning a channel provider with trafficStatsTag=%d trafficStatsUid=%d
08-28 18:23:56.430  3998  4136 I GmsCoreXrpcWrapper: (REDACTED) Returning a channel provider with trafficStatsTag=%d trafficStatsUid=%d
08-28 18:23:56.430  3998  4136 I GmsCoreXrpcWrapper: (REDACTED) Returning a channel provider with trafficStatsTag=%d trafficStatsUid=%d
08-28 18:23:56.431  3998  4136 I GmsCoreXrpcWrapper: (REDACTED) Returning a channel provider with trafficStatsTag=%d trafficStatsUid=%d
08-28 18:23:56.645  1494  2447 E CamX    : [ERROR][NCS    ] camxncsintfqsee.cpp:2148 SensorCallback() Invalid sensor index -1
08-28 18:23:56.670  1494  2447 E CamX    : [ERROR][NCS    ] camxncsintfqsee.cpp:2148 SensorCallback() Invalid sensor index -1
08-28 18:23:56.670  1494  2447 E CamX    : [ERROR][NCS    ] camxncsintfqsee.cpp:2148 SensorCallback() Invalid sensor index -1
08-28 18:23:56.746  1599  1692 W ServiceManagerCppClient: Waited one second for stats (is service started? Number of threads started in the threadpool: 6. Are binder threads started and available?)
08-28 18:23:56.746  2387  3412 W ServiceManagerCppClient: Waited one second for stats (is service started? Number of threads started in the threadpool: 32. Are binder threads started and available?)
08-28 18:23:56.747   682  4164 W libc    : Unable to set property "ctl.interface_start" to "aidl/stats": PROP_ERROR_HANDLE_CONTROL_MESSAGE (0x20)
08-28 18:23:56.748   682  4163 W libc    : Unable to set property "ctl.interface_start" to "aidl/stats": PROP_ERROR_HANDLE_CONTROL_MESSAGE (0x20)
08-28 18:23:56.857  1494  2447 E CamX    : [ERROR][NCS    ] camxncsintfqsee.cpp:2355 FillSensorData() Invalid sensor index -1
08-28 18:23:57.055  2117 14751 W ServiceManagerCppClient: Waited one second for stats (is service started? Number of threads started in the threadpool: 17. Are binder threads started and available?)
08-28 18:23:57.057   682  4166 W libc    : Unable to set property "ctl.interface_start" to "aidl/stats": PROP_ERROR_HANDLE_CONTROL_MESSAGE (0x20)
08-28 18:23:57.082  3998  2754 I CCTUploader: Failed to get auth token for log sources [[TACHYON_ANDROID_PRIMES]] because the account doesn't exist on the device.
08-28 18:23:57.113  3998  4136 I GmsCoreXrpcWrapper: (REDACTED) Returning a channel provider with trafficStatsTag=%d trafficStatsUid=%d
08-28 18:23:57.113  3998  4136 I GmsCoreXrpcWrapper: (REDACTED) Returning a channel provider with trafficStatsTag=%d trafficStatsUid=%d
08-28 18:23:57.113  3998  4136 I GmsCoreXrpcWrapper: (REDACTED) Returning a channel provider with trafficStatsTag=%d trafficStatsUid=%d
08-28 18:23:57.113  3998  4136 I GmsCoreXrpcWrapper: (REDACTED) Returning a channel provider with trafficStatsTag=%d trafficStatsUid=%d
08-28 18:23:57.663   965   965 W 7e.deviceinfohw: type=1400 audit(0.0:31209): avc:  denied  { read } for  name="version" dev="proc" ino=4026532114 scontext=u:r:untrusted_app:s0:c119,c258,c512,c768 tcontext=u:object_r:proc_version:s0 tclass=file permissive=0 app=ru.andr7e.deviceinfohw
08-28 18:23:57.663   965   965 W 7e.deviceinfohw: type=1400 audit(0.0:31210): avc:  denied  { search } for  name="asound" dev="proc" ino=4026532090 scontext=u:r:untrusted_app:s0:c119,c258,c512,c768 tcontext=u:object_r:proc_asound:s0 tclass=dir permissive=0 app=ru.andr7e.deviceinfohw
08-28 18:23:57.747  2387  3412 W ServiceManagerCppClient: Waited one second for stats (is service started? Number of threads started in the threadpool: 32. Are binder threads started and available?)
08-28 18:23:57.747  1599  1692 W ServiceManagerCppClient: Waited one second for stats (is service started? Number of threads started in the threadpool: 6. Are binder threads started and available?)
08-28 18:23:57.748   682  4172 W libc    : Unable to set property "ctl.interface_start" to "aidl/stats": PROP_ERROR_HANDLE_CONTROL_MESSAGE (0x20)
08-28 18:23:57.748   682  4174 W libc    : Unable to set property "ctl.interface_start" to "aidl/stats": PROP_ERROR_HANDLE_CONTROL_MESSAGE (0x20)
08-28 18:23:57.988  3998  4136 I GmsCoreXrpcWrapper: (REDACTED) Returning a channel provider with trafficStatsTag=%d trafficStatsUid=%d
08-28 18:23:57.988  3998  4136 I GmsCoreXrpcWrapper: (REDACTED) Returning a channel provider with trafficStatsTag=%d trafficStatsUid=%d
08-28 18:23:57.988  3998  4136 I GmsCoreXrpcWrapper: (REDACTED) Returning a channel provider with trafficStatsTag=%d trafficStatsUid=%d
08-28 18:23:57.988  3998  4136 I GmsCoreXrpcWrapper: (REDACTED) Returning a channel provider with trafficStatsTag=%d trafficStatsUid=%d
08-28 18:23:58.057  2117 14751 W ServiceManagerCppClient: Waited one second for stats (is service started? Number of threads started in the threadpool: 17. Are binder threads started and available?)
08-28 18:23:58.059   682  4176 W libc    : Unable to set property "ctl.interface_start" to "aidl/stats": PROP_ERROR_HANDLE_CONTROL_MESSAGE (0x20)
08-28 18:23:58.529  3998  4162 I NetworkScheduler.Stats: (REDACTED) Task %s/%s finished executing. cause:%s result: %s elapsed_millis: %s uptime_millis: %s exec_start_elapsed_seconds: %s
08-28 18:23:58.748  2387  3412 W ServiceManagerCppClient: Waited one second for stats (is service started? Number of threads started in the threadpool: 32. Are binder threads started and available?)
08-28 18:23:58.748  1599  1692 W ServiceManagerCppClient: Waited one second for stats (is service started? Number of threads started in the threadpool: 6. Are binder threads started and available?)
08-28 18:23:58.750   682  4178 W libc    : Unable to set property "ctl.interface_start" to "aidl/stats": PROP_ERROR_HANDLE_CONTROL_MESSAGE (0x20)
08-28 18:23:58.750   682  4181 W libc    : Unable to set property "ctl.interface_start" to "aidl/stats": PROP_ERROR_HANDLE_CONTROL_MESSAGE (0x20)
08-28 18:23:59.058  2117 14751 W ServiceManagerCppClient: Waited one second for stats (is service started? Number of threads started in the threadpool: 17. Are binder threads started and available?)
08-28 18:23:59.059   682  4183 W libc    : Unable to set property "ctl.interface_start" to "aidl/stats": PROP_ERROR_HANDLE_CONTROL_MESSAGE (0x20)
08-28 18:23:59.750  2387  3412 W ServiceManagerCppClient: Waited one second for stats (is service started? Number of threads started in the threadpool: 32. Are binder threads started and available?)
08-28 18:23:59.750  1599  1692 W ServiceManagerCppClient: Waited one second for stats (is service started? Number of threads started in the threadpool: 6. Are binder threads started and available?)
08-28 18:23:59.752   682  4190 W libc    : Unable to set property "ctl.interface_start" to "aidl/stats": PROP_ERROR_HANDLE_CONTROL_MESSAGE (0x20)
08-28 18:23:59.752   682  4186 W libc    : Unable to set property "ctl.interface_start" to "aidl/stats": PROP_ERROR_HANDLE_CONTROL_MESSAGE (0x20)
08-28 18:24:00.059  2117 14751 W ServiceManagerCppClient: Waited one second for stats (is service started? Number of threads started in the threadpool: 17. Are binder threads started and available?)
08-28 18:24:00.061   682  4191 W libc    : Unable to set property "ctl.interface_start" to "aidl/stats": PROP_ERROR_HANDLE_CONTROL_MESSAGE (0x20)
08-28 18:24:00.143   965   977 W 7e.deviceinfohw: Cleared Reference was only reachable from finalizer (only reported once)
08-28 18:24:00.271   965   965 W pool-4-thread-2: type=1400 audit(0.0:31211): avc:  denied  { read } for  name="version" dev="proc" ino=4026532114 scontext=u:r:untrusted_app:s0:c119,c258,c512,c768 tcontext=u:object_r:proc_version:s0 tclass=file permissive=0 app=ru.andr7e.deviceinfohw
08-28 18:24:00.271   965   965 W pool-4-thread-2: type=1400 audit(0.0:31212): avc:  denied  { search } for  name="asound" dev="proc" ino=4026532090 scontext=u:r:untrusted_app:s0:c119,c258,c512,c768 tcontext=u:object_r:proc_asound:s0 tclass=dir permissive=0 app=ru.andr7e.deviceinfohw
08-28 18:24:00.725  3998  3998 D BoundBrokerSvc: onUnbind: Intent { act=com.google.android.gms.feedback.internal.IFeedbackService dat=chimera-action:/... xflg=0x4 cmp=com.google.android.gms/.chimera.GmsBoundBrokerService }
08-28 18:24:00.751  2387  3412 W ServiceManagerCppClient: Waited one second for stats (is service started? Number of threads started in the threadpool: 32. Are binder threads started and available?)
08-28 18:24:00.751  1599  1692 W ServiceManagerCppClient: Waited one second for stats (is service started? Number of threads started in the threadpool: 6. Are binder threads started and available?)
08-28 18:24:00.753   682  4192 W libc    : Unable to set property "ctl.interface_start" to "aidl/stats": PROP_ERROR_HANDLE_CONTROL_MESSAGE (0x20)
08-28 18:24:00.753   682  4196 W libc    : Unable to set property "ctl.interface_start" to "aidl/stats": PROP_ERROR_HANDLE_CONTROL_MESSAGE (0x20)
08-28 18:24:01.060  2117 14751 W ServiceManagerCppClient: Waited one second for stats (is service started? Number of threads started in the threadpool: 17. Are binder threads started and available?)
08-28 18:24:01.062   682  4198 W libc    : Unable to set property "ctl.interface_start" to "aidl/stats": PROP_ERROR_HANDLE_CONTROL_MESSAGE (0x20)
08-28 18:24:01.270  2387  4189 D CoreBackPreview: startBackNavigation currentTask=Task{72bca9e #95 type=standard A=10631:ru.andr7e.deviceinfohw}, topRunningActivity=ActivityRecord{13552486 u0 ru.andr7e.deviceinfohw/.DeviceInfoActivity t95}, callbackInfo=OnBackInvokedCallbackInfo{mCallback=android.window.IOnBackInvokedCallback$Stub$Proxy@c457720, mPriority=0, mIsAnimationCallback=false, mOverrideBehavior=0}, currentFocus=Window{107f0b5 u0 ru.andr7e.deviceinfohw/ru.andr7e.deviceinfohw.DeviceInfoActivity}
08-28 18:24:01.270  3291  3340 D ShellBackPreview: Received backNavigationInfo:BackNavigationInfo{mType=TYPE_CALLBACK (4), mOnBackNavigationDone=android.os.RemoteCallback@f8b20d6, mOnBackInvokedCallback=android.window.IOnBackInvokedCallback$Stub$Proxy@dc25f57, mPrepareRemoteAnimation=false, mAnimationCallback=false, mCustomizeAnimationInfo=null}
08-28 18:24:01.272  2387  4189 I InputDispatcher: Channel [Gesture Monitor] edge-swipe is stealing input gesture for device 5 from [107f0b5 ru.andr7e.deviceinfohw/ru.andr7e.deviceinfohw.DeviceInfoActivity, [Gesture Monitor] swipe-up, [Gesture Monitor] onehanded-touch]
08-28 18:24:01.376  3291  3340 D ShellBackPreview: Finishing gesture with event action: 1
08-28 18:24:01.376  3291  3340 D ShellBackPreview: onGestureFinished() mTriggerBack == true
08-28 18:24:01.376  3291  3340 D ShellBackPreview: Trigger back without dispatching to animator.
08-28 18:24:01.376  3291  3340 D ShellBackPreview: BackAnimationController: finishBackNavigation()
08-28 18:24:01.377  2387  4189 D CoreBackPreview: onBackNavigationDone backType=4, triggerBack=true
08-28 18:24:01.381  5563  5563 I StylusModule: StylusModule.onUpdateToolType():805 Update tool type = 0
08-28 18:24:01.752  2387  3412 W ServiceManagerCppClient: Waited one second for stats (is service started? Number of threads started in the threadpool: 32. Are binder threads started and available?)
08-28 18:24:01.752  1599  1692 W ServiceManagerCppClient: Waited one second for stats (is service started? Number of threads started in the threadpool: 6. Are binder threads started and available?)
08-28 18:24:01.754   682  4205 W libc    : Unable to set property "ctl.interface_start" to "aidl/stats": PROP_ERROR_HANDLE_CONTROL_MESSAGE (0x20)
08-28 18:24:01.754   682  4212 W libc    : Unable to set property "ctl.interface_start" to "aidl/stats": PROP_ERROR_HANDLE_CONTROL_MESSAGE (0x20)
08-28 18:24:01.802 32557 32711 E msys    : E[N mns]_OnDiskCacheGetData(561)=>Start post callback cache refresh DNS resolution
08-28 18:24:01.802 32557 32711 W LibevQuicAsyncUDPSocket.h: setTosOrTrafficClass not implemented in LibevQuicAsyncUDPSocket
08-28 18:24:01.808 32557 32711 E MvfstCallbacks.cpp: onConnectionSetupError: error=TransportError: Internal Error, Error on socket write Operation not permitted, 
08-28 18:24:01.808 32557 32711 E msys    : E[N mns]_LogError(205)=>Failed to resolve using system DNS resolver, getaddrinfo(): No address associated with hostname
08-28 18:24:01.808 32557 32711 E msys    : E[N mns]_OnDiskCacheGetData(561)=>Start post callback cache refresh DNS resolution
08-28 18:24:01.809 32557 32711 E msys    : E[N mns]_LogError(205)=>Failed to resolve using system DNS resolver, getaddrinfo(): No address associated with hostname
08-28 18:24:02.061  2117 14751 W ServiceManagerCppClient: Waited one second for stats (is service started? Number of threads started in the threadpool: 17. Are binder threads started and available?)
08-28 18:24:02.063   682  4222 W libc    : Unable to set property "ctl.interface_start" to "aidl/stats": PROP_ERROR_HANDLE_CONTROL_MESSAGE (0x20)
08-28 18:24:02.753  2387  3412 W ServiceManagerCppClient: Waited one second for stats (is service started? Number of threads started in the threadpool: 32. Are binder threads started and available?)
08-28 18:24:02.754  1599  1692 W ServiceManagerCppClient: Waited one second for stats (is service started? Number of threads started in the threadpool: 6. Are binder threads started and available?)
08-28 18:24:02.756   682  4223 W libc    : Unable to set property "ctl.interface_start" to "aidl/stats": PROP_ERROR_HANDLE_CONTROL_MESSAGE (0x20)
08-28 18:24:02.757   682  4224 W libc    : Unable to set property "ctl.interface_start" to "aidl/stats": PROP_ERROR_HANDLE_CONTROL_MESSAGE (0x20)
08-28 18:24:02.762 32557 32711 E msys    : E[N mns]_OnDiskCacheGetData(561)=>Start post callback cache refresh DNS resolution
08-28 18:24:02.763 32557 32711 E msys    : E[N mns]_OnDiskCacheGetData(561)=>Start post callback cache refresh DNS resolution
08-28 18:24:02.764 32557 32711 W LibevQuicAsyncUDPSocket.h: setTosOrTrafficClass not implemented in LibevQuicAsyncUDPSocket
08-28 18:24:02.768 32557 32711 E msys    : E[N mns]_LogError(205)=>Failed to resolve using system DNS resolver, getaddrinfo(): No address associated with hostname
08-28 18:24:02.768 32557 32711 E msys    : E[N mns]_LogError(205)=>Failed to resolve using system DNS resolver, getaddrinfo(): No address associated with hostname
08-28 18:24:02.769 32557 32711 E MvfstCallbacks.cpp: onConnectionSetupError: error=TransportError: Internal Error, Error on socket write Operation not permitted, 
08-28 18:24:03.062  2117 14751 W ServiceManagerCppClient: Waited one second for stats (is service started? Number of threads started in the threadpool: 17. Are binder threads started and available?)
08-28 18:24:03.065   682  4228 W libc    : Unable to set property "ctl.interface_start" to "aidl/stats": PROP_ERROR_HANDLE_CONTROL_MESSAGE (0x20)
08-28 18:24:03.755  2387  3412 W ServiceManagerCppClient: Waited one second for stats (is service started? Number of threads started in the threadpool: 32. Are binder threads started and available?)
08-28 18:24:03.755  1599  1692 W ServiceManagerCppClient: Waited one second for stats (is service started? Number of threads started in the threadpool: 6. Are binder threads started and available?)
08-28 18:24:03.758   682  4232 W libc    : Unable to set property "ctl.interface_start" to "aidl/stats": PROP_ERROR_HANDLE_CONTROL_MESSAGE (0x20)
08-28 18:24:03.758   682  4234 W libc    : Unable to set property "ctl.interface_start" to "aidl/stats": PROP_ERROR_HANDLE_CONTROL_MESSAGE (0x20)
08-28 18:24:04.063  2117 14751 W ServiceManagerCppClient: Waited one second for stats (is service started? Number of threads started in the threadpool: 17. Are binder threads started and available?)
08-28 18:24:04.065   682  4236 W libc    : Unable to set property "ctl.interface_start" to "aidl/stats": PROP_ERROR_HANDLE_CONTROL_MESSAGE (0x20)
08-28 18:24:04.325   965   965 D android.widget.GridLayout: horizontal constraints: x2-x0>=1373, x2-x1<=357, x1-x0<=122 are inconsistent; permanently removing: x2-x1<=357. 
08-28 18:24:04.326   965   965 D android.widget.GridLayout: horizontal constraints: x2-x0>=1373, x2-x1<=360, x1-x0<=122 are inconsistent; permanently removing: x2-x1<=360. 
08-28 18:24:04.757  1599  1692 W ServiceManagerCppClient: Waited one second for stats (is service started? Number of threads started in the threadpool: 6. Are binder threads started and available?)
08-28 18:24:04.757  2387  3412 W ServiceManagerCppClient: Waited one second for stats (is service started? Number of threads started in the threadpool: 32. Are binder threads started and available?)
08-28 18:24:04.758   682  4237 W libc    : Unable to set property "ctl.interface_start" to "aidl/stats": PROP_ERROR_HANDLE_CONTROL_MESSAGE (0x20)
08-28 18:24:04.759   682  4238 W libc    : Unable to set property "ctl.interface_start" to "aidl/stats": PROP_ERROR_HANDLE_CONTROL_MESSAGE (0x20)
08-28 18:24:05.064  2117 14751 W ServiceManagerCppClient: Waited one second for stats (is service started? Number of threads started in the threadpool: 17. Are binder threads started and available?)
08-28 18:24:05.065   682  4239 W libc    : Unable to set property "ctl.interface_start" to "aidl/stats": PROP_ERROR_HANDLE_CONTROL_MESSAGE (0x20)
08-28 18:24:05.758  2387  3412 W ServiceManagerCppClient: Waited one second for stats (is service started? Number of threads started in the threadpool: 32. Are binder threads started and available?)
08-28 18:24:05.758  1599  1692 W ServiceManagerCppClient: Waited one second for stats (is service started? Number of threads started in the threadpool: 6. Are binder threads started and available?)
08-28 18:24:05.760   682  4244 W libc    : Unable to set property "ctl.interface_start" to "aidl/stats": PROP_ERROR_HANDLE_CONTROL_MESSAGE (0x20)
08-28 18:24:05.760   682  4245 W libc    : Unable to set property "ctl.interface_start" to "aidl/stats": PROP_ERROR_HANDLE_CONTROL_MESSAGE (0x20)
08-28 18:24:05.937  3546  4182 I QcrilOemhookMsgTunnel: [1]processOemHookIndication length=21
08-28 18:24:05.955  3525  4233 W IWlanNetworkService: 104 > Response Processed
08-28 18:24:05.956  3583  4344 D SatelliteController: isCarrierRoamingNtnEligible: satellite access is not allowed
08-28 18:24:05.957  3583  4344 D SatelliteController: evaluateCarrierRoamingNtnEligibilityChange: isCarrierRoamingNtnEligible=false
08-28 18:24:05.957  3583  4344 D SatelliteController: getSelectedSatelliteSubId: subId=-1
08-28 18:24:05.957  3583  4344 D SatelliteController: notifyNtnEligibility: phoneId=0 currentNtnEligibility=false
08-28 18:24:05.957  3583  4344 V SatelliteController: getWwanIsInService: return true
08-28 18:24:05.958  3583  4344 D SatelliteController: updateLastNotifiedNtnModeAndNotify: subId=1 initialized=true lastNotifiedNtnMode=false currNtnMode=false
08-28 18:24:05.959  3583  4344 D SatelliteController: iisInCarrierRoamingNbIotNtn: satellite is disabled
08-28 18:24:05.962  3583  4344 V SatelliteController: getWwanIsInService: return true
08-28 18:24:05.964  2387  4189 I LocationAccessPolicy: com.facebook.orca is aware of fine but the app-ops permission is specifically denied.
08-28 18:24:05.966  3583  4344 D SatelliteController: updateLastNotifiedNtnModeAndNotify: subId=2 initialized=true lastNotifiedNtnMode=false currNtnMode=false
08-28 18:24:05.966  3583  4344 D SatelliteController: iisInCarrierRoamingNbIotNtn: satellite is disabled
08-28 18:24:05.968  2387  4189 I LocationAccessPolicy: com.facebook.orca is aware of coarse but the app-ops permission is specifically denied.
08-28 18:24:05.969  2387  4189 I LocationAccessPolicy: com.facebook.katana is aware of fine but the app-ops permission is specifically denied.
08-28 18:24:05.969  2387  4189 I LocationAccessPolicy: com.facebook.katana is aware of coarse but the app-ops permission is specifically denied.
08-28 18:24:05.977 21863 21863 D CellBroadcastReceiver: onReceive Intent { act=android.intent.action.SERVICE_STATE flg=0x1000010 xflg=0x4 cmp=com.android.cellbroadcastreceiver.module/com.android.cellbroadcastreceiver.CellBroadcastReceiver (has extras) }
08-28 18:24:05.979 21863 21863 D CellBroadcastReceiver: onServiceStateChanged, ss: 0
08-28 18:24:05.979 21863 21863 D CellBroadcastReceiver: networkOperator: 65001
08-28 18:24:05.979 21863 21863 D CellBroadcastReceiver: update supported roaming operator as 
08-28 18:24:05.980  3583  3583 D SatelliteController: iisInCarrierRoamingNbIotNtn: satellite is disabled
08-28 18:24:05.985  3583  3583 D SatelliteController: Satellite for carrier is not supported.
08-28 18:24:05.985  3583  3583 D SatelliteController: Satellite for carrier is not supported.
08-28 18:24:05.985  3583  3583 D SatelliteController: registerForSatelliteModemStateChanged: add Listeners for ModemState
08-28 18:24:05.985  3583  3583 E SatelliteController: registerForSatelliteModemStateChanged: mSatelliteSessionController is not initialized yet
08-28 18:24:05.987  3583  3583 D SatelliteController: registerForSatelliteModemStateChanged: add Listeners for ModemState
08-28 18:24:05.987  3583  3583 E SatelliteController: registerForSatelliteModemStateChanged: mSatelliteSessionController is not initialized yet
08-28 18:24:05.990  3583  4344 D SatelliteController: isCarrierRoamingNtnEligible: satellite access is not allowed
08-28 18:24:05.990  3583  4344 D SatelliteController: evaluateCarrierRoamingNtnEligibilityChange: isCarrierRoamingNtnEligible=false
08-28 18:24:05.990  3583  4344 D SatelliteController: getSelectedSatelliteSubId: subId=-1
08-28 18:24:05.990  3583  4344 D SatelliteController: notifyNtnEligibility: phoneId=0 currentNtnEligibility=false
08-28 18:24:05.991  3583  4344 V SatelliteController: getWwanIsInService: return true
08-28 18:24:05.992  2387  4189 I LocationAccessPolicy: com.facebook.orca is aware of fine but the app-ops permission is specifically denied.
08-28 18:24:05.992  3583  4344 D SatelliteController: updateLastNotifiedNtnModeAndNotify: subId=1 initialized=true lastNotifiedNtnMode=false currNtnMode=false
08-28 18:24:05.992  3583  4344 D SatelliteController: iisInCarrierRoamingNbIotNtn: satellite is disabled
08-28 18:24:05.992  2387  4189 I LocationAccessPolicy: com.facebook.orca is aware of coarse but the app-ops permission is specifically denied.
08-28 18:24:05.993  2387  4189 I LocationAccessPolicy: com.facebook.katana is aware of fine but the app-ops permission is specifically denied.
08-28 18:24:05.993  2387  4189 I LocationAccessPolicy: com.facebook.katana is aware of coarse but the app-ops permission is specifically denied.
08-28 18:24:05.994  3583  4344 V SatelliteController: getWwanIsInService: return true
08-28 18:24:05.995  3583  3583 D ServiceStateProvider: subId=2
08-28 18:24:05.996  3583  3583 D SatelliteController: iisInCarrierRoamingNbIotNtn: satellite is disabled
08-28 18:24:05.998  3583  4344 D SatelliteController: updateLastNotifiedNtnModeAndNotify: subId=2 initialized=true lastNotifiedNtnMode=false currNtnMode=false
08-28 18:24:05.998  3583  4344 D SatelliteController: iisInCarrierRoamingNbIotNtn: satellite is disabled
08-28 18:24:06.000 21863 21863 D CellBroadcastReceiver: onReceive Intent { act=android.intent.action.SERVICE_STATE flg=0x1000010 xflg=0x4 cmp=com.android.cellbroadcastreceiver.module/com.android.cellbroadcastreceiver.CellBroadcastReceiver (has extras) }
08-28 18:24:06.001 21863 21863 D CellBroadcastReceiver: onServiceStateChanged, ss: 0
08-28 18:24:06.001 21863 21863 D CellBroadcastReceiver: networkOperator: 65001
08-28 18:24:06.001 21863 21863 D CellBroadcastReceiver: update supported roaming operator as 
08-28 18:24:06.065  2117 14751 W ServiceManagerCppClient: Waited one second for stats (is service started? Number of threads started in the threadpool: 17. Are binder threads started and available?)
08-28 18:24:06.067   682  4258 W libc    : Unable to set property "ctl.interface_start" to "aidl/stats": PROP_ERROR_HANDLE_CONTROL_MESSAGE (0x20)
08-28 18:24:06.759  2387  3412 W ServiceManagerCppClient: Waited one second for stats (is service started? Number of threads started in the threadpool: 32. Are binder threads started and available?)
08-28 18:24:06.759  1599  1692 W ServiceManagerCppClient: Waited one second for stats (is service started? Number of threads started in the threadpool: 6. Are binder threads started and available?)
08-28 18:24:06.761   682  4259 W libc    : Unable to set property "ctl.interface_start" to "aidl/stats": PROP_ERROR_HANDLE_CONTROL_MESSAGE (0x20)
08-28 18:24:06.761   682  4260 W libc    : Unable to set property "ctl.interface_start" to "aidl/stats": PROP_ERROR_HANDLE_CONTROL_MESSAGE (0x20)
08-28 18:24:07.066  2117 14751 W ServiceManagerCppClient: Waited one second for stats (is service started? Number of threads started in the threadpool: 17. Are binder threads started and available?)
08-28 18:24:07.067   682  4261 W libc    : Unable to set property "ctl.interface_start" to "aidl/stats": PROP_ERROR_HANDLE_CONTROL_MESSAGE (0x20)
08-28 18:24:07.463  1607  2079 D DisplayModeController: setDesiredMode 4630946736638489730 {mode={fps=60.00 Hz, modePtr={id=1, vsyncRate=60.00 Hz, peakRefreshRate=60.00 Hz}}, emitEvent=true, force=false}
08-28 18:24:07.465  1525  1925 I SDM     : HWDeviceDRM::UpdateMixerAttributes: Mixer WxH 1440x3200-1 for Peripheral
08-28 18:24:07.466  1525  1925 I SDM     : HWCDisplay::SubmitDisplayConfig: Active configuration changed to: 1
08-28 18:24:07.476  2205  3278 D libsensor-F2SNotifier: DisplayFreq2SlpiNotifier display_freq = 60
08-28 18:24:07.478  2387  2937 I DisplayDeviceRepository: Display device changed render timings: "Built-in Screen", renderFrameRate=60.000004, presentationDeadlineNanos=16666666, appVsyncOffsetNanos=1000000, frameRateOverrides=[]
08-28 18:24:07.479  2387  2935 D WindowManager: DeferredDisplayUpdater: partially applying DisplayInfo(1440 x 3200) immediately
08-28 18:24:07.480  1491 24239 D audio_hw_primary: adev_set_parameters: enter: screen_state=on
08-28 18:24:07.480  1491 24239 V msm8974_platform: platform_set_parameters: enter: screen_state=on
08-28 18:24:07.480  1491 24239 D msm8974_platform: platform_set_parameters: exit with code(0)
08-28 18:24:07.480  1491 24239 D sound_trigger_hw: handle_screen_status_change: screen on
08-28 18:24:07.480  1491 24239 D audio_hw_cspl_cal: cirrus_cal_setparameters: enter 0xeb500010
08-28 18:24:07.480  1491 24239 D audio_hw_primary: adev_set_parameters: exit with code(0)
08-28 18:24:07.760  2387  3412 W ServiceManagerCppClient: Waited one second for stats (is service started? Number of threads started in the threadpool: 32. Are binder threads started and available?)
08-28 18:24:07.760  1599  1692 W ServiceManagerCppClient: Waited one second for stats (is service started? Number of threads started in the threadpool: 6. Are binder threads started and available?)
08-28 18:24:07.763   682  4263 W libc    : Unable to set property "ctl.interface_start" to "aidl/stats": PROP_ERROR_HANDLE_CONTROL_MESSAGE (0x20)
08-28 18:24:07.765   682  4264 W libc    : Unable to set property "ctl.interface_start" to "aidl/stats": PROP_ERROR_HANDLE_CONTROL_MESSAGE (0x20)
08-28 18:24:07.889  1607  1607 D DisplayModeController: setDesiredMode 4630946736638489730 {mode={fps=120.00 Hz, modePtr={id=0, vsyncRate=120.00 Hz, peakRefreshRate=120.00 Hz}}, emitEvent=true, force=false}
08-28 18:24:07.890  1525  1925 I SDM     : HWDeviceDRM::UpdateMixerAttributes: Mixer WxH 1440x3200-1 for Peripheral
08-28 18:24:07.891  1525  1925 I SDM     : HWCDisplay::SubmitDisplayConfig: Active configuration changed to: 0
08-28 18:24:07.898  2205  3278 D libsensor-F2SNotifier: DisplayFreq2SlpiNotifier display_freq = 120
08-28 18:24:07.909  2387  2937 I DisplayDeviceRepository: Display device changed render timings: "Built-in Screen", renderFrameRate=120.00001, presentationDeadlineNanos=13333333, appVsyncOffsetNanos=1000000, frameRateOverrides=[]
08-28 18:24:07.913  2387  2935 D WindowManager: DeferredDisplayUpdater: partially applying DisplayInfo(1440 x 3200) immediately
08-28 18:24:07.913  1491 24239 D audio_hw_primary: adev_set_parameters: enter: screen_state=on
08-28 18:24:07.913  1491 24239 V msm8974_platform: platform_set_parameters: enter: screen_state=on
08-28 18:24:07.913  1491 24239 D msm8974_platform: platform_set_parameters: exit with code(0)
08-28 18:24:07.913  1491 24239 D sound_trigger_hw: handle_screen_status_change: screen on
08-28 18:24:07.913  1491 24239 D audio_hw_cspl_cal: cirrus_cal_setparameters: enter 0xeb500010
08-28 18:24:07.913  1491 24239 D audio_hw_primary: adev_set_parameters: exit with code(0)
08-28 18:24:08.067  2117 14751 W ServiceManagerCppClient: Waited one second for stats (is service started? Number of threads started in the threadpool: 17. Are binder threads started and available?)
08-28 18:24:08.071   682  4266 W libc    : Unable to set property "ctl.interface_start" to "aidl/stats": PROP_ERROR_HANDLE_CONTROL_MESSAGE (0x20)
08-28 18:24:08.763  2387  3412 W ServiceManagerCppClient: Waited one second for stats (is service started? Number of threads started in the threadpool: 32. Are binder threads started and available?)
08-28 18:24:08.763  1599  1692 W ServiceManagerCppClient: Waited one second for stats (is service started? Number of threads started in the threadpool: 6. Are binder threads started and available?)
08-28 18:24:08.766   682  4267 W libc    : Unable to set property "ctl.interface_start" to "aidl/stats": PROP_ERROR_HANDLE_CONTROL_MESSAGE (0x20)
08-28 18:24:08.766   682  4268 W libc    : Unable to set property "ctl.interface_start" to "aidl/stats": PROP_ERROR_HANDLE_CONTROL_MESSAGE (0x20)
08-28 18:24:09.068  2117 14751 W ServiceManagerCppClient: Waited one second for stats (is service started? Number of threads started in the threadpool: 17. Are binder threads started and available?)
08-28 18:24:09.072   682  4269 W libc    : Unable to set property "ctl.interface_start" to "aidl/stats": PROP_ERROR_HANDLE_CONTROL_MESSAGE (0x20)
08-28 18:24:09.157  1607  2079 D DisplayModeController: setDesiredMode 4630946736638489730 {mode={fps=60.00 Hz, modePtr={id=1, vsyncRate=60.00 Hz, peakRefreshRate=60.00 Hz}}, emitEvent=true, force=false}
08-28 18:24:09.161  1525  1925 I SDM     : HWDeviceDRM::UpdateMixerAttributes: Mixer WxH 1440x3200-1 for Peripheral
08-28 18:24:09.161  1525  1925 I SDM     : HWCDisplay::SubmitDisplayConfig: Active configuration changed to: 1
08-28 18:24:09.172  2387  2937 I DisplayDeviceRepository: Display device changed render timings: "Built-in Screen", renderFrameRate=60.000004, presentationDeadlineNanos=16666666, appVsyncOffsetNanos=1000000, frameRateOverrides=[]
08-28 18:24:09.173  2387  2935 D WindowManager: DeferredDisplayUpdater: partially applying DisplayInfo(1440 x 3200) immediately
08-28 18:24:09.176  1491 24239 D audio_hw_primary: adev_set_parameters: enter: screen_state=on
08-28 18:24:09.176  1491 24239 V msm8974_platform: platform_set_parameters: enter: screen_state=on
08-28 18:24:09.176  1491 24239 D msm8974_platform: platform_set_parameters: exit with code(0)
08-28 18:24:09.176  1491 24239 D sound_trigger_hw: handle_screen_status_change: screen on
08-28 18:24:09.176  1491 24239 D audio_hw_cspl_cal: cirrus_cal_setparameters: enter 0xeb500010
08-28 18:24:09.176  1491 24239 D audio_hw_primary: adev_set_parameters: exit with code(0)
08-28 18:24:09.189  2205  3278 D libsensor-F2SNotifier: DisplayFreq2SlpiNotifier display_freq = 60
08-28 18:24:09.192  1607  2079 D DisplayModeController: setDesiredMode 4630946736638489730 {mode={fps=120.00 Hz, modePtr={id=0, vsyncRate=120.00 Hz, peakRefreshRate=120.00 Hz}}, emitEvent=true, force=false}
08-28 18:24:09.207  1525  1925 I SDM     : HWDeviceDRM::UpdateMixerAttributes: Mixer WxH 1440x3200-1 for Peripheral
08-28 18:24:09.207  1525  1925 I SDM     : HWCDisplay::SubmitDisplayConfig: Active configuration changed to: 0
08-28 18:24:09.218  2205  3278 D libsensor-F2SNotifier: DisplayFreq2SlpiNotifier display_freq = 120
08-28 18:24:09.236  2387  2937 I DisplayDeviceRepository: Display device changed render timings: "Built-in Screen", renderFrameRate=120.00001, presentationDeadlineNanos=13333333, appVsyncOffsetNanos=1000000, frameRateOverrides=[]
08-28 18:24:09.237  2387  2935 D WindowManager: DeferredDisplayUpdater: partially applying DisplayInfo(1440 x 3200) immediately
08-28 18:24:09.241  1491 24239 D audio_hw_primary: adev_set_parameters: enter: screen_state=on
08-28 18:24:09.242  1491 24239 V msm8974_platform: platform_set_parameters: enter: screen_state=on
08-28 18:24:09.242  1491 24239 D msm8974_platform: platform_set_parameters: exit with code(0)
08-28 18:24:09.242  1491 24239 D sound_trigger_hw: handle_screen_status_change: screen on
08-28 18:24:09.242  1491 24239 D audio_hw_cspl_cal: cirrus_cal_setparameters: enter 0xeb500010
08-28 18:24:09.242  1491 24239 D audio_hw_primary: adev_set_parameters: exit with code(0)
08-28 18:24:09.347  3546  4182 I QcrilOemhookMsgTunnel: [1]processOemHookIndication length=21
08-28 18:24:09.379 32557 32670 W RealtimeClientManager: Channel state: MqttChannelState{mConnectionState=CONNECTING, mDisconnectionReason=null, mLastConnectionMs=0, mLastDisconnectMs=1447754}
08-28 18:24:09.549  3525  4233 W IWlanNetworkService: 105 > Response Processed
08-28 18:24:09.551  3583  4344 D SatelliteController: isCarrierRoamingNtnEligible: satellite access is not allowed
08-28 18:24:09.551  3583  4344 D SatelliteController: evaluateCarrierRoamingNtnEligibilityChange: isCarrierRoamingNtnEligible=false
08-28 18:24:09.551  3583  4344 D SatelliteController: getSelectedSatelliteSubId: subId=-1
08-28 18:24:09.551  3583  4344 D SatelliteController: notifyNtnEligibility: phoneId=0 currentNtnEligibility=false
08-28 18:24:09.551  3583  4344 V SatelliteController: getWwanIsInService: return true
08-28 18:24:09.554  3583  4344 D SatelliteController: updateLastNotifiedNtnModeAndNotify: subId=1 initialized=true lastNotifiedNtnMode=false currNtnMode=false
08-28 18:24:09.554  3583  4344 D SatelliteController: iisInCarrierRoamingNbIotNtn: satellite is disabled
08-28 18:24:09.557  3583  4344 V SatelliteController: getWwanIsInService: return true
08-28 18:24:09.559  3583  4344 D SatelliteController: updateLastNotifiedNtnModeAndNotify: subId=2 initialized=true lastNotifiedNtnMode=false currNtnMode=false
08-28 18:24:09.559  3583  4344 D SatelliteController: iisInCarrierRoamingNbIotNtn: satellite is disabled
08-28 18:24:09.560  2387  6717 I LocationAccessPolicy: com.facebook.orca is aware of fine but the app-ops permission is specifically denied.
