08-28 18:23:38.450  1491 24239 D audio_hw_primary: adev_set_parameters: enter: screen_state=on
08-28 18:23:38.450  1491 24239 V msm8974_platform: platform_set_parameters: enter: screen_state=on
08-28 18:23:38.450  1491 24239 D msm8974_platform: platform_set_parameters: exit with code(0)
08-28 18:23:38.450  2387  2935 D WindowManager: DeferredDisplayUpdater: partially applying DisplayInfo(1440 x 3200) immediately
08-28 18:23:38.450  1491 24239 D sound_trigger_hw: handle_screen_status_change: screen on
08-28 18:23:38.450  1491 24239 D audio_hw_cspl_cal: cirrus_cal_setparameters: enter 0xeb500010
08-28 18:23:38.450  1491 24239 D audio_hw_primary: adev_set_parameters: exit with code(0)
08-28 18:23:38.482  3291  3291 D WindowRootViewBlurInteractor: requestingBlurForShade for 0 false
08-28 18:23:38.489  3291  3291 D WindowRootViewBlurInteractor: requestingBlurForShade for 0 false
08-28 18:23:38.498  3291  3291 D WindowRootViewBlurInteractor: requestingBlurForShade for 0 false
08-28 18:23:38.506  3291  3291 D WindowRootViewBlurInteractor: requestingBlurForShade for 0 false
08-28 18:23:38.508  2387  2934 I UsbPortManager: USB HAL AIDL version: USB_HAL_V2_0
08-28 18:23:38.515  3291  3291 D WindowRootViewBlurInteractor: requestingBlurForShade for 0 false
08-28 18:23:38.516  3291  3327 W System  : A resource failed to call release. 
08-28 18:23:38.516  3291  3327 W System  : A resource failed to call release. 
08-28 18:23:38.516  3291  3327 W System  : A resource failed to call release. 
08-28 18:23:38.516  3291  3327 W System  : A resource failed to call release. 
08-28 18:23:38.516  3291  3327 W System  : A resource failed to call release. 
08-28 18:23:38.516  3291  3327 W System  : A resource failed to call release. 
08-28 18:23:38.516  3291  3327 W System  : A resource failed to call release. 
08-28 18:23:38.516  3291  3327 W System  : A resource failed to call release. 
08-28 18:23:38.516  3291  3327 W System  : A resource failed to call release. 
08-28 18:23:38.519  3291  3327 W System  : A resource failed to call release. 
08-28 18:23:38.519  3291  3327 W System  : A resource failed to call release. 
08-28 18:23:38.523  3291  3291 D WindowRootViewBlurInteractor: requestingBlurForShade for 0 false
08-28 18:23:38.531  3291  3291 D WindowRootViewBlurInteractor: requestingBlurForShade for 0 false
08-28 18:23:38.540  3291  3291 D WindowRootViewBlurInteractor: requestingBlurForShade for 0 false
08-28 18:23:38.548  3291  3291 D WindowRootViewBlurInteractor: requestingBlurForShade for 0 false
08-28 18:23:38.557  3291  3291 D WindowRootViewBlurInteractor: requestingBlurForShade for 0 false
08-28 18:23:38.565  3291  3291 D WindowRootViewBlurInteractor: requestingBlurForShade for 0 false
08-28 18:23:38.573  3291  3291 D WindowRootViewBlurInteractor: requestingBlurForShade for 0 false
08-28 18:23:38.582  3291  3291 D WindowRootViewBlurInteractor: requestingBlurForShade for 0 false
08-28 18:23:38.589  3291  3291 D WindowRootViewBlurInteractor: requestingBlurForShade for 0 false
08-28 18:23:38.598  3291  3291 D WindowRootViewBlurInteractor: requestingBlurForShade for 0 false
08-28 18:23:38.606  3291  3291 D WindowRootViewBlurInteractor: requestingBlurForShade for 0 false
08-28 18:23:38.615  3291  3291 D WindowRootViewBlurInteractor: requestingBlurForShade for 0 false
08-28 18:23:38.623  3291  3291 D WindowRootViewBlurInteractor: requestingBlurForShade for 0 false
08-28 18:23:38.632  3291  3291 D WindowRootViewBlurInteractor: requestingBlurForShade for 0 false
08-28 18:23:38.643  3291  3291 D WindowRootViewBlurInteractor: requestingBlurForShade for 0 false
08-28 18:23:38.648  3291  3291 D WindowRootViewBlurInteractor: requestingBlurForShade for 0 false
08-28 18:23:38.657  3291  3291 D WindowRootViewBlurInteractor: requestingBlurForShade for 0 false
08-28 18:23:38.664  3291  3291 D WindowRootViewBlurInteractor: requestingBlurForShade for 0 false
08-28 18:23:38.672  3291  3291 D WindowRootViewBlurInteractor: requestingBlurForShade for 0 false
08-28 18:23:38.681  3291  3291 D WindowRootViewBlurInteractor: requestingBlurForShade for 0 false
08-28 18:23:38.689  3291  3291 D WindowRootViewBlurInteractor: requestingBlurForShade for 0 false
08-28 18:23:38.697  3291  3291 D WindowRootViewBlurInteractor: requestingBlurForShade for 0 false
08-28 18:23:38.705  3291  3291 D WindowRootViewBlurInteractor: requestingBlurForShade for 0 false
08-28 18:23:38.714  3291  3291 D WindowRootViewBlurInteractor: requestingBlurForShade for 0 false
08-28 18:23:38.718  2387  3412 W ServiceManagerCppClient: Waited one second for stats (is service started? Number of threads started in the threadpool: 32. Are binder threads started and available?)
08-28 18:23:38.718  1599  1692 W ServiceManagerCppClient: Waited one second for stats (is service started? Number of threads started in the threadpool: 6. Are binder threads started and available?)
08-28 18:23:38.720   682  3065 W libc    : Unable to set property "ctl.interface_start" to "aidl/stats": PROP_ERROR_HANDLE_CONTROL_MESSAGE (0x20)
08-28 18:23:38.720   682  3064 W libc    : Unable to set property "ctl.interface_start" to "aidl/stats": PROP_ERROR_HANDLE_CONTROL_MESSAGE (0x20)
08-28 18:23:38.722  3291  3291 D WindowRootViewBlurInteractor: requestingBlurForShade for 0 false
08-28 18:23:38.731  3291  3291 D WindowRootViewBlurInteractor: requestingBlurForShade for 0 false
08-28 18:23:38.739  3291  3291 D WindowRootViewBlurInteractor: requestingBlurForShade for 0 false
08-28 18:23:38.747  3291  3291 D WindowRootViewBlurInteractor: requestingBlurForShade for 0 false
08-28 18:23:38.756  3291  3291 D WindowRootViewBlurInteractor: requestingBlurForShade for 0 false
08-28 18:23:38.764  3291  3291 D WindowRootViewBlurInteractor: requestingBlurForShade for 0 false
08-28 18:23:38.772  3291  3291 D WindowRootViewBlurInteractor: requestingBlurForShade for 0 false
08-28 18:23:38.780  3291  3291 D WindowRootViewBlurInteractor: requestingBlurForShade for 0 false
08-28 18:23:38.790  3291  3291 D WindowRootViewBlurInteractor: requestingBlurForShade for 0 false
08-28 18:23:38.797  3291  3291 D WindowRootViewBlurInteractor: requestingBlurForShade for 0 false
08-28 18:23:38.805  3291  3291 D WindowRootViewBlurInteractor: requestingBlurForShade for 0 false
08-28 18:23:38.815  3291  3291 I KeyguardTransitionRepository: FINISHED transition: TransitionStep(from=DOZING, to=GONE, value=1.0, transitionState=FINISHED, ownerName=FromDozingTransitionInteractor(canDismissLockscreen()))
08-28 18:23:38.818  3291  3430 D StatusBar##isHomeStatusBarAllowed: newValue: true
08-28 18:23:38.820  3291  3430 D ResourceTrimmer: Sending TRIM_MEMORY_UI_HIDDEN.
08-28 18:23:39.037  2117 14751 W ServiceManagerCppClient: Waited one second for stats (is service started? Number of threads started in the threadpool: 17. Are binder threads started and available?)
08-28 18:23:39.039   682  3066 W libc    : Unable to set property "ctl.interface_start" to "aidl/stats": PROP_ERROR_HANDLE_CONTROL_MESSAGE (0x20)
08-28 18:23:39.143  2387  3185 D InetDiagMessage: Destroyed 1 sockets, proto=IPPROTO_TCP, family=AF_INET, states=14
08-28 18:23:39.144  2387  3185 D InetDiagMessage: Destroyed 0 sockets, proto=IPPROTO_TCP, family=AF_INET6, states=14
08-28 18:23:39.144  2387  3185 D InetDiagMessage: Destroyed live tcp sockets for uids={10659} in 4ms
08-28 18:23:39.145  2387  3185 D InetDiagMessage: Destroyed 0 sockets, proto=IPPROTO_TCP, family=AF_INET, states=14
08-28 18:23:39.147  2387  3185 D InetDiagMessage: Destroyed 0 sockets, proto=IPPROTO_TCP, family=AF_INET6, states=14
08-28 18:23:39.147  2387  3185 D InetDiagMessage: Destroyed live tcp sockets for uids={20659} in 3ms
08-28 18:23:39.148  2387  3185 D InetDiagMessage: Destroyed 0 sockets, proto=IPPROTO_TCP, family=AF_INET, states=14
08-28 18:23:39.149  2387  3185 D InetDiagMessage: Destroyed 0 sockets, proto=IPPROTO_TCP, family=AF_INET6, states=14
08-28 18:23:39.149  2387  3185 D InetDiagMessage: Destroyed live tcp sockets for uids={10510} in 2ms
08-28 18:23:39.150  2387  3185 D InetDiagMessage: Destroyed 0 sockets, proto=IPPROTO_TCP, family=AF_INET, states=14
08-28 18:23:39.152  2387  3185 D InetDiagMessage: Destroyed 0 sockets, proto=IPPROTO_TCP, family=AF_INET6, states=14
08-28 18:23:39.152  2387  3185 D InetDiagMessage: Destroyed live tcp sockets for uids={20510} in 2ms
08-28 18:23:39.153  2387  3185 D InetDiagMessage: Destroyed 0 sockets, proto=IPPROTO_TCP, family=AF_INET, states=14
08-28 18:23:39.154  2387  3185 D InetDiagMessage: Destroyed 0 sockets, proto=IPPROTO_TCP, family=AF_INET6, states=14
08-28 18:23:39.154  2387  3185 D InetDiagMessage: Destroyed live tcp sockets for uids={10634} in 2ms
08-28 18:23:39.156  2387  3185 D InetDiagMessage: Destroyed 0 sockets, proto=IPPROTO_TCP, family=AF_INET, states=14
08-28 18:23:39.156  2387  3185 D InetDiagMessage: Destroyed 0 sockets, proto=IPPROTO_TCP, family=AF_INET6, states=14
08-28 18:23:39.157  2387  3185 D InetDiagMessage: Destroyed live tcp sockets for uids={20634} in 3ms
08-28 18:23:39.257  5606  5829 I ecqc    : (REDACTED) appOpsListener %s %s
08-28 18:23:39.257  5606  5829 I ecqc    : (REDACTED) Ignoring irrelevant audio permission changes for package %s
08-28 18:23:39.300  5606  5829 I ecqc    : (REDACTED) appOpsListener %s %s
08-28 18:23:39.300  5606  5829 I ecqc    : (REDACTED) Ignoring irrelevant audio permission changes for package %s
08-28 18:23:39.305  5606  5829 I ecqc    : (REDACTED) appOpsListener %s %s
08-28 18:23:39.305  5606  5829 I ecqc    : (REDACTED) Ignoring irrelevant audio permission changes for package %s
08-28 18:23:39.324  2387  2963 I DisplayPowerController[0]: BrightnessEvent: brt=0.016017754 (22.0%), nits= 17.985722, lux=4.0513315, reason=automatic, strat=AutomaticBrightnessStrategy, state=ON, stateReason=KEY, policy=BRIGHT, flags=, initBrt=0.010791829, rcmdBrt=0.016017754, preBrt=0.010791829, preLux=2.0, wasShortTermModelActive=false, autoBrightness=true (default), unclampedBrt=0.016017754, hbmMax=1.0, hbmMode=off, thrmMax=1.0, rbcStrength=81, powerFactor=1.0, physDisp=Built-in Screen(local:4630946736638489730), logicalId=0, slowChange=true, rampSpeed=0.05
08-28 18:23:39.326  2387  2937 I BrightnessSynchronizer: [153] New Update 0.016017754(f) set brightness values:  5(i)
08-28 18:23:39.328  2387  2937 I BrightnessSynchronizer: Swallowing update of 5(i) by update: {[153] 0.016017754(f), mUpdatedTypes=1, mConfirmedTypes=1, mTimeUpdated=1443703}
08-28 18:23:39.328  2387  2937 I BrightnessSynchronizer: Completed Update: {[153] 0.016017754(f), mUpdatedTypes=1, mConfirmedTypes=1, mTimeUpdated=1443703}
08-28 18:23:39.349  1493  4140 I vendor.qti.bluetooth@1.0-ibs_handler: DeviceSleep: TX Awake, Sending SLEEP_IND
08-28 18:23:39.350  1493  4140 D vendor.qti.bluetooth@1.0-ibs_handler: SerialClockVote: vote for UART CLK OFF
08-28 18:23:39.372  5606  5829 I ecqc    : (REDACTED) appOpsListener %s %s
08-28 18:23:39.372  5606  5829 I ecqc    : (REDACTED) Ignoring irrelevant audio permission changes for package %s
08-28 18:23:39.500  1493  3833 D vendor.qti.bluetooth@1.0-wake_lock: Release wakelock is released 
08-28 18:23:39.639   965   965 W pool-4-thread-3: type=1400 audit(0.0:31194): avc:  denied  { read } for  name="version" dev="proc" ino=4026532114 scontext=u:r:untrusted_app:s0:c119,c258,c512,c768 tcontext=u:object_r:proc_version:s0 tclass=file permissive=0 app=ru.andr7e.deviceinfohw
08-28 18:23:39.639   965   965 W pool-4-thread-3: type=1400 audit(0.0:31195): avc:  denied  { search } for  name="asound" dev="proc" ino=4026532090 scontext=u:r:untrusted_app:s0:c119,c258,c512,c768 tcontext=u:object_r:proc_asound:s0 tclass=dir permissive=0 app=ru.andr7e.deviceinfohw
08-28 18:23:39.716  2387  2963 I DisplayPowerController[0]: BrightnessEvent: brt=0.019999951 (24.0%), nits= 21.959951, lux=5.3837295, reason=automatic, strat=AutomaticBrightnessStrategy, state=ON, stateReason=KEY, policy=BRIGHT, flags=, initBrt=0.016017754, rcmdBrt=0.019999951, preBrt=0.016017754, preLux=4.0513315, wasShortTermModelActive=false, autoBrightness=true (default), unclampedBrt=0.019999951, hbmMax=1.0, hbmMode=off, thrmMax=1.0, rbcStrength=81, powerFactor=1.0, physDisp=Built-in Screen(local:4630946736638489730), logicalId=0, slowChange=true, rampSpeed=0.05
08-28 18:23:39.719  2387  2937 I BrightnessSynchronizer: [154] New Update 0.019999951(f) set brightness values:  6(i)
08-28 18:23:39.720  2387  3412 W ServiceManagerCppClient: Waited one second for stats (is service started? Number of threads started in the threadpool: 32. Are binder threads started and available?)
08-28 18:23:39.720  1599  1692 W ServiceManagerCppClient: Waited one second for stats (is service started? Number of threads started in the threadpool: 6. Are binder threads started and available?)
08-28 18:23:39.720  2387  2937 I BrightnessSynchronizer: Swallowing update of 6(i) by update: {[154] 0.019999951(f), mUpdatedTypes=1, mConfirmedTypes=1, mTimeUpdated=1444096}
08-28 18:23:39.720  2387  2937 I BrightnessSynchronizer: Completed Update: {[154] 0.019999951(f), mUpdatedTypes=1, mConfirmedTypes=1, mTimeUpdated=1444096}
08-28 18:23:39.722   682  3067 W libc    : Unable to set property "ctl.interface_start" to "aidl/stats": PROP_ERROR_HANDLE_CONTROL_MESSAGE (0x20)
08-28 18:23:39.722   682  3068 W libc    : Unable to set property "ctl.interface_start" to "aidl/stats": PROP_ERROR_HANDLE_CONTROL_MESSAGE (0x20)
08-28 18:23:39.878  2387  2963 I DisplayPowerController[0]: BrightnessEvent: brt=0.0218872 (26.0%), nits= 23.843428, lux=6.0020676, reason=automatic, strat=AutomaticBrightnessStrategy, state=ON, stateReason=KEY, policy=BRIGHT, flags=, initBrt=0.019999951, rcmdBrt=0.0218872, preBrt=0.019999951, preLux=5.3837295, wasShortTermModelActive=false, autoBrightness=true (default), unclampedBrt=0.0218872, hbmMax=1.0, hbmMode=off, thrmMax=1.0, rbcStrength=81, powerFactor=1.0, physDisp=Built-in Screen(local:4630946736638489730), logicalId=0, slowChange=true, rampSpeed=0.05
08-28 18:23:39.879  2387  2937 I BrightnessSynchronizer: [155] New Update 0.0218872(f) set brightness values:  7(i)
08-28 18:23:39.880  2387  2937 I BrightnessSynchronizer: Swallowing update of 7(i) by update: {[155] 0.0218872(f), mUpdatedTypes=1, mConfirmedTypes=1, mTimeUpdated=1444256}
08-28 18:23:39.880  2387  2937 I BrightnessSynchronizer: Completed Update: {[155] 0.0218872(f), mUpdatedTypes=1, mConfirmedTypes=1, mTimeUpdated=1444256}
08-28 18:23:40.038  2117 14751 W ServiceManagerCppClient: Waited one second for stats (is service started? Number of threads started in the threadpool: 17. Are binder threads started and available?)
08-28 18:23:40.040   682  3071 W libc    : Unable to set property "ctl.interface_start" to "aidl/stats": PROP_ERROR_HANDLE_CONTROL_MESSAGE (0x20)
08-28 18:23:40.327  2387  2963 I DisplayPowerController[0]: BrightnessEvent: brt=0.026931517 (28.0%), nits= 28.877651, lux=7.6853275, reason=automatic, strat=AutomaticBrightnessStrategy, state=ON, stateReason=KEY, policy=BRIGHT, flags=, initBrt=0.0218872, rcmdBrt=0.026931517, preBrt=0.0218872, preLux=6.0020676, wasShortTermModelActive=false, autoBrightness=true (default), unclampedBrt=0.026931517, hbmMax=1.0, hbmMode=off, thrmMax=1.0, rbcStrength=81, powerFactor=1.0, physDisp=Built-in Screen(local:4630946736638489730), logicalId=0, slowChange=true, rampSpeed=0.05
08-28 18:23:40.328  2387  2937 I BrightnessSynchronizer: [156] New Update 0.026931517(f) set brightness values:  8(i)
08-28 18:23:40.330  2387  2937 I BrightnessSynchronizer: Swallowing update of 8(i) by update: {[156] 0.026931517(f), mUpdatedTypes=1, mConfirmedTypes=1, mTimeUpdated=1444705}
08-28 18:23:40.330  2387  2937 I BrightnessSynchronizer: Completed Update: {[156] 0.026931517(f), mUpdatedTypes=1, mConfirmedTypes=1, mTimeUpdated=1444705}
08-28 18:23:40.696  2387  3838 D ConnectivityService: Returning UNBLOCKED NetworkInfo to uid=10612
08-28 18:23:40.721  2387  3412 W ServiceManagerCppClient: Waited one second for stats (is service started? Number of threads started in the threadpool: 32. Are binder threads started and available?)
08-28 18:23:40.721  1599  1692 W ServiceManagerCppClient: Waited one second for stats (is service started? Number of threads started in the threadpool: 6. Are binder threads started and available?)
08-28 18:23:40.723   682  3075 W libc    : Unable to set property "ctl.interface_start" to "aidl/stats": PROP_ERROR_HANDLE_CONTROL_MESSAGE (0x20)
08-28 18:23:40.724   682  3076 W libc    : Unable to set property "ctl.interface_start" to "aidl/stats": PROP_ERROR_HANDLE_CONTROL_MESSAGE (0x20)
