08-28 18:23:20.694 28060 29825 I native  : I0000 00:00:1756398200.694082   29825 enrollment_manager_impl_utils.cc:81] Using standalone TI-SID pipeline config:/product/usr/srec/en-US/configs/ONDEVICE_MEDIUM_VOICE_MATCH.config
08-28 18:23:20.694 28060 29825 I native  : I0000 00:00:1756398200.694190   29825 enrollment_manager_impl.cc:1333] A valid TI-SID creator already exists. No need to re-create.
08-28 18:23:20.694 28060 29825 I native  : I0000 00:00:1756398200.694230   29825 enrollment_manager_impl_utils.cc:81] Using standalone TI-SID pipeline config:/product/usr/srec/en-US/configs/ONDEVICE_MEDIUM_VOICE_MATCH.config
08-28 18:23:20.694 28060 29825 I native  : I0000 00:00:1756398200.694249   29825 enrollment_manager_impl.cc:1056] Attempting to insert stored TD-SID profiles into config.
08-28 18:23:20.694 28060 29825 I native  : I0000 00:00:1756398200.694321   29825 enrollment_manager_impl.cc:1080] Found 1 speakers with existing TDSID models.
08-28 18:23:20.694 32298 32466 I .apps.wellbeing: AssetManager2(0xb40000721b836538) locale list changing from [] to [en-US]
08-28 18:23:20.695 32298 32466 I .apps.wellbeing: AssetManager2(0xb40000721b834c38) locale list changing from [] to [en-US]
08-28 18:23:20.695 32298 32466 I .apps.wellbeing: AssetManager2(0xb40000721b836b78) locale list changing from [] to [en-US]
08-28 18:23:20.696 32298 32466 I .apps.wellbeing: AssetManager2(0xb40000721b839738) locale list changing from [] to [en-US]
08-28 18:23:20.697 32298 32466 I .apps.wellbeing: AssetManager2(0xb40000721b835598) locale list changing from [] to [en-US]
08-28 18:23:20.698 32298 32466 I .apps.wellbeing: AssetManager2(0xb40000721b840498) locale list changing from [] to [en-US]
08-28 18:23:20.698 32298 32466 I .apps.wellbeing: AssetManager2(0xb40000721b83ad18) locale list changing from [] to [en-US]
08-28 18:23:20.699 32298 32466 I .apps.wellbeing: AssetManager2(0xb40000721b83a9f8) locale list changing from [] to [en-US]
08-28 18:23:20.700 32298 32466 I .apps.wellbeing: AssetManager2(0xb40000721b83bcb8) locale list changing from [] to [en-US]
08-28 18:23:20.700 32298 32466 I .apps.wellbeing: AssetManager2(0xb40000721b838ab8) locale list changing from [] to [en-US]
08-28 18:23:20.701 32298 32466 I .apps.wellbeing: AssetManager2(0xb40000721b83b358) locale list changing from [] to [en-US]
08-28 18:23:20.702 28060 29825 E SpeechMicro: Hotword model is single-channel neuralnet.
08-28 18:23:20.702 28060 29825 I native  : I0000 00:00:1756398200.702050   29825 enrollment_manager_impl.cc:1096] Found valid TDSID profile for user: 0
08-28 18:23:20.702 28060 29825 I native  : I0000 00:00:1756398200.702391   29825 enrollment_manager_impl.cc:1418] Retrieved stored TDSID models. Speakers requiring re-training:0
08-28 18:23:20.702 28060 29825 I native  : I0000 00:00:1756398200.702422   29825 enrollment_manager_impl.cc:1129] Attempting to insert stored TI-SID profiles into config.
08-28 18:23:20.702 28060 29825 E native  : E0000 00:00:1756398200.702481   29825 enrollment_storage.cc:177] Failed to read model:NOT_FOUND: Speaker does not have TISID model [type.googleapis.com/speech.soda.speaker_id.ReadModelStatus='\x08\x12']
08-28 18:23:20.702 28060 29825 E native  : === Source Location Trace: === 
08-28 18:23:20.702 28060 29825 E native  : speech/soda/speaker_id/enrollment/enrollment_storage.cc:228
08-28 18:23:20.702 28060 29825 I native  : I0000 00:00:1756398200.702502   29825 enrollment_manager_impl.cc:1154] Found 0 speakers with existing TI-SID models.
08-28 18:23:20.702 28060 29825 W native  : W0000 00:00:1756398200.702687   29825 enrollment_manager_impl.cc:1186] No valid TI-SID models found.
08-28 18:23:20.702 28060 29825 I native  : I0000 00:00:1756398200.702704   29825 enrollment_manager_impl.cc:1431] Retrieved stored TISID models. Speakers requiring re-training:0
08-28 18:23:20.702 28060 29825 E native  : E0000 00:00:1756398200.702745   29825 enrollment_storage.cc:177] Failed to read model:NOT_FOUND: Speaker does not have Server TISID voiceprint [type.googleapis.com/speech.soda.speaker_id.ReadModelStatus='\x08\x14']
08-28 18:23:20.702 28060 29825 E native  : === Source Location Trace: === 
08-28 18:23:20.702 28060 29825 E native  : speech/soda/speaker_id/enrollment/enrollment_storage.cc:228
08-28 18:23:20.702 28060 29825 I native  : I0000 00:00:1756398200.702756   29825 enrollment_manager_impl.cc:1441] Retrieved Server TISID models. 
08-28 18:23:20.703 28060 28145 I A       : (REDACTED) handleResponse for  %s user(s)
08-28 18:23:20.703 28060 29825 I native  : I0000 00:00:1756398200.703705   29825 enrollment_manager_impl.cc:468] Invoking listeners with updated speaker profiles.
08-28 18:23:20.703 28060 28145 I A       : (REDACTED) Found SodaVmmmClassicWriter. Preparing to propagate model update for status: %s
08-28 18:23:20.703 28060 28145 I A       : Skipping model update propagation to SodaVmmmClassicWriter since speaker model did not change.
08-28 18:23:20.704 28060 28145 I A       : #handleModelUpdate
08-28 18:23:20.704 28060 28145 I A       : (REDACTED) # of TDSID models received: %s
08-28 18:23:20.704 28060 28145 I A       : (REDACTED) Size of TI-SID model bytestring received: %s
08-28 18:23:20.704 28060 28145 I A       : (REDACTED) # of Server TI-SID voiceprints received: %s
08-28 18:23:20.704 28060 28145 I A       : getHotwordSpeakerIdModels
08-28 18:23:20.704 28060 28145 I cplk    : (REDACTED) Returning SpeakerIdModel: %s bytes
08-28 18:23:20.704 28060 28143 I edbk    : (REDACTED) [%s] Writing SpeakerId model with size %d
08-28 18:23:20.704 28060 28145 I cplk    : #getTdsidModel
08-28 18:23:20.704 28060 28167 I cplk    : #initialize
08-28 18:23:20.705 32298 32466 I .apps.wellbeing: AssetManager2(0xb40000721b8374d8) locale list changing from [] to [en-US]
08-28 18:23:20.705 28060 28125 I cplk    : Didn't find an initialized EnrollmentManager. Updating config.
08-28 18:23:20.705 28060 28125 I A       : (REDACTED) updateConfig: Hotword present: %b, LP directory: %s
08-28 18:23:20.706 32298 32466 I .apps.wellbeing: AssetManager2(0xb40000721b8377f8) locale list changing from [] to [en-US]
08-28 18:23:20.707 32298 32466 I .apps.wellbeing: AssetManager2(0xb40000721b835ef8) locale list changing from [] to [en-US]
08-28 18:23:20.708 28060 28143 I native  : I0000 00:00:1756398200.708104   28143 enrollment_manager_impl.cc:455] UpdateConfigRequest with timeout: 0
08-28 18:23:20.709 32298 32466 I .apps.wellbeing: AssetManager2(0xb40000721b83fe58) locale list changing from [] to [en-US]
08-28 18:23:20.712  5606  6419 I edey    : (REDACTED) <<< [%s] Reading SodaResourceManager message with updated resourceIds: %s. Total set: %s
08-28 18:23:20.712  5606  6419 I edey    : (REDACTED) <<< [%s] SodaResourceManager session emitted all requested resources: %s. Ok to terminate.
08-28 18:23:20.713 32298 32466 I .apps.wellbeing: AssetManager2(0xb40000721b838478) locale list changing from [] to [en-US]
08-28 18:23:20.714 32298 32466 I .apps.wellbeing: AssetManager2(0xb40000721b841a78) locale list changing from [] to [en-US]
08-28 18:23:20.714 32298 32466 I .apps.wellbeing: AssetManager2(0xb40000721b83eb98) locale list changing from [] to [en-US]
08-28 18:23:20.715 32298 32466 I .apps.wellbeing: AssetManager2(0xb40000721b840ad8) locale list changing from [] to [en-US]
08-28 18:23:20.716 32298 32466 I .apps.wellbeing: AssetManager2(0xb40000721b840178) locale list changing from [] to [en-US]
08-28 18:23:20.717 28060 29825 E SpeechMicro: Hotword model is single-channel neuralnet.
08-28 18:23:20.717 32298 32466 I .apps.wellbeing: AssetManager2(0xb40000721b844318) locale list changing from [] to [en-US]
08-28 18:23:20.718 28060 29825 I native  : I0000 00:00:1756398200.718059   29825 enrollment_manager_impl.cc:1313] A valid TD-SID creator already exists. No need to re-create.
08-28 18:23:20.718 28060 29825 I native  : I0000 00:00:1756398200.718153   29825 enrollment_manager_impl_utils.cc:81] Using standalone TI-SID pipeline config:/product/usr/srec/en-US/configs/ONDEVICE_MEDIUM_VOICE_MATCH.config
08-28 18:23:20.718 28060 29825 I native  : I0000 00:00:1756398200.718251   29825 enrollment_manager_impl.cc:1333] A valid TI-SID creator already exists. No need to re-create.
08-28 18:23:20.718 28060 29825 I native  : I0000 00:00:1756398200.718286   29825 enrollment_manager_impl_utils.cc:81] Using standalone TI-SID pipeline config:/product/usr/srec/en-US/configs/ONDEVICE_MEDIUM_VOICE_MATCH.config
08-28 18:23:20.718 28060 29825 I native  : I0000 00:00:1756398200.718304   29825 enrollment_manager_impl.cc:1056] Attempting to insert stored TD-SID profiles into config.
08-28 18:23:20.718 28060 29825 I native  : I0000 00:00:1756398200.718365   29825 enrollment_manager_impl.cc:1080] Found 1 speakers with existing TDSID models.
08-28 18:23:20.718 32298 32466 I .apps.wellbeing: AssetManager2(0xb40000721b8423d8) locale list changing from [] to [en-US]
08-28 18:23:20.719 32298 32466 I .apps.wellbeing: AssetManager2(0xb40000721b83f1d8) locale list changing from [] to [en-US]
08-28 18:23:20.719 32298 32466 I .apps.wellbeing: AssetManager2(0xb40000721b83fb38) locale list changing from [] to [en-US]
08-28 18:23:20.721 32298 32466 I .apps.wellbeing: AssetManager2(0xb40000721b83cf78) locale list changing from [] to [en-US]
08-28 18:23:20.721 28060 28143 I edbk    : (REDACTED) [%s] All resources wrote to PDS and notified client.
08-28 18:23:20.721 28060 28143 I edbk    : (REDACTED) [%s] hotwordLatency: %d, tdsidLatency: %d, All resources latency: %d
08-28 18:23:20.722 28060 28125 I edfk    : (REDACTED) [%s] Returning ResourceResponse.
08-28 18:23:20.722 32298 32466 I .apps.wellbeing: AssetManager2(0xb40000721b843cd8) locale list changing from [] to [en-US]
08-28 18:23:20.723  5606  6419 I edey    : (REDACTED) [%s] SRM session terminated after all resources accounted for: %s.
08-28 18:23:20.723 32298 32466 I .apps.wellbeing: AssetManager2(0xb40000721b842d38) locale list changing from [] to [en-US]
08-28 18:23:20.723 32298 32466 I .apps.wellbeing: AssetManager2(0xb40000721b840df8) locale list changing from [] to [en-US]
08-28 18:23:20.724  5606  6483 I eclt    : #updateSodaResourcesWithoutReload
08-28 18:23:20.724  5606  6419 I eclt    : #updateSodaResourcesWithoutReload inside sequencer
08-28 18:23:20.724  5606  6323 I eclt    : #checkAsrCompatibility inside sequencer
08-28 18:23:20.725 32298 32466 I .apps.wellbeing: AssetManager2(0xb40000721b841438) locale list changing from [] to [en-US]
08-28 18:23:20.725  5606  6323 I eclt    : (REDACTED) #checkAsrCompatibility initializing Soda. Locale: %s. Expected LP version: %d
08-28 18:23:20.725  5606  6323 I eclt    : (REDACTED) Soda cache directory: %s
08-28 18:23:20.725  5606  6323 I eclt    : Hotmatch disabled: flag not enabled
08-28 18:23:20.725  5606  6323 I eczg    : SODA instance exists and matches params. Updating callbacks and returning preloaded instance.
08-28 18:23:20.725  5606  6323 I eclt    : #checkAsrCompatibility successful!
08-28 18:23:20.725  5606  6323 I ecmt    : Compatcheck success for background update.
08-28 18:23:20.725  5606  6323 I eclt    : #backgroundUpdate
08-28 18:23:20.725  5606  6323 I eclt    : #backgroundUpdate inside sequencer
08-28 18:23:20.725  5606  6412 I eclt    : #backgroundUpdate using the existing ASR soda instance.
08-28 18:23:20.725 32298 32466 I .apps.wellbeing: AssetManager2(0xb40000721b8407b8) locale list changing from [] to [en-US]
08-28 18:23:20.726 28060 29825 E SpeechMicro: Hotword model is single-channel neuralnet.
08-28 18:23:20.726 28060 29825 I native  : I0000 00:00:1756398200.726085   29825 enrollment_manager_impl.cc:1096] Found valid TDSID profile for user: 0
08-28 18:23:20.726 28060 29825 I native  : I0000 00:00:1756398200.726402   29825 enrollment_manager_impl.cc:1418] Retrieved stored TDSID models. Speakers requiring re-training:0
08-28 18:23:20.726 28060 29825 I native  : I0000 00:00:1756398200.726426   29825 enrollment_manager_impl.cc:1129] Attempting to insert stored TI-SID profiles into config.
08-28 18:23:20.726 28060 29825 E native  : E0000 00:00:1756398200.726479   29825 enrollment_storage.cc:177] Failed to read model:NOT_FOUND: Speaker does not have TISID model [type.googleapis.com/speech.soda.speaker_id.ReadModelStatus='\x08\x12']
08-28 18:23:20.726 28060 29825 E native  : === Source Location Trace: === 
08-28 18:23:20.726 28060 29825 E native  : speech/soda/speaker_id/enrollment/enrollment_storage.cc:228
08-28 18:23:20.726 28060 29825 I native  : I0000 00:00:1756398200.726494   29825 enrollment_manager_impl.cc:1154] Found 0 speakers with existing TI-SID models.
08-28 18:23:20.726 28060 29825 W native  : W0000 00:00:1756398200.726671   29825 enrollment_manager_impl.cc:1186] No valid TI-SID models found.
08-28 18:23:20.726 28060 29825 I native  : I0000 00:00:1756398200.726683   29825 enrollment_manager_impl.cc:1431] Retrieved stored TISID models. Speakers requiring re-training:0
08-28 18:23:20.726 28060 29825 E native  : E0000 00:00:1756398200.726722   29825 enrollment_storage.cc:177] Failed to read model:NOT_FOUND: Speaker does not have Server TISID voiceprint [type.googleapis.com/speech.soda.speaker_id.ReadModelStatus='\x08\x14']
08-28 18:23:20.726 28060 29825 E native  : === Source Location Trace: === 
08-28 18:23:20.726 28060 29825 E native  : speech/soda/speaker_id/enrollment/enrollment_storage.cc:228
08-28 18:23:20.726 28060 29825 I native  : I0000 00:00:1756398200.726732   29825 enrollment_manager_impl.cc:1441] Retrieved Server TISID models. 
08-28 18:23:20.726  5606  6412 I native  : I0000 00:00:1756398200.726745    6412 context-module-impl.cc:801] Update context input. (Proto:MessageLite at 0xb4000072fbacbd90)
08-28 18:23:20.726 32298 32466 I .apps.wellbeing: AssetManager2(0xb40000721b841118) locale list changing from [] to [en-US]
08-28 18:23:20.727  5606  6412 I native  : I0000 00:00:1756398200.727018    6412 context-module-impl.cc:808] Update context input for public scope. (Proto:MessageLite at 0xb4000072fbacbd90)
08-28 18:23:20.727 28060 29825 I native  : I0000 00:00:1756398200.727671   29825 enrollment_manager_impl.cc:468] Invoking listeners with updated speaker profiles.
08-28 18:23:20.728 28060 28143 I A       : (REDACTED) handleResponse for  %s user(s)
08-28 18:23:20.728 28060 28143 I A       : (REDACTED) Found SodaVmmmClassicWriter. Preparing to propagate model update for status: %s
08-28 18:23:20.728 28060 28143 I A       : Skipping model update propagation to SodaVmmmClassicWriter since speaker model did not change.
08-28 18:23:20.728  5606  6412 I ecmt    : #backgroundBiasingUpdate succeeded.
08-28 18:23:20.728 28060 28143 I A       : #handleModelUpdate
08-28 18:23:20.728 28060 28143 I A       : (REDACTED) # of TDSID models received: %s
08-28 18:23:20.728 28060 28143 I A       : (REDACTED) Size of TI-SID model bytestring received: %s
08-28 18:23:20.728 28060 28143 I A       : (REDACTED) # of Server TI-SID voiceprints received: %s
08-28 18:23:20.728 28060 28143 I A       : getHotwordSpeakerIdModels
08-28 18:23:20.728 28060 28143 I cplk    : (REDACTED) Returning SpeakerIdModel: %s bytes
08-28 18:23:20.728 28060 28143 I cplk    : #getTdsidModel
08-28 18:23:20.728 32298 32466 I .apps.wellbeing: AssetManager2(0xb40000721b83eeb8) locale list changing from [] to [en-US]
08-28 18:23:20.728  5606  6323 I dyhw    : (REDACTED) AppFlow %s is about to be transmitted
08-28 18:23:20.728 28060 28167 I cplk    : #initialize
08-28 18:23:20.728  5606  6418 I dsue    : (REDACTED) Sending speech biasing context update to SODA with locale %s. %s
08-28 18:23:20.729  5606  6412 I eclt    : #checkAsrCompatibility inside sequencer
08-28 18:23:20.729  5606  6481 I arho    : #getOobeStatus: OptedIn [CONTEXT ratelimit_period="10 SECONDS" skipped=5 ]
08-28 18:23:20.729  5606  6412 I eclt    : (REDACTED) #checkAsrCompatibility initializing Soda. Locale: %s. Expected LP version: %d
08-28 18:23:20.730 32298 32466 I .apps.wellbeing: AssetManager2(0xb40000721b83d298) locale list changing from [] to [en-US]
08-28 18:23:20.730 28060 28125 I cplk    : Didn't find an initialized EnrollmentManager. Updating config.
08-28 18:23:20.730 28060 28125 I A       : (REDACTED) updateConfig: Hotword present: %b, LP directory: %s
08-28 18:23:20.732 32298 32466 I .apps.wellbeing: AssetManager2(0xb40000721b842a18) locale list changing from [] to [en-US]
08-28 18:23:20.733 28060 28167 I native  : I0000 00:00:1756398200.733008   28167 enrollment_manager_impl.cc:455] UpdateConfigRequest with timeout: 0
08-28 18:23:20.729  5606  6412 I eclt    : (REDACTED) Soda cache directory: %s
08-28 18:23:20.733  5606  6419 I ecmt    : (REDACTED) #getSodaAsrUpdateRequest inserting app domain: %s
08-28 18:23:20.733  5606  6412 I eclt    : Hotmatch disabled: flag not enabled
08-28 18:23:20.733  5606  6412 I eczg    : SODA instance exists and matches params. Updating callbacks and returning preloaded instance.
08-28 18:23:20.733 32298 32466 I .apps.wellbeing: AssetManager2(0xb40000721b83c938) locale list changing from [] to [en-US]
08-28 18:23:20.734  5606  6412 I eclt    : #checkAsrCompatibility successful!
08-28 18:23:20.734  5606  6412 I ecmt    : Compatcheck success for background update.
08-28 18:23:20.734  5606  6412 I eclt    : #backgroundUpdate
08-28 18:23:20.734  5606  6303 I eclt    : #backgroundUpdate inside sequencer
08-28 18:23:20.734 32298 32466 I .apps.wellbeing: AssetManager2(0xb40000721b83e878) locale list changing from [] to [en-US]
08-28 18:23:20.735  5606  6303 I eclt    : #backgroundUpdate using the existing ASR soda instance.
08-28 18:23:20.735 32298 32466 I .apps.wellbeing: AssetManager2(0xb40000721b83f818) locale list changing from [] to [en-US]
08-28 18:23:20.736  5606  6303 I native  : I0000 00:00:1756398200.736237    6303 context-module-impl.cc:801] Update context input. (Proto:MessageLite at 0xb4000072fbab18a0)
08-28 18:23:20.736  5606  6303 I native  : I0000 00:00:1756398200.736479    6303 context-module-impl.cc:808] Update context input for public scope. (Proto:MessageLite at 0xb4000072fbab18a0)
08-28 18:23:20.736  5606  6303 I ecmt    : #backgroundBiasingUpdate succeeded.
08-28 18:23:20.736 32298 32466 I .apps.wellbeing: AssetManager2(0xb40000721b83cc58) locale list changing from [] to [en-US]
08-28 18:23:20.737  5606  6323 I dyhw    : (REDACTED) AppFlow %s is about to be transmitted
08-28 18:23:20.737  5606  6418 I dsue    : (REDACTED) Sending speech biasing context update to SODA with locale %s. %s
08-28 18:23:20.737 32298 32466 I .apps.wellbeing: AssetManager2(0xb40000721b845f38) locale list changing from [] to [en-US]
08-28 18:23:20.737  5606  6323 I eclt    : #checkAsrCompatibility inside sequencer
08-28 18:23:20.737  5606  6323 I eclt    : (REDACTED) #checkAsrCompatibility initializing Soda. Locale: %s. Expected LP version: %d
08-28 18:23:20.737  5606  6323 I eclt    : (REDACTED) Soda cache directory: %s
08-28 18:23:20.737  5606  6323 I eclt    : Hotmatch disabled: flag not enabled
08-28 18:23:20.738  5606  6323 I eczg    : SODA instance exists and matches params. Updating callbacks and returning preloaded instance.
08-28 18:23:20.738  5606  6323 I eclt    : #checkAsrCompatibility successful!
08-28 18:23:20.738  5606  6413 I ecmt    : (REDACTED) #getSodaAsrUpdateRequest inserting app domain: %s
08-28 18:23:20.738  5606  6323 I ecmt    : Compatcheck success for background update.
08-28 18:23:20.738  5606  6323 I eclt    : #backgroundUpdate
08-28 18:23:20.738  5606  6303 I eclt    : #backgroundUpdate inside sequencer
08-28 18:23:20.738  5606  6323 I eclt    : #backgroundUpdate using the existing ASR soda instance.
08-28 18:23:20.738 32298 32466 I .apps.wellbeing: AssetManager2(0xb40000721b8452b8) locale list changing from [] to [en-US]
08-28 18:23:20.738  5606  6323 I ecmt    : #backgroundBiasingUpdate succeeded.
08-28 18:23:20.739  5606  6419 I dsue    : (REDACTED) SODA speech biasing context update for %s is complete. %s
08-28 18:23:20.739 32298 32466 I .apps.wellbeing: AssetManager2(0xb40000721b848e18) locale list changing from [] to [en-US]
08-28 18:23:20.739  5606  6419 I dstp    : (REDACTED) Successfully scheduled context update for key: %s for %s.
08-28 18:23:20.739  5606  6483 I dyhw    : (REDACTED) AppFlow %s is about to be transmitted
08-28 18:23:20.740  5606  6303 I eclt    : #checkAsrCompatibility inside sequencer
08-28 18:23:20.740  5606  6303 I eclt    : (REDACTED) #checkAsrCompatibility initializing Soda. Locale: %s. Expected LP version: %d
08-28 18:23:20.740  5606  6303 I eclt    : (REDACTED) Soda cache directory: %s
08-28 18:23:20.740  5606  6303 I eclt    : Hotmatch disabled: flag not enabled
08-28 18:23:20.740  5606  6303 I eczg    : SODA instance exists and matches params. Updating callbacks and returning preloaded instance.
08-28 18:23:20.740  5606  6303 I eclt    : #checkAsrCompatibility successful!
08-28 18:23:20.741  5606  6303 I ecmt    : Compatcheck success for background update.
08-28 18:23:20.741  5606  6303 I eclt    : #backgroundUpdate
08-28 18:23:20.741  5606  6323 I eclt    : #backgroundUpdate inside sequencer
08-28 18:23:20.741  5606  6323 I eclt    : #backgroundUpdate using the existing ASR soda instance.
08-28 18:23:20.741  5606  6323 I ecmt    : #backgroundBiasingUpdate succeeded.
08-28 18:23:20.741 32298 32466 I .apps.wellbeing: AssetManager2(0xb40000721b8455d8) locale list changing from [] to [en-US]
08-28 18:23:20.741  5606  6411 I dsue    : (REDACTED) SODA speech biasing context update for %s is complete. %s
08-28 18:23:20.742 28060 29825 E SpeechMicro: Hotword model is single-channel neuralnet.
08-28 18:23:20.742  5606  6411 I dstp    : (REDACTED) Successfully scheduled context update for key: %s for %s.
08-28 18:23:20.742  5606  6483 I dyhw    : (REDACTED) AppFlow %s is about to be transmitted
08-28 18:23:20.743 28060 29825 I native  : I0000 00:00:1756398200.743064   29825 enrollment_manager_impl.cc:1313] A valid TD-SID creator already exists. No need to re-create.
08-28 18:23:20.743 28060 29825 I native  : I0000 00:00:1756398200.743184   29825 enrollment_manager_impl_utils.cc:81] Using standalone TI-SID pipeline config:/product/usr/srec/en-US/configs/ONDEVICE_MEDIUM_VOICE_MATCH.config
08-28 18:23:20.743 28060 29825 I native  : I0000 00:00:1756398200.743289   29825 enrollment_manager_impl.cc:1333] A valid TI-SID creator already exists. No need to re-create.
08-28 18:23:20.743 28060 29825 I native  : I0000 00:00:1756398200.743330   29825 enrollment_manager_impl_utils.cc:81] Using standalone TI-SID pipeline config:/product/usr/srec/en-US/configs/ONDEVICE_MEDIUM_VOICE_MATCH.config
08-28 18:23:20.743 28060 29825 I native  : I0000 00:00:1756398200.743349   29825 enrollment_manager_impl.cc:1056] Attempting to insert stored TD-SID profiles into config.
08-28 18:23:20.743 28060 29825 I native  : I0000 00:00:1756398200.743422   29825 enrollment_manager_impl.cc:1080] Found 1 speakers with existing TDSID models.
08-28 18:23:20.743 32298 32466 I .apps.wellbeing: AssetManager2(0xb40000721b847518) locale list changing from [] to [en-US]
08-28 18:23:20.745 32298 32466 I .apps.wellbeing: AssetManager2(0xb40000721b8471f8) locale list changing from [] to [en-US]
08-28 18:23:20.745 32298 32466 I .apps.wellbeing: AssetManager2(0xb40000721b84bcf8) locale list changing from [] to [en-US]
08-28 18:23:20.747 32298 32466 I .apps.wellbeing: AssetManager2(0xb40000721b845c18) locale list changing from [] to [en-US]
08-28 18:23:20.747 32298 32466 I .apps.wellbeing: AssetManager2(0xb40000721b84b9d8) locale list changing from [] to [en-US]
08-28 18:23:20.748  5606  6483 I dyhw    : (REDACTED) AppFlow %s is about to be transmitted
08-28 18:23:20.748  5606  6483 I dyhw    : (REDACTED) AppFlow %s is about to be transmitted
08-28 18:23:20.749 32298 32466 I .apps.wellbeing: AssetManager2(0xb40000721b8487d8) locale list changing from [] to [en-US]
08-28 18:23:20.750 32298 32466 I .apps.wellbeing: AssetManager2(0xb40000721b849138) locale list changing from [] to [en-US]
08-28 18:23:20.751 28060 29825 E SpeechMicro: Hotword model is single-channel neuralnet.
08-28 18:23:20.751 28060 29825 I native  : I0000 00:00:1756398200.751527   29825 enrollment_manager_impl.cc:1096] Found valid TDSID profile for user: 0
08-28 18:23:20.751 32298 32466 I .apps.wellbeing: AssetManager2(0xb40000721b8484b8) locale list changing from [] to [en-US]
08-28 18:23:20.751 28060 29825 I native  : I0000 00:00:1756398200.751939   29825 enrollment_manager_impl.cc:1418] Retrieved stored TDSID models. Speakers requiring re-training:0
08-28 18:23:20.751 28060 29825 I native  : I0000 00:00:1756398200.751981   29825 enrollment_manager_impl.cc:1129] Attempting to insert stored TI-SID profiles into config.
08-28 18:23:20.752 28060 29825 E native  : E0000 00:00:1756398200.752048   29825 enrollment_storage.cc:177] Failed to read model:NOT_FOUND: Speaker does not have TISID model [type.googleapis.com/speech.soda.speaker_id.ReadModelStatus='\x08\x12']
08-28 18:23:20.752 28060 29825 E native  : === Source Location Trace: === 
08-28 18:23:20.752 28060 29825 E native  : speech/soda/speaker_id/enrollment/enrollment_storage.cc:228
08-28 18:23:20.752 28060 29825 I native  : I0000 00:00:1756398200.752066   29825 enrollment_manager_impl.cc:1154] Found 0 speakers with existing TI-SID models.
08-28 18:23:20.752 28060 29825 W native  : W0000 00:00:1756398200.752265   29825 enrollment_manager_impl.cc:1186] No valid TI-SID models found.
08-28 18:23:20.752 28060 29825 I native  : I0000 00:00:1756398200.752287   29825 enrollment_manager_impl.cc:1431] Retrieved stored TISID models. Speakers requiring re-training:0
08-28 18:23:20.752 28060 29825 E native  : E0000 00:00:1756398200.752334   29825 enrollment_storage.cc:177] Failed to read model:NOT_FOUND: Speaker does not have Server TISID voiceprint [type.googleapis.com/speech.soda.speaker_id.ReadModelStatus='\x08\x14']
08-28 18:23:20.752 28060 29825 E native  : === Source Location Trace: === 
08-28 18:23:20.752 28060 29825 E native  : speech/soda/speaker_id/enrollment/enrollment_storage.cc:228
08-28 18:23:20.752 28060 29825 I native  : I0000 00:00:1756398200.752359   29825 enrollment_manager_impl.cc:1441] Retrieved Server TISID models. 
08-28 18:23:20.753 28060 28167 I A       : (REDACTED) handleResponse for  %s user(s)
08-28 18:23:20.753 28060 29825 I native  : I0000 00:00:1756398200.753275   29825 enrollment_manager_impl.cc:468] Invoking listeners with updated speaker profiles.
08-28 18:23:20.753 28060 28167 I A       : (REDACTED) Found SodaVmmmClassicWriter. Preparing to propagate model update for status: %s
08-28 18:23:20.753 28060 28167 I A       : Skipping model update propagation to SodaVmmmClassicWriter since speaker model did not change.
08-28 18:23:20.753 28060 28167 I A       : #handleModelUpdate
08-28 18:23:20.753 28060 28167 I A       : (REDACTED) # of TDSID models received: %s
08-28 18:23:20.753 28060 28167 I A       : (REDACTED) Size of TI-SID model bytestring received: %s
08-28 18:23:20.753 28060 28167 I A       : (REDACTED) # of Server TI-SID voiceprints received: %s
08-28 18:23:20.753 32298 32466 I .apps.wellbeing: AssetManager2(0xb40000721b849a98) locale list changing from [] to [en-US]
08-28 18:23:20.753 28060 28167 I A       : getHotwordSpeakerIdModels
08-28 18:23:20.753 28060 28167 I cplk    : (REDACTED) Returning SpeakerIdModel: %s bytes
08-28 18:23:20.753 28060 28167 I edej    : (REDACTED) [%s] Tdsid model remains the same. Skipping callback(s).
08-28 18:23:20.754 32298 32466 I .apps.wellbeing: AssetManager2(0xb40000721b844958) locale list changing from [] to [en-US]
08-28 18:23:20.755 32298 32466 I .apps.wellbeing: AssetManager2(0xb40000721b84b6b8) locale list changing from [] to [en-US]
08-28 18:23:20.756 32298 32466 I .apps.wellbeing: AssetManager2(0xb40000721b849778) locale list changing from [] to [en-US]
08-28 18:23:20.757 32298 32466 I .apps.wellbeing: AssetManager2(0xb40000721b84d2d8) locale list changing from [] to [en-US]
08-28 18:23:20.757 32298 32466 I .apps.wellbeing: AssetManager2(0xb40000721b8533b8) locale list changing from [] to [en-US]
08-28 18:23:20.758 32298 32466 I .apps.wellbeing: AssetManager2(0xb40000721b8507f8) locale list changing from [] to [en-US]
08-28 18:23:20.759 32298 32466 I .apps.wellbeing: AssetManager2(0xb40000721b84ebd8) locale list changing from [] to [en-US]
08-28 18:23:20.760 32298 32466 I .apps.wellbeing: AssetManager2(0xb40000721b84fe98) locale list changing from [] to [en-US]
08-28 18:23:20.762 32298 32466 I .apps.wellbeing: AssetManager2(0xb40000721b84e598) locale list changing from [] to [en-US]
08-28 18:23:20.764 32298 32466 I .apps.wellbeing: AssetManager2(0xb40000721b851dd8) locale list changing from [] to [en-US]
08-28 18:23:20.765 32298 32466 I .apps.wellbeing: AssetManager2(0xb40000721b852418) locale list changing from [] to [en-US]
08-28 18:23:20.767 32298 32466 I .apps.wellbeing: AssetManager2(0xb40000721b8501b8) locale list changing from [] to [en-US]
08-28 18:23:20.768 32298 32466 I .apps.wellbeing: AssetManager2(0xb40000721b850e38) locale list changing from [] to [en-US]
08-28 18:23:20.769 32298 32466 I .apps.wellbeing: AssetManager2(0xb40000721b84c658) locale list changing from [] to [en-US]
08-28 18:23:20.770 32298 32466 I .apps.wellbeing: AssetManager2(0xb40000721b852a58) locale list changing from [] to [en-US]
08-28 18:23:20.771 32298 32466 I .apps.wellbeing: AssetManager2(0xb40000721b84fb78) locale list changing from [] to [en-US]
08-28 18:23:20.771 32298 32466 I .apps.wellbeing: AssetManager2(0xb40000721b851478) locale list changing from [] to [en-US]
08-28 18:23:20.772 32298 32466 I .apps.wellbeing: AssetManager2(0xb40000721b851ab8) locale list changing from [] to [en-US]
08-28 18:23:20.773 32298 32466 I .apps.wellbeing: AssetManager2(0xb40000721b84c338) locale list changing from [] to [en-US]
08-28 18:23:20.774 32298 32466 I .apps.wellbeing: AssetManager2(0xb40000721b84df58) locale list changing from [] to [en-US]
08-28 18:23:20.774 32298 32466 I .apps.wellbeing: AssetManager2(0xb40000721b852d78) locale list changing from [] to [en-US]
08-28 18:23:20.775 32298 32466 I .apps.wellbeing: AssetManager2(0xb40000721b853d18) locale list changing from [] to [en-US]
08-28 18:23:20.776 32298 32466 I .apps.wellbeing: AssetManager2(0xb40000721b852738) locale list changing from [] to [en-US]
08-28 18:23:20.777 32298 32466 I .apps.wellbeing: AssetManager2(0xb40000721b8536d8) locale list changing from [] to [en-US]
08-28 18:23:20.778 32298 32466 I .apps.wellbeing: AssetManager2(0xb40000721b8552f8) locale list changing from [] to [en-US]
08-28 18:23:20.779 32298 32466 I .apps.wellbeing: AssetManager2(0xb40000721b854678) locale list changing from [] to [en-US]
08-28 18:23:20.779 32298 32466 I .apps.wellbeing: AssetManager2(0xb40000721b854fd8) locale list changing from [] to [en-US]
08-28 18:23:20.780 32298 32466 I .apps.wellbeing: AssetManager2(0xb40000721b854038) locale list changing from [] to [en-US]
08-28 18:23:20.781 32298 32466 I .apps.wellbeing: AssetManager2(0xb40000721b854cb8) locale list changing from [] to [en-US]
08-28 18:23:20.782 32298 32466 I .apps.wellbeing: AssetManager2(0xb40000721b7f25b8) locale list changing from [] to [en-US]
08-28 18:23:20.783 32298 32466 I .apps.wellbeing: AssetManager2(0xb40000721b7f3238) locale list changing from [] to [en-US]
08-28 18:23:20.784 32298 32466 I .apps.wellbeing: AssetManager2(0xb40000721b7e8018) locale list changing from [] to [en-US]
08-28 18:23:20.784 32298 32466 I .apps.wellbeing: AssetManager2(0xb40000721b7eed78) locale list changing from [] to [en-US]
08-28 18:23:20.785 32298 32466 I .apps.wellbeing: AssetManager2(0xb40000721b7e7cf8) locale list changing from [] to [en-US]
08-28 18:23:20.785 32298 32466 I .apps.wellbeing: AssetManager2(0xb40000721b7ec1b8) locale list changing from [] to [en-US]
08-28 18:23:20.786 32298 32466 I .apps.wellbeing: AssetManager2(0xb40000721b7e9c38) locale list changing from [] to [en-US]
08-28 18:23:20.786 32298 32466 I .apps.wellbeing: AssetManager2(0xb40000721b7ed798) locale list changing from [] to [en-US]
08-28 18:23:20.787 32298 32466 I .apps.wellbeing: AssetManager2(0xb40000721b7e8c98) locale list changing from [] to [en-US]
08-28 18:23:20.788 32298 32466 I .apps.wellbeing: AssetManager2(0xb40000721b827498) locale list changing from [] to [en-US]
08-28 18:23:20.789 32298 32466 I .apps.wellbeing: AssetManager2(0xb40000721b829d38) locale list changing from [] to [en-US]
08-28 18:23:20.789 32298 32466 I .apps.wellbeing: AssetManager2(0xb40000721b8264f8) locale list changing from [] to [en-US]
08-28 18:23:20.790 32298 32466 I .apps.wellbeing: AssetManager2(0xb40000721b81e1b8) locale list changing from [] to [en-US]
08-28 18:23:20.791 32298 32466 I .apps.wellbeing: AssetManager2(0xb40000721b822678) locale list changing from [] to [en-US]
08-28 18:23:20.792 32298 32466 I .apps.wellbeing: AssetManager2(0xb40000721b822998) locale list changing from [] to [en-US]
08-28 18:23:20.792 32298 32466 I .apps.wellbeing: AssetManager2(0xb40000721b81e4d8) locale list changing from [] to [en-US]
08-28 18:23:20.792 32298 32466 I .apps.wellbeing: AssetManager2(0xb40000721b824bf8) locale list changing from [] to [en-US]
08-28 18:23:20.793 32298 32466 I .apps.wellbeing: AssetManager2(0xb40000721b823938) locale list changing from [] to [en-US]
08-28 18:23:20.794 32298 32466 I .apps.wellbeing: AssetManager2(0xb40000721b8219f8) locale list changing from [] to [en-US]
08-28 18:23:20.794 32298 32466 I .apps.wellbeing: AssetManager2(0xb40000721b81d538) locale list changing from [] to [en-US]
08-28 18:23:20.796 32298 32466 I .apps.wellbeing: AssetManager2(0xb40000721b824298) locale list changing from [] to [en-US]
08-28 18:23:20.796 32298 32466 I .apps.wellbeing: AssetManager2(0xb40000721b8213b8) locale list changing from [] to [en-US]
08-28 18:23:20.797 32298 32466 I .apps.wellbeing: AssetManager2(0xb40000721b8248d8) locale list changing from [] to [en-US]
08-28 18:23:20.798 32298 32466 I .apps.wellbeing: AssetManager2(0xb40000721b81ee38) locale list changing from [] to [en-US]
08-28 18:23:20.799 32298 32466 I .apps.wellbeing: AssetManager2(0xb40000721b822fd8) locale list changing from [] to [en-US]
08-28 18:23:20.800 32298 32466 I .apps.wellbeing: AssetManager2(0xb40000721b824f18) locale list changing from [] to [en-US]
08-28 18:23:20.801 32298 32466 I .apps.wellbeing: AssetManager2(0xb40000721b81e7f8) locale list changing from [] to [en-US]
08-28 18:23:20.802 32298 32466 I .apps.wellbeing: AssetManager2(0xb40000721b821d18) locale list changing from [] to [en-US]
08-28 18:23:20.803 32298 32466 I .apps.wellbeing: AssetManager2(0xb40000721b823618) locale list changing from [] to [en-US]
08-28 18:23:20.804 32298 32466 I .apps.wellbeing: AssetManager2(0xb40000721b8232f8) locale list changing from [] to [en-US]
08-28 18:23:20.805 32298 32466 I .apps.wellbeing: AssetManager2(0xb40000721b822038) locale list changing from [] to [en-US]
08-28 18:23:20.806 32298 32466 I .apps.wellbeing: AssetManager2(0xb40000721b81f478) locale list changing from [] to [en-US]
08-28 18:23:20.807 32298 32466 I .apps.wellbeing: AssetManager2(0xb40000721b820738) locale list changing from [] to [en-US]
08-28 18:23:20.808 32298 32466 I .apps.wellbeing: AssetManager2(0xb40000721b8245b8) locale list changing from [] to [en-US]
08-28 18:23:20.808 32298 32466 I .apps.wellbeing: AssetManager2(0xb40000721b821098) locale list changing from [] to [en-US]
08-28 18:23:20.811 32298 32466 I .apps.wellbeing: AssetManager2(0xb40000721b8216d8) locale list changing from [] to [en-US]
08-28 18:23:20.812 32298 32466 I .apps.wellbeing: AssetManager2(0xb40000721b820418) locale list changing from [] to [en-US]
08-28 18:23:20.813 32298 32466 I .apps.wellbeing: AssetManager2(0xb40000721b823f78) locale list changing from [] to [en-US]
08-28 18:23:20.813 32298 32466 I .apps.wellbeing: AssetManager2(0xb40000721b81b918) locale list changing from [] to [en-US]
08-28 18:23:20.814 32298 32466 I .apps.wellbeing: AssetManager2(0xb40000721b8196b8) locale list changing from [] to [en-US]
08-28 18:23:20.814 32298 32466 I .apps.wellbeing: AssetManager2(0xb40000721b81c278) locale list changing from [] to [en-US]
08-28 18:23:20.815 32298 32466 I .apps.wellbeing: AssetManager2(0xb40000721b81a658) locale list changing from [] to [en-US]
08-28 18:23:20.816 32298 32466 I .apps.wellbeing: AssetManager2(0xb40000721b81c598) locale list changing from [] to [en-US]
08-28 18:23:20.817 32298 32466 I .apps.wellbeing: AssetManager2(0xb40000721b81a978) locale list changing from [] to [en-US]
08-28 18:23:20.818 32298 32466 I .apps.wellbeing: AssetManager2(0xb40000721b81bc38) locale list changing from [] to [en-US]
08-28 18:23:20.819 32298 32466 I .apps.wellbeing: AssetManager2(0xb40000721b815838) locale list changing from [] to [en-US]
08-28 18:23:20.820 32298 32466 I .apps.wellbeing: AssetManager2(0xb40000721b817778) locale list changing from [] to [en-US]
08-28 18:23:20.821 32298 32466 I .apps.wellbeing: AssetManager2(0xb40000721b81a018) locale list changing from [] to [en-US]
08-28 18:23:20.821 32298 32466 I .apps.wellbeing: AssetManager2(0xb40000721b81c8b8) locale list changing from [] to [en-US]
08-28 18:23:20.822 32298 32466 I .apps.wellbeing: AssetManager2(0xb40000721b81ac98) locale list changing from [] to [en-US]
08-28 18:23:20.822 32298 32466 I .apps.wellbeing: AssetManager2(0xb40000721b8199d8) locale list changing from [] to [en-US]
08-28 18:23:20.823 32298 32466 I .apps.wellbeing: AssetManager2(0xb40000721b81bf58) locale list changing from [] to [en-US]
08-28 18:23:20.823 32298 32466 I .apps.wellbeing: AssetManager2(0xb40000721b81cef8) locale list changing from [] to [en-US]
08-28 18:23:20.824 32298 32466 I .apps.wellbeing: AssetManager2(0xb40000721b818a38) locale list changing from [] to [en-US]
08-28 18:23:20.824 32298 32466 I .apps.wellbeing: AssetManager2(0xb40000721b815e78) locale list changing from [] to [en-US]
08-28 18:23:20.826 32298 32466 I .apps.wellbeing: AssetManager2(0xb40000721b8164b8) locale list changing from [] to [en-US]
08-28 18:23:20.826 32298 32466 I .apps.wellbeing: AssetManager2(0xb40000721b818d58) locale list changing from [] to [en-US]
08-28 18:23:20.827 32298 32466 I .apps.wellbeing: AssetManager2(0xb40000721b816e18) locale list changing from [] to [en-US]
08-28 18:23:20.828 32298 32466 I .apps.wellbeing: AssetManager2(0xb40000721b819398) locale list changing from [] to [en-US]
08-28 18:23:20.828 32298 32466 I .apps.wellbeing: AssetManager2(0xb40000721b819cf8) locale list changing from [] to [en-US]
08-28 18:23:20.830 32298 32466 I .apps.wellbeing: AssetManager2(0xb40000721b81a338) locale list changing from [] to [en-US]
08-28 18:23:20.831 32298 32466 I .apps.wellbeing: AssetManager2(0xb40000721b817138) locale list changing from [] to [en-US]
08-28 18:23:20.832 32298 32466 I .apps.wellbeing: AssetManager2(0xb40000721b81b2d8) locale list changing from [] to [en-US]
08-28 18:23:20.833 32298 32466 I .apps.wellbeing: AssetManager2(0xb40000721b816198) locale list changing from [] to [en-US]
08-28 18:23:20.833 32298 32466 I .apps.wellbeing: AssetManager2(0xb40000721b815b58) locale list changing from [] to [en-US]
08-28 18:23:20.835 32298 32466 I .apps.wellbeing: AssetManager2(0xb40000721b81afb8) locale list changing from [] to [en-US]
08-28 18:23:20.836 32298 32466 I .apps.wellbeing: AssetManager2(0xb40000721b817a98) locale list changing from [] to [en-US]
08-28 18:23:20.836 32298 32466 I .apps.wellbeing: AssetManager2(0xb40000721b818718) locale list changing from [] to [en-US]
08-28 18:23:20.837 32298 32466 I .apps.wellbeing: AssetManager2(0xb40000721b8180d8) locale list changing from [] to [en-US]
08-28 18:23:20.838 32298 32466 I .apps.wellbeing: AssetManager2(0xb40000721b812958) locale list changing from [] to [en-US]
08-28 18:23:20.838 32298 32466 I .apps.wellbeing: AssetManager2(0xb40000721b81b5f8) locale list changing from [] to [en-US]
08-28 18:23:20.839 32298 32466 I .apps.wellbeing: AssetManager2(0xb40000721b811cd8) locale list changing from [] to [en-US]
08-28 18:23:20.839 32298 32466 I .apps.wellbeing: AssetManager2(0xb40000721b813c18) locale list changing from [] to [en-US]
08-28 18:23:20.840 32298 32466 I .apps.wellbeing: AssetManager2(0xb40000721b812318) locale list changing from [] to [en-US]
08-28 18:23:20.841 32298 32466 I .apps.wellbeing: AssetManager2(0xb40000721b8138f8) locale list changing from [] to [en-US]
08-28 18:23:20.842 32298 32466 I .apps.wellbeing: AssetManager2(0xb40000721b80ead8) locale list changing from [] to [en-US]
08-28 18:23:20.842 32298 32466 I .apps.wellbeing: AssetManager2(0xb40000721b80edf8) locale list changing from [] to [en-US]
08-28 18:23:20.842 32298 32466 I .apps.wellbeing: AssetManager2(0xb40000721b8103d8) locale list changing from [] to [en-US]
08-28 18:23:20.843 32298 32466 I .apps.wellbeing: AssetManager2(0xb40000721b80db38) locale list changing from [] to [en-US]
08-28 18:23:20.844 32298 32466 I .apps.wellbeing: AssetManager2(0xb40000721b80e178) locale list changing from [] to [en-US]
08-28 18:23:20.845 32298 32466 I .apps.wellbeing: AssetManager2(0xb40000721b80e498) locale list changing from [] to [en-US]
08-28 18:23:20.848 32298 32466 I .apps.wellbeing: AssetManager2(0xb40000721b8151f8) locale list changing from [] to [en-US]
08-28 18:23:20.850 32298 32466 I .apps.wellbeing: AssetManager2(0xb40000721b811058) locale list changing from [] to [en-US]
08-28 18:23:20.850 32298 32466 I .apps.wellbeing: AssetManager2(0xb40000721b814ed8) locale list changing from [] to [en-US]
08-28 18:23:20.851 32298 32466 I .apps.wellbeing: AssetManager2(0xb40000721b810d38) locale list changing from [] to [en-US]
08-28 18:23:20.852 32298 32466 I .apps.wellbeing: AssetManager2(0xb40000721b814bb8) locale list changing from [] to [en-US]
08-28 18:23:20.853 32298 32466 I .apps.wellbeing: AssetManager2(0xb40000721b80f758) locale list changing from [] to [en-US]
08-28 18:23:21.008  2117 14751 W ServiceManagerCppClient: Waited one second for stats (is service started? Number of threads started in the threadpool: 17. Are binder threads started and available?)
08-28 18:23:21.011   682  2781 W libc    : Unable to set property "ctl.interface_start" to "aidl/stats": PROP_ERROR_HANDLE_CONTROL_MESSAGE (0x20)
08-28 18:23:21.124  3998  4051 I Auth    : (REDACTED) [GetTokenResponse] Decryption key=%s success, service=%s
08-28 18:23:21.436  2387  4189 W ActivityTaskManager: callingPackage for (uid=2000, pid=2784) has no WPC
08-28 18:23:21.438  2387  4189 V GrammaticalInflectionUtils: AttributionSource: android.content.AttributionSource@2345c8c2 does not have READ_SYSTEM_GRAMMATICAL_GENDER permission.
08-28 18:23:21.446  2387  4189 I ActivityTaskManager: START u0 {flg=0x10000000 xflg=0x5 cmp=ru.andr7e.deviceinfohw/.MainActivity} with LAUNCH_MULTIPLE from uid 2000 (BAL_ALLOW_PERMISSION) result code=0
08-28 18:23:21.447  3291  3340 V WindowManagerShell: Transition requested (#145): android.os.BinderProxy@475ee7d TransitionRequestInfo { type = OPEN, triggerTask = TaskInfo{userId=0 taskId=95 effectiveUid=10631 displayId=0 isRunning=true baseIntent=Intent { act=android.intent.action.MAIN cat=[android.intent.category.LAUNCHER] flg=0x10200000 pkg=ru.andr7e.deviceinfohw cmp=ru.andr7e.deviceinfohw/.MainActivity } baseActivity=ComponentInfo{ru.andr7e.deviceinfohw/ru.andr7e.deviceinfohw.DeviceInfoActivity} topActivity=ComponentInfo{ru.andr7e.deviceinfohw/ru.andr7e.deviceinfohw.MainActivity} origActivity=null realActivity=ComponentInfo{ru.andr7e.deviceinfohw/ru.andr7e.deviceinfohw.MainActivity} numActivities=2 lastActiveTime=1384462 supportsMultiWindow=true resizeMode=1 isResizeable=true minWidth=-1 minHeight=-1 defaultMinSize=220 token=WCT{android.window.IWindowContainerToken$Stub$Proxy@68ed172} topActivityType=1 pictureInPictureParams=null shouldDockBigOverlays=false launchIntoPipHostTaskId=-1 lastParentTaskIdBeforePip=-1 displayCutoutSafeInsets=Rect(0, 137 - 0, 0) topActivityInfo=ActivityInfo{ecc19c3 ru.andr7e.deviceinfohw.MainActivity} launchCookies=[android.os.BinderProxy@3d96d57] positionInParent=Point(0, 0) parentTaskId=-1 isFocused=false isVisible=false isVisibleRequested=false isTopActivityNoDisplay=false isSleeping=false locusId=null displayAreaFeatureId=1 isTopActivityTransparent=false isActivityStackTransparent=false lastNonFullscreenBounds=Rect(373, 908 - 1068, 2348) capturedLink=null capturedLinkTimestamp=0 requestedVisibleTypes=-9 topActivityRequestOpenInBrowserEducationTimestamp=0 appCompatTaskInfo=AppCompatTaskInfo { topActivityInSizeCompat=false eligibleForLetterboxEducation= false isLetterboxEducationEnabled= false isLetterboxDoubleTapEnabled= false eligibleForUserAspectRatioButton= false topActivityBoundsLetterboxed= false isFromLetterboxDoubleTap= false topActivityLetterboxVerticalPosition= -1 topActivityLetterboxHorizontalPosition= -1 topActivityLetterboxWidth=-1 topActivityLetterboxHeight=-1 topActivityAppBounds=Rect(0, 137 - 1440, 3120) isUserFullscreenOverrideEnabled=false isSystemFullscreenOverrideEnabled=false hasMinAspectRatioOverride=false topActivityLetterboxBounds=null cameraCompatTaskInfo=CameraCompatTaskInfo { freeformCameraCompatMode=inactive}} topActivityMainWindowFrame=null}, pipChange = null, remoteTransition = null, displayChange = null, flags = 0, debugId = 145 }
08-28 18:23:21.447  3291  3340 D ShellSplitScreen: logExit: no-op, mLoggerSessionId is null
08-28 18:23:21.449  3502  3502 W SplitSelectStateCtor: Missing session instanceIds
08-28 18:23:21.449  3502  3502 D StatsLog: LAUNCHER_SPLIT_SELECTION_EXIT_INTERRUPTED
08-28 18:23:21.450  2387  3238 D BackgroundInstallControlService: Package event received: 0
08-28 18:23:21.447  2387  2387 W android.bg: type=1400 audit(0.0:31175): avc:  denied  { read } for  name="661f16" dev="dm-41" ino=146483 scontext=u:r:system_server:s0 tcontext=u:object_r:system_data_root_file:s0 tclass=file permissive=0
08-28 18:23:21.447  2387  2387 W android.bg: type=1400 audit(0.0:31176): avc:  denied  { read } for  name="661f16" dev="dm-41" ino=146483 scontext=u:r:system_server:s0 tcontext=u:object_r:system_data_root_file:s0 tclass=file permissive=0
08-28 18:23:21.455  2387  3238 D BackgroundInstallControlService: Package event received: 0
08-28 18:23:21.456  3291  3340 D WindowManagerShell: setLauncherKeepClearAreaHeight: visible=false, height=643
08-28 18:23:21.458  2387  3238 D BackgroundInstallControlService: Package event received: 0
08-28 18:23:21.459  2387  3238 D BackgroundInstallControlService: Package event received: 0
08-28 18:23:21.466   965   965 I MainActivity: GLES Version: 196610
08-28 18:23:21.467   965   965 I MainActivity: Device EGL Version: 1.0
08-28 18:23:21.467   965   965 I MainActivity: GLES Major version is: 3
08-28 18:23:21.470   965   965 I ContentCaptureHelper: Setting logging level to OFF
08-28 18:23:21.483  2387  4189 V GrammaticalInflectionUtils: AttributionSource: android.content.AttributionSource@2345c8c2 does not have READ_SYSTEM_GRAMMATICAL_GENDER permission.
08-28 18:23:21.486  2387  4189 I ActivityTaskManager: START u0 {xflg=0x4 cmp=ru.andr7e.deviceinfohw/.DeviceInfoActivity} with LAUNCH_MULTIPLE from uid 10631 (sr=222935181) (BAL_ALLOW_VISIBLE_WINDOW) result code=0
08-28 18:23:21.491  2387  3238 D BackgroundInstallControlService: Package event received: 0
08-28 18:23:21.496  2387  3238 D BackgroundInstallControlService: Package event received: 0
08-28 18:23:21.496  2387  3238 D BackgroundInstallControlService: Package event received: 0
08-28 18:23:21.507  1607  1607 D DisplayModeController: setDesiredMode 4630946736638489730 {mode={fps=120.00 Hz, modePtr={id=0, vsyncRate=120.00 Hz, peakRefreshRate=120.00 Hz}}, emitEvent=true, force=false}
08-28 18:23:21.509  1525  1925 I SDM     : HWDeviceDRM::UpdateMixerAttributes: Mixer WxH 1440x3200-1 for Peripheral
08-28 18:23:21.509  1525  1925 I SDM     : HWCDisplay::SubmitDisplayConfig: Active configuration changed to: 0
08-28 18:23:21.512   965   965 V Configuration: Updating configuration, locales updated from [en_US_#u-mu-celsius] to [en]
08-28 18:23:21.512   965   965 I 7e.deviceinfohw: AssetManager2(0xb40000721b7e5458) locale list changing from [en-US] to [en]
08-28 18:23:21.513  2205  3278 D libsensor-F2SNotifier: DisplayFreq2SlpiNotifier display_freq = 120
08-28 18:23:21.517   965   965 W TabLayout: MODE_SCROLLABLE + GRAVITY_FILL is not supported, GRAVITY_START will be used instead
08-28 18:23:21.515   965   965 W 7e.deviceinfohw: type=1400 audit(0.0:31177): avc:  denied  { read } for  name="drivers" dev="sysfs" ino=29857 scontext=u:r:untrusted_app:s0:c119,c258,c512,c768 tcontext=u:object_r:sysfs:s0 tclass=dir permissive=0 app=ru.andr7e.deviceinfohw
08-28 18:23:21.515   965   965 W 7e.deviceinfohw: type=1400 audit(0.0:31178): avc:  denied  { read } for  name="regulator" dev="sysfs" ino=30321 scontext=u:r:untrusted_app:s0:c119,c258,c512,c768 tcontext=u:object_r:sysfs:s0 tclass=dir permissive=0 app=ru.andr7e.deviceinfohw
08-28 18:23:21.515   965   965 W 7e.deviceinfohw: type=1400 audit(0.0:31179): avc:  denied  { read } for  name="hwmon" dev="sysfs" ino=55256 scontext=u:r:untrusted_app:s0:c119,c258,c512,c768 tcontext=u:object_r:sysfs:s0 tclass=dir permissive=0 app=ru.andr7e.deviceinfohw
08-28 18:23:21.526  2387  2937 I DisplayDeviceRepository: Display device changed render timings: "Built-in Screen", renderFrameRate=120.00001, presentationDeadlineNanos=13333333, appVsyncOffsetNanos=1000000, frameRateOverrides=[]
08-28 18:23:21.527  2387  2935 D WindowManager: DeferredDisplayUpdater: partially applying DisplayInfo(1440 x 3200) immediately
08-28 18:23:21.528  1491 25131 D audio_hw_primary: adev_set_parameters: enter: screen_state=on
08-28 18:23:21.528  1491 25131 V msm8974_platform: platform_set_parameters: enter: screen_state=on
08-28 18:23:21.528  1491 25131 D msm8974_platform: platform_set_parameters: exit with code(0)
08-28 18:23:21.528  1491 25131 D sound_trigger_hw: handle_screen_status_change: screen on
08-28 18:23:21.528  1491 25131 D audio_hw_cspl_cal: cirrus_cal_setparameters: enter 0xeb500010
08-28 18:23:21.529  1491 25131 D audio_hw_primary: adev_set_parameters: exit with code(0)
