08-28 18:26:52.029 32298 32466 I .apps.wellbeing: AssetManager2(0xb40000721b82cf38) locale list changing from [] to [en-US]
08-28 18:26:52.030  1491 25131 D ultrasound_extn: ultrasound_disable_pseudo_port
08-28 18:26:52.030  1491 25131 D ultrasound_extn: ultrasound_set_pseudo_port_state: on is 0 adev->mode is 0
08-28 18:26:52.030  1491 25131 D ultrasound_extn: ultrasound_set_pseudo_port_state: enter, switch = Off
08-28 18:26:52.030  1491 25131 D ultrasound_extn: ultrasound_apply_ramp_down_path: ultrasound ::ramp_down_path
08-28 18:26:52.030  1491 25131 D audio_route: Apply path: ultrasound-rampdown
08-28 18:26:52.030 32298 32466 I .apps.wellbeing: AssetManager2(0xb40000721b827178) locale list changing from [] to [en-US]
08-28 18:26:52.033 32298 32466 I .apps.wellbeing: AssetManager2(0xb40000721b82aff8) locale list changing from [] to [en-US]
08-28 18:26:52.038 32298 32466 I .apps.wellbeing: AssetManager2(0xb40000721b830778) locale list changing from [] to [en-US]
08-28 18:26:52.042 32298 32466 I .apps.wellbeing: AssetManager2(0xb40000721b832078) locale list changing from [] to [en-US]
08-28 18:26:52.043 32298 32466 I .apps.wellbeing: AssetManager2(0xb40000721b828438) locale list changing from [] to [en-US]
08-28 18:26:52.044 32298 32466 I .apps.wellbeing: AssetManager2(0xb40000721b82c5d8) locale list changing from [] to [en-US]
08-28 18:26:52.046 32298 32466 I .apps.wellbeing: AssetManager2(0xb40000721b8261d8) locale list changing from [] to [en-US]
08-28 18:26:52.047 32298 32466 I .apps.wellbeing: AssetManager2(0xb40000721b828d98) locale list changing from [] to [en-US]
08-28 18:26:52.048 32298 32466 I .apps.wellbeing: AssetManager2(0xb40000721b8293d8) locale list changing from [] to [en-US]
08-28 18:26:52.048 32298 32466 I .apps.wellbeing: AssetManager2(0xb40000721b82a698) locale list changing from [] to [en-US]
08-28 18:26:52.050 32298 32466 I .apps.wellbeing: AssetManager2(0xb40000721b841758) locale list changing from [] to [en-US]
08-28 18:26:52.055 32298 32466 I .apps.wellbeing: AssetManager2(0xb40000721b843698) locale list changing from [] to [en-US]
08-28 18:26:52.055  1491 25131 D ultrasound_extn: ultrasound_extn_stop: enter
08-28 18:26:52.055  1491 25131 D ultrasound_extn: ultrasound_extn_stop: start_refcount 1
08-28 18:26:52.055  1491 25131 D ultrasound_extn: ultrasound_extn_stop: rampdown
08-28 18:26:52.055  1491 25131 D ultrasound_extn: ultrasound_apply_ramp_down_path: ultrasound ::ramp_down_path
08-28 18:26:52.055  1491 25131 D audio_route: Apply path: ultrasound-rampdown
08-28 18:26:52.056 32298 32466 I .apps.wellbeing: AssetManager2(0xb40000721b83d8d8) locale list changing from [] to [en-US]
08-28 18:26:52.057 32298 32466 I .apps.wellbeing: AssetManager2(0xb40000721b847b58) locale list changing from [] to [en-US]
08-28 18:26:52.058 32298 32466 I .apps.wellbeing: AssetManager2(0xb40000721b84b078) locale list changing from [] to [en-US]
08-28 18:26:52.060 32298 32466 I .apps.wellbeing: AssetManager2(0xb40000721b844c78) locale list changing from [] to [en-US]
08-28 18:26:52.062 32298 32466 I .apps.wellbeing: AssetManager2(0xb40000721b846258) locale list changing from [] to [en-US]
08-28 18:26:52.063 32298 32466 I .apps.wellbeing: AssetManager2(0xb40000721b84b398) locale list changing from [] to [en-US]
08-28 18:26:52.064 32298 32466 I .apps.wellbeing: AssetManager2(0xb40000721b84ad58) locale list changing from [] to [en-US]
08-28 18:26:52.065 32298 32466 I .apps.wellbeing: AssetManager2(0xb40000721b84a0d8) locale list changing from [] to [en-US]
08-28 18:26:52.066  2387  4189 W system_server: Large reply transaction of 392924 bytes, interface descriptor android.content.pm.IPackageManager, code 3
08-28 18:26:52.066 32298 32466 I .apps.wellbeing: AssetManager2(0xb40000721b84c018) locale list changing from [] to [en-US]
08-28 18:26:52.067 32298 32466 I .apps.wellbeing: AssetManager2(0xb40000721b848af8) locale list changing from [] to [en-US]
08-28 18:26:52.068 32298 32466 I .apps.wellbeing: AssetManager2(0xb40000721b846bb8) locale list changing from [] to [en-US]
08-28 18:26:52.070 32298 32466 I .apps.wellbeing: AssetManager2(0xb40000721b84aa38) locale list changing from [] to [en-US]
08-28 18:26:52.072  1491 25131 D ultrasound_extn: ultrasound_extn_stop: stopping
08-28 18:26:52.072  1491 25131 D ultrasound_extn: ultrasound_stop: enter:
08-28 18:26:52.072  1491 25131 D ultrasound_extn: ultrasound_stop_tx: enter:
08-28 18:26:52.074 32298 32466 I .apps.wellbeing: AssetManager2(0xb40000721b846ed8) locale list changing from [] to [en-US]
08-28 18:26:52.076 32298 32466 I .apps.wellbeing: AssetManager2(0xb40000721b848198) locale list changing from [] to [en-US]
08-28 18:26:52.077 32298 32466 I .apps.wellbeing: AssetManager2(0xb40000721b859df8) locale list changing from [] to [en-US]
08-28 18:26:52.078  2387  4189 W system_server: Large reply transaction of 386992 bytes, interface descriptor android.content.pm.IPackageManager, code 3
08-28 18:26:52.078 32298 32466 I .apps.wellbeing: AssetManager2(0xb40000721b844f98) locale list changing from [] to [en-US]
08-28 18:26:52.080  1491 25131 D ultrasound_extn: ultrasound_stop_tx: pcm_close mic
08-28 18:26:52.080  1491 25131 D ultrasound_extn: ultrasound_stop_tx: usecase stopped/removed TX
08-28 18:26:52.080  1491 25131 D audio_hw_primary: disable_audio_route: reset and update mixer path: ultrasound-proximity-input ultrasund-tx
08-28 18:26:52.080  1491 25131 D audio_hw_primary: [force reset] del ultrasound-proximity-input ultrasund-tx 1
08-28 18:26:52.080  1491 25131 D soundtrigger: audio_extn_sound_trigger_update_stream_status: uc_info->id 72 of type 1 for Event 2, with Raise=0
08-28 18:26:52.080  1491 25131 D soundtrigger: audio_extn_sound_trigger_update_stream_status: uc_info->id 72 of type 1 for Event 2, with Raise=0
08-28 18:26:52.080  1491 25131 D hardware_info: hw_info_append_hw_type : device_name = ultrasound-input
08-28 18:26:52.080  1491 25131 D audio_hw_primary: disable_snd_device: device ref cnt is 1[300]
08-28 18:26:52.080  1491 25131 D audio_hw_primary: disable_snd_device: snd_device(300: ultrasound-input)[SND_DEVICE_IN_ULTRASOUND]
08-28 18:26:52.080 32298 32466 I .apps.wellbeing: AssetManager2(0xb40000721b84f858) locale list changing from [] to [en-US]
08-28 18:26:52.085 32298 32466 I .apps.wellbeing: AssetManager2(0xb40000721b853098) locale list changing from [] to [en-US]
08-28 18:26:52.086 32298 32466 I .apps.wellbeing: AssetManager2(0xb40000721b854998) locale list changing from [] to [en-US]
08-28 18:26:52.088 32298 32466 I .apps.wellbeing: AssetManager2(0xb40000721b82b638) locale list changing from [] to [en-US]
08-28 18:26:52.089 32298 32466 I .apps.wellbeing: AssetManager2(0xb40000721b856298) locale list changing from [] to [en-US]
08-28 18:26:52.091 32298 32466 I .apps.wellbeing: AssetManager2(0xb40000721b855938) locale list changing from [] to [en-US]
08-28 18:26:52.093 32298 32466 I .apps.wellbeing: AssetManager2(0xb40000721b826818) locale list changing from [] to [en-US]
08-28 18:26:52.095  1491 25131 I soundtrigger: audio_extn_sound_trigger_update_device_status: device 0x12c of type 1 for Event 0, with Raise=0
08-28 18:26:52.095  1491 25131 D ultrasound_extn: ultrasound_stop_tx: exit, err:0
08-28 18:26:52.095  1491 25131 D ultrasound_extn: ultrasound_disable_pseudo_port
08-28 18:26:52.095  1491 25131 D ultrasound_extn: ultrasound_set_pseudo_port_state: on is 0 adev->mode is 0
08-28 18:26:52.095  1491 25131 D ultrasound_extn: ultrasound_set_pseudo_port_state: enter, switch = Off
08-28 18:26:52.095  1491 25131 D ultrasound_extn: ultrasound_apply_ramp_down_path: ultrasound ::ramp_down_path
08-28 18:26:52.095  1491 25131 D audio_route: Apply path: ultrasound-rampdown
08-28 18:26:52.096 32298 32466 I .apps.wellbeing: AssetManager2(0xb40000721b82a9b8) locale list changing from [] to [en-US]
08-28 18:26:52.101 32298 32466 I .apps.wellbeing: AssetManager2(0xb40000721b82cc18) locale list changing from [] to [en-US]
08-28 18:26:52.102 32298 32466 I .apps.wellbeing: AssetManager2(0xb40000721b82bf98) locale list changing from [] to [en-US]
08-28 18:26:52.103 32298 32466 I .apps.wellbeing: AssetManager2(0xb40000721b827ad8) locale list changing from [] to [en-US]
08-28 18:26:52.104 32298 32466 I .apps.wellbeing: AssetManager2(0xb40000721b825878) locale list changing from [] to [en-US]
08-28 18:26:52.105 32298 32466 I .apps.wellbeing: AssetManager2(0xb40000721b82acd8) locale list changing from [] to [en-US]
08-28 18:26:52.106 32298 32466 I .apps.wellbeing: AssetManager2(0xb40000721b82b318) locale list changing from [] to [en-US]
08-28 18:26:52.107 32298 32466 I .apps.wellbeing: AssetManager2(0xb40000721b827df8) locale list changing from [] to [en-US]
08-28 18:26:52.108 32298 32466 I .apps.wellbeing: AssetManager2(0xb40000721b8296f8) locale list changing from [] to [en-US]
08-28 18:26:52.109 32298 32466 I .apps.wellbeing: AssetManager2(0xb40000721b8277b8) locale list changing from [] to [en-US]
08-28 18:26:52.113 32298 32466 I .apps.wellbeing: AssetManager2(0xb40000721b82a378) locale list changing from [] to [en-US]
08-28 18:26:52.114 32298 32466 I .apps.wellbeing: AssetManager2(0xb40000721b825b98) locale list changing from [] to [en-US]
08-28 18:26:52.115  1491 25131 D ultrasound_extn: ultrasound_stop_rx: enter:
08-28 18:26:52.116  2387  3412 W ServiceManagerCppClient: Waited one second for stats (is service started? Number of threads started in the threadpool: 32. Are binder threads started and available?)
08-28 18:26:52.116  1599  1692 W ServiceManagerCppClient: Waited one second for stats (is service started? Number of threads started in the threadpool: 6. Are binder threads started and available?)
08-28 18:26:52.117   682  6509 W libc    : Unable to set property "ctl.interface_start" to "aidl/stats": PROP_ERROR_HANDLE_CONTROL_MESSAGE (0x20)
08-28 18:26:52.117   682  6510 W libc    : Unable to set property "ctl.interface_start" to "aidl/stats": PROP_ERROR_HANDLE_CONTROL_MESSAGE (0x20)
08-28 18:26:52.118 32298 32466 I .apps.wellbeing: AssetManager2(0xb40000721b8290b8) locale list changing from [] to [en-US]
08-28 18:26:52.120  1491 25131 D ultrasound_extn: ultrasound_stop_rx: pcm_close spk
08-28 18:26:52.120  1491 25131 D ultrasound_extn: ultrasound_stop_rx: usecase stopped/removed RX
08-28 18:26:52.120  1491 25131 D audio_hw_primary: disable_audio_route: reset and update mixer path: ultrasound-proximity-output ultrasund-rx
08-28 18:26:52.120  1491 25131 E audio_route: unable to find path 'ultrasound-proximity-output ultrasund-rx'
08-28 18:26:52.120  1491 25131 D audio_hw_primary: [force reset] del ultrasound-proximity-output ultrasund-rx 1
08-28 18:26:52.120  1491 25131 D soundtrigger: audio_extn_sound_trigger_update_stream_status: uc_info->id 71 of type 0 for Event 2, with Raise=0
08-28 18:26:52.120  1491 25131 D soundtrigger: audio_extn_sound_trigger_update_stream_status: uc_info->id 71 of type 0 for Event 2, with Raise=0
08-28 18:26:52.120  1491 25131 D hardware_info: hw_info_append_hw_type : device_name = ultrasound-output
08-28 18:26:52.120  1491 25131 D audio_hw_primary: disable_snd_device: device ref cnt is 1[132]
08-28 18:26:52.120  1491 25131 D audio_hw_primary: disable_snd_device: snd_device(132: ultrasound-output)[SND_DEVICE_OUT_ULTRASOUND]
08-28 18:26:52.120 32298 32466 I .apps.wellbeing: AssetManager2(0xb40000721b825558) locale list changing from [] to [en-US]
08-28 18:26:52.122 32298 32466 I .apps.wellbeing: AssetManager2(0xb40000721b82b958) locale list changing from [] to [en-US]
08-28 18:26:52.123 32298 32466 I .apps.wellbeing: AssetManager2(0xb40000721b80fa78) locale list changing from [] to [en-US]
08-28 18:26:52.124 32298 32466 I .apps.wellbeing: AssetManager2(0xb40000721b810a18) locale list changing from [] to [en-US]
08-28 18:26:52.125 32298 32466 I .apps.wellbeing: AssetManager2(0xb40000721b814898) locale list changing from [] to [en-US]
08-28 18:26:52.126 32298 32466 I .apps.wellbeing: AssetManager2(0xb40000721b811ff8) locale list changing from [] to [en-US]
08-28 18:26:52.126 32298 32466 I .apps.wellbeing: AssetManager2(0xb40000721b812c78) locale list changing from [] to [en-US]
08-28 18:26:52.127 32298 32466 I .apps.wellbeing: AssetManager2(0xb40000721b80f118) locale list changing from [] to [en-US]
08-28 18:26:52.128  1491 25131 D audio_route: audio_route_update_path: skip to reset mixer control 'RCV PCM Source' in path 'ultrasound-output' because it is still needed by other paths
08-28 18:26:52.129  1491 25131 I soundtrigger: audio_extn_sound_trigger_update_device_status: device 0x84 of type 0 for Event 0, with Raise=0
08-28 18:26:52.129  1491 25131 D ultrasound_extn: ultrasound_stop_rx: exit, err:0
08-28 18:26:52.129  1491 25131 D ultrasound_extn: ultrasound_stop: exit, err:0
08-28 18:26:52.129  1491 25131 D ultrasound_extn: ultrasound_extn_stop: exit
08-28 18:26:52.129  1491 25131 D ultrasound_extn: ultrasound_extn_set_parameters: adev->ultrasound.sensor_activated:0
08-28 18:26:52.129  1491 25131 D audio_hw_primary: adev_set_parameters: exit with code(0)
08-28 18:26:52.129  1502  1560 D elliptic_notify_audio_hal_hidl: successfully set value: ultrasound-proximity=0
08-28 18:26:52.129  1502  1560 W Elliptic: ioNotify.h(65) : W : AudioNotify: disable >> ultrasound-proximity=0
08-28 18:26:52.137  2387  6628 W system_server: Large reply transaction of 401104 bytes, interface descriptor android.content.pm.IPackageManager, code 3
08-28 18:26:52.142 32298 32466 I .apps.wellbeing: AssetManager2(0xb40000721b811698) locale list changing from [] to [en-US]
08-28 18:26:52.147 32298 32466 I .apps.wellbeing: AssetManager2(0xb40000721b8135d8) locale list changing from [] to [en-US]
08-28 18:26:52.148 32298 32466 I .apps.wellbeing: AssetManager2(0xb40000721b8132b8) locale list changing from [] to [en-US]
08-28 18:26:52.149 32298 32466 I .apps.wellbeing: AssetManager2(0xb40000721b808098) locale list changing from [] to [en-US]
08-28 18:26:52.150 32298 32466 I .apps.wellbeing: AssetManager2(0xb40000721b80b5b8) locale list changing from [] to [en-US]
08-28 18:26:52.152 32298 32466 I .apps.wellbeing: AssetManager2(0xb40000721b808d18) locale list changing from [] to [en-US]
08-28 18:26:52.153 32298 32466 I .apps.wellbeing: AssetManager2(0xb40000721b807418) locale list changing from [] to [en-US]
08-28 18:26:52.155 32298 32466 I .apps.wellbeing: AssetManager2(0xb40000721b807d78) locale list changing from [] to [en-US]
08-28 18:26:52.156 32298 32466 I .apps.wellbeing: AssetManager2(0xb40000721b80bf18) locale list changing from [] to [en-US]
08-28 18:26:52.157 32298 32466 I .apps.wellbeing: AssetManager2(0xb40000721b8083b8) locale list changing from [] to [en-US]
08-28 18:26:52.159 32298 32466 I .apps.wellbeing: AssetManager2(0xb40000721b812f98) locale list changing from [] to [en-US]
08-28 18:26:52.163 32298 32466 I .apps.wellbeing: AssetManager2(0xb40000721b80a2f8) locale list changing from [] to [en-US]
08-28 18:26:52.164  2387  6628 W ActivityManager: Removing FLAG_RECEIVER_FROM_SHELL because caller is UID 1000
08-28 18:26:52.165 32298 32466 I .apps.wellbeing: AssetManager2(0xb40000721b807738) locale list changing from [] to [en-US]
08-28 18:26:52.166  2387  6628 W ActivityManager: Removing FLAG_RECEIVER_FROM_SHELL because caller is UID 1000
08-28 18:26:52.166 32298 32466 I .apps.wellbeing: AssetManager2(0xb40000721b80d4f8) locale list changing from [] to [en-US]
08-28 18:26:52.168 32298 32466 I .apps.wellbeing: AssetManager2(0xb40000721b80cb98) locale list changing from [] to [en-US]
08-28 18:26:52.170 32298 32466 I .apps.wellbeing: AssetManager2(0xb40000721b807a58) locale list changing from [] to [en-US]
08-28 18:26:52.171 32298 32466 I .apps.wellbeing: AssetManager2(0xb40000721b806158) locale list changing from [] to [en-US]
08-28 18:26:52.172 32298 32466 I .apps.wellbeing: AssetManager2(0xb40000721b809038) locale list changing from [] to [en-US]
08-28 18:26:52.173 32298 32466 I .apps.wellbeing: AssetManager2(0xb40000721b80c878) locale list changing from [] to [en-US]
08-28 18:26:52.177 32298 32466 I .apps.wellbeing: AssetManager2(0xb40000721b8086d8) locale list changing from [] to [en-US]
08-28 18:26:52.180 32298 32466 I .apps.wellbeing: AssetManager2(0xb40000721b806ab8) locale list changing from [] to [en-US]
08-28 18:26:52.181 32298 32466 I .apps.wellbeing: AssetManager2(0xb40000721b809cb8) locale list changing from [] to [en-US]
08-28 18:26:52.182 32298 32466 I .apps.wellbeing: AssetManager2(0xb40000721b80b298) locale list changing from [] to [en-US]
08-28 18:26:52.183 32298 32466 I .apps.wellbeing: AssetManager2(0xb40000721b80d818) locale list changing from [] to [en-US]
08-28 18:26:52.186 32298 32466 I .apps.wellbeing: AssetManager2(0xb40000721b809358) locale list changing from [] to [en-US]
08-28 18:26:52.187 32298 32466 I .apps.wellbeing: AssetManager2(0xb40000721b80c238) locale list changing from [] to [en-US]
08-28 18:26:52.191 32298 32466 I .apps.wellbeing: AssetManager2(0xb40000721b80a938) locale list changing from [] to [en-US]
08-28 18:26:52.193 32298 32466 I .apps.wellbeing: AssetManager2(0xb40000721b8089f8) locale list changing from [] to [en-US]
08-28 18:26:52.194 32298 32466 I .apps.wellbeing: AssetManager2(0xb40000721b8070f8) locale list changing from [] to [en-US]
08-28 18:26:52.198 32298 32466 I .apps.wellbeing: AssetManager2(0xb40000721b80b8d8) locale list changing from [] to [en-US]
08-28 18:26:52.202 32298 32466 I .apps.wellbeing: AssetManager2(0xb40000721b801978) locale list changing from [] to [en-US]
08-28 18:26:52.204 32298 32466 I .apps.wellbeing: AssetManager2(0xb40000721b80bbf8) locale list changing from [] to [en-US]
08-28 18:26:52.209  2387  2934 I UsbPortManager: USB HAL AIDL version: USB_HAL_V2_0
08-28 18:26:52.282  2117 14751 W ServiceManagerCppClient: Waited one second for stats (is service started? Number of threads started in the threadpool: 17. Are binder threads started and available?)
08-28 18:26:52.283   682  6514 W libc    : Unable to set property "ctl.interface_start" to "aidl/stats": PROP_ERROR_HANDLE_CONTROL_MESSAGE (0x20)
08-28 18:26:52.378  3291  3876 D RingtonePlayer: playAsync(uri=content://settings/system/notification_sound, user=UserHandle{0})
08-28 18:26:52.378  2387  2387 D FlashNotifController: requestStartFlashNotification
08-28 18:26:52.378  2387  2387 I FlashNotifController: startFlashNotification: type=1, tag=android
08-28 18:26:52.378  2387  2387 D FlashNotifController: Flash notification is disabled
08-28 18:26:52.379  3291  3876 D RingtonePlayer: play uri=content://settings/system/notification_sound
08-28 18:26:52.381  3291  6516 D RingtonePlayer: RemoveFirst
08-28 18:26:52.381  3291  6516 D RingtonePlayer: PLAY
08-28 18:26:52.381  3291  6516 D RingtonePlayer: startSound()
08-28 18:26:52.381  3291  6517 D RingtonePlayer: in run: new looper Looper (Thread-15, tid 173) {1cde34d}
08-28 18:26:52.382  2387  3238 D BackgroundInstallControlService: Package event received: 0
08-28 18:26:52.388  3502  3502 I NotificationListener: received notification removed event - android#UserHandle{0},category=-1
08-28 18:26:52.390  3291  6517 W MediaPlayer: Error setting data source via ContentResolver
08-28 18:26:52.390  3291  6517 W MediaPlayer: java.io.FileNotFoundException: open failed: ENOENT (No such file or directory)
08-28 18:26:52.390  3291  6517 W MediaPlayer: 	at android.database.DatabaseUtils.readExceptionWithFileNotFoundExceptionFromParcel(DatabaseUtils.java:162)
08-28 18:26:52.390  3291  6517 W MediaPlayer: 	at android.content.ContentProviderProxy.openTypedAssetFile(ContentProviderNative.java:814)
08-28 18:26:52.390  3291  6517 W MediaPlayer: 	at android.content.ContentResolver.openTypedAssetFileDescriptor(ContentResolver.java:2045)
08-28 18:26:52.390  3291  6517 W MediaPlayer: 	at android.content.ContentResolver.openAssetFileDescriptor(ContentResolver.java:1860)
08-28 18:26:52.390  3291  6517 W MediaPlayer: 	at android.content.ContentResolver.openAssetFileDescriptor(ContentResolver.java:1775)
08-28 18:26:52.390  3291  6517 W MediaPlayer: 	at android.media.MediaPlayer.attemptDataSource(MediaPlayer.java:1156)
08-28 18:26:52.390  3291  6517 W MediaPlayer: 	at android.media.MediaPlayer.setDataSource(MediaPlayer.java:1113)
08-28 18:26:52.390  3291  6517 W MediaPlayer: 	at android.media.MediaPlayer.setDataSource(MediaPlayer.java:1050)
08-28 18:26:52.390  3291  6517 W MediaPlayer: 	at com.android.systemui.media.NotificationPlayer$CreationAndCompletionThread.run(go/retraceme df0f22695a77fcf4e53329f7e0db9557dd30d637b7bcd47f272f7060c1ec50db:107)
08-28 18:26:52.395  5589  6817 I AiAiEcho: SmartspaceNotificationPredictor no parser can handle this notification or notification is invalid
08-28 18:26:52.399  2387  2387 W binder:2387_1: type=1400 audit(0.0:34374): avc:  denied  { read } for  name="661f16" dev="dm-41" ino=146483 scontext=u:r:system_server:s0 tcontext=u:object_r:system_data_root_file:s0 tclass=file permissive=0
08-28 18:26:52.399  2387  2387 W binder:2387_1: type=1400 audit(0.0:34375): avc:  denied  { read } for  name="661f16" dev="dm-41" ino=146483 scontext=u:r:system_server:s0 tcontext=u:object_r:system_data_root_file:s0 tclass=file permissive=0
08-28 18:26:52.399  2387  2387 W binder:2387_1: type=1400 audit(0.0:34376): avc:  denied  { read } for  name="661f16" dev="dm-41" ino=146483 scontext=u:r:system_server:s0 tcontext=u:object_r:system_data_root_file:s0 tclass=file permissive=0
08-28 18:26:52.414  5552  6138 D MediaProvider: Open with FUSE. FilePath: /storage/emulated/0/Android/media/com.google.android.soundpicker/Notifications/sound_picker_track_333.ogg. Uid: 10555. Media Capabilities Uid: 0. ShouldRedact: false. ShouldTranscode: false
08-28 18:26:52.421  2119  2232 D NuPlayerDriver: NuPlayerDriver(0xeff81910) created, clientPid(3291)
08-28 18:26:52.422   683   683 I hwservicemanager: getTransport: Cannot find entry android.hardware.media.omx@1.0::IOmx/default in either framework or device VINTF manifest.
08-28 18:26:52.423  2119  2232 D MediaPlayerService: OMX service is not available
08-28 18:26:52.430  2119  6522 D GenericSource: FileSource remote
08-28 18:26:52.443  3291  6517 D RingtonePlayer: requesting AudioFocus
08-28 18:26:52.445  2387  2871 I MediaFocusControl: requestAudioFocus() from uid/pid 10555/3291 AA=USAGE_NOTIFICATION/CONTENT_TYPE_SONIFICATION clientId=android.media.AudioManager@efc7a6a callingPack=com.android.systemui req=3 flags=0x0 sdk=36
08-28 18:26:52.446  2387  2871 I AS.FadeOutManager: unfadeOutUid() uid:10555
08-28 18:26:52.447  3291  6517 D RingtonePlayer: notification will be delayed by 500ms
08-28 18:26:52.461  3291  3291 W TouchableRegionManager: onHeadsUpPinnedModeChanged
08-28 18:26:52.479  3998  9540 I NearbyDiscovery: (REDACTED) FastPairHandler: Received action %s
08-28 18:26:52.479  3998  9540 I NearbyDiscovery: FastPairController: onSystemStateChanged: skip due to flag disabled [CONTEXT service_id=265 ]
08-28 18:26:52.480  3998  6468 I NearbySharing: Screen is unlocked
08-28 18:26:52.480  3998  6468 I NearbySharing: Uwb feature is off.
08-28 18:26:52.481  3998  6468 I NearbySharing: Uwb feature is off.
08-28 18:26:52.481  3998  6468 I NearbySharing: Stopping scanning because Nearby Sharing is disabled.
08-28 18:26:52.481  3998  6468 I NearbySharing: Stopping Fast Init advertisement because we're not scanning in the foreground.
08-28 18:26:52.482  3998  6468 I NearbySharing: Stopping advertising because Nearby Sharing is disabled.
08-28 18:26:52.488  3998  6468 I NearbySharing: Stopping FastInitiation scanning because visibility is hidden.
08-28 18:26:52.488  3998  6468 I NearbySharing: Fast Initiation Scanning has stopped
08-28 18:26:52.488  3998  6468 I NearbySharing: Dismissing HUN as there's no device nearby.
08-28 18:26:52.496 32557 32557 W RtiGracefulSystemMethodHelper: [AI] Failed to start service due to IllegalStateException on Android O
08-28 18:26:52.496 32557 32557 W RtiGracefulSystemMethodHelper: android.app.BackgroundServiceStartNotAllowedException: Not allowed to start service Intent { act=Orca.START xflg=0x4 cmp=com.instagram.android/com.facebook.rti.push.service.FbnsService (has extras) }: app is in background uid UidRecord{927f4ca u0a628 CEM  bg:+24m16s337ms idle change:procadj procs:0 seq(39603,39382)} caps=--------
08-28 18:26:52.496 32557 32557 W RtiGracefulSystemMethodHelper: 	at android.app.ContextImpl.startServiceCommon(ContextImpl.java:2049)
08-28 18:26:52.496 32557 32557 W RtiGracefulSystemMethodHelper: 	at android.app.ContextImpl.startService(ContextImpl.java:2004)
08-28 18:26:52.496 32557 32557 W RtiGracefulSystemMethodHelper: 	at android.content.ContextWrapper.startService(ContextWrapper.java:855)
08-28 18:26:52.496 32557 32557 W RtiGracefulSystemMethodHelper: 	at X.5Ay.A01(Unknown Source:25)
08-28 18:26:52.496 32557 32557 W RtiGracefulSystemMethodHelper: 	at X.5Ah.A01(:91)
08-28 18:26:52.496 32557 32557 W RtiGracefulSystemMethodHelper: 	at X.8xw.A02(:29)
08-28 18:26:52.496 32557 32557 W RtiGracefulSystemMethodHelper: 	at X.8jX.D8m(:360)
08-28 18:26:52.496 32557 32557 W RtiGracefulSystemMethodHelper: 	at com.instagram.push.FbnsInitBroadcastReceiver.onReceive(:306)
08-28 18:26:52.496 32557 32557 W RtiGracefulSystemMethodHelper: 	at android.app.LoadedApk$ReceiverDispatcher$Args.lambda$getRunnable$0(LoadedApk.java:1839)
08-28 18:26:52.496 32557 32557 W RtiGracefulSystemMethodHelper: 	at android.app.LoadedApk$ReceiverDispatcher$Args.$r8$lambda$mcNAAl1SQ4MyJPyDg8TJ2x2h0Rk(Unknown Source:0)
08-28 18:26:52.496 32557 32557 W RtiGracefulSystemMethodHelper: 	at android.app.LoadedApk$ReceiverDispatcher$Args$$ExternalSyntheticLambda0.run(D8$$SyntheticClass:0)
08-28 18:26:52.496 32557 32557 W RtiGracefulSystemMethodHelper: 	at android.os.Handler.handleCallback(Handler.java:995)
08-28 18:26:52.496 32557 32557 W RtiGracefulSystemMethodHelper: 	at android.os.Handler.dispatchMessage(Handler.java:103)
08-28 18:26:52.496 32557 32557 W RtiGracefulSystemMethodHelper: 	at android.os.Looper.loopOnce(Looper.java:248)
08-28 18:26:52.496 32557 32557 W RtiGracefulSystemMethodHelper: 	at android.os.Looper.loop(Looper.java:338)
08-28 18:26:52.496 32557 32557 W RtiGracefulSystemMethodHelper: 	at android.app.ActivityThread.main(ActivityThread.java:9063)
08-28 18:26:52.496 32557 32557 W RtiGracefulSystemMethodHelper: 	at java.lang.reflect.Method.invoke(Native Method)
08-28 18:26:52.496 32557 32557 W RtiGracefulSystemMethodHelper: 	at com.android.internal.os.RuntimeInit$MethodAndArgsCaller.run(RuntimeInit.java:596)
08-28 18:26:52.496 32557 32557 W RtiGracefulSystemMethodHelper: 	at com.android.internal.os.ZygoteInit.main(ZygoteInit.java:932)
08-28 18:26:52.500  3291  3291 D DeviceEntryIconViewBinder: Initializing device entry fgIconView
08-28 18:26:52.507  2387  2871 D SystemServerTiming: getUserSwitchability-0
08-28 18:26:52.507  2387  3957 D SystemServerTiming: getUserSwitchability-0
08-28 18:26:52.507  2387  2871 D SystemServerTiming: TM.isInCall
08-28 18:26:52.507  2387  3957 D SystemServerTiming: TM.isInCall
08-28 18:26:52.508  2387  2871 D SystemServerTiming: hasUserRestriction-DISALLOW_USER_SWITCH
08-28 18:26:52.508  2387  2871 D SystemServerTiming: getInt-ALLOW_USER_SWITCHING_WHEN_SYSTEM_USER_LOCKED
08-28 18:26:52.508  3998  6451 I NearbyMediums: ModuleInitializer handles incoming intent android.intent.action.USER_PRESENT
08-28 18:26:52.508  2387  2871 D SystemServerTiming: isUserUnlocked-USER_SYSTEM
08-28 18:26:52.508  3291  3291 D BiometricsRepositoryImpl: currentUser authFlags changed, new value: AuthenticationFlags(userId=0, flag=0)
08-28 18:26:52.509  3291  3291 D BiometricsRepositoryImpl: currentUser authFlags changed, new value: AuthenticationFlags(userId=0, flag=0)
08-28 18:26:52.510  2387  3957 D SystemServerTiming: hasUserRestriction-DISALLOW_USER_SWITCH
08-28 18:26:52.510  2387  3957 D SystemServerTiming: getInt-ALLOW_USER_SWITCHING_WHEN_SYSTEM_USER_LOCKED
08-28 18:26:52.510  2387  3957 D SystemServerTiming: isUserUnlocked-USER_SYSTEM
08-28 18:26:52.511  3998  6468 I Nearby  : (REDACTED) Beginning attempt #%d out of %d for %s...
08-28 18:26:52.514  2387  4189 D BiometricService: canAuthenticate: User=0, Caller=0, Authenticators=255
08-28 18:26:52.515  2387  4189 D BiometricService/PreAuthInfo: Package: com.google.android.gms Sensor ID: 1008 Modality: 8 User id: 0 Status: 7
08-28 18:26:52.515  2387  4189 D BiometricService/PreAuthInfo: Package: com.google.android.gms Sensor ID: 0 Modality: 2 User id: 0 Status: 1
08-28 18:26:52.516  2387  4189 D BiometricService/PreAuthInfo: getCanAuthenticateInternal Modality: 2 AuthenticatorStatus: 1
08-28 18:26:52.516  2387  4189 D AuthService: canAuthenticate, userId: 0, callingUserId: 0, authenticators: 255, result: 0
08-28 18:26:52.517  3998  3998 D BoundBrokerSvc: onBind: Intent { act=com.google.android.gms.auth.cryptauth.cryptauthservice.START dat=chimera-action:/... xflg=0x4 cmp=com.google.android.gms/.chimera.GmsBoundBrokerService }
08-28 18:26:52.517  3998  3998 D BoundBrokerSvc: Loading bound service for intent: Intent { act=com.google.android.gms.auth.cryptauth.cryptauthservice.START dat=chimera-action:/... xflg=0x4 cmp=com.google.android.gms/.chimera.GmsBoundBrokerService }
08-28 18:26:52.520  3291  3291 D BiometricsRepositoryImpl: currentUser authFlags changed, new value: AuthenticationFlags(userId=0, flag=0)
08-28 18:26:52.520  3291  3291 D BiometricsRepositoryImpl: currentUser authFlags changed, new value: AuthenticationFlags(userId=0, flag=0)
08-28 18:26:52.521  3291  3291 D BiometricsRepositoryImpl: currentUser authFlags changed, new value: AuthenticationFlags(userId=0, flag=0)
08-28 18:26:52.521  3291  3291 D BiometricsRepositoryImpl: currentUser authFlags changed, new value: AuthenticationFlags(userId=0, flag=0)
08-28 18:26:52.524  3998  6448 I Fido    : [FidoV2EnrollmentController] Execute registerFor API [CONTEXT service_id=287 ]
08-28 18:26:52.524  3998  6446 I PersonalSafety: ConnectivityProtectionLockingIntentOperation: cancelled task [CONTEXT service_id=310 ]
08-28 18:26:52.525  3998  3998 D BoundBrokerSvc: onBind: Intent { act=com.google.android.gms.pay.service.BIND dat=chimera-action:/... xflg=0x4 cmp=com.google.android.gms/.chimera.GmsApiService }
08-28 18:26:52.525  3998  3998 D BoundBrokerSvc: Loading bound service for intent: Intent { act=com.google.android.gms.pay.service.BIND dat=chimera-action:/... xflg=0x4 cmp=com.google.android.gms/.chimera.GmsApiService }
08-28 18:26:52.532  3998  6468 I NearbyMediums: BluetoothAdapter's name was not set by Nearby Connections, ignoring call to restore default scan mode.
08-28 18:26:52.533  3998  6468 I NearbyMediums: BluetoothAdapter's name was not set by Nearby Connections, ignoring call to restore device name
08-28 18:26:52.539  3998  3998 D BoundBrokerSvc: onRebind: Intent { act=com.google.android.gms.auth.aang.events.services.START dat=chimera-action:/... xflg=0x4 cmp=com.google.android.gms/.chimera.PersistentApiService }
08-28 18:26:52.540  3998  3998 I RCNIntentOperation: RCN is disabled on this network.
08-28 18:26:52.541  3998  6468 I CryptauthV2: [HaveKeyWithKeyNameOperation] Have key with key name operation is called.
08-28 18:26:52.550  3998  6448 I Fido    : [FidoV2EnrollmentController] Execute registerFor API [CONTEXT service_id=287 ]
08-28 18:26:52.552  3998  6468 I CryptauthV2: [HaveKeyWithKeyNameOperation] Have key with key name operation is called.
08-28 18:26:52.593 16713 16713 E SlowAppComponent: 0ms: FbnsService instantiating
08-28 18:26:52.593 16713 16713 E SlowAppComponent: Main thread was blocked for 94ms in the background starting with FbnsService
08-28 18:26:52.608  3291  3291 D DeviceEntryIconViewBinder: Updating device entry icon image state ForegroundIconViewModel(type=UNLOCK, useAodVariant=false, tint=-1907998, padding=71)
08-28 18:26:52.765  2387  4189 D CoreBackPreview: startBackNavigation currentTask=Task{8dd60ac #102 type=standard A=10631:ru.andr7e.deviceinfohw}, topRunningActivity=ActivityRecord{156113244 u0 ru.andr7e.deviceinfohw/.DeviceInfoActivity t102}, callbackInfo=OnBackInvokedCallbackInfo{mCallback=android.window.IOnBackInvokedCallback$Stub$Proxy@6ad01f7, mPriority=0, mIsAnimationCallback=false, mOverrideBehavior=0}, currentFocus=Window{61118bc u0 ru.andr7e.deviceinfohw/ru.andr7e.deviceinfohw.DeviceInfoActivity}
08-28 18:26:52.766  3291  3340 D ShellBackPreview: Received backNavigationInfo:BackNavigationInfo{mType=TYPE_CALLBACK (4), mOnBackNavigationDone=android.os.RemoteCallback@ddb293f, mOnBackInvokedCallback=android.window.IOnBackInvokedCallback$Stub$Proxy@29bf20c, mPrepareRemoteAnimation=false, mAnimationCallback=false, mCustomizeAnimationInfo=null}
08-28 18:26:52.767  2387  3957 I InputDispatcher: Channel [Gesture Monitor] edge-swipe is stealing input gesture for device 5 from [61118bc ru.andr7e.deviceinfohw/ru.andr7e.deviceinfohw.DeviceInfoActivity, [Gesture Monitor] swipe-up, [Gesture Monitor] onehanded-touch]
08-28 18:26:52.909  3291  3340 D ShellBackPreview: Finishing gesture with event action: 1
08-28 18:26:52.910  3291  3340 D ShellBackPreview: onGestureFinished() mTriggerBack == true
08-28 18:26:52.910  3291  3340 D ShellBackPreview: Trigger back without dispatching to animator.
08-28 18:26:52.910  3291  3340 D ShellBackPreview: BackAnimationController: finishBackNavigation()
08-28 18:26:52.910  2387  6635 D CoreBackPreview: onBackNavigationDone backType=4, triggerBack=true
08-28 18:26:52.913  5563  5563 I StylusModule: StylusModule.onUpdateToolType():805 Update tool type = 0
08-28 18:26:52.921  3291  3340 V WindowManagerShell: Transition requested (#175): android.os.BinderProxy@672a3d1 TransitionRequestInfo { type = CLOSE, triggerTask = null, pipChange = null, remoteTransition = null, displayChange = null, flags = 0, debugId = 175 }
08-28 18:26:52.926  2387  3238 D BackgroundInstallControlService: Package event received: 0
08-28 18:26:52.926  2387  3238 D BackgroundInstallControlService: Package event received: 0
08-28 18:26:52.927  2387  3238 D BackgroundInstallControlService: Package event received: 0
08-28 18:26:52.934  5524  5524 D VRI[DeviceInfoActivity]: visibilityChanged oldVisibility=false newVisibility=true
08-28 18:26:52.937  2387  3238 D BackgroundInstallControlService: Package event received: 0
08-28 18:26:52.950  3291  6517 D RingtonePlayer: player.start piid:463
08-28 18:26:52.950  2119  6519 I GenericSource: start
08-28 18:26:52.951  1491  1491 D DlbDlbEffect: handle_EFFECT_CMD_SET_PARAM()
08-28 18:26:52.952  1491  1491 D DlbDlbEffect: handle_EFFECT_CMD_SET_PARAM()
08-28 18:26:52.956  1570  1588 V DolbyManagerService: doOnDapParamUpdate() entry
08-28 18:26:52.957  1491  1491 D DlbDapEffectContext: onDapParamUpdate()
08-28 18:26:52.958  1491  1491 D DlbDapEffectContext: onDapParamUpdate()
08-28 18:26:52.960  1570  1588 V DolbyManagerService: doOnDapParamUpdate() exit
08-28 18:26:52.962  2119  6532 D CCodec  : allocate(c2.android.vorbis.decoder)
08-28 18:26:52.962  3291  3291 D MediaRouter: onRestoreRoute() : route=RouteInfo{ name=Phone, description=null, status=null, category=RouteCategory{ name=System types=ROUTE_TYPE_LIVE_AUDIO ROUTE_TYPE_LIVE_VIDEO  groupable=false }, supportedTypes=ROUTE_TYPE_LIVE_AUDIO ROUTE_TYPE_LIVE_VIDEO , presentationDisplay=null }
08-28 18:26:52.963  3291  3291 V MediaRouter: Selecting route: RouteInfo{ name=Phone, description=null, status=null, category=RouteCategory{ name=System types=ROUTE_TYPE_LIVE_AUDIO ROUTE_TYPE_LIVE_VIDEO  groupable=false }, supportedTypes=ROUTE_TYPE_LIVE_AUDIO ROUTE_TYPE_LIVE_VIDEO , presentationDisplay=null }
08-28 18:26:52.968  2119  6532 I CCodec  : setting up 'default' as default (vendor) store
08-28 18:26:52.970  3291  3742 V WindowManagerShell: onTransitionReady(transaction=10252086943905)
08-28 18:26:52.970  3291  3340 V WindowManagerShell: onTransitionReady (#175) android.os.BinderProxy@672a3d1: {id=175 t=CLOSE f=0x0 trk=0 r=[0@Point(0, 0)] c=[
08-28 18:26:52.970  3291  3340 V WindowManagerShell:         {m=CLOSE f=FILLS_TASK leash=Surface(name=ActivityRecord{156113244 u0 ru.andr7e.deviceinfohw/.DeviceInfoActivity)/@0x82cac0d sb=Rect(0, 0 - 1440, 3200) eb=Rect(0, 0 - 1440, 3200) epz=Point(1440, 3200) d=0 bc=ff303030 component=ru.andr7e.deviceinfohw/.DeviceInfoActivity opt={t=FROM_STYLE mUserId=0}},
08-28 18:26:52.970  3291  3340 V WindowManagerShell:         {m=TO_FRONT f=FILLS_TASK leash=Surface(name=ActivityRecord{257982910 u0 ru.andr7e.deviceinfohw/.DeviceInfoActivity)/@0x67f67c2 sb=Rect(0, 0 - 1440, 3200) eb=Rect(0, 0 - 1440, 3200) epz=Point(1440, 3200) d=0 bc=ff303030 component=ru.andr7e.deviceinfohw/.DeviceInfoActivity opt={t=FROM_STYLE mUserId=0}}
08-28 18:26:52.970  3291  3340 V WindowManagerShell:     ]}
08-28 18:26:52.970  3291  3340 V WindowManagerShell: Playing animation for (#175) android.os.BinderProxy@672a3d1@0
08-28 18:26:52.970  3291  3340 V ShellRecents: RecentsTransitionHandler.startAnimation: no controller found
08-28 18:26:52.970  3291  3340 V WindowManagerShell: Transition doesn't have explicit remote, search filters for match for {id=175 t=CLOSE f=0x0 trk=0 r=[0@Point(0, 0)] c=[{m=CLOSE f=FILLS_TASK leash=Surface(name=ActivityRecord{156113244 u0 ru.andr7e.deviceinfohw/.DeviceInfoActivity)/@0x82cac0d sb=Rect(0, 0 - 1440, 3200) eb=Rect(0, 0 - 1440, 3200) epz=Point(1440, 3200) d=0 bc=ff303030 component=ru.andr7e.deviceinfohw/.DeviceInfoActivity opt={t=FROM_STYLE mUserId=0}},{m=TO_FRONT f=FILLS_TASK leash=Surface(name=ActivityRecord{257982910 u0 ru.andr7e.deviceinfohw/.DeviceInfoActivity)/@0x67f67c2 sb=Rect(0, 0 - 1440, 3200) eb=Rect(0, 0 - 1440, 3200) epz=Point(1440, 3200) d=0 bc=ff303030 component=ru.andr7e.deviceinfohw/.DeviceInfoActivity opt={t=FROM_STYLE mUserId=0}}]}
08-28 18:26:52.970  2387  2934 V WindowManager: Sent Transition (#175) createdAt=08-28 18:26:52.921 via request=TransitionRequestInfo { type = CLOSE, triggerTask = null, pipChange = null, remoteTransition = null, displayChange = null, flags = 0, debugId = 175 }
08-28 18:26:52.970  2387  2934 V WindowManager:     startWCT=WindowContainerTransaction { changes= {} hops= [] errorCallbackToken=null taskFragmentOrganizer=null }
08-28 18:26:52.970  3291  3340 V WindowManagerShell:  Checking filter Pair{{types=[] flags=0x0] notFlags=0x0 checks=[{atype=undefined independent=true modes=[CLOSE,TO_BACK] flags=IN_TASK_WITH_EMBEDDED_ACTIVITY mustBeTask=false order=ANY topActivity=null launchCookie=null taskFragmentToken=android.os.BinderProxy@ee5c782 windowingMode=undefined}]} RemoteTransition { remoteTransition = android.window.IRemoteTransition$Stub$Proxy@b2bbe93, appThread = android.app.IApplicationThread$Stub$Proxy@e631ed0, debugName = overlayBackTransition }}
08-28 18:26:52.970  2387  2934 V WindowManager:     info={id=175 t=CLOSE f=0x0 trk=0 r=[0@Point(0, 0)] c=[
08-28 18:26:52.970  2387  2934 V WindowManager:         {m=CLOSE f=FILLS_TASK leash=Surface(name=ActivityRecord{156113244 u0 ru.andr7e.deviceinfohw/.DeviceInfoActivity)/@0x262ef82 sb=Rect(0, 0 - 1440, 3200) eb=Rect(0, 0 - 1440, 3200) epz=Point(1440, 3200) d=0 bc=ff303030 component=ru.andr7e.deviceinfohw/.DeviceInfoActivity opt={t=FROM_STYLE mUserId=0}},
08-28 18:26:52.970  2387  2934 V WindowManager:         {m=TO_FRONT f=FILLS_TASK leash=Surface(name=ActivityRecord{257982910 u0 ru.andr7e.deviceinfohw/.DeviceInfoActivity)/@0x4676617 sb=Rect(0, 0 - 1440, 3200) eb=Rect(0, 0 - 1440, 3200) epz=Point(1440, 3200) d=0 bc=ff303030 component=ru.andr7e.deviceinfohw/.DeviceInfoActivity opt={t=FROM_STYLE mUserId=0}}
08-28 18:26:52.970  2387  2934 V WindowManager:     ]}
08-28 18:26:52.970  3291  3340 V WindowManagerShell:  Checking filter Pair{{types=[] flags=0x0] notFlags=0x0 checks=[{atype=dream independent=true modes=[OPEN,TO_FRONT] flags=NONE mustBeTask=false order=ANY topActivity=null launchCookie=null windowingMode=undefined},{atype=home independent=true modes=[CLOSE,TO_BACK] flags=NONE mustBeTask=false order=ANY topActivity=null launchCookie=null windowingMode=undefined}]} RemoteTransition { remoteTransition = android.window.IRemoteTransition$Stub$Proxy@877aec9, appThread = android.app.IApplicationThread$Stub$Proxy@aacd9ce, debugName = LauncherToDream }}
08-28 18:26:52.970  3291  3340 V WindowManagerShell:  Checking filter Pair{{types=[] flags=0x0] notFlags=0x100 checks=[{atype=home independent=true modes=[OPEN,TO_FRONT] flags=NONE mustBeTask=false order=TOP topActivity=ComponentInfo{com.google.android.apps.nexuslauncher/com.google.android.apps.nexuslauncher.NexusLauncherActivity} launchCookie=null windowingMode=undefined},{atype=standard independent=true modes=[CLOSE,TO_BACK] flags=NONE mustBeTask=false order=ANY topActivity=null launchCookie=null windowingMode=undefined},{NOT atype=undefined independent=true modes=[] flags=NONE mustBeTask=true order=ANY topActivity=null launchCookie=null customAnim=true windowingMode=undefined}]} RemoteTransition { remoteTransition = android.window.IRemoteTransition$Stub$Proxy@949b0ef, appThread = android.app.IApplicationThread$Stub$Proxy@2357fc, debugName = QuickstepLaunchHome }}
08-28 18:26:52.970  3291  3340 V WindowManagerShell:  Delegate animation for (#175) to null
08-28 18:26:52.970  3291  3340 V WindowManagerShell: start default transition animation, info = {id=175 t=CLOSE f=0x0 trk=0 r=[0@Point(0, 0)] c=[{m=CLOSE f=FILLS_TASK leash=Surface(name=ActivityRecord{156113244 u0 ru.andr7e.deviceinfohw/.DeviceInfoActivity)/@0x82cac0d sb=Rect(0, 0 - 1440, 3200) eb=Rect(0, 0 - 1440, 3200) epz=Point(1440, 3200) d=0 bc=ff303030 component=ru.andr7e.deviceinfohw/.DeviceInfoActivity opt={t=FROM_STYLE mUserId=0}},{m=TO_FRONT f=FILLS_TASK leash=Surface(name=ActivityRecord{257982910 u0 ru.andr7e.deviceinfohw/.DeviceInfoActivity)/@0x67f67c2 sb=Rect(0, 0 - 1440, 3200) eb=Rect(0, 0 - 1440, 3200) epz=Point(1440, 3200) d=0 bc=ff303030 component=ru.andr7e.deviceinfohw/.DeviceInfoActivity opt={t=FROM_STYLE mUserId=0}}]}
08-28 18:26:52.972  3291  3340 V WindowManagerShell: loadAnimation: anim=android.view.animation.AnimationSet@636e02f animAttr=0x6 type=CLOSE isEntrance=true
08-28 18:26:52.972  3291  3340 V WindowManagerShell: loadAnimation: anim=android.view.animation.AnimationSet@ef84fc5 animAttr=0x7 type=CLOSE isEntrance=false
08-28 18:26:52.973  3291  3340 V WindowManagerShell:  animated by com.android.wm.shell.transition.DefaultTransitionHandler@d5248c5
08-28 18:26:52.975  2156  3332 D BufferPoolAccessor2.0: bufferpool2 0xb40000788ae27d78 : 0(0 size) total buffers - 0(0 size) used buffers - 0/0 (recycle/alloc) - 0/0 (fetch/transfer)
08-28 18:26:52.975  2156  3332 D BufferPoolAccessor2.0: bufferpool2 0xb40000788ae29248 : 0(0 size) total buffers - 0(0 size) used buffers - 11/15 (recycle/alloc) - 4/14 (fetch/transfer)
08-28 18:26:52.976  2119 19438 D BufferPoolAccessor2.0: bufferpool2 0xeb6c2428 : 0(0 size) total buffers - 0(0 size) used buffers - 89/97 (recycle/alloc) - 8/190 (fetch/transfer)
08-28 18:26:52.976  2119 19438 D BufferPoolAccessor2.0: Destruction - bufferpool2 0xeb6c2428 cached: 0/0M, 0/0% in use; allocs: 97, 92% recycled; transfers: 190, 96% unfetched
08-28 18:26:52.977  2119  6532 I CCodec  : Created component [c2.android.vorbis.decoder] for [c2.android.vorbis.decoder]
08-28 18:26:52.980  2119  6532 D CCodecConfig: read media type: audio/vorbis
08-28 18:26:52.985  2119  6532 D ReflectedParamUpdater: extent() != 1 for single value type: algo.buffers.max-count.values
08-28 18:26:52.985  2119  6532 D ReflectedParamUpdater: extent() != 1 for single value type: output.subscribed-indices.values
08-28 18:26:52.985  2119  6532 D ReflectedParamUpdater: extent() != 1 for single value type: input.buffers.allocator-ids.values
08-28 18:26:52.986  2119  6532 D ReflectedParamUpdater: extent() != 1 for single value type: output.buffers.allocator-ids.values
08-28 18:26:52.986  2119  6532 D ReflectedParamUpdater: extent() != 1 for single value type: algo.buffers.allocator-ids.values
08-28 18:26:52.986  2119  6532 D ReflectedParamUpdater: extent() != 1 for single value type: output.buffers.pool-ids.values
08-28 18:26:52.986  2119  6532 D ReflectedParamUpdater: extent() != 1 for single value type: algo.buffers.pool-ids.values
08-28 18:26:52.989  2119  6532 I CCodecConfig: query failed after returning 8 values (BAD_INDEX)
08-28 18:26:52.989  2119  6532 D CCodecConfig: c2 config diff is Dict {
08-28 18:26:52.989  2119  6532 D CCodecConfig:   c2::u32 coded.bitrate.value = 64000
08-28 18:26:52.989  2119  6532 D CCodecConfig:   c2::u32 input.buffers.max-size.value = 32768
08-28 18:26:52.989  2119  6532 D CCodecConfig:   c2::u32 input.delay.value = 0
08-28 18:26:52.989  2119  6532 D CCodecConfig:   string input.media-type.value = "audio/vorbis"
08-28 18:26:52.989  2119  6532 D CCodecConfig:   c2::u32 output.large-frame.max-size = 0
08-28 18:26:52.989  2119  6532 D CCodecConfig:   c2::u32 output.large-frame.threshold-size = 0
08-28 18:26:52.989  2119  6532 D CCodecConfig:   string output.media-type.value = "audio/raw"
08-28 18:26:52.989  2119  6532 D CCodecConfig:   c2::u32 raw.channel-count.value = 1
08-28 18:26:52.989  2119  6532 D CCodecConfig:   c2::u32 raw.sample-rate.value = 48000
08-28 18:26:52.989  2119  6532 D CCodecConfig: }
08-28 18:26:52.990  2387  3162 I ImeTracker: ru.andr7e.deviceinfohw:a42d6c20: onRequestHide at ORIGIN_SERVER reason HIDE_UNSPECIFIED_WINDOW fromUser false
08-28 18:26:52.991  2119  6531 E MediaCodec: Media Quality Service not found.
08-28 18:26:52.992  2119  6532 D CCodec  : [c2.android.vorbis.decoder] buffers are bound to CCodec for this session
08-28 18:26:52.992  2119  6532 D CCodecConfig: no c2 equivalents for durationUs
08-28 18:26:52.992  2119  6532 D CCodecConfig: no c2 equivalents for csd-1
08-28 18:26:52.992  2119  6532 D CCodecConfig: no c2 equivalents for flags
08-28 18:26:52.993  5563  5563 I GoogleInputMethodService: GoogleInputMethodService.onFinishInput():2054 
08-28 18:26:52.993  2119  6532 D CCodecConfig: c2 config diff is   c2::u32 coded.bitrate.value = 120000
08-28 18:26:52.993  5563  5563 I Module  : DeviceLockedStatusModuleProvider$Module.updateDeviceLockedStatus():100 repeatCheckTimes = 0, locked = false
08-28 18:26:52.993  5563  5563 I GoogleInputMethodService: GoogleInputMethodService.onStartInput():1315 onStartInput(EditorInfo{EditorInfo{packageName=ru.andr7e.deviceinfohw, inputType=0, inputTypeString=NULL, enableLearning=false, autoCorrection=false, autoComplete=false, imeOptions=0, privateImeOptions=null, actionName=UNSPECIFIED, actionLabel=null, initialSelStart=-1, initialSelEnd=-1, initialCapsMode=0, label=null, fieldId=0, fieldName=null, extras=null, hintText=null, hintLocales=[]}}, false)
08-28 18:26:52.994  5563  5563 I Module  : DeviceLockedStatusModuleProvider$Module.updateDeviceLockedStatus():100 repeatCheckTimes = 1, locked = false
08-28 18:26:52.987  2387  2387 W binder:2387_1A: type=1400 audit(0.0:34377): avc:  denied  { read } for  name="661f16" dev="dm-41" ino=146483 scontext=u:r:system_server:s0 tcontext=u:object_r:system_data_root_file:s0 tclass=file permissive=0
08-28 18:26:52.994  2119  6532 W Codec2Client: query -- param skipped: index = 1107298332.
08-28 18:26:52.994  2119  6532 D CCodec  : encoding statistics level = 0
08-28 18:26:52.994  2119  6532 D CCodec  : setup formats input: AMessage(what = 0x00000000) = {
08-28 18:26:52.994  2119  6532 D CCodec  :   int32_t bitrate = 120000
08-28 18:26:52.994  2119  6532 D CCodec  :   int32_t channel-count = 1
08-28 18:26:52.994  2119  6532 D CCodec  :   int32_t max-input-size = 32768
08-28 18:26:52.994  2119  6532 D CCodec  :   string mime = "audio/vorbis"
08-28 18:26:52.994  2119  6532 D CCodec  :   int32_t sample-rate = 48000
08-28 18:26:52.994  2119  6532 D CCodec  : }
08-28 18:26:52.994  2119  6532 D CCodec  : setup formats output: AMessage(what = 0x00000000) = {
08-28 18:26:52.994  2119  6532 D CCodec  :   int32_t buffer-batch-max-output-size = 0
08-28 18:26:52.994  2119  6532 D CCodec  :   int32_t buffer-batch-threshold-output-size = 0
08-28 18:26:52.994  2119  6532 D CCodec  :   int32_t channel-count = 1
08-28 18:26:52.994  2119  6532 D CCodec  :   string mime = "audio/raw"
08-28 18:26:52.994  2119  6532 D CCodec  :   int32_t sample-rate = 48000
08-28 18:26:52.994  2119  6532 D CCodec  :   int32_t channel-mask = 1
08-28 18:26:52.994  2119  6532 D CCodec  :   int32_t android._config-pcm-encoding = 2
08-28 18:26:52.994  2119  6532 D CCodec  : }
08-28 18:26:52.995  2119  6532 I CCodecConfig: query failed after returning 8 values (BAD_INDEX)
08-28 18:26:52.995  2387  4189 I ImeTracker: system_server:d8f64a4: onRequestHide at ORIGIN_SERVER reason IME_REQUESTED_CHANGED_LISTENER fromUser false
08-28 18:26:52.995  2119  6532 I MediaCodec: MediaCodec will operate in async mode
08-28 18:26:52.995  2119  6531 D MediaCodec: keep callback message for reclaim
08-28 18:26:52.995  2387  2937 I ImeTracker: system_server:d8f64a4: onCancelled at PHASE_SERVER_SHOULD_HIDE
08-28 18:26:52.996  2119  6532 W Codec2Client: query -- param skipped: index = 1342179345.
08-28 18:26:52.996  2119  6532 W Codec2Client: query -- param skipped: index = 2415921170.
08-28 18:26:52.997  2119  6532 D BufferPoolAccessor2.0: bufferpool2 0xeb6c1c48 : 4(131072 size) total buffers - 4(131072 size) used buffers - 11/19 (recycle/alloc) - 8/34 (fetch/transfer)
08-28 18:26:52.997  2119  6532 D CCodecBufferChannel: [c2.android.vorbis.decoder#48] Created input block pool with allocatorID 16 => poolID 30 - OK (0)
08-28 18:26:52.997  2156  2702 D BufferPoolAccessor2.0: bufferpool2 0xb40000788ae25f68 : 0(0 size) total buffers - 0(0 size) used buffers - 89/93 (recycle/alloc) - 4/92 (fetch/transfer)
08-28 18:26:52.997  2156  2702 D BufferPoolAccessor2.0: Destruction - bufferpool2 0xb40000788ae25f68 cached: 0/0M, 0/0% in use; allocs: 93, 96% recycled; transfers: 92, 96% unfetched
08-28 18:26:52.999  2119  6532 I CCodecBufferChannel: [c2.android.vorbis.decoder#48] Created output block pool with allocatorID 16 => poolID 77 - OK
08-28 18:26:53.000  2119  6532 D CCodecBufferChannel: [c2.android.vorbis.decoder#48] Configured output block pool ids 77 => OK
08-28 18:26:53.000  2156  2702 E Codec2-ComponentInterface: We have a failed config
