08-28 18:25:04.286  2387  2934 V WindowManager: Sent Transition (#153) createdAt=08-28 18:25:04.243 via request=TransitionRequestInfo { type = CLOSE, triggerTask = TaskInfo{userId=0 taskId=97 effectiveUid=10631 displayId=0 isRunning=false baseIntent=Intent { act=android.intent.action.MAIN cat=[android.intent.category.LAUNCHER] flg=0x10200000 pkg=ru.andr7e.deviceinfohw cmp=ru.andr7e.deviceinfohw/.MainActivity } baseActivity=null topActivity=null origActivity=null realActivity=ComponentInfo{ru.andr7e.deviceinfohw/ru.andr7e.deviceinfohw.MainActivity} numActivities=0 lastActiveTime=1525810 supportsMultiWindow=true resizeMode=1 isResizeable=true minWidth=-1 minHeight=-1 defaultMinSize=220 token=WCT{RemoteToken{b41f883 Task{ebc5fc #97 type=standard A=10631:ru.andr7e.deviceinfohw}}} topActivityType=1 pictureInPictureParams=null shouldDockBigOverlays=false launchIntoPipHostTaskId=-1 lastParentTaskIdBeforePip=-1 displayCutoutSafeInsets=Rect(0, 0 - 0, 0) topActivityInfo=null launchCookies=[android.os.BinderProxy@a4fd239] positionInParent=Point(0, 0) parentTaskId=-1 isFocused=true isVisible=true isVisibleRequested=true isTopActivityNoDisplay=false isSleeping=false locusId=null displayAreaFeatureId=1 isTopActivityTransparent=false isActivityStackTransparent=true lastNonFullscreenBounds=Rect(373, 908 - 1068, 2348) capturedLink=null capturedLinkTimestamp=0 requestedVisibleTypes=-9 topActivityRequestOpenInBrowserEducationTimestamp=0 appCompatTaskInfo=AppCompatTaskInfo { topActivityInSizeCompat=false eligibleForLetterboxEducation= false isLetterboxEducationEnabled= false isLetterboxDoubleTapEnabled= false eligibleForUserAspectRatioButton= false topActivityBoundsLetterboxed= false isFromLetterboxDoubleTap= false topActivityLetterboxVerticalPosition= -1 topActivityLetterboxHorizontalPosition= -1 topActivityLetterboxWidth=-1 topActivityLetterboxHeight=-1 topActivityAppBounds=Rect(0, 0 - 0, 0) isUserFullscreenOverrideEnabled=false isSystemFullscreenOverrideEnabled=false hasMinAspectRatioOverride=false topActivityLetterboxBounds=null cameraCompatTaskInfo=CameraCompatTaskInfo { freeformCameraCompatMode=undefined}} topActivityMainWindowFrame=null}, pipChange = null, remoteTransition = null, displayChange = null, flags = 0, debugId = 153 }
08-28 18:25:04.287  2387  2934 V WindowManager:     startWCT=WindowContainerTransaction { changes= {} hops= [] errorCallbackToken=null taskFragmentOrganizer=null }
08-28 18:25:04.287  2387  2934 V WindowManager:     info={id=153 t=CLOSE f=0x0 trk=0 r=[0@Point(0, 0)] c=[
08-28 18:25:04.287  2387  2934 V WindowManager:         {WCT{RemoteToken{6ac031 Task{341d769 #1 type=home}}} m=TO_FRONT f=SHOW_WALLPAPER|MOVE_TO_TOP leash=Surface(name=Task=1)/@0x239009f sb=Rect(0, 0 - 1440, 3200) eb=Rect(0, 0 - 1440, 3200) epz=Point(1440, 3200) d=0 taskParent=-1},
08-28 18:25:04.287  2387  2934 V WindowManager:         {WCT{RemoteToken{b41f883 Task{ebc5fc #97 type=standard A=10631:ru.andr7e.deviceinfohw}}} m=CLOSE f=NONE leash=Surface(name=Task=97)/@0x8057f3d sb=Rect(0, 0 - 1440, 3200) eb=Rect(0, 0 - 1440, 3200) epz=Point(1440, 3200) d=0 taskParent=-1},
08-28 18:25:04.287  2387  2934 V WindowManager:         {m=TO_FRONT f=IS_WALLPAPER leash=Surface(name=WallpaperWindowToken{8ac1210 showWhenLocked=false})/@0x8d7e04b sb=Rect(0, 0 - 1440, 3200) eb=Rect(0, 0 - 1440, 3200) epz=Point(1440, 3200) d=0}
08-28 18:25:04.287  2387  2934 V WindowManager:     ]}
08-28 18:25:04.287  3291  3340 V WindowManagerShell:  animated by com.android.wm.shell.transition.RemoteTransitionHandler@6687e12
08-28 18:25:04.289  3502  3502 D StateManager: createAtomicAnimation - fromState: Background, toState: Normal, partial trace:
08-28 18:25:04.289  3502  3502 D StateManager: 	at com.android.quickstep.util.ScalingWorkspaceRevealAnim.<init>(go/retraceme 72a59688580715d19f0e415c69e80376c2f062d1648c80db6730905005a27c20:39)
08-28 18:25:04.289  3502  3502 D StateManager: 	at com.android.launcher3.QuickstepTransitionManager.createWallpaperOpenAnimations(go/retraceme 72a59688580715d19f0e415c69e80376c2f062d1648c80db6730905005a27c20:168)
08-28 18:25:04.289  3502  3502 D StateManager: 	at com.android.launcher3.QuickstepTransitionManager$WallpaperOpenLauncherAnimationRunner.onAnimationStart(go/retraceme 72a59688580715d19f0e415c69e80376c2f062d1648c80db6730905005a27c20:17)
08-28 18:25:04.290  3502  3502 D b/311077782: LauncherAnimationRunner.setAnimation
08-28 18:25:04.290  3502  3635 I s.nexuslauncher: AssetManager2(0xb40000721b84fe98) locale list changing from [] to [en-US]
08-28 18:25:04.291  2387  3150 D ConnectivityService: requestNetwork for uid/pid:10555/3291 asUid: 10554 activeRequest: null callbackRequest: 768 [NetworkRequest [ REQUEST id=769, [ Capabilities: INTERNET&NOT_RESTRICTED&TRUSTED&NOT_VCN_MANAGED&NOT_BANDWIDTH_CONSTRAINED Uid: 10554 RequestorUid: 10555 RequestorPkg: com.android.systemui UnderlyingNetworks: Null] ]] callback flags: 0 order: 2147483647 isUidTracked: false declaredMethods: AVAIL|BLK
08-28 18:25:04.296  2387  3178 D OemPaidWifiNetworkFactory: got request NetworkRequest [ REQUEST id=769, [ Capabilities: INTERNET&NOT_RESTRICTED&TRUSTED&NOT_VCN_MANAGED&NOT_BANDWIDTH_CONSTRAINED Uid: 10554 RequestorUid: 10555 RequestorPkg: com.android.systemui UnderlyingNetworks: Null] ]
08-28 18:25:04.296  2387  3178 D MultiInternetWifiNetworkFactory: got request NetworkRequest [ REQUEST id=769, [ Capabilities: INTERNET&NOT_RESTRICTED&TRUSTED&NOT_VCN_MANAGED&NOT_BANDWIDTH_CONSTRAINED Uid: 10554 RequestorUid: 10555 RequestorPkg: com.android.systemui UnderlyingNetworks: Null] ]
08-28 18:25:04.300  2387  3162 I ImeTracker: com.google.android.apps.nexuslauncher:bca276df: onRequestHide at ORIGIN_SERVER reason HIDE_UNSPECIFIED_WINDOW fromUser false
08-28 18:25:04.301  3502  3502 D InsetsController: hide(ime(), fromIme=false)
08-28 18:25:04.301  3502  3502 I ImeTracker: com.google.android.apps.nexuslauncher:bca276df: onCancelled at PHASE_CLIENT_ALREADY_HIDDEN
08-28 18:25:04.302  2387  3185 D ConnectivityService: NetReassign [769 : null  100] [c 1] [a 0] [i 10]
08-28 18:25:04.302  2387  3178 D WifiNetworkFactory: got request NetworkRequest [ REQUEST id=769, [ Capabilities: INTERNET&NOT_RESTRICTED&TRUSTED&NOT_VCN_MANAGED&NOT_BANDWIDTH_CONSTRAINED Uid: 10554 RequestorUid: 10555 RequestorPkg: com.android.systemui UnderlyingNetworks: Null] ]
08-28 18:25:04.303  2387  3178 D UntrustedWifiNetworkFactory: got request NetworkRequest [ REQUEST id=769, [ Capabilities: INTERNET&NOT_RESTRICTED&TRUSTED&NOT_VCN_MANAGED&NOT_BANDWIDTH_CONSTRAINED Uid: 10554 RequestorUid: 10555 RequestorPkg: com.android.systemui UnderlyingNetworks: Null] ]
08-28 18:25:04.299  2387  2387 W binder:2387_3: type=1400 audit(0.0:31259): avc:  denied  { read } for  name="661f16" dev="dm-41" ino=146483 scontext=u:r:system_server:s0 tcontext=u:object_r:system_data_root_file:s0 tclass=file permissive=0
08-28 18:25:04.304  5563  5563 I GoogleInputMethodService: GoogleInputMethodService.onFinishInput():2054 
08-28 18:25:04.304  5563  5563 I Module  : DeviceLockedStatusModuleProvider$Module.updateDeviceLockedStatus():100 repeatCheckTimes = 0, locked = false
08-28 18:25:04.305  5563  5563 I GoogleInputMethodService: GoogleInputMethodService.onStartInput():1315 onStartInput(EditorInfo{EditorInfo{packageName=com.google.android.apps.nexuslauncher, inputType=0, inputTypeString=NULL, enableLearning=false, autoCorrection=false, autoComplete=false, imeOptions=0, privateImeOptions=null, actionName=UNSPECIFIED, actionLabel=null, initialSelStart=-1, initialSelEnd=-1, initialCapsMode=0, label=null, fieldId=0, fieldName=null, extras=null, hintText=null, hintLocales=[]}}, false)
08-28 18:25:04.305  5563  5563 I Module  : DeviceLockedStatusModuleProvider$Module.updateDeviceLockedStatus():100 repeatCheckTimes = 1, locked = false
08-28 18:25:04.307  2387  3150 I ImeTracker: system_server:c6166d81: onRequestHide at ORIGIN_SERVER reason IME_REQUESTED_CHANGED_LISTENER fromUser false
08-28 18:25:04.307  2387  2937 I ImeTracker: system_server:c6166d81: onCancelled at PHASE_SERVER_SHOULD_HIDE
08-28 18:25:04.338  5589  6330 I AiAiEcho: (REDACTED) Predicting[%d]: %s
08-28 18:25:04.339  5589  6330 I AiAiEcho: (REDACTED) EchoTargets: %s
08-28 18:25:04.339  5589  6330 I AiAiEcho: Filtered by AiAi flag check: %s
08-28 18:25:04.339  5589  6330 I AiAiEcho: #remoteViewsTwiddler: feature disabled.
08-28 18:25:04.340  1493  4140 I vendor.qti.bluetooth@1.0-ibs_handler: DeviceSleep: TX Awake, Sending SLEEP_IND
08-28 18:25:04.340  1493  4140 D vendor.qti.bluetooth@1.0-ibs_handler: SerialClockVote: vote for UART CLK OFF
08-28 18:25:04.341  5589  6330 I AiAiEcho: (REDACTED) #postPredictionTargets: Sending updates to UISurface %s with targets# %s (types=[%s])
08-28 18:25:04.348  3502  3502 D SsBaseTemplateCard: No text view can be set up
08-28 18:25:04.348  3502  3502 D SsBaseTemplateCard: Passed-in item info is null
08-28 18:25:04.348  3502  3502 D SsBaseTemplateCard: Passed-in item info is null
08-28 18:25:04.348  3502  3502 D SsBaseTemplateCard: Passed-in item info is null
08-28 18:25:04.348  3502  3502 I SsBaseTemplateCard: Secondary card pane is null
08-28 18:25:04.491  1493  3833 D vendor.qti.bluetooth@1.0-wake_lock: Release wakelock is released 
08-28 18:25:04.884  1599  1692 W ServiceManagerCppClient: Waited one second for stats (is service started? Number of threads started in the threadpool: 6. Are binder threads started and available?)
08-28 18:25:04.884  2387  3412 W ServiceManagerCppClient: Waited one second for stats (is service started? Number of threads started in the threadpool: 32. Are binder threads started and available?)
08-28 18:25:04.886   682  4730 W libc    : Unable to set property "ctl.interface_start" to "aidl/stats": PROP_ERROR_HANDLE_CONTROL_MESSAGE (0x20)
08-28 18:25:04.887   682  4729 W libc    : Unable to set property "ctl.interface_start" to "aidl/stats": PROP_ERROR_HANDLE_CONTROL_MESSAGE (0x20)
08-28 18:25:04.927  3583  4344 D SatelliteController: iisInCarrierRoamingNbIotNtn: satellite is disabled
08-28 18:25:05.143  2117 14751 W ServiceManagerCppClient: Waited one second for stats (is service started? Number of threads started in the threadpool: 17. Are binder threads started and available?)
08-28 18:25:05.145   682  4731 W libc    : Unable to set property "ctl.interface_start" to "aidl/stats": PROP_ERROR_HANDLE_CONTROL_MESSAGE (0x20)
08-28 18:25:05.290  3502  3502 D ScalingWorkspaceRevealAnim: alpha of workspace at the end of animation: 1.0
08-28 18:25:05.291  3291  3340 V WindowManagerShell: Transition animation finished (aborted=false), notifying core (#153) android.os.BinderProxy@bc83c33@0
08-28 18:25:05.293  2387  2934 V WindowManager: Finish Transition (#153): created at 08-28 18:25:04.243 collect-started=0.062ms request-sent=0.153ms started=2.983ms ready=32.196ms sent=35.507ms commit=12.455ms finished=1049.812ms
08-28 18:25:05.296  3291  3340 V WindowManagerShell: Track 0 became idle
08-28 18:25:05.296  3291  3340 V WindowManagerShell: All active transition animations finished
08-28 18:25:05.301  4653  4653 D VRI[DeviceInfoActivity]: visibilityChanged oldVisibility=true newVisibility=false
08-28 18:25:05.319  4653  4653 W WindowOnBackDispatcher: sendCancelIfRunning: isInProgress=false callback=android.view.ViewRootImpl$$ExternalSyntheticLambda13@251df1
08-28 18:25:05.322  4653  4653 D ViewRootImpl: Skipping stats log for color mode
08-28 18:25:05.328  2387  3238 D BackgroundInstallControlService: Package event received: 0
08-28 18:25:05.330  3502  3502 D RecentsView: onTaskRemoved: 97, not handling task stack changes
08-28 18:25:05.331  3502  3502 D RecentsView: onTaskRemoved: 97, not handling task stack changes
08-28 18:25:05.435  3502  3635 I incfs   : Initial API level of the device: 30
08-28 18:25:05.435  3502  3635 I incfs   : ro.incremental.enable: true
08-28 18:25:05.435  3502  3635 I incfs   : isFsAvailable: true
08-28 18:25:05.435  3502  3635 I incfs   : isFsAvailable: true
08-28 18:25:05.435  3502  3635 I incfs   : IncFs_Features: v1
08-28 18:25:05.436  3502  3635 I s.nexuslauncher: AssetManager2(0xb40000721b81de98) locale list changing from [] to [en-US]
08-28 18:25:05.440  2387  3150 I system_server: AssetManager2(0xb40000721b876f98) locale list changing from [] to [en-US]
08-28 18:25:05.444  2387  3150 V GrammaticalInflectionUtils: AttributionSource: android.content.AttributionSource@54c252c5 does not have READ_SYSTEM_GRAMMATICAL_GENDER permission.
08-28 18:25:05.454  2387  3150 I ActivityTaskManager: START u0 {act=android.intent.action.MAIN cat=[android.intent.category.LAUNCHER] flg=0x10200000 xflg=0x4 pkg=com.ytheekshana.deviceinfo cmp=com.ytheekshana.deviceinfo/.SplashActivity bnds=[344,1142][568,1514]} with LAUNCH_MULTIPLE from uid 10554 (sr=91967906) (BAL_ALLOW_VISIBLE_WINDOW) result code=0
08-28 18:25:05.454  3291  3389 I incfs   : Initial API level of the device: 30
08-28 18:25:05.454  3291  3389 I incfs   : ro.incremental.enable: true
08-28 18:25:05.454  3291  3389 I incfs   : isFsAvailable: true
08-28 18:25:05.454  3291  3389 I incfs   : isFsAvailable: true
08-28 18:25:05.454  3291  3389 I incfs   : IncFs_Features: v1
08-28 18:25:05.454  3291  3389 I ndroid.systemui: AssetManager2(0xb40000721b87e658) locale list changing from [] to [en-US]
08-28 18:25:05.455  3291  3340 V WindowManagerShell: Transition requested (#154): android.os.BinderProxy@8327438 TransitionRequestInfo { type = OPEN, triggerTask = TaskInfo{userId=0 taskId=98 effectiveUid=10660 displayId=0 isRunning=true baseIntent=Intent { act=android.intent.action.MAIN cat=[android.intent.category.LAUNCHER] flg=0x10200000 pkg=com.ytheekshana.deviceinfo cmp=com.ytheekshana.deviceinfo/.SplashActivity } baseActivity=ComponentInfo{com.ytheekshana.deviceinfo/com.ytheekshana.deviceinfo.SplashActivity} topActivity=ComponentInfo{com.ytheekshana.deviceinfo/com.ytheekshana.deviceinfo.SplashActivity} origActivity=null realActivity=ComponentInfo{com.ytheekshana.deviceinfo/com.ytheekshana.deviceinfo.SplashActivity} numActivities=1 lastActiveTime=1529830 supportsMultiWindow=true resizeMode=1 isResizeable=true minWidth=-1 minHeight=-1 defaultMinSize=220 token=WCT{android.window.IWindowContainerToken$Stub$Proxy@834bc11} topActivityType=1 pictureInPictureParams=null shouldDockBigOverlays=false launchIntoPipHostTaskId=-1 lastParentTaskIdBeforePip=-1 displayCutoutSafeInsets=Rect(0, 137 - 0, 0) topActivityInfo=ActivityInfo{5e77176 com.ytheekshana.deviceinfo.SplashActivity} launchCookies=[android.os.BinderProxy@f617377] positionInParent=Point(0, 0) parentTaskId=-1 isFocused=false isVisible=false isVisibleRequested=false isTopActivityNoDisplay=false isSleeping=false locusId=null displayAreaFeatureId=1 isTopActivityTransparent=false isActivityStackTransparent=false lastNonFullscreenBounds=Rect(373, 908 - 1068, 2348) capturedLink=null capturedLinkTimestamp=0 requestedVisibleTypes=-9 topActivityRequestOpenInBrowserEducationTimestamp=0 appCompatTaskInfo=AppCompatTaskInfo { topActivityInSizeCompat=false eligibleForLetterboxEducation= false isLetterboxEducationEnabled= false isLetterboxDoubleTapEnabled= false eligibleForUserAspectRatioButton= false topActivityBoundsLetterboxed= false isFromLetterboxDoubleTap= false topActivityLetterboxVerticalPosition= -1 topActivityLetterboxHorizontalPosition= -1 topActivityLetterboxWidth=-1 topActivityLetterboxHeight=-1 topActivityAppBounds=Rect(0, 0 - 1440, 3200) isUserFullscreenOverrideEnabled=false isSystemFullscreenOverrideEnabled=false hasMinAspectRatioOverride=false topActivityLetterboxBounds=null cameraCompatTaskInfo=CameraCompatTaskInfo { freeformCameraCompatMode=inactive}} topActivityMainWindowFrame=null}, pipChange = null, remoteTransition = RemoteTransition { remoteTransition = android.window.IRemoteTransition$Stub$Proxy@2b69be4, appThread = android.app.IApplicationThread$Stub$Proxy@198084d, debugName = QuickstepLaunch }, displayChange = null, flags = 0, debugId = 154 }
08-28 18:25:05.455  3291  3340 D ShellSplitScreen: logExit: no-op, mLoggerSessionId is null
08-28 18:25:05.455  3291  3340 V WindowManagerShell: RemoteTransition directly requested for (#154) android.os.BinderProxy@8327438: RemoteTransition { remoteTransition = android.window.IRemoteTransition$Stub$Proxy@2b69be4, appThread = android.app.IApplicationThread$Stub$Proxy@198084d, debugName = QuickstepLaunch }
08-28 18:25:05.455  3291  3340 V WindowManagerShell: Transition (#154): request handled by DefaultMixedHandler
08-28 18:25:05.457  2387  3150 D CompatChangeReporter: Compat change id reported: 377864165; UID 10660; state: ENABLED
08-28 18:25:05.460  2387  2937 V GrammaticalInflectionUtils: AttributionSource: android.content.AttributionSource@54c252c5 does not have READ_SYSTEM_GRAMMATICAL_GENDER permission.
08-28 18:25:05.464  3502  3502 D StatsLog: LAUNCHER_APP_LAUNCH_TAP
08-28 18:25:05.467  3291  3340 D WindowManagerShell: setLauncherKeepClearAreaHeight: visible=false, height=643
08-28 18:25:05.467  3502  3502 W SplitSelectStateCtor: Missing session instanceIds
08-28 18:25:05.467  3502  3502 D StatsLog: LAUNCHER_SPLIT_SELECTION_EXIT_INTERRUPTED
08-28 18:25:05.467  3502  3635 D QuickstepModelDelegate: notifyAppTargetEvent action=1 launchLocation=workspace/1/[1,2]/[1,1]
08-28 18:25:05.468  2387  3238 D BackgroundInstallControlService: Package event received: 0
08-28 18:25:05.470  1317  1317 D Zygote  : Forked child process 4732
08-28 18:25:05.470  2387  2944 I ActivityManager: Start proc 4732:com.ytheekshana.deviceinfo/u0a660 for next-top-activity {com.ytheekshana.deviceinfo/com.ytheekshana.deviceinfo.SplashActivity}
08-28 18:25:05.471  2387  2944 I ActivityManager: ProcessObserver broadcast disabled
08-28 18:25:05.467  2387  2387 W android.bg: type=1400 audit(0.0:31260): avc:  denied  { read } for  name="661f16" dev="dm-41" ino=146483 scontext=u:r:system_server:s0 tcontext=u:object_r:system_data_root_file:s0 tclass=file permissive=0
08-28 18:25:05.467  2387  2387 W android.bg: type=1400 audit(0.0:31261): avc:  denied  { read } for  name="661f16" dev="dm-41" ino=146483 scontext=u:r:system_server:s0 tcontext=u:object_r:system_data_root_file:s0 tclass=file permissive=0
08-28 18:25:05.476  2387  2934 V WindowManager: Sent Transition (#154) createdAt=08-28 18:25:05.446 via request=TransitionRequestInfo { type = OPEN, triggerTask = TaskInfo{userId=0 taskId=98 effectiveUid=10660 displayId=0 isRunning=true baseIntent=Intent { act=android.intent.action.MAIN cat=[android.intent.category.LAUNCHER] flg=0x10200000 pkg=com.ytheekshana.deviceinfo cmp=com.ytheekshana.deviceinfo/.SplashActivity } baseActivity=ComponentInfo{com.ytheekshana.deviceinfo/com.ytheekshana.deviceinfo.SplashActivity} topActivity=ComponentInfo{com.ytheekshana.deviceinfo/com.ytheekshana.deviceinfo.SplashActivity} origActivity=null realActivity=ComponentInfo{com.ytheekshana.deviceinfo/com.ytheekshana.deviceinfo.SplashActivity} numActivities=1 lastActiveTime=1529830 supportsMultiWindow=true resizeMode=1 isResizeable=true minWidth=-1 minHeight=-1 defaultMinSize=220 token=WCT{RemoteToken{52cd7ac Task{f33af68 #98 type=standard A=10660:com.ytheekshana.deviceinfo}}} topActivityType=1 pictureInPictureParams=null shouldDockBigOverlays=false launchIntoPipHostTaskId=-1 lastParentTaskIdBeforePip=-1 displayCutoutSafeInsets=Rect(0, 137 - 0, 0) topActivityInfo=ActivityInfo{8d66c75 com.ytheekshana.deviceinfo.SplashActivity} launchCookies=[android.os.BinderProxy@fd6040a] positionInParent=Point(0, 0) parentTaskId=-1 isFocused=false isVisible=false isVisibleRequested=false isTopActivityNoDisplay=false isSleeping=false locusId=null displayAreaFeatureId=1 isTopActivityTransparent=false isActivityStackTransparent=false lastNonFullscreenBounds=Rect(373, 908 - 1068, 2348) capturedLink=null capturedLinkTimestamp=0 requestedVisibleTypes=-9 topActivityRequestOpenInBrowserEducationTimestamp=0 appCompatTaskInfo=AppCompatTaskInfo { topActivityInSizeCompat=false eligibleForLetterboxEducation= false isLetterboxEducationEnabled= false isLetterboxDoubleTapEnabled= false eligibleForUserAspectRatioButton= false topActivityBoundsLetterboxed= false isFromLetterboxDoubleTap= false topActivityLetterboxVerticalPosition= -1 topActivityLetterboxHorizontalPosition= -1 topActivityLetterboxWidth=-1 topActivityLetterboxHeight=-1 topActivityAppBounds=Rect(0, 0 - 1440, 3200) isUserFullscreenOverrideEnabled=false isSystemFullscreenOverrideEnabled=false hasMinAspectRatioOverride=false topActivityLetterboxBounds=null cameraCompatTaskInfo=CameraCompatTaskInfo { freeformCameraCompatMode=inactive}} topActivityMainWindowFrame=null}, pipChange = null, remoteTransition = RemoteTransition { remoteTransition = android.window.IRemoteTransition$Stub$Proxy@d16f47b, appThread = android.app.IApplicationThread$Stub$Proxy@365c298, debugName = QuickstepLaunch }, displayChange = null, flags = 0, debugId = 154 }
08-28 18:25:05.476  2387  2934 V WindowManager:     startWCT=WindowContainerTransaction { changes= {} hops= [] errorCallbackToken=null taskFragmentOrganizer=null }
08-28 18:25:05.476  2387  2934 V WindowManager:     info={id=154 t=OPEN f=0x0 trk=0 r=[0@Point(0, 0)] c=[
08-28 18:25:05.476  2387  2934 V WindowManager:         {WCT{RemoteToken{52cd7ac Task{f33af68 #98 type=standard A=10660:com.ytheekshana.deviceinfo}}} m=OPEN f=NONE leash=Surface(name=Task=98)/@0x54b85fe sb=Rect(0, 0 - 1440, 3200) eb=Rect(0, 0 - 1440, 3200) epz=Point(1440, 3200) d=0 taskParent=-1},
08-28 18:25:05.476  2387  2934 V WindowManager:         {WCT{RemoteToken{6ac031 Task{341d769 #1 type=home}}} m=TO_BACK f=SHOW_WALLPAPER leash=Surface(name=Task=1)/@0x239009f sb=Rect(0, 0 - 1440, 3200) eb=Rect(0, 0 - 1440, 3200) epz=Point(1440, 3200) d=0 taskParent=-1},
08-28 18:25:05.476  2387  2934 V WindowManager:         {m=TO_BACK f=IS_WALLPAPER leash=Surface(name=WallpaperWindowToken{8ac1210 showWhenLocked=false})/@0x8d7e04b sb=Rect(0, 0 - 1440, 3200) eb=Rect(0, 0 - 1440, 3200) epz=Point(1440, 3200) d=0}
08-28 18:25:05.476  2387  2934 V WindowManager:     ]}
08-28 18:25:05.476  3291 19077 V WindowManagerShell: onTransitionReady(transaction=10252086943090)
08-28 18:25:05.476  3291  3340 V WindowManagerShell: onTransitionReady (#154) android.os.BinderProxy@8327438: {id=154 t=OPEN f=0x0 trk=0 r=[0@Point(0, 0)] c=[
08-28 18:25:05.476  3291  3340 V WindowManagerShell:         {m=OPEN f=NONE leash=Surface(name=Task=98)/@0x6f75cb2 sb=Rect(0, 0 - 1440, 3200) eb=Rect(0, 0 - 1440, 3200) epz=Point(1440, 3200) d=0 taskParent=-1},
08-28 18:25:05.476  3291  3340 V WindowManagerShell:         {m=TO_BACK f=SHOW_WALLPAPER leash=Surface(name=Task=1)/@0x93ce403 sb=Rect(0, 0 - 1440, 3200) eb=Rect(0, 0 - 1440, 3200) epz=Point(1440, 3200) d=0 taskParent=-1},
08-28 18:25:05.476  3291  3340 V WindowManagerShell:         {m=TO_BACK f=IS_WALLPAPER leash=Surface(name=WallpaperWindowToken{8ac1210 showWhenLocked=false})/@0x9b82f80 sb=Rect(0, 0 - 1440, 3200) eb=Rect(0, 0 - 1440, 3200) epz=Point(1440, 3200) d=0}
08-28 18:25:05.476  3291  3340 V WindowManagerShell:     ]}
08-28 18:25:05.477  3291  3340 V WindowManagerShell: Playing animation for (#154) android.os.BinderProxy@8327438@0
08-28 18:25:05.477  3291  3340 V WindowManagerShell:  try firstHandler com.android.wm.shell.transition.DefaultMixedHandler@f9aab38
08-28 18:25:05.477  3291  3340 V WindowManagerShell: Mixed transition for opening an intent with a remote transition and PIP or Desktop #154
08-28 18:25:05.477  3291  3340 V WindowManagerShell: tryAnimateOpenIntentWithRemoteAndPipOrDesktop
08-28 18:25:05.477  3291  3340 V WindowManagerShell:  Delegate animation for (#154) to RemoteTransition { remoteTransition = android.window.IRemoteTransition$Stub$Proxy@2b69be4, appThread = android.app.IApplicationThread$Stub$Proxy@198084d, debugName = QuickstepLaunch }
08-28 18:25:05.478  3291  3340 V WindowManagerShell:  animated by firstHandler
08-28 18:25:05.480  3502  3502 D BaseDepthController: mSurface is null and mCurrentBlur is: 0
08-28 18:25:05.480  3502  3502 D BaseDepthController: mSurface is null and mCurrentBlur is: 0
08-28 18:25:05.482  3502  3502 D BaseDepthController: mSurface is null and mCurrentBlur is: 0
08-28 18:25:05.483  2387  2387 W binder:2387_11: type=1400 audit(0.0:31262): avc:  denied  { read } for  name="661f16" dev="dm-41" ino=146483 scontext=u:r:system_server:s0 tcontext=u:object_r:system_data_root_file:s0 tclass=file permissive=0
08-28 18:25:05.483  2387  2387 W binder:2387_11: type=1400 audit(0.0:31263): avc:  denied  { read } for  name="661f16" dev="dm-41" ino=146483 scontext=u:r:system_server:s0 tcontext=u:object_r:system_data_root_file:s0 tclass=file permissive=0
08-28 18:25:05.491  4732  4732 I hana.deviceinfo: Using CollectorTypeCMC GC.
08-28 18:25:05.494  4732  4732 E hana.deviceinfo: Not starting debugger since process cannot load the jdwp agent.
08-28 18:25:05.495  4732  4732 W hana.deviceinfo: Thread Pool max thread count is 0. Cannot cache binder as linkToDeath cannot be implemented. serviceName: activity
08-28 18:25:05.514  3502  3502 D BaseDepthController: mSurface is null and mCurrentBlur is: 0
08-28 18:25:05.515  4732  4732 W BpBinder: Linking to death on org.lsposed.lspd.service.ILSPApplicationService but there are no threads (yet?) listening to incoming transactions. See ProcessState::startThreadPool and ProcessState::setThreadPoolMaxThreadCount. Generally you should setup the binder threadpool before other initialization steps.
08-28 18:25:05.531  3502  3502 D BaseDepthController: mSurface is null and mCurrentBlur is: 0
08-28 18:25:05.539  3502  3502 D BaseDepthController: mSurface is null and mCurrentBlur is: 0
08-28 18:25:05.548  3502  3502 D BaseDepthController: mSurface is null and mCurrentBlur is: 0
08-28 18:25:05.556  3502  3502 D BaseDepthController: mSurface is null and mCurrentBlur is: 0
08-28 18:25:05.564  3502  3502 D BaseDepthController: mSurface is null and mCurrentBlur is: 0
08-28 18:25:05.573  3502  3502 D BaseDepthController: mSurface is null and mCurrentBlur is: 0
08-28 18:25:05.581  3502  3502 D BaseDepthController: mSurface is null and mCurrentBlur is: 0
08-28 18:25:05.589  3502  3502 D BaseDepthController: mSurface is null and mCurrentBlur is: 0
08-28 18:25:05.597  4732  4732 W hana.deviceinfo: Unsupported class loader: java.lang.Class<j>
08-28 18:25:05.598  3502  3502 D BaseDepthController: mSurface is null and mCurrentBlur is: 0
08-28 18:25:05.606  3502  3502 D BaseDepthController: mSurface is null and mCurrentBlur is: 0
08-28 18:25:05.610  4732  4732 D nativeloader: Load libframework-connectivity-tiramisu-jni.so using APEX ns com_android_tethering for caller /apex/com.android.tethering/javalib/framework-connectivity-t.jar: ok
08-28 18:25:05.615  3502  3502 D BaseDepthController: mSurface is null and mCurrentBlur is: 0
08-28 18:25:05.615  2387  3238 D BackgroundInstallControlService: Package event received: 0
08-28 18:25:05.616  2387  3238 D BackgroundInstallControlService: Package event received: 0
08-28 18:25:05.622  4732  4732 D ApplicationLoaders: Returning zygote-cached class loader: /system_ext/framework/androidx.window.extensions.jar
08-28 18:25:05.622  4732  4732 D ApplicationLoaders: Returning zygote-cached class loader: /system_ext/framework/androidx.window.sidecar.jar
08-28 18:25:05.622  3502  3502 D BaseDepthController: mSurface is null and mCurrentBlur is: 0
08-28 18:25:05.631  3502  3502 D BaseDepthController: mSurface is null and mCurrentBlur is: 0
08-28 18:25:05.637  2387  2963 I DisplayPowerController[0]: BrightnessEvent: brt=0.009072112 (16.0%), nits= 11.0539665, lux=0.0, reason=automatic, strat=AutomaticBrightnessStrategy, state=ON, stateReason=DEFAULT_POLICY, policy=BRIGHT, flags=, initBrt=0.012987079, rcmdBrt=0.009072112, preBrt=0.012987079, preLux=3.0, wasShortTermModelActive=false, autoBrightness=true (default), unclampedBrt=0.009072112, hbmMax=1.0, hbmMode=off, thrmMax=1.0, rbcStrength=81, powerFactor=1.0, physDisp=Built-in Screen(local:4630946736638489730), logicalId=0, slowChange=true, rampSpeed=0.04
08-28 18:25:05.638  2387  2937 I BrightnessSynchronizer: [170] New Update 0.009072112(f) set brightness values:  3(i)
08-28 18:25:05.639  2387  2937 I BrightnessSynchronizer: Swallowing update of 3(i) by update: {[170] 0.009072112(f), mUpdatedTypes=1, mConfirmedTypes=1, mTimeUpdated=1530015}
08-28 18:25:05.639  2387  2937 I BrightnessSynchronizer: Completed Update: {[170] 0.009072112(f), mUpdatedTypes=1, mConfirmedTypes=1, mTimeUpdated=1530015}
08-28 18:25:05.639  3502  3502 D BaseDepthController: mSurface is null and mCurrentBlur is: 0
08-28 18:25:05.645  2205  3277 D libsensor-B2SNotifier: Backlight2SlpiNotifier brightness = 27
08-28 18:25:05.648  3502  3502 D BaseDepthController: mSurface is null and mCurrentBlur is: 0
08-28 18:25:05.653  2205  3277 D libsensor-B2SNotifier: Backlight2SlpiNotifier brightness = 27
08-28 18:25:05.656  3502  3502 D BaseDepthController: mSurface is null and mCurrentBlur is: 0
08-28 18:25:05.656  4732  4732 W hana.deviceinfo: Failed to find entry 'classes.dex': Entry not found
08-28 18:25:05.656  4732  4732 W hana.deviceinfo: Failed to find entry 'classes.dex': Entry not found
08-28 18:25:05.657  4732  4732 D nativeloader: Configuring clns-9 for other apk /data/app/~~-IOQGzVMDIDni4ztpkQ-MQ==/com.ytheekshana.deviceinfo-7N1EuX6sE2T_G76dzEzvNw==/base.apk:/data/app/~~-IOQGzVMDIDni4ztpkQ-MQ==/com.ytheekshana.deviceinfo-7N1EuX6sE2T_G76dzEzvNw==/split_config.arm64_v8a.apk:/data/app/~~-IOQGzVMDIDni4ztpkQ-MQ==/com.ytheekshana.deviceinfo-7N1EuX6sE2T_G76dzEzvNw==/split_config.xxxhdpi.apk. target_sdk_version=36, uses_libraries=, library_path=/data/app/~~-IOQGzVMDIDni4ztpkQ-MQ==/com.ytheekshana.deviceinfo-7N1EuX6sE2T_G76dzEzvNw==/lib/arm64:/data/app/~~-IOQGzVMDIDni4ztpkQ-MQ==/com.ytheekshana.deviceinfo-7N1EuX6sE2T_G76dzEzvNw==/base.apk!/lib/arm64-v8a:/data/app/~~-IOQGzVMDIDni4ztpkQ-MQ==/com.ytheekshana.deviceinfo-7N1EuX6sE2T_G76dzEzvNw==/split_config.arm64_v8a.apk!/lib/arm64-v8a:/data/app/~~-IOQGzVMDIDni4ztpkQ-MQ==/com.ytheekshana.deviceinfo-7N1EuX6sE2T_G76dzEzvNw==/split_config.xxxhdpi.apk!/lib/arm64-v8a, permitted_path=/data:/mnt/expand:/data/user/0/com.ytheekshana.deviceinfo
08-28 18:25:05.661  2205  3277 D libsensor-B2SNotifier: Backlight2SlpiNotifier brightness = 27
08-28 18:25:05.664  3502  3502 D BaseDepthController: mSurface is null and mCurrentBlur is: 0
08-28 18:25:05.666  4732  4732 I LSPosed-Bridge: SimpleSpoofer: Hooking package com.ytheekshana.deviceinfo
08-28 18:25:05.666  4732  4732 I LSPosed-Bridge: SimpleSpoofer: Build fields set to Pixel 10 Pro XL for com.ytheekshana.deviceinfo
08-28 18:25:05.670  2205  3277 D libsensor-B2SNotifier: Backlight2SlpiNotifier brightness = 27
08-28 18:25:05.670  4732  4732 I LSPosed-Bridge: SimpleSpoofer: SystemProperties hooks installed for com.ytheekshana.deviceinfo
08-28 18:25:05.671  4732  4732 I LSPosed-Bridge: SimpleSpoofer: PackageManager.hasSystemFeature hook installed for com.ytheekshana.deviceinfo
08-28 18:25:05.672  4732  4732 I hana.deviceinfo: AssetManager2(0xb40000721b7da558) locale list changing from [] to [en-US]
08-28 18:25:05.673  3502  3502 D BaseDepthController: mSurface is null and mCurrentBlur is: 0
08-28 18:25:05.675  4732  4732 V GraphicsEnvironment: Currently set values for:
08-28 18:25:05.675  4732  4732 V GraphicsEnvironment:   angle_gl_driver_selection_pkgs=[com.android.angle, com.linecorp.b612.android, com.campmobile.snow, com.google.android.apps.tachyon]
08-28 18:25:05.675  4732  4732 V GraphicsEnvironment:   angle_gl_driver_selection_values=[angle, native, native, native]
08-28 18:25:05.675  4732  4732 V GraphicsEnvironment: com.ytheekshana.deviceinfo is not listed in per-application setting
08-28 18:25:05.675  4732  4732 V GraphicsEnvironment: ANGLE allowlist from config: 
08-28 18:25:05.675  4732  4732 V GraphicsEnvironment: com.ytheekshana.deviceinfo is not listed in ANGLE allowlist or settings, returning default
08-28 18:25:05.675  4732  4732 V GraphicsEnvironment: Neither updatable production driver nor prerelease driver is supported.
08-28 18:25:05.678  4732  4732 I LSPosed-Bridge: SimpleSpoofer: Spoofed ro.product.model = Pixel 10 Pro XL
08-28 18:25:05.678  2205  3277 D libsensor-B2SNotifier: Backlight2SlpiNotifier brightness = 27
08-28 18:25:05.681  3502  3502 D BaseDepthController: mSurface is null and mCurrentBlur is: 0
08-28 18:25:05.681  4732  4732 I LSPosed-Bridge: SimpleSpoofer: Spoofed ro.product.model = Pixel 10 Pro XL
08-28 18:25:05.682  4732  4732 I LSPosed-Bridge: SimpleSpoofer: Spoofed ro.product.model = Pixel 10 Pro XL
08-28 18:25:05.682  4732  4732 I LSPosed-Bridge: SimpleSpoofer: Spoofed ro.soc.manufacturer = Google
08-28 18:25:05.682  4732  4732 I LSPosed-Bridge: SimpleSpoofer: SoC-related request: ro.soc.manufacturer = Google
08-28 18:25:05.687  2205  3277 D libsensor-B2SNotifier: Backlight2SlpiNotifier brightness = 27
08-28 18:25:05.689  3502  3502 D BaseDepthController: mSurface is null and mCurrentBlur is: 0
08-28 18:25:05.695  2205  3277 D libsensor-B2SNotifier: Backlight2SlpiNotifier brightness = 27
08-28 18:25:05.697  3502  3502 D BaseDepthController: mSurface is null and mCurrentBlur is: 0
08-28 18:25:05.703  2205  3277 D libsensor-B2SNotifier: Backlight2SlpiNotifier brightness = 26
08-28 18:25:05.706  3502  3502 D BaseDepthController: mSurface is null and mCurrentBlur is: 0
08-28 18:25:05.711  2205  3277 D libsensor-B2SNotifier: Backlight2SlpiNotifier brightness = 26
08-28 18:25:05.714  3502  3502 D BaseDepthController: mSurface is null and mCurrentBlur is: 0
08-28 18:25:05.720  2205  3277 D libsensor-B2SNotifier: Backlight2SlpiNotifier brightness = 26
08-28 18:25:05.722  3502  3502 D BaseDepthController: mSurface is null and mCurrentBlur is: 0
08-28 18:25:05.727  4732  4732 D FirebaseSessions: Dependency to CRASHLYTICS added.
08-28 18:25:05.729  4732  4732 I FirebaseApp: Device unlocked: initializing all Firebase APIs for app [DEFAULT]
08-28 18:25:05.730  3502  3502 D BaseDepthController: mSurface is null and mCurrentBlur is: 0
08-28 18:25:05.732  2205  3277 D libsensor-B2SNotifier: Backlight2SlpiNotifier brightness = 26
08-28 18:25:05.738  4732  4732 I FirebaseCrashlytics: Initializing Firebase Crashlytics 20.0.0 for com.ytheekshana.deviceinfo
08-28 18:25:05.739  3502  3502 D BaseDepthController: mSurface is null and mCurrentBlur is: 0
08-28 18:25:05.747  3502  3502 D BaseDepthController: mSurface is null and mCurrentBlur is: 0
08-28 18:25:05.747  4732  4732 D FirebaseSessions: Subscriber CRASHLYTICS registered.
08-28 18:25:05.748  2205  3277 D libsensor-B2SNotifier: Backlight2SlpiNotifier brightness = 26
08-28 18:25:05.750  4732  4763 W hana.deviceinfo: ClassLoaderContext classpath size mismatch. expected=1, found=0 (DLC[];PCL[base.apk*1811612869]{PCL[/system/framework/org.apache.http.legacy.jar*109050521]#PCL[/system/framework/com.android.media.remotedisplay.jar*2597751076]#PCL[/system/framework/com.android.location.provider.jar*1567259612]#PCL[/system_ext/framework/androidx.window.extensions.jar*2326151982]#PCL[/system_ext/framework/androidx.window.sidecar.jar*1750604274]} | DLC[];PCL[])
08-28 18:25:05.752  4732  4763 I DynamiteModule: Considering local module com.google.android.gms.measurement.dynamite:155 and remote module com.google.android.gms.measurement.dynamite:158
08-28 18:25:05.752  4732  4763 I DynamiteModule: Selected remote version of com.google.android.gms.measurement.dynamite, version >= 158
08-28 18:25:05.752  4732  4763 V DynamiteModule: Dynamite loader version >= 2, using loadModule2NoCrashUtils
08-28 18:25:05.756  3502  3502 D BaseDepthController: mSurface is null and mCurrentBlur is: 0
08-28 18:25:05.757  2205  3277 D libsensor-B2SNotifier: Backlight2SlpiNotifier brightness = 26
08-28 18:25:05.761  4732  4763 W System  : ClassLoader referenced unknown path: 
08-28 18:25:05.761  4732  4763 D nativeloader: Configuring clns-10 for other apk . target_sdk_version=36, uses_libraries=, library_path=/data/app/~~vPtb61twppyOdNHX7DVvyg==/com.google.android.gms-AiBQiASDk4Zoekl2_Gmyqw==/lib/arm64:/data/app/~~vPtb61twppyOdNHX7DVvyg==/com.google.android.gms-AiBQiASDk4Zoekl2_Gmyqw==/base.apk!/lib/arm64-v8a, permitted_path=/data:/mnt/expand:/data/user/0/com.google.android.gms
08-28 18:25:05.764  3502  3502 D BaseDepthController: mSurface is null and mCurrentBlur is: 0
08-28 18:25:05.765  4732  4763 I hana.deviceinfo: AssetManager2(0xb40000721b7e5138) locale list changing from [] to [en-US]
08-28 18:25:05.767  4732  4768 E ashmem  : Pinning is deprecated since Android Q. Please use trim or other methods.
08-28 18:25:05.767  2205  3277 D libsensor-B2SNotifier: Backlight2SlpiNotifier brightness = 26
08-28 18:25:05.771  4732  4732 D nativeloader: Load /data/app/~~-IOQGzVMDIDni4ztpkQ-MQ==/com.ytheekshana.deviceinfo-7N1EuX6sE2T_G76dzEzvNw==/split_config.arm64_v8a.apk!/lib/arm64-v8a/libdatastore_shared_counter.so using class loader ns clns-9 (caller=/data/app/~~-IOQGzVMDIDni4ztpkQ-MQ==/com.ytheekshana.deviceinfo-7N1EuX6sE2T_G76dzEzvNw==/base.apk): ok
08-28 18:25:05.772  3502  3502 D BaseDepthController: mSurface is null and mCurrentBlur is: 0
08-28 18:25:05.775  4732  4763 W hana.deviceinfo: ClassLoaderContext classpath element checksum mismatch. expected=1811612869, found=2248257990 (DLC[];PCL[base.apk*1811612869]{PCL[/system/framework/org.apache.http.legacy.jar*109050521]#PCL[/system/framework/com.android.media.remotedisplay.jar*2597751076]#PCL[/system/framework/com.android.location.provider.jar*1567259612]#PCL[/system_ext/framework/androidx.window.extensions.jar*2326151982]#PCL[/system_ext/framework/androidx.window.sidecar.jar*1750604274]} | DLC[];PCL[/data/app/~~-IOQGzVMDIDni4ztpkQ-MQ==/com.ytheekshana.deviceinfo-7N1EuX6sE2T_G76dzEzvNw==/base.apk*2248257990]{PCL[/system_ext/framework/androidx.window.extensions.jar*2326151982]#PCL[/system_ext/framework/androidx.window.sidecar.jar*1750604274]})
08-28 18:25:05.776  4732  4732 D FirebaseSessions: Initializing Firebase Sessions 3.0.0.
08-28 18:25:05.776  4732  4732 I FirebaseInitProvider: FirebaseApp initialization successful
08-28 18:25:05.776  4732  4774 I FirebaseCrashlytics: Saved version control info
08-28 18:25:05.777  2205  3277 D libsensor-B2SNotifier: Backlight2SlpiNotifier brightness = 26
08-28 18:25:05.779  4732  4763 I hana.deviceinfo: AssetManager2(0xb40000721b7e31f8) locale list changing from [] to [en-US]
08-28 18:25:05.779  4732  4763 I hana.deviceinfo: AssetManager2(0xb40000721b7e5a98) locale list changing from [] to [en-US]
08-28 18:25:05.779  4732  4732 D WM-WrkMgrInitializer: Initializing WorkManager with default configuration.
08-28 18:25:05.780  3502  3502 D BaseDepthController: mSurface is null and mCurrentBlur is: 0
08-28 18:25:05.784  4732  4732 D WM-PackageManagerHelper: Skipping component enablement for androidx.work.impl.background.systemjob.SystemJobService
08-28 18:25:05.784  4732  4732 D WM-Schedulers: Created SystemJobScheduler and enabled SystemJobService
08-28 18:25:05.784  4732  4769 D FirebaseSessions: Notified CRASHLYTICS of new session f717c78bdf43404db2686a251660a4f5
08-28 18:25:05.784  4732  4782 D WM-ForceStopRunnable: The default process name was not specified.
08-28 18:25:05.784  4732  4782 D WM-ForceStopRunnable: Performing cleanup operations.
08-28 18:25:05.788  2205  3277 D libsensor-B2SNotifier: Backlight2SlpiNotifier brightness = 26
08-28 18:25:05.792  3502  3502 D BaseDepthController: mSurface is null and mCurrentBlur is: 0
08-28 18:25:05.793  2387  3238 D BackgroundInstallControlService: Package event received: 0
08-28 18:25:05.793  2387  3238 D BackgroundInstallControlService: Package event received: 0
08-28 18:25:05.795  4732  4784 I DisplayManager: Choreographer implicitly registered for the refresh rate.
08-28 18:25:05.797  3502  3502 D BaseDepthController: mSurface is null and mCurrentBlur is: 0
08-28 18:25:05.799  2205  3277 D libsensor-B2SNotifier: Backlight2SlpiNotifier brightness = 25
08-28 18:25:05.799  4732  4732 I hana.deviceinfo: AssetManager2(0xb40000721b7dfcd8) locale list changing from [] to [en-US]
08-28 18:25:05.800  4732  4784 I AdrenoGLES-0: QUALCOMM build                   : 329cf4c2a7, I63533b1e29
08-28 18:25:05.800  4732  4784 I AdrenoGLES-0: Build Date                       : 01/31/23
08-28 18:25:05.800  4732  4784 I AdrenoGLES-0: OpenGL ES Shader Compiler Version: EV031.35.01.12
08-28 18:25:05.800  4732  4784 I AdrenoGLES-0: Local Branch                     : 
08-28 18:25:05.800  4732  4784 I AdrenoGLES-0: Remote Branch                    : refs/tags/AU_LINUX_ANDROID_LA.UM.9.14.11.00.00.571.148
08-28 18:25:05.800  4732  4784 I AdrenoGLES-0: Remote Branch                    : NONE
08-28 18:25:05.800  4732  4784 I AdrenoGLES-0: Reconstruct Branch               : NOTHING
08-28 18:25:05.800  4732  4784 I AdrenoGLES-0: Build Config                     : S P 10.0.7 AArch64
08-28 18:25:05.800  4732  4784 I AdrenoGLES-0: Driver Path                      : /vendor/lib64/egl/libGLESv2_adreno.so
08-28 18:25:05.801  4732  4732 I hana.deviceinfo: AssetManager2(0xb40000721b7da238) locale list changing from [] to [en-US]
08-28 18:25:05.805  3502  3502 D BaseDepthController: mSurface is null and mCurrentBlur is: 0
08-28 18:25:05.807  2205  3277 D libsensor-B2SNotifier: Backlight2SlpiNotifier brightness = 25
08-28 18:25:05.811  2205  3277 D libsensor-B2SNotifier: Backlight2SlpiNotifier brightness = 25
08-28 18:25:05.812  4732  4784 I AdrenoGLES-0: PFP: 0x016dc094, ME: 0x00000000
08-28 18:25:05.807  2387  2387 W bgres-controlle: type=1400 audit(0.0:31264): avc:  denied  { read } for  name="661f16" dev="dm-41" ino=146483 scontext=u:r:system_server:s0 tcontext=u:object_r:system_data_root_file:s0 tclass=file permissive=0
08-28 18:25:05.814  3502  3502 D BaseDepthController: mSurface is null and mCurrentBlur is: 0
08-28 18:25:05.820  4732  4732 D CompatChangeReporter: Compat change id reported: 377864165; UID 10660; state: ENABLED
08-28 18:25:05.821  4732  4732 D DesktopModeFlags: Toggle override initialized to: OVERRIDE_UNSET
08-28 18:25:05.822  3502  3502 D BaseDepthController: mSurface is null and mCurrentBlur is: 0
08-28 18:25:05.825  2205  3277 D libsensor-B2SNotifier: Backlight2SlpiNotifier brightness = 25
08-28 18:25:05.830  4732  4782 D WM-PackageManagerHelper: Skipping component enablement for androidx.work.impl.background.systemalarm.RescheduleReceiver
08-28 18:25:05.831  3502  3502 D BaseDepthController: mSurface is null and mCurrentBlur is: 0
08-28 18:25:05.831  2205  3277 D libsensor-B2SNotifier: Backlight2SlpiNotifier brightness = 25
08-28 18:25:05.837  2205  3277 D libsensor-B2SNotifier: Backlight2SlpiNotifier brightness = 25
08-28 18:25:05.839  2387  3238 D BackgroundInstallControlService: Package event received: 0
08-28 18:25:05.839  3502  3502 D BaseDepthController: mSurface is null and mCurrentBlur is: 0
08-28 18:25:05.840  4732  4732 I ContentCaptureHelper: Setting logging level to OFF
08-28 18:25:05.843  4732  4732 D FirebaseSessions: App foregrounded on com.ytheekshana.deviceinfo
08-28 18:25:05.844  4732  4732 D FirebaseSessions: Session f717c78bdf43404db2686a251660a4f5 is expired
08-28 18:25:05.845  4732  4789 E hana.deviceinfo: No package ID 6a found for resource ID 0x6a0b000f.
08-28 18:25:05.846  4732  4771 D FirebaseSessions: Session f717c78bdf43404db2686a251660a4f5 is expired
08-28 18:25:05.847  4732  4771 D FirebaseSessions: Cold app start detected
08-28 18:25:05.847  4732  4771 D FirebaseSessions: Process com.ytheekshana.deviceinfo is stale
08-28 18:25:05.847  3502  3502 D BaseDepthController: mSurface is null and mCurrentBlur is: 0
08-28 18:25:05.848  4732  4789 I FA      : App measurement initialized, version: 136000
08-28 18:25:05.848  4732  4789 I FA      : To enable debug logging run: adb shell setprop log.tag.FA VERBOSE
08-28 18:25:05.848  4732  4789 I FA      : To enable faster debug mode event logging run:
08-28 18:25:05.848  4732  4789 I FA      :   adb shell setprop debug.firebase.analytics.app com.ytheekshana.deviceinfo
08-28 18:25:05.849  2205  3277 D libsensor-B2SNotifier: Backlight2SlpiNotifier brightness = 25
08-28 18:25:05.855  3502  3502 D BaseDepthController: mSurface is null and mCurrentBlur is: 0
08-28 18:25:05.857  4732  4770 D FirebaseSessions: Notified CRASHLYTICS of new session 1d0ba22c75274d108326df792daffc08
08-28 18:25:05.862  4732  4783 D FBAudienceNetwork: SDK dex loading time: 72
08-28 18:25:05.862  2205  3277 D libsensor-B2SNotifier: Backlight2SlpiNotifier brightness = 25
08-28 18:25:05.863  4732  4771 D FirebaseSessions: Session Event Type: SESSION_START
08-28 18:25:05.863  4732  4771 D FirebaseSessions: Successfully logged Session Start event.
08-28 18:25:05.864  3502  3502 D BaseDepthController: mSurface is null and mCurrentBlur is: 0
08-28 18:25:05.872  3502  3502 D BaseDepthController: mSurface is null and mCurrentBlur is: 0
08-28 18:25:05.872  1607  1759 W ServiceManagerCppClient: Permission failure: android.permission.ACCESS_SURFACE_FLINGER from uid=10660 pid=0
08-28 18:25:05.872  1607  1759 D PermissionCache: checking android.permission.ACCESS_SURFACE_FLINGER for uid=10660 => denied (295 us)
08-28 18:25:05.873  1607  1759 W ServiceManagerCppClient: Permission failure: android.permission.ROTATE_SURFACE_FLINGER from uid=10660 pid=0
08-28 18:25:05.873  1607  1759 D PermissionCache: checking android.permission.ROTATE_SURFACE_FLINGER for uid=10660 => denied (107 us)
08-28 18:25:05.873  1607  1759 W ServiceManagerCppClient: Permission failure: android.permission.INTERNAL_SYSTEM_WINDOW from uid=10660 pid=0
08-28 18:25:05.873  1607  1759 D PermissionCache: checking android.permission.INTERNAL_SYSTEM_WINDOW for uid=10660 => denied (139 us)
08-28 18:25:05.873  1607  3269 W ServiceManagerCppClient: Permission failure: android.permission.ACCESS_SURFACE_FLINGER from uid=10660 pid=4732
08-28 18:25:05.873  1607  3269 D PermissionCache: checking android.permission.ACCESS_SURFACE_FLINGER for uid=10660 => denied (513 us)
08-28 18:25:05.874  2205  3277 D libsensor-B2SNotifier: Backlight2SlpiNotifier brightness = 25
08-28 18:25:05.875  2387  3238 D BackgroundInstallControlService: Package event received: 0
08-28 18:25:05.876  4732  4811 I Gralloc4: Adding additional valid usage bits: 0x8202000
08-28 18:25:05.877  3998  3998 D BoundBrokerSvc: onBind: Intent { act=com.google.android.gms.measurement.START xflg=0x4 pkg=com.google.android.gms }
08-28 18:25:05.877  3998  3998 D BoundBrokerSvc: Loading bound service for intent: Intent { act=com.google.android.gms.measurement.START xflg=0x4 pkg=com.google.android.gms }
08-28 18:25:05.879  2387  3150 D ConnectivityService: requestNetwork for uid/pid:1000/2387 asUid: 10660 activeRequest: null callbackRequest: 770 [NetworkRequest [ REQUEST id=771, [ Capabilities: INTERNET&NOT_RESTRICTED&TRUSTED&NOT_VCN_MANAGED&NOT_BANDWIDTH_CONSTRAINED Uid: 10660 RequestorUid: 1000 RequestorPkg: android UnderlyingNetworks: Null] ]] callback flags: 0 order: 2147483647 isUidTracked: false declaredMethods: AVAIL|LOST|BLK
08-28 18:25:05.880  2387  3178 D OemPaidWifiNetworkFactory: got request NetworkRequest [ REQUEST id=771, [ Capabilities: INTERNET&NOT_RESTRICTED&TRUSTED&NOT_VCN_MANAGED&NOT_BANDWIDTH_CONSTRAINED Uid: 10660 RequestorUid: 1000 RequestorPkg: android UnderlyingNetworks: Null] ]
08-28 18:25:05.880  2387  3178 D MultiInternetWifiNetworkFactory: got request NetworkRequest [ REQUEST id=771, [ Capabilities: INTERNET&NOT_RESTRICTED&TRUSTED&NOT_VCN_MANAGED&NOT_BANDWIDTH_CONSTRAINED Uid: 10660 RequestorUid: 1000 RequestorPkg: android UnderlyingNetworks: Null] ]
08-28 18:25:05.880  3502  3502 D BaseDepthController: mSurface is null and mCurrentBlur is: 0
08-28 18:25:05.880  3998  2765 I PhenotypeResourceReader: unable to find any Phenotype resource metadata for com.ytheekshana.deviceinfo
08-28 18:25:05.881  2387  3185 D ConnectivityService: NetReassign [771 : null  100] [c 0] [a 0] [i 2]
08-28 18:25:05.881  2387  3178 D WifiNetworkFactory: got request NetworkRequest [ REQUEST id=771, [ Capabilities: INTERNET&NOT_RESTRICTED&TRUSTED&NOT_VCN_MANAGED&NOT_BANDWIDTH_CONSTRAINED Uid: 10660 RequestorUid: 1000 RequestorPkg: android UnderlyingNetworks: Null] ]
08-28 18:25:05.881  2387  3178 D UntrustedWifiNetworkFactory: got request NetworkRequest [ REQUEST id=771, [ Capabilities: INTERNET&NOT_RESTRICTED&TRUSTED&NOT_VCN_MANAGED&NOT_BANDWIDTH_CONSTRAINED Uid: 10660 RequestorUid: 1000 RequestorPkg: android UnderlyingNetworks: Null] ]
08-28 18:25:05.883  2205  3277 D libsensor-B2SNotifier: Backlight2SlpiNotifier brightness = 25
08-28 18:25:05.885  2387  3412 W ServiceManagerCppClient: Waited one second for stats (is service started? Number of threads started in the threadpool: 32. Are binder threads started and available?)
08-28 18:25:05.888  1599  1692 W ServiceManagerCppClient: Waited one second for stats (is service started? Number of threads started in the threadpool: 6. Are binder threads started and available?)
08-28 18:25:05.889  3502  3502 D BaseDepthController: mSurface is null and mCurrentBlur is: 0
08-28 18:25:05.890  2205  3277 D libsensor-B2SNotifier: Backlight2SlpiNotifier brightness = 25
08-28 18:25:05.891   682  4817 W libc    : Unable to set property "ctl.interface_start" to "aidl/stats": PROP_ERROR_HANDLE_CONTROL_MESSAGE (0x20)
08-28 18:25:05.892  4732  4789 I FA      : Tag Manager is not found and thus will not be used
08-28 18:25:05.893   682  4818 W libc    : Unable to set property "ctl.interface_start" to "aidl/stats": PROP_ERROR_HANDLE_CONTROL_MESSAGE (0x20)
08-28 18:25:05.896 14075 14098 I Finsky  : [37] com.ytheekshana.deviceinfo: Account determined from installer data - [IbcneVy2KOnxfvY_qlZHfETiBHM-q0W6_7JU1SrLD6E]
08-28 18:25:05.897  2387  6526 W ServiceManagerCppClient: Permission failure: android.permission.ACCESS_SURFACE_FLINGER from uid=10660 pid=0
08-28 18:25:05.897  2387  6526 D PermissionCache: checking android.permission.ACCESS_SURFACE_FLINGER for uid=10660 => denied (93 us)
08-28 18:25:05.897  2387  6526 W ServiceManagerCppClient: Permission failure: android.permission.ROTATE_SURFACE_FLINGER from uid=10660 pid=0
08-28 18:25:05.897  2387  6526 D PermissionCache: checking android.permission.ROTATE_SURFACE_FLINGER for uid=10660 => denied (23 us)
