08-28 18:24:32.101  2117 14751 W ServiceManagerCppClient: Waited one second for stats (is service started? Number of threads started in the threadpool: 17. Are binder threads started and available?)
08-28 18:24:32.104   682  4438 W libc    : Unable to set property "ctl.interface_start" to "aidl/stats": PROP_ERROR_HANDLE_CONTROL_MESSAGE (0x20)
08-28 18:24:32.821  1599  1692 W ServiceManagerCppClient: Waited one second for stats (is service started? Number of threads started in the threadpool: 6. Are binder threads started and available?)
08-28 18:24:32.821  2387  3412 W ServiceManagerCppClient: Waited one second for stats (is service started? Number of threads started in the threadpool: 32. Are binder threads started and available?)
08-28 18:24:32.824   682  4440 W libc    : Unable to set property "ctl.interface_start" to "aidl/stats": PROP_ERROR_HANDLE_CONTROL_MESSAGE (0x20)
08-28 18:24:32.825   682  4441 W libc    : Unable to set property "ctl.interface_start" to "aidl/stats": PROP_ERROR_HANDLE_CONTROL_MESSAGE (0x20)
08-28 18:24:33.103  2117 14751 W ServiceManagerCppClient: Waited one second for stats (is service started? Number of threads started in the threadpool: 17. Are binder threads started and available?)
08-28 18:24:33.106   682  4446 W libc    : Unable to set property "ctl.interface_start" to "aidl/stats": PROP_ERROR_HANDLE_CONTROL_MESSAGE (0x20)
08-28 18:24:33.823  2387  3412 W ServiceManagerCppClient: Waited one second for stats (is service started? Number of threads started in the threadpool: 32. Are binder threads started and available?)
08-28 18:24:33.823  1599  1692 W ServiceManagerCppClient: Waited one second for stats (is service started? Number of threads started in the threadpool: 6. Are binder threads started and available?)
08-28 18:24:33.826   682  4448 W libc    : Unable to set property "ctl.interface_start" to "aidl/stats": PROP_ERROR_HANDLE_CONTROL_MESSAGE (0x20)
08-28 18:24:33.827   682  4447 W libc    : Unable to set property "ctl.interface_start" to "aidl/stats": PROP_ERROR_HANDLE_CONTROL_MESSAGE (0x20)
08-28 18:24:34.104  2117 14751 W ServiceManagerCppClient: Waited one second for stats (is service started? Number of threads started in the threadpool: 17. Are binder threads started and available?)
08-28 18:24:34.107   682  4449 W libc    : Unable to set property "ctl.interface_start" to "aidl/stats": PROP_ERROR_HANDLE_CONTROL_MESSAGE (0x20)
08-28 18:24:34.327 16713 16817 E AnalyticsService: Unable to create output stream
08-28 18:24:34.328 16713 16817 E CounterAnalytics: Unsuccessful upload. response code=-1
08-28 18:24:34.825  1599  1692 W ServiceManagerCppClient: Waited one second for stats (is service started? Number of threads started in the threadpool: 6. Are binder threads started and available?)
08-28 18:24:34.825  2387  3412 W ServiceManagerCppClient: Waited one second for stats (is service started? Number of threads started in the threadpool: 32. Are binder threads started and available?)
08-28 18:24:34.829   682  4452 W libc    : Unable to set property "ctl.interface_start" to "aidl/stats": PROP_ERROR_HANDLE_CONTROL_MESSAGE (0x20)
08-28 18:24:34.829   682  4451 W libc    : Unable to set property "ctl.interface_start" to "aidl/stats": PROP_ERROR_HANDLE_CONTROL_MESSAGE (0x20)
08-28 18:24:35.106  2117 14751 W ServiceManagerCppClient: Waited one second for stats (is service started? Number of threads started in the threadpool: 17. Are binder threads started and available?)
08-28 18:24:35.109   682  4453 W libc    : Unable to set property "ctl.interface_start" to "aidl/stats": PROP_ERROR_HANDLE_CONTROL_MESSAGE (0x20)
08-28 18:24:35.827  1599  1692 W ServiceManagerCppClient: Waited one second for stats (is service started? Number of threads started in the threadpool: 6. Are binder threads started and available?)
08-28 18:24:35.828  2387  3412 W ServiceManagerCppClient: Waited one second for stats (is service started? Number of threads started in the threadpool: 32. Are binder threads started and available?)
08-28 18:24:35.831   682  4455 W libc    : Unable to set property "ctl.interface_start" to "aidl/stats": PROP_ERROR_HANDLE_CONTROL_MESSAGE (0x20)
08-28 18:24:35.831   682  4454 W libc    : Unable to set property "ctl.interface_start" to "aidl/stats": PROP_ERROR_HANDLE_CONTROL_MESSAGE (0x20)
08-28 18:24:36.107  2117 14751 W ServiceManagerCppClient: Waited one second for stats (is service started? Number of threads started in the threadpool: 17. Are binder threads started and available?)
08-28 18:24:36.110   682  4457 W libc    : Unable to set property "ctl.interface_start" to "aidl/stats": PROP_ERROR_HANDLE_CONTROL_MESSAGE (0x20)
08-28 18:24:36.445   719  4406 I keystore2: system/security/keystore2/watchdog/src/lib.rs:377 - Watchdog thread idle -> terminating. Have a great day.
08-28 18:24:36.830  2387  3412 W ServiceManagerCppClient: Waited one second for stats (is service started? Number of threads started in the threadpool: 32. Are binder threads started and available?)
08-28 18:24:36.830  1599  1692 W ServiceManagerCppClient: Waited one second for stats (is service started? Number of threads started in the threadpool: 6. Are binder threads started and available?)
08-28 18:24:36.833   682  4459 W libc    : Unable to set property "ctl.interface_start" to "aidl/stats": PROP_ERROR_HANDLE_CONTROL_MESSAGE (0x20)
08-28 18:24:36.833   682  4458 W libc    : Unable to set property "ctl.interface_start" to "aidl/stats": PROP_ERROR_HANDLE_CONTROL_MESSAGE (0x20)
08-28 18:24:37.109  2117 14751 W ServiceManagerCppClient: Waited one second for stats (is service started? Number of threads started in the threadpool: 17. Are binder threads started and available?)
08-28 18:24:37.111   682  4461 W libc    : Unable to set property "ctl.interface_start" to "aidl/stats": PROP_ERROR_HANDLE_CONTROL_MESSAGE (0x20)
08-28 18:24:37.210 32557 32711 E msys    : E[N mns]_OnDiskCacheGetData(561)=>Start post callback cache refresh DNS resolution
08-28 18:24:37.211 32557 32711 W LibevQuicAsyncUDPSocket.h: setTosOrTrafficClass not implemented in LibevQuicAsyncUDPSocket
08-28 18:24:37.222 32557 32711 E MvfstCallbacks.cpp: onConnectionSetupError: error=TransportError: Internal Error, Error on socket write Operation not permitted, 
08-28 18:24:37.223 32557 32711 E msys    : E[N mns]_LogError(205)=>Failed to resolve using system DNS resolver, getaddrinfo(): No address associated with hostname
08-28 18:24:37.224 32557 32711 E msys    : E[N mns]_OnDiskCacheGetData(561)=>Start post callback cache refresh DNS resolution
08-28 18:24:37.225 32557 32711 E msys    : E[N mns]_LogError(205)=>Failed to resolve using system DNS resolver, getaddrinfo(): No address associated with hostname
08-28 18:24:37.533 32557 32711 E msys    : E[N mns]_OnDiskCacheGetData(561)=>Start post callback cache refresh DNS resolution
08-28 18:24:37.533 32557 32711 E msys    : E[N mns]_OnDiskCacheGetData(561)=>Start post callback cache refresh DNS resolution
08-28 18:24:37.536 32557 32711 W LibevQuicAsyncUDPSocket.h: setTosOrTrafficClass not implemented in LibevQuicAsyncUDPSocket
08-28 18:24:37.547 32557 32711 E msys    : E[N mns]_LogError(205)=>Failed to resolve using system DNS resolver, getaddrinfo(): No address associated with hostname
08-28 18:24:37.548 32557 32711 E msys    : E[N mns]_LogError(205)=>Failed to resolve using system DNS resolver, getaddrinfo(): No address associated with hostname
08-28 18:24:37.548 32557 32711 E MvfstCallbacks.cpp: onConnectionSetupError: error=TransportError: Internal Error, Error on socket write Operation not permitted, 
08-28 18:24:37.832  1599  1692 W ServiceManagerCppClient: Waited one second for stats (is service started? Number of threads started in the threadpool: 6. Are binder threads started and available?)
08-28 18:24:37.832  2387  3412 W ServiceManagerCppClient: Waited one second for stats (is service started? Number of threads started in the threadpool: 32. Are binder threads started and available?)
08-28 18:24:37.835   682  4468 W libc    : Unable to set property "ctl.interface_start" to "aidl/stats": PROP_ERROR_HANDLE_CONTROL_MESSAGE (0x20)
08-28 18:24:37.837   682  4469 W libc    : Unable to set property "ctl.interface_start" to "aidl/stats": PROP_ERROR_HANDLE_CONTROL_MESSAGE (0x20)
08-28 18:24:38.110  2117 14751 W ServiceManagerCppClient: Waited one second for stats (is service started? Number of threads started in the threadpool: 17. Are binder threads started and available?)
08-28 18:24:38.113   682  4470 W libc    : Unable to set property "ctl.interface_start" to "aidl/stats": PROP_ERROR_HANDLE_CONTROL_MESSAGE (0x20)
08-28 18:24:38.834  2387  3412 W ServiceManagerCppClient: Waited one second for stats (is service started? Number of threads started in the threadpool: 32. Are binder threads started and available?)
08-28 18:24:38.834  1599  1692 W ServiceManagerCppClient: Waited one second for stats (is service started? Number of threads started in the threadpool: 6. Are binder threads started and available?)
08-28 18:24:38.838   682  4471 W libc    : Unable to set property "ctl.interface_start" to "aidl/stats": PROP_ERROR_HANDLE_CONTROL_MESSAGE (0x20)
08-28 18:24:38.838   682  4472 W libc    : Unable to set property "ctl.interface_start" to "aidl/stats": PROP_ERROR_HANDLE_CONTROL_MESSAGE (0x20)
08-28 18:24:39.112  2117 14751 W ServiceManagerCppClient: Waited one second for stats (is service started? Number of threads started in the threadpool: 17. Are binder threads started and available?)
08-28 18:24:39.114   682  4473 W libc    : Unable to set property "ctl.interface_start" to "aidl/stats": PROP_ERROR_HANDLE_CONTROL_MESSAGE (0x20)
08-28 18:24:39.837  1599  1692 W ServiceManagerCppClient: Waited one second for stats (is service started? Number of threads started in the threadpool: 6. Are binder threads started and available?)
08-28 18:24:39.837  2387  3412 W ServiceManagerCppClient: Waited one second for stats (is service started? Number of threads started in the threadpool: 32. Are binder threads started and available?)
08-28 18:24:39.839   682  4474 W libc    : Unable to set property "ctl.interface_start" to "aidl/stats": PROP_ERROR_HANDLE_CONTROL_MESSAGE (0x20)
08-28 18:24:39.840   682  4477 W libc    : Unable to set property "ctl.interface_start" to "aidl/stats": PROP_ERROR_HANDLE_CONTROL_MESSAGE (0x20)
08-28 18:24:40.113  2117 14751 W ServiceManagerCppClient: Waited one second for stats (is service started? Number of threads started in the threadpool: 17. Are binder threads started and available?)
08-28 18:24:40.116   682  4478 W libc    : Unable to set property "ctl.interface_start" to "aidl/stats": PROP_ERROR_HANDLE_CONTROL_MESSAGE (0x20)
08-28 18:24:40.839  1599  1692 W ServiceManagerCppClient: Waited one second for stats (is service started? Number of threads started in the threadpool: 6. Are binder threads started and available?)
08-28 18:24:40.839  2387  3412 W ServiceManagerCppClient: Waited one second for stats (is service started? Number of threads started in the threadpool: 32. Are binder threads started and available?)
08-28 18:24:40.842   682  4479 W libc    : Unable to set property "ctl.interface_start" to "aidl/stats": PROP_ERROR_HANDLE_CONTROL_MESSAGE (0x20)
08-28 18:24:40.843   682  4480 W libc    : Unable to set property "ctl.interface_start" to "aidl/stats": PROP_ERROR_HANDLE_CONTROL_MESSAGE (0x20)
08-28 18:24:41.115  2117 14751 W ServiceManagerCppClient: Waited one second for stats (is service started? Number of threads started in the threadpool: 17. Are binder threads started and available?)
08-28 18:24:41.117   682  4481 W libc    : Unable to set property "ctl.interface_start" to "aidl/stats": PROP_ERROR_HANDLE_CONTROL_MESSAGE (0x20)
08-28 18:24:41.842  2387  3412 W ServiceManagerCppClient: Waited one second for stats (is service started? Number of threads started in the threadpool: 32. Are binder threads started and available?)
08-28 18:24:41.842  1599  1692 W ServiceManagerCppClient: Waited one second for stats (is service started? Number of threads started in the threadpool: 6. Are binder threads started and available?)
08-28 18:24:41.845   682  4482 W libc    : Unable to set property "ctl.interface_start" to "aidl/stats": PROP_ERROR_HANDLE_CONTROL_MESSAGE (0x20)
08-28 18:24:41.845   682  4483 W libc    : Unable to set property "ctl.interface_start" to "aidl/stats": PROP_ERROR_HANDLE_CONTROL_MESSAGE (0x20)
08-28 18:24:41.954  3998  3998 D BoundBrokerSvc: onUnbind: Intent { act=com.google.android.gms.libs.gmscorelogger.service.START dat=chimera-action:/... xflg=0x4 cmp=com.google.android.gms/.chimera.PersistentDirectBootAwareApiService }
08-28 18:24:42.116  2117 14751 W ServiceManagerCppClient: Waited one second for stats (is service started? Number of threads started in the threadpool: 17. Are binder threads started and available?)
08-28 18:24:42.119   682  4484 W libc    : Unable to set property "ctl.interface_start" to "aidl/stats": PROP_ERROR_HANDLE_CONTROL_MESSAGE (0x20)
08-28 18:24:42.843  1599  1692 W ServiceManagerCppClient: Waited one second for stats (is service started? Number of threads started in the threadpool: 6. Are binder threads started and available?)
08-28 18:24:42.843  2387  3412 W ServiceManagerCppClient: Waited one second for stats (is service started? Number of threads started in the threadpool: 32. Are binder threads started and available?)
08-28 18:24:42.847   682  4485 W libc    : Unable to set property "ctl.interface_start" to "aidl/stats": PROP_ERROR_HANDLE_CONTROL_MESSAGE (0x20)
08-28 18:24:42.848   682  4486 W libc    : Unable to set property "ctl.interface_start" to "aidl/stats": PROP_ERROR_HANDLE_CONTROL_MESSAGE (0x20)
08-28 18:24:42.961  3998  3998 D BoundBrokerSvc: onRebind: Intent { act=com.google.android.gms.libs.gmscorelogger.service.START dat=chimera-action:/... xflg=0x4 cmp=com.google.android.gms/.chimera.PersistentDirectBootAwareApiService }
08-28 18:24:43.117  2117 14751 W ServiceManagerCppClient: Waited one second for stats (is service started? Number of threads started in the threadpool: 17. Are binder threads started and available?)
08-28 18:24:43.120   682  4487 W libc    : Unable to set property "ctl.interface_start" to "aidl/stats": PROP_ERROR_HANDLE_CONTROL_MESSAGE (0x20)
08-28 18:24:43.846  2387  3412 W ServiceManagerCppClient: Waited one second for stats (is service started? Number of threads started in the threadpool: 32. Are binder threads started and available?)
08-28 18:24:43.846  1599  1692 W ServiceManagerCppClient: Waited one second for stats (is service started? Number of threads started in the threadpool: 6. Are binder threads started and available?)
08-28 18:24:43.849   682  4488 W libc    : Unable to set property "ctl.interface_start" to "aidl/stats": PROP_ERROR_HANDLE_CONTROL_MESSAGE (0x20)
08-28 18:24:43.849   682  4489 W libc    : Unable to set property "ctl.interface_start" to "aidl/stats": PROP_ERROR_HANDLE_CONTROL_MESSAGE (0x20)
08-28 18:24:44.119  2117 14751 W ServiceManagerCppClient: Waited one second for stats (is service started? Number of threads started in the threadpool: 17. Are binder threads started and available?)
08-28 18:24:44.121   682  4490 W libc    : Unable to set property "ctl.interface_start" to "aidl/stats": PROP_ERROR_HANDLE_CONTROL_MESSAGE (0x20)
08-28 18:24:44.848  2387  3412 W ServiceManagerCppClient: Waited one second for stats (is service started? Number of threads started in the threadpool: 32. Are binder threads started and available?)
08-28 18:24:44.848  1599  1692 W ServiceManagerCppClient: Waited one second for stats (is service started? Number of threads started in the threadpool: 6. Are binder threads started and available?)
08-28 18:24:44.851   682  4491 W libc    : Unable to set property "ctl.interface_start" to "aidl/stats": PROP_ERROR_HANDLE_CONTROL_MESSAGE (0x20)
08-28 18:24:44.852   682  4492 W libc    : Unable to set property "ctl.interface_start" to "aidl/stats": PROP_ERROR_HANDLE_CONTROL_MESSAGE (0x20)
08-28 18:24:45.121  2117 14751 W ServiceManagerCppClient: Waited one second for stats (is service started? Number of threads started in the threadpool: 17. Are binder threads started and available?)
08-28 18:24:45.123   682  4493 W libc    : Unable to set property "ctl.interface_start" to "aidl/stats": PROP_ERROR_HANDLE_CONTROL_MESSAGE (0x20)
08-28 18:24:45.850  1599  1692 W ServiceManagerCppClient: Waited one second for stats (is service started? Number of threads started in the threadpool: 6. Are binder threads started and available?)
08-28 18:24:45.850  2387  3412 W ServiceManagerCppClient: Waited one second for stats (is service started? Number of threads started in the threadpool: 32. Are binder threads started and available?)
08-28 18:24:45.853   682  4495 W libc    : Unable to set property "ctl.interface_start" to "aidl/stats": PROP_ERROR_HANDLE_CONTROL_MESSAGE (0x20)
08-28 18:24:45.853   682  4496 W libc    : Unable to set property "ctl.interface_start" to "aidl/stats": PROP_ERROR_HANDLE_CONTROL_MESSAGE (0x20)
08-28 18:24:46.122  2117 14751 W ServiceManagerCppClient: Waited one second for stats (is service started? Number of threads started in the threadpool: 17. Are binder threads started and available?)
08-28 18:24:46.125   682  4497 W libc    : Unable to set property "ctl.interface_start" to "aidl/stats": PROP_ERROR_HANDLE_CONTROL_MESSAGE (0x20)
08-28 18:24:46.852  2387  3412 W ServiceManagerCppClient: Waited one second for stats (is service started? Number of threads started in the threadpool: 32. Are binder threads started and available?)
08-28 18:24:46.852  1599  1692 W ServiceManagerCppClient: Waited one second for stats (is service started? Number of threads started in the threadpool: 6. Are binder threads started and available?)
08-28 18:24:46.856   682  4498 W libc    : Unable to set property "ctl.interface_start" to "aidl/stats": PROP_ERROR_HANDLE_CONTROL_MESSAGE (0x20)
08-28 18:24:46.857   682  4499 W libc    : Unable to set property "ctl.interface_start" to "aidl/stats": PROP_ERROR_HANDLE_CONTROL_MESSAGE (0x20)
08-28 18:24:46.884 32557 32712 E MQTTBypassDGWStreamGroupConnection.cpp: connect failed. Callbacks terminated before ack received
08-28 18:24:46.887 32557 32617 E MQTTBypassDGWStreamGroupCallbacks.cpp: onStreamGroupError StreamGroupNetworkRequest request cancelled: max retries reached; last err (Error Domain=MNSSecureTCP Code=1 UserInfo=0xb40000724b8c35b0 {MCFErrorDirectLocalizedFailureReasonKey=SecureTCP connection establish timeout})
08-28 18:24:46.887 32557 32617 W MQTTBypassDGWStreamGroupConnection.cpp: Restarting due to reason: StreamError
08-28 18:24:47.123  2117 14751 W ServiceManagerCppClient: Waited one second for stats (is service started? Number of threads started in the threadpool: 17. Are binder threads started and available?)
08-28 18:24:47.126   682  4500 W libc    : Unable to set property "ctl.interface_start" to "aidl/stats": PROP_ERROR_HANDLE_CONTROL_MESSAGE (0x20)
08-28 18:24:47.855  1599  1692 W ServiceManagerCppClient: Waited one second for stats (is service started? Number of threads started in the threadpool: 6. Are binder threads started and available?)
08-28 18:24:47.855  2387  3412 W ServiceManagerCppClient: Waited one second for stats (is service started? Number of threads started in the threadpool: 32. Are binder threads started and available?)
08-28 18:24:47.858   682  4501 W libc    : Unable to set property "ctl.interface_start" to "aidl/stats": PROP_ERROR_HANDLE_CONTROL_MESSAGE (0x20)
08-28 18:24:47.859   682  4502 W libc    : Unable to set property "ctl.interface_start" to "aidl/stats": PROP_ERROR_HANDLE_CONTROL_MESSAGE (0x20)
08-28 18:24:47.893 32557 32711 E msys    : E[N mns]_OnDiskCacheGetData(561)=>Start post callback cache refresh DNS resolution
08-28 18:24:47.894 32557 32711 W LibevQuicAsyncUDPSocket.h: setTosOrTrafficClass not implemented in LibevQuicAsyncUDPSocket
08-28 18:24:47.906 32557 32711 E MvfstCallbacks.cpp: onConnectionSetupError: error=TransportError: Internal Error, Error on socket write Operation not permitted, 
08-28 18:24:47.907 32557 32711 E msys    : E[N mns]_LogError(205)=>Failed to resolve using system DNS resolver, getaddrinfo(): No address associated with hostname
08-28 18:24:47.908 32557 32711 E msys    : E[N mns]_OnDiskCacheGetData(561)=>Start post callback cache refresh DNS resolution
08-28 18:24:47.910 32557 32711 E msys    : E[N mns]_LogError(205)=>Failed to resolve using system DNS resolver, getaddrinfo(): No address associated with hostname
08-28 18:24:48.103 32557 32711 E msys    : E[N mns]_OnDiskCacheGetData(561)=>Start post callback cache refresh DNS resolution
08-28 18:24:48.103 32557 32711 E msys    : E[N mns]_OnDiskCacheGetData(561)=>Start post callback cache refresh DNS resolution
08-28 18:24:48.106 32557 32711 W LibevQuicAsyncUDPSocket.h: setTosOrTrafficClass not implemented in LibevQuicAsyncUDPSocket
08-28 18:24:48.116 32557 32711 E msys    : E[N mns]_LogError(205)=>Failed to resolve using system DNS resolver, getaddrinfo(): No address associated with hostname
08-28 18:24:48.117 32557 32711 E MvfstCallbacks.cpp: onConnectionSetupError: error=TransportError: Internal Error, Error on socket write Operation not permitted, 
08-28 18:24:48.118 32557 32711 E msys    : E[N mns]_LogError(205)=>Failed to resolve using system DNS resolver, getaddrinfo(): No address associated with hostname
08-28 18:24:48.125  2117 14751 W ServiceManagerCppClient: Waited one second for stats (is service started? Number of threads started in the threadpool: 17. Are binder threads started and available?)
08-28 18:24:48.127   682  4507 W libc    : Unable to set property "ctl.interface_start" to "aidl/stats": PROP_ERROR_HANDLE_CONTROL_MESSAGE (0x20)
08-28 18:24:48.857  2387  3412 W ServiceManagerCppClient: Waited one second for stats (is service started? Number of threads started in the threadpool: 32. Are binder threads started and available?)
08-28 18:24:48.857  1599  1692 W ServiceManagerCppClient: Waited one second for stats (is service started? Number of threads started in the threadpool: 6. Are binder threads started and available?)
08-28 18:24:48.860   682  4508 W libc    : Unable to set property "ctl.interface_start" to "aidl/stats": PROP_ERROR_HANDLE_CONTROL_MESSAGE (0x20)
08-28 18:24:48.861   682  4509 W libc    : Unable to set property "ctl.interface_start" to "aidl/stats": PROP_ERROR_HANDLE_CONTROL_MESSAGE (0x20)
08-28 18:24:49.126  2117 14751 W ServiceManagerCppClient: Waited one second for stats (is service started? Number of threads started in the threadpool: 17. Are binder threads started and available?)
08-28 18:24:49.128   682  4511 W libc    : Unable to set property "ctl.interface_start" to "aidl/stats": PROP_ERROR_HANDLE_CONTROL_MESSAGE (0x20)
08-28 18:24:49.860  1599  1692 W ServiceManagerCppClient: Waited one second for stats (is service started? Number of threads started in the threadpool: 6. Are binder threads started and available?)
08-28 18:24:49.860  2387  3412 W ServiceManagerCppClient: Waited one second for stats (is service started? Number of threads started in the threadpool: 32. Are binder threads started and available?)
08-28 18:24:49.862   682  4512 W libc    : Unable to set property "ctl.interface_start" to "aidl/stats": PROP_ERROR_HANDLE_CONTROL_MESSAGE (0x20)
08-28 18:24:49.862   682  4513 W libc    : Unable to set property "ctl.interface_start" to "aidl/stats": PROP_ERROR_HANDLE_CONTROL_MESSAGE (0x20)
08-28 18:24:50.127  2117 14751 W ServiceManagerCppClient: Waited one second for stats (is service started? Number of threads started in the threadpool: 17. Are binder threads started and available?)
08-28 18:24:50.129   682  4514 W libc    : Unable to set property "ctl.interface_start" to "aidl/stats": PROP_ERROR_HANDLE_CONTROL_MESSAGE (0x20)
08-28 18:24:50.861  1599  1692 W ServiceManagerCppClient: Waited one second for stats (is service started? Number of threads started in the threadpool: 6. Are binder threads started and available?)
08-28 18:24:50.862  2387  3412 W ServiceManagerCppClient: Waited one second for stats (is service started? Number of threads started in the threadpool: 32. Are binder threads started and available?)
08-28 18:24:50.864   682  4515 W libc    : Unable to set property "ctl.interface_start" to "aidl/stats": PROP_ERROR_HANDLE_CONTROL_MESSAGE (0x20)
08-28 18:24:50.865   682  4516 W libc    : Unable to set property "ctl.interface_start" to "aidl/stats": PROP_ERROR_HANDLE_CONTROL_MESSAGE (0x20)
08-28 18:24:51.128  2117 14751 W ServiceManagerCppClient: Waited one second for stats (is service started? Number of threads started in the threadpool: 17. Are binder threads started and available?)
08-28 18:24:51.130   682  4518 W libc    : Unable to set property "ctl.interface_start" to "aidl/stats": PROP_ERROR_HANDLE_CONTROL_MESSAGE (0x20)
08-28 18:24:51.863  2387  3412 W ServiceManagerCppClient: Waited one second for stats (is service started? Number of threads started in the threadpool: 32. Are binder threads started and available?)
08-28 18:24:51.863  1599  1692 W ServiceManagerCppClient: Waited one second for stats (is service started? Number of threads started in the threadpool: 6. Are binder threads started and available?)
08-28 18:24:51.866   682  4520 W libc    : Unable to set property "ctl.interface_start" to "aidl/stats": PROP_ERROR_HANDLE_CONTROL_MESSAGE (0x20)
08-28 18:24:51.867   682  4521 W libc    : Unable to set property "ctl.interface_start" to "aidl/stats": PROP_ERROR_HANDLE_CONTROL_MESSAGE (0x20)
08-28 18:24:52.129  2117 14751 W ServiceManagerCppClient: Waited one second for stats (is service started? Number of threads started in the threadpool: 17. Are binder threads started and available?)
08-28 18:24:52.132   682  4522 W libc    : Unable to set property "ctl.interface_start" to "aidl/stats": PROP_ERROR_HANDLE_CONTROL_MESSAGE (0x20)
08-28 18:24:52.865  1599  1692 W ServiceManagerCppClient: Waited one second for stats (is service started? Number of threads started in the threadpool: 6. Are binder threads started and available?)
08-28 18:24:52.865  2387  3412 W ServiceManagerCppClient: Waited one second for stats (is service started? Number of threads started in the threadpool: 32. Are binder threads started and available?)
08-28 18:24:52.868   682  4523 W libc    : Unable to set property "ctl.interface_start" to "aidl/stats": PROP_ERROR_HANDLE_CONTROL_MESSAGE (0x20)
08-28 18:24:52.869   682  4524 W libc    : Unable to set property "ctl.interface_start" to "aidl/stats": PROP_ERROR_HANDLE_CONTROL_MESSAGE (0x20)
08-28 18:24:53.131  2117 14751 W ServiceManagerCppClient: Waited one second for stats (is service started? Number of threads started in the threadpool: 17. Are binder threads started and available?)
08-28 18:24:53.133   682  4525 W libc    : Unable to set property "ctl.interface_start" to "aidl/stats": PROP_ERROR_HANDLE_CONTROL_MESSAGE (0x20)
08-28 18:24:53.163 14075 14174 I Finsky  : [57] AIM: AppInfoManager-Perf > Destroying AppInfoManager ...
08-28 18:24:53.867  2387  3412 W ServiceManagerCppClient: Waited one second for stats (is service started? Number of threads started in the threadpool: 32. Are binder threads started and available?)
08-28 18:24:53.867  1599  1692 W ServiceManagerCppClient: Waited one second for stats (is service started? Number of threads started in the threadpool: 6. Are binder threads started and available?)
08-28 18:24:53.871   682  4526 W libc    : Unable to set property "ctl.interface_start" to "aidl/stats": PROP_ERROR_HANDLE_CONTROL_MESSAGE (0x20)
08-28 18:24:53.871   682  4527 W libc    : Unable to set property "ctl.interface_start" to "aidl/stats": PROP_ERROR_HANDLE_CONTROL_MESSAGE (0x20)
08-28 18:24:54.132  2117 14751 W ServiceManagerCppClient: Waited one second for stats (is service started? Number of threads started in the threadpool: 17. Are binder threads started and available?)
08-28 18:24:54.134   682  4528 W libc    : Unable to set property "ctl.interface_start" to "aidl/stats": PROP_ERROR_HANDLE_CONTROL_MESSAGE (0x20)
08-28 18:24:54.326  1494  2447 E CamX    : [ERROR][NCS    ] camxncsintfqsee.cpp:2148 SensorCallback() Invalid sensor index -1
08-28 18:24:54.346  1494  2447 E CamX    : [ERROR][NCS    ] camxncsintfqsee.cpp:2148 SensorCallback() Invalid sensor index -1
08-28 18:24:54.346  1494  2447 E CamX    : [ERROR][NCS    ] camxncsintfqsee.cpp:2148 SensorCallback() Invalid sensor index -1
08-28 18:24:54.537  1494  2447 E CamX    : [ERROR][NCS    ] camxncsintfqsee.cpp:2355 FillSensorData() Invalid sensor index -1
08-28 18:24:54.678  3546  4182 I QcrilOemhookMsgTunnel: [1]processOemHookIndication length=21
08-28 18:24:54.701  3291  3291 D InsetsController: Setting requestedVisibleTypes to -9 (was -11)
08-28 18:24:54.705  3291  3291 D WindowRootViewBlurInteractor: requestingBlurForShade for 0 false
08-28 18:24:54.709  3291  3291 V DreamService[DozeService]: UpdateDoze mDozeScreenState=2 mDozeScreenBrightness=3 mDozeScreenBrightnessFloat=NaN
08-28 18:24:54.710  2387  6717 D DreamManagerService: Dream requested to start dozing: android.os.Binder@e1cfe7b, screenState=ON, reason=UNKNOWN, screenBrightnessFloat=NaN, screenBrightnessInt=3, useNormalBrightnessForDoze=false
08-28 18:24:54.712  2387  2963 I DisplayPowerController[0]: Blocking screen on until initial contents have been drawn.
08-28 18:24:54.713  2387  2963 D WindowManager: Remove SleepToken: tag=Display-off, displayId=0
08-28 18:24:54.715  2387  2963 I DisplayPowerController: Window Manager Policy screenTurningOn complete
08-28 18:24:54.715  2387  2963 I DisplayBrightnessStrategySelector: Changing the DisplayBrightnessStrategy from ScreenOffBrightnessStrategy to DozeBrightnessStrategy for display 0
08-28 18:24:54.716  2387  2963 V DisplayPowerController[0]: Brightness [0.007874016] reason changing to: 'doze', previous reason: 'screen_off'.
08-28 18:24:54.716  2387  2963 I DisplayPowerController[0]: BrightnessEvent: brt=0.007874016 (15.0%), nits= 9.858268, lux=-1.0, reason=doze, strat=DozeBrightnessStrategy, state=ON, stateReason=UNKNOWN, policy=DOZE, flags=, initBrt=0.0, rcmdBrt=NaN, preBrt=NaN, preLux=0.0, wasShortTermModelActive=false, autoBrightness=true (default), unclampedBrt=0.007874016, hbmMax=1.0, hbmMode=off, thrmMax=1.0, rbcStrength=81, powerFactor=1.0, physDisp=Built-in Screen(local:4630946736638489730), logicalId=0, slowChange=false, rampSpeed=0.0
08-28 18:24:54.717  1607  1607 I RefreshRateSelector: Display 4630946736638489730 policy changed
08-28 18:24:54.717  1607  1607 I RefreshRateSelector: Previous: {defaultModeId=1, allowGroupSwitching=false, primaryRanges={physical=[60.00 Hz, 120.00 Hz], render=[60.00 Hz, 60.00 Hz]}, appRequestRanges={physical=[0.00 Hz, 120.00 Hz], render=[0.00 Hz, 60.00 Hz]} idleScreenConfig=nullptr}
08-28 18:24:54.717  1607  1607 I RefreshRateSelector: Current:  DisplayManagerPolicy{defaultModeId=0, allowGroupSwitching=false, primaryRanges={physical=[60.00 Hz, 120.00 Hz], render=[60.00 Hz, 120.00 Hz]}, appRequestRanges={physical=[0.00 Hz, 120.00 Hz], render=[0.00 Hz, 120.00 Hz]} idleScreenConfig=nullptr}
08-28 18:24:54.717  1607  1607 I RefreshRateSelector: 0 mode changes were performed under the previous policy
08-28 18:24:54.717  2387  3225 I MR2ServiceImpl: Updating composite discovery preference | preference: RouteDiscoveryRequest{ preferredFeatures={}, activeScan=false }, active routers: []
08-28 18:24:54.719  1607  1607 D DisplayModeController: setDesiredMode 4630946736638489730 {mode={fps=60.00 Hz, modePtr={id=1, vsyncRate=60.00 Hz, peakRefreshRate=60.00 Hz}}, emitEvent=true, force=false}
08-28 18:24:54.719  1607  1607 D SurfaceFlinger: Setting power mode 2 on physical display 4630946736638489730
08-28 18:24:54.719  1607  1607 D SurfaceFlinger: setPhysicalDisplayPowerMode(ON): Disabling power optimizations
08-28 18:24:54.720  1525  1925 I SDM     : DisplayBase::SetDisplayState: Set state = 1, display 54-0, teardown = 0
08-28 18:24:54.725  3583  4344 D SatelliteController: iisInCarrierRoamingNbIotNtn: satellite is disabled
08-28 18:24:54.729  2387  2937 I DisplayDeviceRepository: Display device changed state: "Built-in Screen", ON
08-28 18:24:54.730  2387  2937 I InputManager-JNI: Viewport [0] to add: local:4630946736638489730, isActive: true
08-28 18:24:54.731  2387  2938 I DisplayDevice: [0] Layerstack set to 0 for local:4630946736638489730
08-28 18:24:54.731  2387  3155 I InputReader: Reconfiguring input devices, changes=DISPLAY_INFO
08-28 18:24:54.731  2387  3155 I InputReader: Device reconfigured: id=5, name='fts', size 1440x3200, orientation Rotation0, mode DIRECT, display id 0
08-28 18:24:54.732  1491 24239 D audio_hw_primary: adev_set_parameters: enter: screen_state=on
08-28 18:24:54.732  1491 24239 V msm8974_platform: platform_set_parameters: enter: screen_state=on
08-28 18:24:54.732  1491 24239 D msm8974_platform: platform_set_parameters: exit with code(0)
08-28 18:24:54.732  1491 24239 D sound_trigger_hw: handle_screen_status_change: screen on
08-28 18:24:54.732  1491 24239 D audio_hw_cspl_cal: cirrus_cal_setparameters: enter 0xeb500010
08-28 18:24:54.732  1491 24239 D audio_hw_primary: adev_set_parameters: exit with code(0)
08-28 18:24:54.733  2387  2963 D BrightnessThermalClamper: Thermal status observer already started
08-28 18:24:54.734  2387  2935 D WindowManager: DeferredDisplayUpdater: partially applying DisplayInfo(1440 x 3200) immediately
08-28 18:24:54.737  3583  4344 D SatelliteController: handleCmdUpdateNtnSignalStrengthReporting: ignore request, satellite is disabled
08-28 18:24:54.744  5563  5563 I PkDeviceHelper: PkDeviceHelper.refreshDevices():93 refreshing devices
08-28 18:24:54.744  3998  3998 I NearbyDiscovery: (REDACTED) FastPairDisplayObserver: %s -> %s
08-28 18:24:54.745  3998  9540 I NearbyDiscovery: (REDACTED) FastPairScanner: isScreenOn=%s, isLocationEnabled=%s, disableLocationRequirement=%s, isDiscoveryScanningEnabled=%s, during24GhzWifiWarmingUpPeriod=%s
08-28 18:24:54.745  3998  9540 D BluetoothAdapter: isLeEnabled(): ON
08-28 18:24:54.745  3998  9540 I NearbyDiscovery: (REDACTED) FastPairScanner: eventType=%s, intReq=%s, scanning=%s, scanAllowed=%s, bleEnabled=%s, lockScanRate=%s, startScanningByLowPowerMode=%s
08-28 18:24:54.746  1502  1502 E sensors.elliptic@2.0: Elliptic: batch() 0
08-28 18:24:54.747  3525  4233 W IWlanNetworkService: 106 > Response Processed
08-28 18:24:54.756  3583  3583 D SatelliteController: Satellite for carrier is not supported.
08-28 18:24:54.756  3583  3583 D SatelliteController: Satellite for carrier is not supported.
08-28 18:24:54.756  3583  3583 D SatelliteController: registerForSatelliteModemStateChanged: add Listeners for ModemState
08-28 18:24:54.756  3583  3583 E SatelliteController: registerForSatelliteModemStateChanged: mSatelliteSessionController is not initialized yet
08-28 18:24:54.758  3546  4182 I QcrilOemhookMsgTunnel: [0]processOemHookIndication length=22
08-28 18:24:54.766  3583  4344 D SatelliteController: iisInCarrierRoamingNbIotNtn: satellite is disabled
08-28 18:24:54.770  3525  4233 W IWlanNetworkService: 107 > Response Processed
08-28 18:24:54.784  3525  4233 W IWlanNetworkService: 108 > Response Processed
08-28 18:24:54.793  3291  3291 V DreamService[DozeService]: UpdateDoze mDozeScreenState=2 mDozeScreenBrightness=4 mDozeScreenBrightnessFloat=NaN
08-28 18:24:54.793  2387  6717 D DreamManagerService: Dream requested to start dozing: android.os.Binder@e1cfe7b, screenState=ON, reason=UNKNOWN, screenBrightnessFloat=NaN, screenBrightnessInt=4, useNormalBrightnessForDoze=false
08-28 18:24:54.795  2387  2963 I DisplayPowerController[0]: BrightnessEvent: brt=0.011811024 (19.0%), nits= 13.787401, lux=-1.0, reason=doze, strat=DozeBrightnessStrategy, state=ON, stateReason=UNKNOWN, policy=DOZE, flags=, initBrt=0.007874016, rcmdBrt=NaN, preBrt=NaN, preLux=0.0, wasShortTermModelActive=false, autoBrightness=true (default), unclampedBrt=0.011811024, hbmMax=1.0, hbmMode=off, thrmMax=1.0, rbcStrength=81, powerFactor=1.0, physDisp=Built-in Screen(local:4630946736638489730), logicalId=0, slowChange=false, rampSpeed=0.0
08-28 18:24:54.795  2387  2963 I DisplayPowerController[0]: Unblocked screen on after 83 ms
08-28 18:24:54.796  3583  3583 D SatelliteController: Satellite for carrier is not supported.
08-28 18:24:54.796  3583  3583 D SatelliteController: Satellite for carrier is not supported.
08-28 18:24:54.796  3583  3583 D SatelliteController: registerForSatelliteModemStateChanged: add Listeners for ModemState
08-28 18:24:54.796  3583  3583 E SatelliteController: registerForSatelliteModemStateChanged: mSatelliteSessionController is not initialized yet
08-28 18:24:54.800  3525  4233 W IWlanNetworkService: 109 > Response Processed
08-28 18:24:54.804  3583  3583 D SatelliteController: Satellite for carrier is not supported.
08-28 18:24:54.805  3583  3583 D SatelliteController: Satellite for carrier is not supported.
08-28 18:24:54.805  3583  3583 D SatelliteController: registerForSatelliteModemStateChanged: add Listeners for ModemState
08-28 18:24:54.805  3583  3583 E SatelliteController: registerForSatelliteModemStateChanged: mSatelliteSessionController is not initialized yet
08-28 18:24:54.809  3525  4233 W IWlanNetworkService: 110 > Response Processed
08-28 18:24:54.809  3583  3583 D SatelliteController: Satellite for carrier is not supported.
08-28 18:24:54.810  3583  3583 D SatelliteController: Satellite for carrier is not supported.
08-28 18:24:54.810  3583  3583 D SatelliteController: registerForSatelliteModemStateChanged: add Listeners for ModemState
08-28 18:24:54.810  3583  3583 E SatelliteController: registerForSatelliteModemStateChanged: mSatelliteSessionController is not initialized yet
08-28 18:24:54.810  1494  2447 E CamX    : [ERROR][NCS    ] camxncsintfqsee.cpp:2148 SensorCallback() Invalid sensor index -1
08-28 18:24:54.818  3583  3583 D SatelliteController: Satellite for carrier is not supported.
08-28 18:24:54.818  3583  3583 D SatelliteController: Satellite for carrier is not supported.
08-28 18:24:54.818  3583  3583 D SatelliteController: registerForSatelliteModemStateChanged: add Listeners for ModemState
08-28 18:24:54.818  3583  3583 E SatelliteController: registerForSatelliteModemStateChanged: mSatelliteSessionController is not initialized yet
08-28 18:24:54.869  2387  3412 W ServiceManagerCppClient: Waited one second for stats (is service started? Number of threads started in the threadpool: 32. Are binder threads started and available?)
08-28 18:24:54.870  1599  1692 W ServiceManagerCppClient: Waited one second for stats (is service started? Number of threads started in the threadpool: 6. Are binder threads started and available?)
08-28 18:24:54.872   682  4560 W libc    : Unable to set property "ctl.interface_start" to "aidl/stats": PROP_ERROR_HANDLE_CONTROL_MESSAGE (0x20)
08-28 18:24:54.872   682  4559 W libc    : Unable to set property "ctl.interface_start" to "aidl/stats": PROP_ERROR_HANDLE_CONTROL_MESSAGE (0x20)
08-28 18:24:54.874  1525  1925 I SDM     : DisplayBase::SetDisplayState: active 1-1 state 1-1 pending_power_state_ 0
08-28 18:24:54.874  1607  1607 D SurfaceFlinger: Finished setting power mode 2 on physical display 4630946736638489730
08-28 18:24:54.875  2387  3254 D SurfaceControl: Excessive delay in setPowerMode()
08-28 18:24:54.878  1607  1607 D DisplayModeController: setDesiredMode 4630946736638489730 {mode={fps=120.00 Hz, modePtr={id=0, vsyncRate=120.00 Hz, peakRefreshRate=120.00 Hz}}, emitEvent=true, force=false}
08-28 18:24:54.880  2228  2228 D [GF_HAL]: [goodixExtCmd] receive MIUI cmd=1, param=1
08-28 18:24:54.880  2228  2228 I [GF_HAL]: [goodixExtCmd] sysnode touch panel detected finger down
08-28 18:24:54.880  2228  2228 D [GF_HAL][XIAOMI_FOD_BOOST]: _xiaomi_perf_lock_acquire: Success to acquire perf lock 233
08-28 18:24:54.880  2228  2228 D [GF_HAL]: [calculateSensorInfo] send sensor coordinate instead press coordinate
08-28 18:24:54.880  2228  2228 D [GF_HAL][CustomizedFingerprintCore]: [notifyAcquiredInfo] transfer acquired info: 1002 to customized: 1022.
08-28 18:24:54.880  2228  2228 D [GF_HAL][FingerprintCore]: [notifyAcquiredInfo] acquired_info=1022
08-28 18:24:54.880  2228  2228 D android.hardware.biometrics.fingerprint-service.xiaomi: onAcquired(7, 22)
08-28 18:24:54.880  2228  2228 D [GF_HAL][HalContextExt]: [getHeartRateFlag] mHeartRateFlag = 0
08-28 18:24:54.880  2228  2228 D [GF_HAL][DelmarHeartbeatRate]: [onMessage] onMessage msg:20
08-28 18:24:54.880  2228  2228 D [GF_HAL][EventCenter]: [postEvent] enqueue event<2>
08-28 18:24:54.880  2228  2228 D [GF_HAL]: [sendTouchEvent] sent touch event 2.
08-28 18:24:54.880  2228  2792 D [GF_HAL][EventCenter]: [threadLoop] Get event 2 end
08-28 18:24:54.880  2228  2792 D [GF_HAL][FingerprintCore]: [onEvent] event = 2 workstate = 2
08-28 18:24:54.880  2228  2792 D [GF_HAL][FingerprintCore]: [onAuthDownEvt] Auth Down.
08-28 18:24:54.880  2228  2792 E [GF_HAL][XIAOMI_FOD_BOOST]: set_process_priority:setscheduler prio to SCHED_FIFO
08-28 18:24:54.880  2228  2792 D [GF_HAL][CustomizedSensor]: msg : 9
08-28 18:24:54.880  2228  2792 D [GF_HAL][DelmarHeartbeatRate]: [onMessage] onMessage msg:9
08-28 18:24:54.880  2228  2792 D [GF_HAL][CustomizedFingerprintCore]: [onAuthStart] finger down start processing.
08-28 18:24:54.880  2228  2792 D [GF_HAL][CaEntry]: [sendCommand] request token: 223, target: 1002, cmd id: 9
08-28 18:24:54.880  2228  2792 D [GF_HAL][CaEntry]: [sendCommand] carveout_ion_handle_fd = 0,carveout_ion_handle_len = 0 
08-28 18:24:54.883  1525  1925 I SDM     : HWDeviceDRM::UpdateMixerAttributes: Mixer WxH 1440x3200-1 for Peripheral
08-28 18:24:54.883  1525  1925 I SDM     : HWCDisplay::SubmitDisplayConfig: Active configuration changed to: 0
08-28 18:24:54.890  1607  1607 I RefreshRateSelector: Display 4630946736638489730 policy changed
08-28 18:24:54.890  1607  1607 I RefreshRateSelector: Previous: {defaultModeId=0, allowGroupSwitching=false, primaryRanges={physical=[60.00 Hz, 120.00 Hz], render=[60.00 Hz, 120.00 Hz]}, appRequestRanges={physical=[0.00 Hz, 120.00 Hz], render=[0.00 Hz, 120.00 Hz]} idleScreenConfig=nullptr}
08-28 18:24:54.890  1607  1607 I RefreshRateSelector: Current:  DisplayManagerPolicy{defaultModeId=1, allowGroupSwitching=false, primaryRanges={physical=[60.00 Hz, 120.00 Hz], render=[60.00 Hz, 60.00 Hz]}, appRequestRanges={physical=[0.00 Hz, 120.00 Hz], render=[0.00 Hz, 60.00 Hz]} idleScreenConfig=nullptr}
08-28 18:24:54.890  1607  1607 I RefreshRateSelector: 1 mode changes were performed under the previous policy
08-28 18:24:54.890  1607  1607 D DisplayModeController: setDesiredMode 4630946736638489730 {mode={fps=60.00 Hz, modePtr={id=1, vsyncRate=60.00 Hz, peakRefreshRate=60.00 Hz}}, emitEvent=true, force=false}
08-28 18:24:54.891  2205  3277 D libsensor-B2SNotifier: Backlight2SlpiNotifier brightness = 25
08-28 18:24:54.893  1607  1607 I RefreshRateSelector: Display 4630946736638489730 policy changed
08-28 18:24:54.893  1607  1607 I RefreshRateSelector: Previous: {defaultModeId=1, allowGroupSwitching=false, primaryRanges={physical=[60.00 Hz, 120.00 Hz], render=[60.00 Hz, 60.00 Hz]}, appRequestRanges={physical=[0.00 Hz, 120.00 Hz], render=[0.00 Hz, 60.00 Hz]} idleScreenConfig=nullptr}
08-28 18:24:54.893  1607  1607 I RefreshRateSelector: Current:  DisplayManagerPolicy{defaultModeId=0, allowGroupSwitching=false, primaryRanges={physical=[120.00 Hz, 120.00 Hz], render=[0.00 Hz, 120.00 Hz]}, appRequestRanges={physical=[120.00 Hz, 120.00 Hz], render=[0.00 Hz, 120.00 Hz]} idleScreenConfig=nullptr}
08-28 18:24:54.893  1607  1607 I RefreshRateSelector: 0 mode changes were performed under the previous policy
08-28 18:24:54.893  1607  1607 D DisplayModeController: setDesiredMode 4630946736638489730 {mode={fps=120.00 Hz, modePtr={id=0, vsyncRate=120.00 Hz, peakRefreshRate=120.00 Hz}}, emitEvent=true, force=false}
08-28 18:24:54.894  2205  3278 D libsensor-F2SNotifier: DisplayFreq2SlpiNotifier display_freq = 120
08-28 18:24:54.911  2228  2792 D [GF_HAL][HalContext]: [invokeCommand] err = 0, errno = GF_SUCCESS
08-28 18:24:54.911  2228  2792 D [GF_HAL][CaEntry]: [sendCommand] request token: 224, target: 1001, cmd id: 22
08-28 18:24:54.911  2228  2792 D [GF_HAL][CaEntry]: [sendCommand] carveout_ion_handle_fd = 0,carveout_ion_handle_len = 0 
08-28 18:24:54.916  2228  2792 D [GF_HAL][HalContext]: [invokeCommand] err = 0, errno = GF_SUCCESS
08-28 18:24:54.916  2228  2792 D [GF_HAL][CustomizedSensor]: waitSensorUIReady
08-28 18:24:54.932  2228  2796 D [GF_HAL]: [goodixExtCmd] receive MIUI cmd=10, param=1
08-28 18:24:54.932  2228  2796 D [GF_HAL]: [goodixExtCmd] set HBM and CYAN status : 1
08-28 18:24:54.932  2228  2796 D [GF_HAL]: [goodixExtCmd] touchCenterX=0, touchCenterY=0
08-28 18:24:54.932  2228  2796 D [GF_HAL]: [calculateSensorInfo] send sensor coordinate instead press coordinate
08-28 18:24:54.932  2228  2796 D [GF_HAL][Sensor]: [setSensorUIReady] UI ready
08-28 18:24:54.932  2228  2796 I [GF_HAL][Sensor]: [doPost]sem value = 1
08-28 18:24:54.932  2228  2796 D [GF_HAL][HalContextExt]: [getHeartRateFlag] mHeartRateFlag = 0
08-28 18:24:54.932  2228  2796 D android.hardware.biometrics.fingerprint-service.xiaomi: onAcquired(7, 20)
08-28 18:24:54.933  2228  2792 D [GF_HAL][FingerprintCore]: [onAuthDownEvt] Begin capture after finger down 52 ms.
08-28 18:24:54.933  2228  2792 D [GF_HAL][CaEntry]: [sendCommand] request token: 225, target: 1002, cmd id: 3
08-28 18:24:54.933  2228  2792 D [GF_HAL][CaEntry]: [sendCommand] carveout_ion_handle_fd = 0,carveout_ion_handle_len = 0 
08-28 18:24:54.937  2228  2792 D [GF_HAL][HalContext]: [invokeCommand] err = 0, errno = GF_SUCCESS
08-28 18:24:54.937  2228  2792 D [GF_HAL][CaEntry]: [sendCommand] request token: 226, target: 1002, cmd id: 101
08-28 18:24:54.937  2228  2792 D [GF_HAL][CaEntry]: [sendCommand] carveout_ion_handle_fd = 0,carveout_ion_handle_len = 0 
08-28 18:24:54.937  2387  2937 I DisplayDeviceRepository: Display device changed render timings: "Built-in Screen", renderFrameRate=120.00001, presentationDeadlineNanos=13333333, appVsyncOffsetNanos=1000000, frameRateOverrides=[]
08-28 18:24:54.938  2387  2935 D WindowManager: DeferredDisplayUpdater: partially applying DisplayInfo(1440 x 3200) immediately
08-28 18:24:54.939  1491 25131 D audio_hw_primary: adev_set_parameters: enter: screen_state=on
08-28 18:24:54.939  1491 25131 V msm8974_platform: platform_set_parameters: enter: screen_state=on
08-28 18:24:54.939  1491 25131 D msm8974_platform: platform_set_parameters: exit with code(0)
08-28 18:24:54.939  1491 25131 D sound_trigger_hw: handle_screen_status_change: screen on
08-28 18:24:54.939  1491 25131 D audio_hw_cspl_cal: cirrus_cal_setparameters: enter 0xeb500010
08-28 18:24:54.939  1491 25131 D audio_hw_primary: adev_set_parameters: exit with code(0)
08-28 18:24:55.006  1494  2447 E CamX    : [ERROR][NCS    ] camxncsintfqsee.cpp:2355 FillSensorData() Invalid sensor index -1
08-28 18:24:55.066  2228  2792 D [GF_HAL][HalContext]: [invokeCommand] err = 0, errno = GF_SUCCESS
08-28 18:24:55.066  2228  2792 D [GF_HAL][DelmarCustomizedProperty]: [getProductDeviceName] get product device name ret=5, buf=venus.
08-28 18:24:55.066  2228  2792 D [GF_HAL][CustomizedSensor]: temperature=20
08-28 18:24:55.066  2228  2792 D [GF_HAL][CaEntry]: [sendCommand] request token: 227, target: 1001, cmd id: 2
08-28 18:24:55.066  2228  2792 D [GF_HAL][CaEntry]: [sendCommand] carveout_ion_handle_fd = 0,carveout_ion_handle_len = 0 
08-28 18:24:55.134  2117 14751 W ServiceManagerCppClient: Waited one second for stats (is service started? Number of threads started in the threadpool: 17. Are binder threads started and available?)
08-28 18:24:55.135   682  4564 W libc    : Unable to set property "ctl.interface_start" to "aidl/stats": PROP_ERROR_HANDLE_CONTROL_MESSAGE (0x20)
08-28 18:24:55.234  3546  4182 I QcrilOemhookMsgTunnel: [1]processOemHookIndication length=21
08-28 18:24:55.263  3525  4233 W IWlanNetworkService: 111 > Response Processed
08-28 18:24:55.273  3583  4344 D SatelliteController: isCarrierRoamingNtnEligible: satellite access is not allowed
08-28 18:24:55.273  3583  4344 D SatelliteController: evaluateCarrierRoamingNtnEligibilityChange: isCarrierRoamingNtnEligible=false
08-28 18:24:55.273  3583  4344 D SatelliteController: getSelectedSatelliteSubId: subId=-1
08-28 18:24:55.273  3583  4344 D SatelliteController: notifyNtnEligibility: phoneId=0 currentNtnEligibility=false
08-28 18:24:55.274  3583  4344 V SatelliteController: getWwanIsInService: return true
08-28 18:24:55.277  3583  4344 D SatelliteController: updateLastNotifiedNtnModeAndNotify: subId=1 initialized=true lastNotifiedNtnMode=false currNtnMode=false
08-28 18:24:55.277  3583  4344 D SatelliteController: iisInCarrierRoamingNbIotNtn: satellite is disabled
08-28 18:24:55.282  2387  6526 I LocationAccessPolicy: com.facebook.orca is aware of fine but the app-ops permission is specifically denied.
08-28 18:24:55.282  2387  6526 I LocationAccessPolicy: com.facebook.orca is aware of coarse but the app-ops permission is specifically denied.
08-28 18:24:55.284  2387  6526 I LocationAccessPolicy: com.facebook.katana is aware of fine but the app-ops permission is specifically denied.
08-28 18:24:55.284  2387  6526 I LocationAccessPolicy: com.facebook.katana is aware of coarse but the app-ops permission is specifically denied.
08-28 18:24:55.293  3583  4344 V SatelliteController: getWwanIsInService: return true
08-28 18:24:55.293  3583  4344 D SatelliteController: updateLastNotifiedNtnModeAndNotify: subId=2 initialized=true lastNotifiedNtnMode=false currNtnMode=false
08-28 18:24:55.293  3583  4344 D SatelliteController: iisInCarrierRoamingNbIotNtn: satellite is disabled
08-28 18:24:55.297  3583  3583 D SatelliteController: iisInCarrierRoamingNbIotNtn: satellite is disabled
